###############################################################################
#
# IAR ELF Linker V8.40.2.214/W32 for ARM                  17/Apr/2021  10:01:59
# Copyright 2007-2019 IAR Systems AB.
#
#    Output file  =
#        D:\Radio\Jobe\Universal_Driver\Universal_Driver_soft\UniversalDriver_v2.1SoftStepper\EWARM\UniversalDriver_v2.1\Exe\UniversalDriver_v2.1.out
#    Map file     =
#        D:\Radio\Jobe\Universal_Driver\Universal_Driver_soft\UniversalDriver_v2.1SoftStepper\EWARM\UniversalDriver_v2.1\List\UniversalDriver_v2.1.map
#    Command line =
#        -f C:\Users\IERIXO~1\AppData\Local\Temp\EWB35A.tmp
#        (D:\Radio\Jobe\Universal_Driver\Universal_Driver_soft\UniversalDriver_v2.1SoftStepper\EWARM\UniversalDriver_v2.1\Obj\adc.o
#        D:\Radio\Jobe\Universal_Driver\Universal_Driver_soft\UniversalDriver_v2.1SoftStepper\EWARM\UniversalDriver_v2.1\Obj\BLDC.o
#        D:\Radio\Jobe\Universal_Driver\Universal_Driver_soft\UniversalDriver_v2.1SoftStepper\EWARM\UniversalDriver_v2.1\Obj\cmsis_os.o
#        D:\Radio\Jobe\Universal_Driver\Universal_Driver_soft\UniversalDriver_v2.1SoftStepper\EWARM\UniversalDriver_v2.1\Obj\comp.o
#        D:\Radio\Jobe\Universal_Driver\Universal_Driver_soft\UniversalDriver_v2.1SoftStepper\EWARM\UniversalDriver_v2.1\Obj\croutine.o
#        D:\Radio\Jobe\Universal_Driver\Universal_Driver_soft\UniversalDriver_v2.1SoftStepper\EWARM\UniversalDriver_v2.1\Obj\dac.o
#        D:\Radio\Jobe\Universal_Driver\Universal_Driver_soft\UniversalDriver_v2.1SoftStepper\EWARM\UniversalDriver_v2.1\Obj\dma.o
#        D:\Radio\Jobe\Universal_Driver\Universal_Driver_soft\UniversalDriver_v2.1SoftStepper\EWARM\UniversalDriver_v2.1\Obj\event_groups.o
#        D:\Radio\Jobe\Universal_Driver\Universal_Driver_soft\UniversalDriver_v2.1SoftStepper\EWARM\UniversalDriver_v2.1\Obj\flash.o
#        D:\Radio\Jobe\Universal_Driver\Universal_Driver_soft\UniversalDriver_v2.1SoftStepper\EWARM\UniversalDriver_v2.1\Obj\flash_spi.o
#        D:\Radio\Jobe\Universal_Driver\Universal_Driver_soft\UniversalDriver_v2.1SoftStepper\EWARM\UniversalDriver_v2.1\Obj\freertos.o
#        D:\Radio\Jobe\Universal_Driver\Universal_Driver_soft\UniversalDriver_v2.1SoftStepper\EWARM\UniversalDriver_v2.1\Obj\gpio.o
#        D:\Radio\Jobe\Universal_Driver\Universal_Driver_soft\UniversalDriver_v2.1SoftStepper\EWARM\UniversalDriver_v2.1\Obj\heap_4.o
#        D:\Radio\Jobe\Universal_Driver\Universal_Driver_soft\UniversalDriver_v2.1SoftStepper\EWARM\UniversalDriver_v2.1\Obj\LED.o
#        D:\Radio\Jobe\Universal_Driver\Universal_Driver_soft\UniversalDriver_v2.1SoftStepper\EWARM\UniversalDriver_v2.1\Obj\list.o
#        D:\Radio\Jobe\Universal_Driver\Universal_Driver_soft\UniversalDriver_v2.1SoftStepper\EWARM\UniversalDriver_v2.1\Obj\main.o
#        D:\Radio\Jobe\Universal_Driver\Universal_Driver_soft\UniversalDriver_v2.1SoftStepper\EWARM\UniversalDriver_v2.1\Obj\mb.o
#        D:\Radio\Jobe\Universal_Driver\Universal_Driver_soft\UniversalDriver_v2.1SoftStepper\EWARM\UniversalDriver_v2.1\Obj\mbcrc.o
#        D:\Radio\Jobe\Universal_Driver\Universal_Driver_soft\UniversalDriver_v2.1SoftStepper\EWARM\UniversalDriver_v2.1\Obj\mbfunccoils.o
#        D:\Radio\Jobe\Universal_Driver\Universal_Driver_soft\UniversalDriver_v2.1SoftStepper\EWARM\UniversalDriver_v2.1\Obj\mbfuncdiag.o
#        D:\Radio\Jobe\Universal_Driver\Universal_Driver_soft\UniversalDriver_v2.1SoftStepper\EWARM\UniversalDriver_v2.1\Obj\mbfuncdisc.o
#        D:\Radio\Jobe\Universal_Driver\Universal_Driver_soft\UniversalDriver_v2.1SoftStepper\EWARM\UniversalDriver_v2.1\Obj\mbfuncholding.o
#        D:\Radio\Jobe\Universal_Driver\Universal_Driver_soft\UniversalDriver_v2.1SoftStepper\EWARM\UniversalDriver_v2.1\Obj\mbfuncinput.o
#        D:\Radio\Jobe\Universal_Driver\Universal_Driver_soft\UniversalDriver_v2.1SoftStepper\EWARM\UniversalDriver_v2.1\Obj\mbfuncother.o
#        D:\Radio\Jobe\Universal_Driver\Universal_Driver_soft\UniversalDriver_v2.1SoftStepper\EWARM\UniversalDriver_v2.1\Obj\mbrtu.o
#        D:\Radio\Jobe\Universal_Driver\Universal_Driver_soft\UniversalDriver_v2.1SoftStepper\EWARM\UniversalDriver_v2.1\Obj\mbutils.o
#        D:\Radio\Jobe\Universal_Driver\Universal_Driver_soft\UniversalDriver_v2.1SoftStepper\EWARM\UniversalDriver_v2.1\Obj\motor.o
#        D:\Radio\Jobe\Universal_Driver\Universal_Driver_soft\UniversalDriver_v2.1SoftStepper\EWARM\UniversalDriver_v2.1\Obj\port.o
#        D:\Radio\Jobe\Universal_Driver\Universal_Driver_soft\UniversalDriver_v2.1SoftStepper\EWARM\UniversalDriver_v2.1\Obj\portasm.o
#        D:\Radio\Jobe\Universal_Driver\Universal_Driver_soft\UniversalDriver_v2.1SoftStepper\EWARM\UniversalDriver_v2.1\Obj\portevent.o
#        D:\Radio\Jobe\Universal_Driver\Universal_Driver_soft\UniversalDriver_v2.1SoftStepper\EWARM\UniversalDriver_v2.1\Obj\portserial.o
#        D:\Radio\Jobe\Universal_Driver\Universal_Driver_soft\UniversalDriver_v2.1SoftStepper\EWARM\UniversalDriver_v2.1\Obj\porttimer.o
#        D:\Radio\Jobe\Universal_Driver\Universal_Driver_soft\UniversalDriver_v2.1SoftStepper\EWARM\UniversalDriver_v2.1\Obj\queue.o
#        D:\Radio\Jobe\Universal_Driver\Universal_Driver_soft\UniversalDriver_v2.1SoftStepper\EWARM\UniversalDriver_v2.1\Obj\softStepper.o
#        D:\Radio\Jobe\Universal_Driver\Universal_Driver_soft\UniversalDriver_v2.1SoftStepper\EWARM\UniversalDriver_v2.1\Obj\spi.o
#        D:\Radio\Jobe\Universal_Driver\Universal_Driver_soft\UniversalDriver_v2.1SoftStepper\EWARM\UniversalDriver_v2.1\Obj\startup_stm32f303xc.o
#        D:\Radio\Jobe\Universal_Driver\Universal_Driver_soft\UniversalDriver_v2.1SoftStepper\EWARM\UniversalDriver_v2.1\Obj\step3ph.o
#        D:\Radio\Jobe\Universal_Driver\Universal_Driver_soft\UniversalDriver_v2.1SoftStepper\EWARM\UniversalDriver_v2.1\Obj\stepper.o
#        D:\Radio\Jobe\Universal_Driver\Universal_Driver_soft\UniversalDriver_v2.1SoftStepper\EWARM\UniversalDriver_v2.1\Obj\stm32f3xx_hal.o
#        D:\Radio\Jobe\Universal_Driver\Universal_Driver_soft\UniversalDriver_v2.1SoftStepper\EWARM\UniversalDriver_v2.1\Obj\stm32f3xx_hal_adc.o
#        D:\Radio\Jobe\Universal_Driver\Universal_Driver_soft\UniversalDriver_v2.1SoftStepper\EWARM\UniversalDriver_v2.1\Obj\stm32f3xx_hal_adc_ex.o
#        D:\Radio\Jobe\Universal_Driver\Universal_Driver_soft\UniversalDriver_v2.1SoftStepper\EWARM\UniversalDriver_v2.1\Obj\stm32f3xx_hal_comp.o
#        D:\Radio\Jobe\Universal_Driver\Universal_Driver_soft\UniversalDriver_v2.1SoftStepper\EWARM\UniversalDriver_v2.1\Obj\stm32f3xx_hal_cortex.o
#        D:\Radio\Jobe\Universal_Driver\Universal_Driver_soft\UniversalDriver_v2.1SoftStepper\EWARM\UniversalDriver_v2.1\Obj\stm32f3xx_hal_dac.o
#        D:\Radio\Jobe\Universal_Driver\Universal_Driver_soft\UniversalDriver_v2.1SoftStepper\EWARM\UniversalDriver_v2.1\Obj\stm32f3xx_hal_dac_ex.o
#        D:\Radio\Jobe\Universal_Driver\Universal_Driver_soft\UniversalDriver_v2.1SoftStepper\EWARM\UniversalDriver_v2.1\Obj\stm32f3xx_hal_dma.o
#        D:\Radio\Jobe\Universal_Driver\Universal_Driver_soft\UniversalDriver_v2.1SoftStepper\EWARM\UniversalDriver_v2.1\Obj\stm32f3xx_hal_exti.o
#        D:\Radio\Jobe\Universal_Driver\Universal_Driver_soft\UniversalDriver_v2.1SoftStepper\EWARM\UniversalDriver_v2.1\Obj\stm32f3xx_hal_flash.o
#        D:\Radio\Jobe\Universal_Driver\Universal_Driver_soft\UniversalDriver_v2.1SoftStepper\EWARM\UniversalDriver_v2.1\Obj\stm32f3xx_hal_flash_ex.o
#        D:\Radio\Jobe\Universal_Driver\Universal_Driver_soft\UniversalDriver_v2.1SoftStepper\EWARM\UniversalDriver_v2.1\Obj\stm32f3xx_hal_gpio.o
#        D:\Radio\Jobe\Universal_Driver\Universal_Driver_soft\UniversalDriver_v2.1SoftStepper\EWARM\UniversalDriver_v2.1\Obj\stm32f3xx_hal_i2c.o
#        D:\Radio\Jobe\Universal_Driver\Universal_Driver_soft\UniversalDriver_v2.1SoftStepper\EWARM\UniversalDriver_v2.1\Obj\stm32f3xx_hal_i2c_ex.o
#        D:\Radio\Jobe\Universal_Driver\Universal_Driver_soft\UniversalDriver_v2.1SoftStepper\EWARM\UniversalDriver_v2.1\Obj\stm32f3xx_hal_msp.o
#        D:\Radio\Jobe\Universal_Driver\Universal_Driver_soft\UniversalDriver_v2.1SoftStepper\EWARM\UniversalDriver_v2.1\Obj\stm32f3xx_hal_pcd.o
#        D:\Radio\Jobe\Universal_Driver\Universal_Driver_soft\UniversalDriver_v2.1SoftStepper\EWARM\UniversalDriver_v2.1\Obj\stm32f3xx_hal_pcd_ex.o
#        D:\Radio\Jobe\Universal_Driver\Universal_Driver_soft\UniversalDriver_v2.1SoftStepper\EWARM\UniversalDriver_v2.1\Obj\stm32f3xx_hal_pwr.o
#        D:\Radio\Jobe\Universal_Driver\Universal_Driver_soft\UniversalDriver_v2.1SoftStepper\EWARM\UniversalDriver_v2.1\Obj\stm32f3xx_hal_pwr_ex.o
#        D:\Radio\Jobe\Universal_Driver\Universal_Driver_soft\UniversalDriver_v2.1SoftStepper\EWARM\UniversalDriver_v2.1\Obj\stm32f3xx_hal_rcc.o
#        D:\Radio\Jobe\Universal_Driver\Universal_Driver_soft\UniversalDriver_v2.1SoftStepper\EWARM\UniversalDriver_v2.1\Obj\stm32f3xx_hal_rcc_ex.o
#        D:\Radio\Jobe\Universal_Driver\Universal_Driver_soft\UniversalDriver_v2.1SoftStepper\EWARM\UniversalDriver_v2.1\Obj\stm32f3xx_hal_spi.o
#        D:\Radio\Jobe\Universal_Driver\Universal_Driver_soft\UniversalDriver_v2.1SoftStepper\EWARM\UniversalDriver_v2.1\Obj\stm32f3xx_hal_spi_ex.o
#        D:\Radio\Jobe\Universal_Driver\Universal_Driver_soft\UniversalDriver_v2.1SoftStepper\EWARM\UniversalDriver_v2.1\Obj\stm32f3xx_hal_tim.o
#        D:\Radio\Jobe\Universal_Driver\Universal_Driver_soft\UniversalDriver_v2.1SoftStepper\EWARM\UniversalDriver_v2.1\Obj\stm32f3xx_hal_tim_ex.o
#        D:\Radio\Jobe\Universal_Driver\Universal_Driver_soft\UniversalDriver_v2.1SoftStepper\EWARM\UniversalDriver_v2.1\Obj\stm32f3xx_hal_timebase_tim.o
#        D:\Radio\Jobe\Universal_Driver\Universal_Driver_soft\UniversalDriver_v2.1SoftStepper\EWARM\UniversalDriver_v2.1\Obj\stm32f3xx_hal_uart.o
#        D:\Radio\Jobe\Universal_Driver\Universal_Driver_soft\UniversalDriver_v2.1SoftStepper\EWARM\UniversalDriver_v2.1\Obj\stm32f3xx_hal_uart_ex.o
#        D:\Radio\Jobe\Universal_Driver\Universal_Driver_soft\UniversalDriver_v2.1SoftStepper\EWARM\UniversalDriver_v2.1\Obj\stm32f3xx_it.o
#        D:\Radio\Jobe\Universal_Driver\Universal_Driver_soft\UniversalDriver_v2.1SoftStepper\EWARM\UniversalDriver_v2.1\Obj\stm32f3xx_ll_usb.o
#        D:\Radio\Jobe\Universal_Driver\Universal_Driver_soft\UniversalDriver_v2.1SoftStepper\EWARM\UniversalDriver_v2.1\Obj\stream_buffer.o
#        D:\Radio\Jobe\Universal_Driver\Universal_Driver_soft\UniversalDriver_v2.1SoftStepper\EWARM\UniversalDriver_v2.1\Obj\system_stm32f3xx.o
#        D:\Radio\Jobe\Universal_Driver\Universal_Driver_soft\UniversalDriver_v2.1SoftStepper\EWARM\UniversalDriver_v2.1\Obj\tasks.o
#        D:\Radio\Jobe\Universal_Driver\Universal_Driver_soft\UniversalDriver_v2.1SoftStepper\EWARM\UniversalDriver_v2.1\Obj\tim.o
#        D:\Radio\Jobe\Universal_Driver\Universal_Driver_soft\UniversalDriver_v2.1SoftStepper\EWARM\UniversalDriver_v2.1\Obj\timers.o
#        D:\Radio\Jobe\Universal_Driver\Universal_Driver_soft\UniversalDriver_v2.1SoftStepper\EWARM\UniversalDriver_v2.1\Obj\usart.o
#        D:\Radio\Jobe\Universal_Driver\Universal_Driver_soft\UniversalDriver_v2.1SoftStepper\EWARM\UniversalDriver_v2.1\Obj\usb_device.o
#        D:\Radio\Jobe\Universal_Driver\Universal_Driver_soft\UniversalDriver_v2.1SoftStepper\EWARM\UniversalDriver_v2.1\Obj\usbd_cdc.o
#        D:\Radio\Jobe\Universal_Driver\Universal_Driver_soft\UniversalDriver_v2.1SoftStepper\EWARM\UniversalDriver_v2.1\Obj\usbd_cdc_if.o
#        D:\Radio\Jobe\Universal_Driver\Universal_Driver_soft\UniversalDriver_v2.1SoftStepper\EWARM\UniversalDriver_v2.1\Obj\usbd_conf.o
#        D:\Radio\Jobe\Universal_Driver\Universal_Driver_soft\UniversalDriver_v2.1SoftStepper\EWARM\UniversalDriver_v2.1\Obj\usbd_core.o
#        D:\Radio\Jobe\Universal_Driver\Universal_Driver_soft\UniversalDriver_v2.1SoftStepper\EWARM\UniversalDriver_v2.1\Obj\usbd_ctlreq.o
#        D:\Radio\Jobe\Universal_Driver\Universal_Driver_soft\UniversalDriver_v2.1SoftStepper\EWARM\UniversalDriver_v2.1\Obj\usbd_desc.o
#        D:\Radio\Jobe\Universal_Driver\Universal_Driver_soft\UniversalDriver_v2.1SoftStepper\EWARM\UniversalDriver_v2.1\Obj\usbd_ioreq.o
#        --redirect _Printf=_PrintfFull --redirect _Scanf=_ScanfFull
#        --no_out_extension -o
#        D:\Radio\Jobe\Universal_Driver\Universal_Driver_soft\UniversalDriver_v2.1SoftStepper\EWARM\UniversalDriver_v2.1\Exe\UniversalDriver_v2.1.out
#        --map
#        D:\Radio\Jobe\Universal_Driver\Universal_Driver_soft\UniversalDriver_v2.1SoftStepper\EWARM\UniversalDriver_v2.1\List\UniversalDriver_v2.1.map
#        --config
#        D:\Radio\Jobe\Universal_Driver\Universal_Driver_soft\UniversalDriver_v2.1SoftStepper\EWARM/stm32f303xc_flash.icf
#        --semihosting --entry __iar_program_start --vfe --text_out locale)
#
###############################################################################

*******************************************************************************
*** RUNTIME MODEL ATTRIBUTES
***

CppFlavor                     = *
__CPP_Exceptions              = Disabled
__CPP_Language                = C++14
__Heap_Handler                = Basic
__SystemLibrary               = DLib
__dlib_dynamic_initialization = normal
__dlib_version                = 6


*******************************************************************************
*** HEAP SELECTION
***

The basic heap was selected because no calls to memory allocation
functions were found in the application outside of system library
functions, and there are calls to deallocation functions in the
application.


*******************************************************************************
*** PLACEMENT SUMMARY
***

"A0":  place at address 0x800'0000 { ro section .intvec };
"P1":  place in [from 0x800'0000 to 0x803'ffff] { ro };
define block CSTACK with size = 1K, alignment = 8 { };
define block HEAP with size = 4K, alignment = 8 { };
"P2":  place in [from 0x2000'0000 to 0x2000'9fff] {
          rw, block CSTACK, block HEAP };
initialize by copy { rw };

  Section                Kind         Address    Size  Object
  -------                ----         -------    ----  ------
"A0":                                           0x188
  .intvec                ro code   0x800'0000   0x188  startup_stm32f303xc.o [1]
                                 - 0x800'0188   0x188

"P1":                                          0xb680
  .text                  ro code   0x800'0188   0xe2a  stm32f3xx_hal_tim.o [1]
  .text                  ro code   0x800'0fb2    0x3a  zero_init3.o [5]
  .text                  ro code   0x800'0fec   0x7e0  tim.o [1]
  .text                  ro code   0x800'17cc   0x27e  main.o [1]
  .text                  ro code   0x800'1a4a     0x2  stm32f3xx_hal_tim.o [1]
  .text                  ro code   0x800'1a4c     0x2  stm32f3xx_hal_tim.o [1]
  .text                  ro code   0x800'1a4e     0x2  stm32f3xx_hal_tim_ex.o [1]
  .text                  ro code   0x800'1a50     0x2  stm32f3xx_hal_tim_ex.o [1]
  .text                  ro code   0x800'1a52     0x2  stm32f3xx_hal_tim.o [1]
  .text                  ro code   0x800'1a54     0x2  stm32f3xx_hal_tim_ex.o [1]
  .text                  ro code   0x800'1a56    0x14  memset.o [5]
  .rodata                const     0x800'1a6a     0x1  unwind_debug.o [6]
  .text                  ro code   0x800'1a6c   0x138  stm32f3xx_hal_tim_ex.o [1]
  .text                  ro code   0x800'1ba4   0x1e0  stm32f3xx_hal_gpio.o [1]
  .text                  ro code   0x800'1d84    0xe8  stm32f3xx_hal_cortex.o [1]
  .text                  ro code   0x800'1e6c   0x874  softStepper.o [1]
  .text                  ro code   0x800'26e0   0x15a  LED.o [1]
  .text                  ro code   0x800'283c    0x24  stm32f3xx_hal.o [1]
  .text                  ro code   0x800'2860   0x1dc  gpio.o [1]
  .text                  ro code   0x800'2a3c    0x2c  dma.o [1]
  .text                  ro code   0x800'2a68   0x288  adc.o [1]
  .text                  ro code   0x800'2cf0    0xc8  dac.o [1]
  .text                  ro code   0x800'2db8    0xc8  spi.o [1]
  .text                  ro code   0x800'2e80    0xc4  usart.o [1]
  .text                  ro code   0x800'2f44   0x1e0  comp.o [1]
  .text                  ro code   0x800'3124   0x10c  flash.o [1]
  .text                  ro code   0x800'3230    0xa6  ABImemcpy.o [5]
  .text                  ro code   0x800'32d8    0x28  stm32f3xx_hal.o [1]
  .text                  ro code   0x800'3300   0x480  freertos.o [1]
  .text                  ro code   0x800'3780    0xd2  cmsis_os.o [1]
  .text                  ro code   0x800'3854    0x66  ABImemset.o [5]
  .text                  ro code   0x800'38bc   0x960  stm32f3xx_hal_rcc.o [1]
  .text                  ro code   0x800'421c   0x250  stm32f3xx_hal_rcc_ex.o [1]
  .text                  ro code   0x800'446c    0x18  stm32f3xx_hal.o [1]
  .text                  ro code   0x800'4484    0x1a  U32ToDbl.o [4]
  .text                  ro code   0x800'449e    0xd2  motor.o [1]
  .text                  ro code   0x800'4570    0x3a  DblToS32.o [4]
  .text                  ro code   0x800'45ac    0x80  stm32f3xx_hal_timebase_tim.o [1]
  .text                  ro code   0x800'462c    0x40  stm32f3xx_hal_msp.o [1]
  .text                  ro code   0x800'466c   0x940  stm32f3xx_hal_adc_ex.o [1]
  .text                  ro code   0x800'4fac   0x200  stm32f3xx_hal_dma.o [1]
  .text                  ro code   0x800'51ac    0x2c  stm32f3xx_hal_dac.o [1]
  .text                  ro code   0x800'51d8    0xc4  stm32f3xx_hal_dac_ex.o [1]
  .text                  ro code   0x800'529c   0x104  stm32f3xx_hal_spi.o [1]
  .text                  ro code   0x800'53a0    0x92  stm32f3xx_hal_uart_ex.o [1]
  .text                  ro code   0x800'5434    0xcc  stm32f3xx_hal_comp.o [1]
  .text                  ro code   0x800'5500     0xc  stm32f3xx_hal.o [1]
  .text                  ro code   0x800'550c    0x58  usb_device.o [1]
  .text                  ro code   0x800'5564   0x200  mb.o [1]
  .text                  ro code   0x800'5764   0x830  tasks.o [1]
  .text                  ro code   0x800'5f94    0xe2  DblSub.o [4]
  .text                  ro code   0x800'6078   0x1a2  DblMul.o [4]
  .text                  ro code   0x800'621c   0x246  DblDiv.o [4]
  .text                  ro code   0x800'6464   0x17a  DblAdd.o [4]
  .text                  ro code   0x800'65de     0x2  stm32f3xx_hal_dac.o [1]
  .text                  ro code   0x800'65e0     0x2  stm32f3xx_hal_dac_ex.o [1]
  .text                  ro code   0x800'65e4   0x8b8  stm32f3xx_hal_uart.o [1]
  .text                  ro code   0x800'6e9c   0x33e  usbd_core.o [1]
  .text                  ro code   0x800'71dc   0x37c  usbd_cdc.o [1]
  .text                  ro code   0x800'7558   0x2c4  mbrtu.o [1]
  .text                  ro code   0x800'781c    0x48  portevent.o [1]
  .text                  ro code   0x800'7864   0x260  heap_4.o [1]
  .text                  ro code   0x800'7ac4    0x98  list.o [1]
  .text                  ro code   0x800'7b5c   0x258  port.o [1]
  .text                  ro code   0x800'7db4     0x2  stm32f3xx_hal_uart.o [1]
  .text                  ro code   0x800'7db6     0x2  stm32f3xx_hal_uart.o [1]
  .text                  ro code   0x800'7db8     0x2  stm32f3xx_hal_uart.o [1]
  .text                  ro code   0x800'7dbc   0x306  usbd_conf.o [1]
  .text                  ro code   0x800'80c4   0x7b8  usbd_ctlreq.o [1]
  .text                  ro code   0x800'887c    0x9c  usbd_ioreq.o [1]
  .text                  ro code   0x800'8918    0xf4  portserial.o [1]
  .text                  ro code   0x800'8a0c    0x80  porttimer.o [1]
  .text                  ro code   0x800'8a8c    0x24  ABIassert.o [6]
  .text                  ro code   0x800'8ab0    0x40  mbcrc.o [1]
  CODE                   ro code   0x800'8af0    0xb0  portasm.o [1]
  .text                  ro code   0x800'8ba0   0xd74  stm32f3xx_hal_pcd.o [1]
  .text                  ro code   0x800'9914    0x44  stm32f3xx_hal_pcd_ex.o [1]
  .text                  ro code   0x800'9958     0x6  abort.o [2]
  .text                  ro code   0x800'995e   0xe02  stm32f3xx_ll_usb.o [1]
  .text                  ro code   0x800'a760    0x14  exit.o [6]
  .text                  ro code   0x800'a774   0x21c  mbfuncholding.o [1]
  .text                  ro code   0x800'a990    0x22  mbutils.o [1]
  .text                  ro code   0x800'a9b2   0x198  mbfunccoils.o [1]
  .text                  ro code   0x800'ab4c   0x136  usbd_desc.o [1]
  .text                  ro code   0x800'ac84   0x114  stm32f3xx_it.o [1]
  .rodata                const     0x800'ad98   0x100  mbcrc.o [1]
  .rodata                const     0x800'ae98   0x100  mbcrc.o [1]
  .text                  ro code   0x800'af98    0x9c  mbfuncdisc.o [1]
  .text                  ro code   0x800'b034    0x98  usbd_cdc_if.o [1]
  .text                  ro code   0x800'b0cc    0x70  strncpy.o [5]
  .text                  ro code   0x800'b13c    0x86  mbfuncinput.o [1]
  .rodata                const     0x800'b1c4    0x80  mbrtu.o [1]
  .text                  ro code   0x800'b244    0x78  lz77_init_single.o [5]
  .rodata                const     0x800'b2bc    0x68  softStepper.o [1]
  .rodata                const     0x800'b324    0x64  mbrtu.o [1]
  .text                  ro code   0x800'b388    0x28  data_init.o [5]
  .text                  ro code   0x800'b3b0    0x24  mbfuncother.o [1]
  .text                  ro code   0x800'b3d4    0x22  fpinit_M.o [4]
  .iar.init_table        const     0x800'b3f8    0x24  - Linker created -
  .text                  ro code   0x800'b41c    0x20  cmain_call_ctors.o [5]
  .text                  ro code   0x800'b43c    0x18  cppinit.o [2]
  .text                  ro code   0x800'b454    0x1e  cmain.o [5]
  .text                  ro code   0x800'b472     0x4  low_level_init.o [2]
  .text                  ro code   0x800'b476     0x4  exit.o [2]
  .text                  ro code   0x800'b47c     0xa  cexit.o [5]
  .rodata                const     0x800'b488    0x1c  freertos.o [1]
  .rodata                const     0x800'b4a4    0x1c  freertos.o [1]
  .rodata                const     0x800'b4c0    0x1c  mbrtu.o [1]
  .rodata                const     0x800'b4dc    0x1c  mbrtu.o [1]
  .text                  ro code   0x800'b4f8    0x1c  system_stm32f3xx.o [1]
  .rodata                const     0x800'b514    0x18  mbrtu.o [1]
  .rodata                const     0x800'b52c    0x14  usbd_desc.o [1]
  .rodata                const     0x800'b540    0x14  usbd_desc.o [1]
  .rodata                const     0x800'b554    0x10  stm32f3xx_hal_rcc.o [1]
  .rodata                const     0x800'b564    0x10  stm32f3xx_hal_rcc.o [1]
  .rodata                const     0x800'b574    0x10  system_stm32f3xx.o [1]
  .rodata                const     0x800'b584    0x10  usbd_desc.o [1]
  .text                  ro code   0x800'b594    0x10  startup_stm32f303xc.o [1]
  .rodata                const     0x800'b5a4     0xc  freertos.o [1]
  .rodata                const     0x800'b5b0     0xc  usbd_desc.o [1]
  .text                  ro code   0x800'b5bc     0xc  cstartup_M.o [5]
  .rodata                const     0x800'b5c8     0x8  freertos.o [1]
  .rodata                const     0x800'b5d0     0x8  system_stm32f3xx.o [1]
  .rodata                const     0x800'b5d8     0x8  tasks.o [1]
  .rodata                const     0x800'b5e0     0x4  heap_4.o [1]
  .rodata                const     0x800'b5e4     0x4  port.o [1]
  .text                  ro code   0x800'b5e8     0x4  startup_stm32f303xc.o [1]
  .text                  ro code   0x800'b5ec     0x4  startup_stm32f303xc.o [1]
  .text                  ro code   0x800'b5f0     0x4  startup_stm32f303xc.o [1]
  .text                  ro code   0x800'b5f4     0x4  startup_stm32f303xc.o [1]
  .text                  ro code   0x800'b5f8     0x4  startup_stm32f303xc.o [1]
  .text                  ro code   0x800'b5fc     0x4  startup_stm32f303xc.o [1]
  .text                  ro code   0x800'b600     0x4  startup_stm32f303xc.o [1]
  .text                  ro code   0x800'b604     0x4  startup_stm32f303xc.o [1]
  .text                  ro code   0x800'b608     0x4  startup_stm32f303xc.o [1]
  .text                  ro code   0x800'b60c     0x4  startup_stm32f303xc.o [1]
  .text                  ro code   0x800'b610     0x4  startup_stm32f303xc.o [1]
  .text                  ro code   0x800'b614     0x4  startup_stm32f303xc.o [1]
  .text                  ro code   0x800'b618     0x4  startup_stm32f303xc.o [1]
  .text                  ro code   0x800'b61c     0x4  startup_stm32f303xc.o [1]
  .text                  ro code   0x800'b620     0x4  startup_stm32f303xc.o [1]
  .text                  ro code   0x800'b624     0x4  startup_stm32f303xc.o [1]
  .text                  ro code   0x800'b628     0x4  startup_stm32f303xc.o [1]
  .text                  ro code   0x800'b62c     0x4  startup_stm32f303xc.o [1]
  .text                  ro code   0x800'b630     0x4  startup_stm32f303xc.o [1]
  .text                  ro code   0x800'b634     0x4  startup_stm32f303xc.o [1]
  .text                  ro code   0x800'b638     0x4  startup_stm32f303xc.o [1]
  .text                  ro code   0x800'b63c     0x4  startup_stm32f303xc.o [1]
  .text                  ro code   0x800'b640     0x4  startup_stm32f303xc.o [1]
  .text                  ro code   0x800'b644     0x4  startup_stm32f303xc.o [1]
  .text                  ro code   0x800'b648     0x4  startup_stm32f303xc.o [1]
  .text                  ro code   0x800'b64c     0x4  startup_stm32f303xc.o [1]
  .text                  ro code   0x800'b650     0x4  startup_stm32f303xc.o [1]
  .text                  ro code   0x800'b654     0x4  startup_stm32f303xc.o [1]
  .text                  ro code   0x800'b658     0x4  startup_stm32f303xc.o [1]
  .text                  ro code   0x800'b65c     0x4  startup_stm32f303xc.o [1]
  .text                  ro code   0x800'b660     0x4  startup_stm32f303xc.o [1]
  .text                  ro code   0x800'b664     0x4  startup_stm32f303xc.o [1]
  .text                  ro code   0x800'b668     0x4  startup_stm32f303xc.o [1]
  .text                  ro code   0x800'b66c     0x4  startup_stm32f303xc.o [1]
  .text                  ro code   0x800'b670     0x4  startup_stm32f303xc.o [1]
  .text                  ro code   0x800'b674     0x4  startup_stm32f303xc.o [1]
  .text                  ro code   0x800'b678     0x4  startup_stm32f303xc.o [1]
  .text                  ro code   0x800'b67c     0x4  startup_stm32f303xc.o [1]
  .text                  ro code   0x800'b680     0x4  startup_stm32f303xc.o [1]
  .text                  ro code   0x800'b684     0x4  startup_stm32f303xc.o [1]
  .text                  ro code   0x800'b688     0x4  startup_stm32f303xc.o [1]
  .text                  ro code   0x800'b68c     0x4  startup_stm32f303xc.o [1]
  .text                  ro code   0x800'b690     0x4  startup_stm32f303xc.o [1]
  .text                  ro code   0x800'b694     0x4  startup_stm32f303xc.o [1]
  .text                  ro code   0x800'b698     0x4  startup_stm32f303xc.o [1]
  .text                  ro code   0x800'b69c     0x4  startup_stm32f303xc.o [1]
  .text                  ro code   0x800'b6a0     0x4  startup_stm32f303xc.o [1]
  .text                  ro code   0x800'b6a4     0x4  startup_stm32f303xc.o [1]
  .text                  ro code   0x800'b6a8     0x4  startup_stm32f303xc.o [1]
  .text                  ro code   0x800'b6ac     0x4  startup_stm32f303xc.o [1]
  .text                  ro code   0x800'b6b0     0x4  startup_stm32f303xc.o [1]
  .text                  ro code   0x800'b6b4     0x4  startup_stm32f303xc.o [1]
  .text                  ro code   0x800'b6b8     0x4  startup_stm32f303xc.o [1]
  .text                  ro code   0x800'b6bc     0x4  startup_stm32f303xc.o [1]
  .text                  ro code   0x800'b6c0     0x4  startup_stm32f303xc.o [1]
  .text                  ro code   0x800'b6c4     0x4  startup_stm32f303xc.o [1]
  .text                  ro code   0x800'b6c8     0x4  startup_stm32f303xc.o [1]
  .text                  ro code   0x800'b6cc     0x4  startup_stm32f303xc.o [1]
  SHT$$PREINIT_ARRAY               0x800'b6d0     0x0  <Block>
  SHT$$INIT_ARRAY                  0x800'b6d0     0x4  <Block>
    .init_array          const     0x800'b6d0     0x4  main.o [1]
  __iar_tls$$INIT_ARRAY            0x800'b6d4     0x0  <Block>
  .rodata                const     0x800'b6d4     0x0  zero_init3.o [5]
  .rodata                const     0x800'b6d4     0x0  lz77_init_single.o [5]
  Initializer bytes      const     0x800'b6d4   0x134  <for P2-1>
                                 - 0x800'b808  0xb680

"P2", part 1 of 3:                              0x222
  P2-1                            0x2000'0000   0x222  <Init block>
    .data                inited   0x2000'0000     0x4  freertos.o [1]
    .data                inited   0x2000'0004     0x4  freertos.o [1]
    .data                inited   0x2000'0008    0x18  main.o [1]
    .data                inited   0x2000'0020    0x80  mb.o [1]
    .data                inited   0x2000'00a0     0x4  port.o [1]
    .data                inited   0x2000'00a4     0x4  portserial.o [1]
    .data                inited   0x2000'00a8     0x4  stm32f3xx_hal.o [1]
    .data                inited   0x2000'00ac     0x4  system_stm32f3xx.o [1]
    .data                inited   0x2000'00b0     0xc  usbd_cdc.o [1]
    .data                inited   0x2000'00bc    0x38  usbd_cdc.o [1]
    .data                inited   0x2000'00f4    0x44  usbd_cdc.o [1]
    .data                inited   0x2000'0138    0x44  usbd_cdc.o [1]
    .data                inited   0x2000'017c    0x44  usbd_cdc.o [1]
    .data                inited   0x2000'01c0    0x10  usbd_cdc_if.o [1]
    .data                inited   0x2000'01d0    0x1c  usbd_desc.o [1]
    .data                inited   0x2000'01ec    0x14  usbd_desc.o [1]
    .data                inited   0x2000'0200     0x4  usbd_desc.o [1]
    .data                inited   0x2000'0204    0x1c  usbd_desc.o [1]
    .data                inited   0x2000'0220     0x1  mb.o [1]
    .data                inited   0x2000'0221     0x1  stm32f3xx_hal.o [1]
                                - 0x2000'0222   0x222

"P2", part 2 of 3:                             0x6cf8
  .bss                   zero     0x2000'0224  0x5000  heap_4.o [1]
  .bss                   zero     0x2000'5224   0x3e8  usbd_cdc_if.o [1]
  .bss                   zero     0x2000'560c   0x3e8  usbd_cdc_if.o [1]
  .bss                   zero     0x2000'59f4   0x2ec  usbd_conf.o [1]
  .bss                   zero     0x2000'5ce0   0x2c4  usb_device.o [1]
  .bss                   zero     0x2000'5fa4   0x220  usbd_conf.o [1]
  .bss                   zero     0x2000'61c4   0x200  freertos.o [1]
  .bss                   zero     0x2000'63c4   0x200  usbd_desc.o [1]
  .bss                   zero     0x2000'65c4   0x100  mbrtu.o [1]
  .bss                   zero     0x2000'66c4    0x8c  tasks.o [1]
  .bss                   zero     0x2000'6750    0x84  usart.o [1]
  .bss                   zero     0x2000'67d4    0x78  main.o [1]
  .bss                   zero     0x2000'684c    0x64  spi.o [1]
  .bss                   zero     0x2000'68b0    0x54  freertos.o [1]
  .bss                   zero     0x2000'6904    0x50  adc.o [1]
  .bss                   zero     0x2000'6954    0x50  adc.o [1]
  .bss                   zero     0x2000'69a4    0x4c  stm32f3xx_hal_timebase_tim.o [1]
  .bss                   zero     0x2000'69f0    0x4c  tim.o [1]
  .bss                   zero     0x2000'6a3c    0x4c  tim.o [1]
  .bss                   zero     0x2000'6a88    0x4c  tim.o [1]
  .bss                   zero     0x2000'6ad4    0x4c  tim.o [1]
  .bss                   zero     0x2000'6b20    0x4c  tim.o [1]
  .bss                   zero     0x2000'6b6c    0x4c  tim.o [1]
  .bss                   zero     0x2000'6bb8    0x4c  tim.o [1]
  .bss                   zero     0x2000'6c04    0x4c  tim.o [1]
  .bss                   zero     0x2000'6c50    0x44  adc.o [1]
  .bss                   zero     0x2000'6c94    0x30  comp.o [1]
  .bss                   zero     0x2000'6cc4    0x30  comp.o [1]
  .bss                   zero     0x2000'6cf4    0x30  comp.o [1]
  .bss                   zero     0x2000'6d24    0x30  main.o [1]
  .bss                   zero     0x2000'6d54    0x30  main.o [1]
  .bss                   zero     0x2000'6d84    0x30  main.o [1]
  .bss                   zero     0x2000'6db4    0x20  mbfuncother.o [1]
  .bss                   zero     0x2000'6dd4    0x18  main.o [1]
  .bss                   zero     0x2000'6dec    0x14  dac.o [1]
  .bss                   zero     0x2000'6e00    0x14  tasks.o [1]
  .bss                   zero     0x2000'6e14    0x14  tasks.o [1]
  .bss                   zero     0x2000'6e28    0x14  tasks.o [1]
  .bss                   zero     0x2000'6e3c    0x14  tasks.o [1]
  .bss                   zero     0x2000'6e50    0x14  tasks.o [1]
  .bss                   zero     0x2000'6e64     0x8  heap_4.o [1]
  .bss                   zero     0x2000'6e6c     0x4  adc.o [1]
  .bss                   zero     0x2000'6e70     0x4  freertos.o [1]
  .bss                   zero     0x2000'6e74     0x4  freertos.o [1]
  .bss                   zero     0x2000'6e78     0x4  freertos.o [1]
  .bss                   zero     0x2000'6e7c     0x4  freertos.o [1]
  .bss                   zero     0x2000'6e80     0x4  heap_4.o [1]
  .bss                   zero     0x2000'6e84     0x4  heap_4.o [1]
  .bss                   zero     0x2000'6e88     0x4  heap_4.o [1]
  .bss                   zero     0x2000'6e8c     0x4  heap_4.o [1]
  .bss                   zero     0x2000'6e90     0x4  main.o [1]
  .bss                   zero     0x2000'6e94     0x4  main.o [1]
  .bss                   zero     0x2000'6e98     0x4  mb.o [1]
  .bss                   zero     0x2000'6e9c     0x4  mb.o [1]
  .bss                   zero     0x2000'6ea0     0x4  mb.o [1]
  .bss                   zero     0x2000'6ea4     0x4  mb.o [1]
  .bss                   zero     0x2000'6ea8     0x4  mb.o [1]
  .bss                   zero     0x2000'6eac     0x4  mb.o [1]
  .bss                   zero     0x2000'6eb0     0x4  mb.o [1]
  .bss                   zero     0x2000'6eb4     0x4  mb.o [1]
  .bss                   zero     0x2000'6eb8     0x4  mb.o [1]
  .bss                   zero     0x2000'6ebc     0x4  mbrtu.o [1]
  .bss                   zero     0x2000'6ec0     0x4  port.o [1]
  .bss                   zero     0x2000'6ec4     0x4  stm32f3xx_hal.o [1]
  .bss                   zero     0x2000'6ec8     0x4  tasks.o [1]
  .bss                   zero     0x2000'6ecc     0x4  tasks.o [1]
  .bss                   zero     0x2000'6ed0     0x4  tasks.o [1]
  .bss                   zero     0x2000'6ed4     0x4  tasks.o [1]
  .bss                   zero     0x2000'6ed8     0x4  tasks.o [1]
  .bss                   zero     0x2000'6edc     0x4  tasks.o [1]
  .bss                   zero     0x2000'6ee0     0x4  tasks.o [1]
  .bss                   zero     0x2000'6ee4     0x4  tasks.o [1]
  .bss                   zero     0x2000'6ee8     0x4  tasks.o [1]
  .bss                   zero     0x2000'6eec     0x4  tasks.o [1]
  .bss                   zero     0x2000'6ef0     0x4  tasks.o [1]
  .bss                   zero     0x2000'6ef4     0x4  tasks.o [1]
  .bss                   zero     0x2000'6ef8     0x4  tasks.o [1]
  .bss                   zero     0x2000'6efc     0x4  tasks.o [1]
  .bss                   zero     0x2000'6f00     0x4  tasks.o [1]
  .bss                   zero     0x2000'6f04     0x2  mb.o [1]
  .bss                   zero     0x2000'6f06     0x2  mbfuncother.o [1]
  .bss                   zero     0x2000'6f08     0x2  mbrtu.o [1]
  .bss                   zero     0x2000'6f0a     0x2  mbrtu.o [1]
  .bss                   zero     0x2000'6f0c     0x2  porttimer.o [1]
  .bss                   zero     0x2000'6f0e     0x2  porttimer.o [1]
  .bss                   zero     0x2000'6f10     0x1  main.o [1]
  .bss                   zero     0x2000'6f11     0x1  mb.o [1]
  .bss                   zero     0x2000'6f12     0x1  mb.o [1]
  .bss                   zero     0x2000'6f13     0x1  mb.o [1]
  .bss                   zero     0x2000'6f14     0x1  mb.o [1]
  .bss                   zero     0x2000'6f15     0x1  mb.o [1]
  .bss                   zero     0x2000'6f16     0x1  mbrtu.o [1]
  .bss                   zero     0x2000'6f17     0x1  mbrtu.o [1]
  .bss                   zero     0x2000'6f18     0x1  port.o [1]
  .bss                   zero     0x2000'6f19     0x1  portevent.o [1]
  .bss                   zero     0x2000'6f1a     0x1  portevent.o [1]
  .bss                   zero     0x2000'6f1b     0x1  usbd_ctlreq.o [1]
                                - 0x2000'6f1c  0x6cf8

"P2", part 3 of 3:                              0x400
  CSTACK                          0x2000'6f20   0x400  <Block>
    CSTACK               uninit   0x2000'6f20   0x400  <Block tail>
                                - 0x2000'7320   0x400

Unused ranges:

         From           To      Size
         ----           --      ----
   0x800'b808   0x803'ffff  0x3'47f8
  0x2000'0222  0x2000'0223       0x2
  0x2000'6f1c  0x2000'6f1f       0x4
  0x2000'7320  0x2000'9fff    0x2ce0


*******************************************************************************
*** INIT TABLE
***

          Address      Size
          -------      ----
Zero (__iar_zero_init3)
    1 destination range, total size 0x6cf8:
          0x2000'0224  0x6cf8

Copy/lz77 (__iar_lz77_init_single3)
    1 source range, total size 0x134 (56% of destination):
           0x800'b6d4   0x134
    1 destination range, total size 0x222:
          0x2000'0000   0x222

Extra (__iar_cstart_call_ctors)



*******************************************************************************
*** MODULE SUMMARY
***

    Module                        ro code  ro data  rw data
    ------                        -------  -------  -------
command line/config:
    -------------------------------------------------------
    Total:

D:\Radio\Jobe\Universal_Driver\Universal_Driver_soft\UniversalDriver_v2.1SoftStepper\EWARM\UniversalDriver_v2.1\Obj: [1]
    LED.o                             346
    adc.o                             648               232
    cmsis_os.o                        210
    comp.o                            480               144
    dac.o                             200                20
    dma.o                              44
    flash.o                           268
    freertos.o                      1'152       80      620
    gpio.o                            476
    heap_4.o                          608        4   20'504
    list.o                            152
    main.o                            638       18      321
    mb.o                              512       73      172
    mbcrc.o                            64      512
    mbfunccoils.o                     408
    mbfuncdisc.o                      156
    mbfuncholding.o                   540
    mbfuncinput.o                     134
    mbfuncother.o                      36                34
    mbrtu.o                           708      308      266
    mbutils.o                          34
    motor.o                           210
    port.o                            600        6        9
    portasm.o                         176
    portevent.o                        72                 2
    portserial.o                      244        2        4
    porttimer.o                       128                 4
    softStepper.o                   2'164      104
    spi.o                             200               100
    startup_stm32f303xc.o             640
    stm32f3xx_hal.o                   112        4        9
    stm32f3xx_hal_adc_ex.o          2'368
    stm32f3xx_hal_comp.o              204
    stm32f3xx_hal_cortex.o            232
    stm32f3xx_hal_dac.o                46
    stm32f3xx_hal_dac_ex.o            198
    stm32f3xx_hal_dma.o               512
    stm32f3xx_hal_gpio.o              480
    stm32f3xx_hal_msp.o                64
    stm32f3xx_hal_pcd.o             3'444
    stm32f3xx_hal_pcd_ex.o             68
    stm32f3xx_hal_rcc.o             2'400       32
    stm32f3xx_hal_rcc_ex.o            592
    stm32f3xx_hal_spi.o               260
    stm32f3xx_hal_tim.o             3'632
    stm32f3xx_hal_tim_ex.o            318
    stm32f3xx_hal_timebase_tim.o      128                76
    stm32f3xx_hal_uart.o            2'238
    stm32f3xx_hal_uart_ex.o           146
    stm32f3xx_it.o                    276
    stm32f3xx_ll_usb.o              3'586
    system_stm32f3xx.o                 28       26        4
    tasks.o                         2'096        8      300
    tim.o                           2'016               608
    usart.o                           196               132
    usb_device.o                       88               708
    usbd_cdc.o                        892      153      272
    usbd_cdc_if.o                     152        9    2'016
    usbd_conf.o                       774             1'292
    usbd_core.o                       830
    usbd_ctlreq.o                   1'976                 1
    usbd_desc.o                       310      113      592
    usbd_ioreq.o                      156
    -------------------------------------------------------
    Total:                         43'066    1'452   28'442

dl7M_tlf.a: [2]
    abort.o                             6
    cppinit.o                          24
    exit.o                              4
    low_level_init.o                    4
    -------------------------------------------------------
    Total:                             38

dlpp7M_tl_fc.a: [3]
    -------------------------------------------------------
    Total:

m7M_tls.a: [4]
    DblAdd.o                          378
    DblDiv.o                          582
    DblMul.o                          418
    DblSub.o                          226
    DblToS32.o                         58
    U32ToDbl.o                         26
    fpinit_M.o                         34
    -------------------------------------------------------
    Total:                          1'722

rt7M_tl.a: [5]
    ABImemcpy.o                       166
    ABImemset.o                       102
    cexit.o                            10
    cmain.o                            30
    cmain_call_ctors.o                 32
    cstartup_M.o                       12
    data_init.o                        40
    lz77_init_single.o                120
    memset.o                           20
    strncpy.o                         112
    zero_init3.o                       58
    -------------------------------------------------------
    Total:                            702

shb_l.a: [6]
    ABIassert.o                        36
    exit.o                             20
    unwind_debug.o                               1
    -------------------------------------------------------
    Total:                             56        1

    Gaps                               33        6
    Linker created                              36    1'024
-----------------------------------------------------------
    Grand Total:                   45'617    1'495   29'466


*******************************************************************************
*** ENTRY LIST
***

Entry                       Address    Size  Type      Object
-----                       -------    ----  ----      ------
.iar.init_table$$Base    0x800'b3f8           --   Gb  - Linker created -
.iar.init_table$$Limit   0x800'b41c           --   Gb  - Linker created -
?main                    0x800'b455          Code  Gb  cmain.o [5]
ADC_Disable              0x800'4f11    0x84  Code  Lc  stm32f3xx_hal_adc_ex.o [1]
AHBPrescTable            0x800'b574    0x10  Data  Gb  system_stm32f3xx.o [1]
APBPrescTable            0x800'b5d0     0x8  Data  Gb  system_stm32f3xx.o [1]
BusFault_Handler         0x800'ac8b     0x2  Code  Gb  stm32f3xx_it.o [1]
CDC_Control_FS           0x800'b053    0x3e  Code  Lc  usbd_cdc_if.o [1]
CDC_DeInit_FS            0x800'b04f     0x4  Code  Lc  usbd_cdc_if.o [1]
CDC_Init_FS              0x800'b035    0x1a  Code  Lc  usbd_cdc_if.o [1]
CDC_Receive_FS           0x800'b091    0x2c  Code  Lc  usbd_cdc_if.o [1]
CSTACK$$Base            0x2000'6f20           --   Gb  - Linker created -
CSTACK$$Limit           0x2000'7320           --   Gb  - Linker created -
DMA1_Channel1_IRQHandler
                         0x800'ac91     0xa  Code  Gb  stm32f3xx_it.o [1]
DMA_CalcBaseAndBitshift
                         0x800'5163    0x34  Code  Lc  stm32f3xx_hal_dma.o [1]
DebugMon_Handler         0x800'ac8f     0x2  Code  Gb  stm32f3xx_it.o [1]
Error_Handler            0x800'1a49     0x2  Code  Gb  main.o [1]
FLASH_WriteSettings      0x800'3125    0x40  Code  Gb  flash.o [1]
FS_Desc                 0x2000'01d0    0x1c  Data  Gb  usbd_desc.o [1]
Flash_ReadParams         0x800'3165    0x26  Code  Gb  flash.o [1]
Get_SerialNum            0x800'abdd    0x2c  Code  Lc  usbd_desc.o [1]
HAL_ADCEx_MultiModeConfigChannel
                         0x800'4d9d   0x166  Code  Gb  stm32f3xx_hal_adc_ex.o [1]
HAL_ADC_ConfigChannel    0x800'4961   0x42e  Code  Gb  stm32f3xx_hal_adc_ex.o [1]
HAL_ADC_Init             0x800'466d   0x2d0  Code  Gb  stm32f3xx_hal_adc_ex.o [1]
HAL_ADC_MspInit          0x800'2bdd    0xf2  Code  Gb  adc.o [1]
HAL_COMP_Init            0x800'5435    0xc8  Code  Gb  stm32f3xx_hal_comp.o [1]
HAL_COMP_MspInit         0x800'2ff3   0x112  Code  Gb  comp.o [1]
HAL_DAC_ConfigChannel    0x800'524b    0x52  Code  Gb  stm32f3xx_hal_dac_ex.o [1]
HAL_DAC_DMAUnderrunCallbackCh1
                         0x800'65df     0x2  Code  Wk  stm32f3xx_hal_dac.o [1]
HAL_DAC_IRQHandler       0x800'51d9    0x72  Code  Gb  stm32f3xx_hal_dac_ex.o [1]
HAL_DAC_Init             0x800'51ad    0x2c  Code  Gb  stm32f3xx_hal_dac.o [1]
HAL_DAC_MspInit          0x800'2d3f    0x6a  Code  Gb  dac.o [1]
HAL_DMA_Abort            0x800'5003    0x48  Code  Gb  stm32f3xx_hal_dma.o [1]
HAL_DMA_Abort_IT         0x800'504b    0x52  Code  Gb  stm32f3xx_hal_dma.o [1]
HAL_DMA_IRQHandler       0x800'509d    0xc6  Code  Gb  stm32f3xx_hal_dma.o [1]
HAL_DMA_Init             0x800'4fad    0x56  Code  Gb  stm32f3xx_hal_dma.o [1]
HAL_Delay                0x800'32d9    0x28  Code  Wk  stm32f3xx_hal.o [1]
HAL_GPIO_Init            0x800'1ba5   0x1a6  Code  Gb  stm32f3xx_hal_gpio.o [1]
HAL_GPIO_WritePin        0x800'1d4b    0x12  Code  Gb  stm32f3xx_hal_gpio.o [1]
HAL_GetTick              0x800'5501     0xc  Code  Wk  stm32f3xx_hal.o [1]
HAL_IncTick              0x800'446d    0x18  Code  Wk  stm32f3xx_hal.o [1]
HAL_Init                 0x800'283d    0x20  Code  Gb  stm32f3xx_hal.o [1]
HAL_InitTick             0x800'45ad    0x70  Code  Gb  stm32f3xx_hal_timebase_tim.o [1]
HAL_MspInit              0x800'462d    0x40  Code  Gb  stm32f3xx_hal_msp.o [1]
HAL_NVIC_EnableIRQ       0x800'1e4f     0xa  Code  Gb  stm32f3xx_hal_cortex.o [1]
HAL_NVIC_SetPriority     0x800'1e2d    0x22  Code  Gb  stm32f3xx_hal_cortex.o [1]
HAL_NVIC_SetPriorityGrouping
                         0x800'1e25     0x8  Code  Gb  stm32f3xx_hal_cortex.o [1]
HAL_PCDEx_PMAConfig      0x800'9915    0x44  Code  Gb  stm32f3xx_hal_pcd_ex.o [1]
HAL_PCDEx_SetConnectionState
                         0x800'8097     0x2  Code  Gb  usbd_conf.o [1]
HAL_PCD_DataInStageCallback
                         0x800'7e61    0x1c  Code  Gb  usbd_conf.o [1]
HAL_PCD_DataOutStageCallback
                         0x800'7e43    0x1e  Code  Gb  usbd_conf.o [1]
HAL_PCD_EP_Close         0x800'8eed    0x66  Code  Gb  stm32f3xx_hal_pcd.o [1]
HAL_PCD_EP_ClrStall      0x800'906b    0x7c  Code  Gb  stm32f3xx_hal_pcd.o [1]
HAL_PCD_EP_DB_Receive    0x800'94d3   0x142  Code  Lc  stm32f3xx_hal_pcd.o [1]
HAL_PCD_EP_DB_Transmit   0x800'9615   0x300  Code  Lc  stm32f3xx_hal_pcd.o [1]
HAL_PCD_EP_GetRxCount    0x800'8f95    0x12  Code  Gb  stm32f3xx_hal_pcd.o [1]
HAL_PCD_EP_Open          0x800'8e67    0x86  Code  Gb  stm32f3xx_hal_pcd.o [1]
HAL_PCD_EP_Receive       0x800'8f53    0x42  Code  Gb  stm32f3xx_hal_pcd.o [1]
HAL_PCD_EP_SetStall      0x800'8ff3    0x78  Code  Gb  stm32f3xx_hal_pcd.o [1]
HAL_PCD_EP_Transmit      0x800'8fa7    0x4c  Code  Gb  stm32f3xx_hal_pcd.o [1]
HAL_PCD_IRQHandler       0x800'8cfd   0x13e  Code  Gb  stm32f3xx_hal_pcd.o [1]
HAL_PCD_Init             0x800'8ba1   0x128  Code  Gb  stm32f3xx_hal_pcd.o [1]
HAL_PCD_MspInit          0x800'7dbd    0x76  Code  Gb  usbd_conf.o [1]
HAL_PCD_ResetCallback    0x800'7e89    0x26  Code  Gb  usbd_conf.o [1]
HAL_PCD_ResumeCallback   0x800'7ecd     0xc  Code  Gb  usbd_conf.o [1]
HAL_PCD_SOFCallback      0x800'7e7d     0xc  Code  Gb  usbd_conf.o [1]
HAL_PCD_SetAddress       0x800'8e3b    0x2c  Code  Gb  stm32f3xx_hal_pcd.o [1]
HAL_PCD_SetupStageCallback
                         0x800'7e33    0x10  Code  Gb  usbd_conf.o [1]
HAL_PCD_Start            0x800'8cc9    0x34  Code  Gb  stm32f3xx_hal_pcd.o [1]
HAL_PCD_SuspendCallback
                         0x800'7eaf    0x1e  Code  Gb  usbd_conf.o [1]
HAL_RCCEx_PeriphCLKConfig
                         0x800'421d   0x230  Code  Gb  stm32f3xx_hal_rcc_ex.o [1]
HAL_RCC_ADC12_CLK_ENABLED
                        0x2000'6e6c     0x4  Data  Lc  adc.o [1]
HAL_RCC_ClockConfig      0x800'3f31   0x1bc  Code  Gb  stm32f3xx_hal_rcc.o [1]
HAL_RCC_GetClockConfig   0x800'419b    0x34  Code  Gb  stm32f3xx_hal_rcc.o [1]
HAL_RCC_GetHCLKFreq      0x800'4155     0x6  Code  Gb  stm32f3xx_hal_rcc.o [1]
HAL_RCC_GetPCLK1Freq     0x800'415b    0x20  Code  Gb  stm32f3xx_hal_rcc.o [1]
HAL_RCC_GetPCLK2Freq     0x800'417b    0x20  Code  Gb  stm32f3xx_hal_rcc.o [1]
HAL_RCC_GetSysClockFreq
                         0x800'40ed    0x68  Code  Gb  stm32f3xx_hal_rcc.o [1]
HAL_RCC_OscConfig        0x800'38bd   0x674  Code  Gb  stm32f3xx_hal_rcc.o [1]
HAL_RS485Ex_Init         0x800'53a1    0x90  Code  Gb  stm32f3xx_hal_uart_ex.o [1]
HAL_SPI_Init             0x800'529d   0x104  Code  Gb  stm32f3xx_hal_spi.o [1]
HAL_SPI_MspInit          0x800'2e09    0x62  Code  Gb  spi.o [1]
HAL_TIMEx_Break2Callback
                         0x800'1a51     0x2  Code  Wk  stm32f3xx_hal_tim_ex.o [1]
HAL_TIMEx_BreakCallback
                         0x800'1a4f     0x2  Code  Wk  stm32f3xx_hal_tim_ex.o [1]
HAL_TIMEx_CommutCallback
                         0x800'1a55     0x2  Code  Wk  stm32f3xx_hal_tim_ex.o [1]
HAL_TIMEx_ConfigBreakDeadTime
                         0x800'1aff    0x92  Code  Gb  stm32f3xx_hal_tim_ex.o [1]
HAL_TIMEx_MasterConfigSynchronization
                         0x800'1a6d    0x92  Code  Gb  stm32f3xx_hal_tim_ex.o [1]
HAL_TIM_Base_Init        0x800'0189    0x7a  Code  Gb  stm32f3xx_hal_tim.o [1]
HAL_TIM_Base_MspInit     0x800'153d   0x14c  Code  Gb  tim.o [1]
HAL_TIM_Base_Start_IT    0x800'0203    0x8a  Code  Gb  stm32f3xx_hal_tim.o [1]
HAL_TIM_Base_Stop_IT     0x800'028d    0x3a  Code  Gb  stm32f3xx_hal_tim.o [1]
HAL_TIM_ConfigClockSource
                         0x800'09a3    0xea  Code  Gb  stm32f3xx_hal_tim.o [1]
HAL_TIM_Encoder_Init     0x800'04c5    0xce  Code  Gb  stm32f3xx_hal_tim.o [1]
HAL_TIM_Encoder_MspInit
                         0x800'1689    0x60  Code  Gb  tim.o [1]
HAL_TIM_Encoder_Start_IT
                         0x800'0595   0x112  Code  Gb  stm32f3xx_hal_tim.o [1]
HAL_TIM_IC_CaptureCallback
                         0x800'1983    0x18  Code  Gb  main.o [1]
HAL_TIM_IRQHandler       0x800'06b9   0x194  Code  Gb  stm32f3xx_hal_tim.o [1]
HAL_TIM_MspPostInit      0x800'16e9    0x8a  Code  Gb  tim.o [1]
HAL_TIM_PWM_ConfigChannel
                         0x800'084d   0x156  Code  Gb  stm32f3xx_hal_tim.o [1]
HAL_TIM_PWM_Init         0x800'02e1    0x7a  Code  Gb  stm32f3xx_hal_tim.o [1]
HAL_TIM_PWM_MspInit      0x800'1451    0xec  Code  Gb  tim.o [1]
HAL_TIM_PWM_Start        0x800'035b   0x148  Code  Gb  stm32f3xx_hal_tim.o [1]
HAL_TIM_PeriodElapsedCallback
                         0x800'19a7    0x54  Code  Gb  main.o [1]
HAL_TIM_SlaveConfigSynchro
                         0x800'0a8d    0x5e  Code  Gb  stm32f3xx_hal_tim.o [1]
HAL_UARTEx_WakeupCallback
                         0x800'5431     0x2  Code  Wk  stm32f3xx_hal_uart_ex.o [1]
HAL_UART_IRQHandler      0x800'672f   0x294  Code  Gb  stm32f3xx_hal_uart.o [1]
HAL_UART_Init            0x800'65e5    0x7a  Code  Gb  stm32f3xx_hal_uart.o [1]
HAL_UART_MspInit         0x800'2ec3    0x72  Code  Gb  usart.o [1]
HAL_UART_Transmit        0x800'665f    0xd0  Code  Gb  stm32f3xx_hal_uart.o [1]
HardFault_Handler        0x800'ac87     0x2  Code  Gb  stm32f3xx_it.o [1]
IntToUnicode             0x800'ac35    0x4e  Code  Lc  usbd_desc.o [1]
LED_OSstart             0x2000'6d84    0x30  Data  Gb  main.o [1]
LED_error               0x2000'6d54    0x30  Data  Gb  main.o [1]
LED_rs485               0x2000'6d24    0x30  Data  Gb  main.o [1]
MX_ADC1_Init             0x800'2a69    0xee  Code  Gb  adc.o [1]
MX_ADC2_Init             0x800'2b57    0x86  Code  Gb  adc.o [1]
MX_COMP3_Init            0x800'2f45    0x3a  Code  Gb  comp.o [1]
MX_COMP6_Init            0x800'2f7f    0x3a  Code  Gb  comp.o [1]
MX_COMP7_Init            0x800'2fb9    0x3a  Code  Gb  comp.o [1]
MX_DAC_Init              0x800'2cf1    0x4e  Code  Gb  dac.o [1]
MX_DMA_Init              0x800'2a3d    0x2c  Code  Gb  dma.o [1]
MX_FREERTOS_Init()       0x800'3313    0x3c  Code  Gb  freertos.o [1]
MX_GPIO_Init             0x800'2861   0x1dc  Code  Gb  gpio.o [1]
MX_SPI2_Init             0x800'2db9    0x50  Code  Gb  spi.o [1]
MX_TIM16_Init            0x800'13ed    0x32  Code  Gb  tim.o [1]
MX_TIM17_Init            0x800'141f    0x32  Code  Gb  tim.o [1]
MX_TIM1_Init             0x800'0fed   0x11e  Code  Gb  tim.o [1]
MX_TIM2_Init             0x800'110b    0x78  Code  Gb  tim.o [1]
MX_TIM3_Init             0x800'1183    0x86  Code  Gb  tim.o [1]
MX_TIM4_Init             0x800'1209    0x78  Code  Gb  tim.o [1]
MX_TIM6_Init             0x800'1281    0x4e  Code  Gb  tim.o [1]
MX_TIM8_Init             0x800'12cf   0x11e  Code  Gb  tim.o [1]
MX_USART2_UART_Init      0x800'2e81    0x42  Code  Gb  usart.o [1]
MX_USB_DEVICE_Init       0x800'550d    0x58  Code  Gb  usb_device.o [1]
MainTask(void const *)   0x800'334f   0x176  Code  Gb  freertos.o [1]
MemManage_Handler        0x800'ac89     0x2  Code  Gb  stm32f3xx_it.o [1]
ModBus(void const *)     0x800'34c5    0x1e  Code  Gb  freertos.o [1]
NMI_Handler              0x800'ac85     0x2  Code  Gb  stm32f3xx_it.o [1]
NVIC_EncodePriority      0x800'1de9    0x3c  Code  Lc  stm32f3xx_hal_cortex.o [1]
PCD_EP_ISR_Handler       0x800'90e7   0x3ec  Code  Lc  stm32f3xx_hal_pcd.o [1]
PendSV_Handler           0x800'8af1          Code  Gb  portasm.o [1]
Region$$Table$$Base      0x800'b3f8           --   Gb  - Linker created -
Region$$Table$$Limit     0x800'b41c           --   Gb  - Linker created -
SHT$$INIT_ARRAY$$Base    0x800'b6d0           --   Gb  - Linker created -
SHT$$INIT_ARRAY$$Limit   0x800'b6d4           --   Gb  - Linker created -
SHT$$PREINIT_ARRAY$$Base
                         0x800'b6d0           --   Gb  - Linker created -
SHT$$PREINIT_ARRAY$$Limit
                         0x800'b6d0           --   Gb  - Linker created -
SVC_Handler              0x800'8b49          Code  Gb  portasm.o [1]
Start                   0x2000'6e70     0x4  Data  Gb  freertos.o [1]
SysTick_Handler          0x800'7cdd    0x28  Code  Gb  port.o [1]
SystemClock_Config()     0x800'18dd    0xa6  Code  Gb  main.o [1]
SystemCoreClock         0x2000'00ac     0x4  Data  Gb  system_stm32f3xx.o [1]
SystemInit               0x800'b4f9    0x14  Code  Gb  system_stm32f3xx.o [1]
TIM1_TRG_COM_TIM17_IRQHandler
                         0x800'aca5    0x3e  Code  Gb  stm32f3xx_it.o [1]
TIM2_IRQHandler          0x800'ace3     0xa  Code  Gb  stm32f3xx_it.o [1]
TIM4_IRQHandler          0x800'aced     0xa  Code  Gb  stm32f3xx_it.o [1]
TIM6_DAC_IRQHandler      0x800'ad47    0x10  Code  Gb  stm32f3xx_it.o [1]
TIM7_IRQHandler          0x800'ad57     0xa  Code  Gb  stm32f3xx_it.o [1]
TIM_Base_SetConfig       0x800'0aeb    0xb6  Code  Gb  stm32f3xx_hal_tim.o [1]
TIM_CCxChannelCmd        0x800'0f8d    0x26  Code  Gb  stm32f3xx_hal_tim.o [1]
TIM_ETR_SetConfig        0x800'0f77    0x16  Code  Gb  stm32f3xx_hal_tim.o [1]
TIM_ITRx_SetConfig       0x800'0f67    0x10  Code  Lc  stm32f3xx_hal_tim.o [1]
TIM_OC1_SetConfig        0x800'0ba1    0x9c  Code  Lc  stm32f3xx_hal_tim.o [1]
TIM_OC2_SetConfig        0x800'0c3d    0x88  Code  Gb  stm32f3xx_hal_tim.o [1]
TIM_OC3_SetConfig        0x800'0cc5    0x7e  Code  Lc  stm32f3xx_hal_tim.o [1]
TIM_OC4_SetConfig        0x800'0d45    0x5e  Code  Lc  stm32f3xx_hal_tim.o [1]
TIM_OC5_SetConfig        0x800'0da3    0x58  Code  Lc  stm32f3xx_hal_tim.o [1]
TIM_OC6_SetConfig        0x800'0dfb    0x5a  Code  Lc  stm32f3xx_hal_tim.o [1]
TIM_SlaveTimer_SetConfig
                         0x800'0e55    0x9a  Code  Lc  stm32f3xx_hal_tim.o [1]
TIM_TI1_ConfigInputStage
                         0x800'0f1d    0x24  Code  Lc  stm32f3xx_hal_tim.o [1]
TIM_TI2_ConfigInputStage
                         0x800'0f41    0x26  Code  Lc  stm32f3xx_hal_tim.o [1]
UART_AdvFeatureConfig    0x800'6c35    0xda  Code  Gb  stm32f3xx_hal_uart.o [1]
UART_CheckIdleState      0x800'6d0f    0x6e  Code  Gb  stm32f3xx_hal_uart.o [1]
UART_DMAAbortOnError     0x800'6e69    0x16  Code  Lc  stm32f3xx_hal_uart.o [1]
UART_EndRxTransfer       0x800'6e2f    0x38  Code  Lc  stm32f3xx_hal_uart.o [1]
UART_EndTransmit_IT      0x800'6e7f    0x1c  Code  Lc  stm32f3xx_hal_uart.o [1]
UART_SetConfig           0x800'69c3   0x24c  Code  Gb  stm32f3xx_hal_uart.o [1]
UART_WaitOnFlagUntilTimeout
                         0x800'6d7d    0xb2  Code  Gb  stm32f3xx_hal_uart.o [1]
USART2_IRQHandler        0x800'acf7    0x50  Code  Gb  stm32f3xx_it.o [1]
USBD_CDC                0x2000'00bc    0x38  Data  Gb  usbd_cdc.o [1]
USBD_CDC_CfgFSDesc      0x2000'0138    0x44  Data  Gb  usbd_cdc.o [1]
USBD_CDC_CfgHSDesc      0x2000'00f4    0x44  Data  Gb  usbd_cdc.o [1]
USBD_CDC_DataIn          0x800'73e5    0x70  Code  Lc  usbd_cdc.o [1]
USBD_CDC_DataOut         0x800'7455    0x34  Code  Lc  usbd_cdc.o [1]
USBD_CDC_DeInit          0x800'729f    0x50  Code  Lc  usbd_cdc.o [1]
USBD_CDC_DeviceQualifierDesc
                        0x2000'00b0     0xc  Data  Lc  usbd_cdc.o [1]
USBD_CDC_EP0_RxReady     0x800'7489    0x36  Code  Lc  usbd_cdc.o [1]
USBD_CDC_GetDeviceQualifierDescriptor
                         0x800'74d7     0x8  Code  Gb  usbd_cdc.o [1]
USBD_CDC_GetFSCfgDesc    0x800'74bf     0x8  Code  Lc  usbd_cdc.o [1]
USBD_CDC_GetHSCfgDesc    0x800'74c7     0x8  Code  Lc  usbd_cdc.o [1]
USBD_CDC_GetOtherSpeedCfgDesc
                         0x800'74cf     0x8  Code  Lc  usbd_cdc.o [1]
USBD_CDC_Init            0x800'71dd    0xc2  Code  Lc  usbd_cdc.o [1]
USBD_CDC_OtherSpeedCfgDesc
                        0x2000'017c    0x44  Data  Gb  usbd_cdc.o [1]
USBD_CDC_ReceivePacket   0x800'7521    0x38  Code  Gb  usbd_cdc.o [1]
USBD_CDC_RegisterInterface
                         0x800'74f1    0x12  Code  Gb  usbd_cdc.o [1]
USBD_CDC_SetRxBuffer     0x800'7515     0xc  Code  Gb  usbd_cdc.o [1]
USBD_CDC_SetTxBuffer     0x800'7503    0x12  Code  Gb  usbd_cdc.o [1]
USBD_CDC_Setup           0x800'72ef    0xf6  Code  Lc  usbd_cdc.o [1]
USBD_ClrClassConfig      0x800'6f11    0x10  Code  Gb  usbd_core.o [1]
USBD_ClrFeature          0x800'87b9    0x24  Code  Lc  usbd_ctlreq.o [1]
USBD_CtlContinueRx       0x800'88db    0x12  Code  Gb  usbd_ioreq.o [1]
USBD_CtlContinueSendData
                         0x800'88a1    0x12  Code  Gb  usbd_ioreq.o [1]
USBD_CtlError            0x800'8805    0x16  Code  Gb  usbd_ctlreq.o [1]
USBD_CtlPrepareRx        0x800'88b3    0x28  Code  Gb  usbd_ioreq.o [1]
USBD_CtlReceiveStatus    0x800'8903    0x16  Code  Gb  usbd_ioreq.o [1]
USBD_CtlSendData         0x800'887d    0x24  Code  Gb  usbd_ioreq.o [1]
USBD_CtlSendStatus       0x800'88ed    0x16  Code  Gb  usbd_ioreq.o [1]
USBD_FS_ConfigStrDescriptor
                         0x800'ab9d    0x20  Code  Gb  usbd_desc.o [1]
USBD_FS_DeviceDesc      0x2000'01ec    0x14  Data  Gb  usbd_desc.o [1]
USBD_FS_DeviceDescriptor
                         0x800'ab4d     0x8  Code  Gb  usbd_desc.o [1]
USBD_FS_InterfaceStrDescriptor
                         0x800'abbd    0x20  Code  Gb  usbd_desc.o [1]
USBD_FS_LangIDStrDescriptor
                         0x800'ab55     0x8  Code  Gb  usbd_desc.o [1]
USBD_FS_ManufacturerStrDescriptor
                         0x800'ab7d    0x12  Code  Gb  usbd_desc.o [1]
USBD_FS_ProductStrDescriptor
                         0x800'ab5d    0x20  Code  Gb  usbd_desc.o [1]
USBD_FS_SerialStrDescriptor
                         0x800'ab8f     0xe  Code  Gb  usbd_desc.o [1]
USBD_GetConfig           0x800'8729    0x3e  Code  Lc  usbd_ctlreq.o [1]
USBD_GetDescriptor       0x800'83f7   0x200  Code  Lc  usbd_ctlreq.o [1]
USBD_GetLen              0x800'8869    0x14  Code  Lc  usbd_ctlreq.o [1]
USBD_GetStatus           0x800'8767    0x3e  Code  Lc  usbd_ctlreq.o [1]
USBD_GetString           0x800'881b    0x4e  Code  Gb  usbd_ctlreq.o [1]
USBD_Get_USB_Status      0x800'8099    0x2a  Code  Lc  usbd_conf.o [1]
USBD_Init                0x800'6e9d    0x30  Code  Gb  usbd_core.o [1]
USBD_Interface_fops_FS  0x2000'01c0    0x10  Data  Gb  usbd_cdc_if.o [1]
USBD_LL_ClearStallEP     0x800'7fc9    0x1a  Code  Gb  usbd_conf.o [1]
USBD_LL_CloseEP          0x800'7f95    0x1a  Code  Gb  usbd_conf.o [1]
USBD_LL_DataInStage      0x800'702b   0x104  Code  Gb  usbd_core.o [1]
USBD_LL_DataOutStage     0x800'6f85    0xa6  Code  Gb  usbd_core.o [1]
USBD_LL_GetRxDataSize    0x800'8069     0xe  Code  Gb  usbd_conf.o [1]
USBD_LL_Init             0x800'7ed9    0x80  Code  Gb  usbd_conf.o [1]
USBD_LL_IsStallEP        0x800'7fe3    0x34  Code  Gb  usbd_conf.o [1]
USBD_LL_OpenEP           0x800'7f71    0x24  Code  Gb  usbd_conf.o [1]
USBD_LL_PrepareReceive   0x800'804d    0x1c  Code  Gb  usbd_conf.o [1]
USBD_LL_Reset            0x800'712f    0x60  Code  Gb  usbd_core.o [1]
USBD_LL_Resume           0x800'71a7    0x14  Code  Gb  usbd_core.o [1]
USBD_LL_SOF              0x800'71bb    0x20  Code  Gb  usbd_core.o [1]
USBD_LL_SetSpeed         0x800'718f     0x6  Code  Gb  usbd_core.o [1]
USBD_LL_SetUSBAddress    0x800'8017    0x1a  Code  Gb  usbd_conf.o [1]
USBD_LL_SetupStage       0x800'6f21    0x64  Code  Gb  usbd_core.o [1]
USBD_LL_StallEP          0x800'7faf    0x1a  Code  Gb  usbd_conf.o [1]
USBD_LL_Start            0x800'7f59    0x18  Code  Gb  usbd_conf.o [1]
USBD_LL_Suspend          0x800'7195    0x12  Code  Gb  usbd_core.o [1]
USBD_LL_Transmit         0x800'8031    0x1c  Code  Gb  usbd_conf.o [1]
USBD_LangIDDesc         0x2000'0200     0x4  Data  Gb  usbd_desc.o [1]
USBD_ParseSetupRequest   0x800'87dd    0x28  Code  Gb  usbd_ctlreq.o [1]
USBD_RegisterClass       0x800'6ecd    0x14  Code  Gb  usbd_core.o [1]
USBD_RunTestMode         0x800'6eeb     0x4  Code  Gb  usbd_core.o [1]
USBD_SetAddress          0x800'85f7    0x5e  Code  Lc  usbd_ctlreq.o [1]
USBD_SetClassConfig      0x800'6eef    0x22  Code  Gb  usbd_core.o [1]
USBD_SetConfig           0x800'8655    0xce  Code  Lc  usbd_ctlreq.o [1]
USBD_SetConfig::cfgidx  0x2000'6f1b     0x1  Data  Lc  usbd_ctlreq.o [1]
USBD_SetFeature          0x800'87a5    0x14  Code  Lc  usbd_ctlreq.o [1]
USBD_Start               0x800'6ee1     0xa  Code  Gb  usbd_core.o [1]
USBD_StdDevReq           0x800'80c5    0x7a  Code  Gb  usbd_ctlreq.o [1]
USBD_StdEPReq            0x800'81ab   0x24c  Code  Gb  usbd_ctlreq.o [1]
USBD_StdItfReq           0x800'813f    0x6c  Code  Gb  usbd_ctlreq.o [1]
USBD_StrDesc            0x2000'63c4   0x200  Data  Gb  usbd_desc.o [1]
USBD_StringSerial       0x2000'0204    0x1c  Data  Gb  usbd_desc.o [1]
USBD_static_free         0x800'8095     0x2  Code  Gb  usbd_conf.o [1]
USBD_static_malloc       0x800'8077     0x4  Code  Gb  usbd_conf.o [1]
USBD_static_malloc::mem
                        0x2000'5fa4   0x220  Data  Lc  usbd_conf.o [1]
USB_ActivateEndpoint     0x800'99a5   0x2f8  Code  Gb  stm32f3xx_ll_usb.o [1]
USB_DeactivateEndpoint   0x800'9c9d   0x1c4  Code  Gb  stm32f3xx_ll_usb.o [1]
USB_DevConnect           0x800'a6ef     0x4  Code  Gb  stm32f3xx_ll_usb.o [1]
USB_DevInit              0x800'9985    0x20  Code  Gb  stm32f3xx_ll_usb.o [1]
USB_DisableGlobalInt     0x800'9971    0x14  Code  Gb  stm32f3xx_ll_usb.o [1]
USB_EPClearStall         0x800'a63b    0xa4  Code  Gb  stm32f3xx_ll_usb.o [1]
USB_EPSetStall           0x800'a5f3    0x48  Code  Gb  stm32f3xx_ll_usb.o [1]
USB_EPStartXfer          0x800'9e61   0x792  Code  Gb  stm32f3xx_ll_usb.o [1]
USB_EnableGlobalInt      0x800'995f    0x12  Code  Gb  stm32f3xx_ll_usb.o [1]
USB_LP_CAN_RX0_IRQHandler
                         0x800'ac9b     0xa  Code  Gb  stm32f3xx_it.o [1]
USB_ReadInterrupts       0x800'a6f3     0x6  Code  Gb  stm32f3xx_ll_usb.o [1]
USB_ReadPMA              0x800'a72b    0x36  Code  Gb  stm32f3xx_ll_usb.o [1]
USB_SetDevAddress        0x800'a6df    0x10  Code  Gb  stm32f3xx_ll_usb.o [1]
USB_WritePMA             0x800'a6f9    0x32  Code  Gb  stm32f3xx_ll_usb.o [1]
UsageFault_Handler       0x800'ac8d     0x2  Code  Gb  stm32f3xx_it.o [1]
UserRxBufferFS          0x2000'5224   0x3e8  Data  Gb  usbd_cdc_if.o [1]
UserTxBufferFS          0x2000'560c   0x3e8  Data  Gb  usbd_cdc_if.o [1]
Virtual function table for soft_stepper
                         0x800'b2bc    0x68  Data  Gb  softStepper.o [1]
[local to main_c]::DWT_Init()
                         0x800'17f3    0x16  Code  Lc  main.o [1]
__NVIC_EnableIRQ         0x800'1da9    0x1c  Code  Lc  stm32f3xx_hal_cortex.o [1]
__NVIC_GetPriorityGrouping
                         0x800'1d9f     0xa  Code  Lc  stm32f3xx_hal_cortex.o [1]
__NVIC_SetPriority       0x800'1dc5    0x24  Code  Lc  stm32f3xx_hal_cortex.o [1]
__NVIC_SetPriorityGrouping
                         0x800'1d85    0x1a  Code  Lc  stm32f3xx_hal_cortex.o [1]
__aeabi_assert           0x800'8a8d    0x24  Code  Gb  ABIassert.o [6]
__aeabi_d2iz             0x800'4571          Code  Gb  DblToS32.o [4]
__aeabi_dadd             0x800'6465          Code  Gb  DblAdd.o [4]
__aeabi_ddiv             0x800'621d          Code  Gb  DblDiv.o [4]
__aeabi_dmul             0x800'6079          Code  Gb  DblMul.o [4]
__aeabi_dsub             0x800'5f95          Code  Gb  DblSub.o [4]
__aeabi_memcpy           0x800'3231          Code  Gb  ABImemcpy.o [5]
__aeabi_memcpy4          0x800'3251          Code  Gb  ABImemcpy.o [5]
__aeabi_memcpy8          0x800'3251          Code  Gb  ABImemcpy.o [5]
__aeabi_memset           0x800'3855          Code  Gb  ABImemset.o [5]
__aeabi_ui2d             0x800'4485          Code  Gb  U32ToDbl.o [4]
__call_ctors             0x800'b43d    0x18  Code  Gb  cppinit.o [2]
__cmain                  0x800'b455          Code  Gb  cmain.o [5]
__exit                   0x800'a761    0x14  Code  Gb  exit.o [6]
__iar_Memset             0x800'3855          Code  Gb  ABImemset.o [5]
__iar_Memset_word        0x800'385d          Code  Gb  ABImemset.o [5]
__iar_cstart_call_ctors
                         0x800'b41d    0x20  Code  Gb  cmain_call_ctors.o [5]
__iar_dadd               0x800'5fa5          Code  Gb  DblSub.o [4]
__iar_data_init3         0x800'b389    0x28  Code  Gb  data_init.o [5]
__iar_debug_exceptions   0x800'1a6a     0x1  Data  Gb  unwind_debug.o [6]
__iar_dsub               0x800'6475          Code  Gb  DblAdd.o [4]
__iar_dsubStart          0x800'6487          Code  Gb  DblAdd.o [4]
__iar_init_vfp           0x800'b3d5          Code  Gb  fpinit_M.o [4]
__iar_lz77_init_single3
                         0x800'b245    0x78  Code  Gb  lz77_init_single.o [5]
__iar_program_start      0x800'b5bd          Code  Gb  cstartup_M.o [5]
__iar_tls$$INIT_ARRAY$$Base
                         0x800'b6d4           --   Gb  - Linker created -
__iar_tls$$INIT_ARRAY$$Limit
                         0x800'b6d4           --   Gb  - Linker created -
__iar_zero_init3         0x800'0fb3    0x3a  Code  Gb  zero_init3.o [5]
__low_level_init         0x800'b473     0x4  Code  Gb  low_level_init.o [2]
__sti__routine           0x800'17cd    0x26  Code  Lc  main.o [1]
__vector_table           0x800'0000          Data  Gb  startup_stm32f303xc.o [1]
_call_main               0x800'b461          Code  Gb  cmain.o [5]
_exit                    0x800'b47d          Code  Gb  cexit.o [5]
_main                    0x800'b46f          Code  Gb  cmain.o [5]
aPLLMULFactorTable       0x800'b554    0x10  Data  Gb  stm32f3xx_hal_rcc.o [1]
aPredivFactorTable       0x800'b564    0x10  Data  Gb  stm32f3xx_hal_rcc.o [1]
abort                    0x800'9959     0x6  Code  Gb  abort.o [2]
aucCRCHi                 0x800'ad98   0x100  Data  Lc  mbcrc.o [1]
aucCRCLo                 0x800'ae98   0x100  Data  Lc  mbcrc.o [1]
base_motor::SetDirection(dir)
                         0x800'44f5     0x4  Code  Gb  motor.o [1]
base_motor::base_motor()
                         0x800'44a7    0x4e  Code  Gb  motor.o [1]
base_motor::base_motor() [subobject]
                         0x800'449f     0x8  Code  Gb  motor.o [1]
base_motor::map(double, double, double, double, double)
                         0x800'44f9    0x78  Code  Gb  motor.o [1]
count_tic               0x2000'6e90     0x4  Data  Gb  main.o [1]
del                     0x2000'0004     0x4  Data  Gb  freertos.o [1]
dir1                    0x2000'6e74     0x4  Data  Gb  freertos.o [1]
downcounter             0x2000'6f0e     0x2  Data  Gb  porttimer.o [1]
eMBCurrentMode          0x2000'6f12     0x1  Data  Lc  mb.o [1]
eMBEnable                0x800'55ff    0x20  Code  Gb  mb.o [1]
eMBFuncReadCoils         0x800'a9b3    0x9e  Code  Gb  mbfunccoils.o [1]
eMBFuncReadDiscreteInputs
                         0x800'af99    0x9c  Code  Gb  mbfuncdisc.o [1]
eMBFuncReadHoldingRegister
                         0x800'a81f    0x86  Code  Gb  mbfuncholding.o [1]
eMBFuncReadInputRegister
                         0x800'b13d    0x86  Code  Gb  mbfuncinput.o [1]
eMBFuncReadWriteMultipleHoldingRegister
                         0x800'a8a5    0xec  Code  Gb  mbfuncholding.o [1]
eMBFuncReportSlaveID     0x800'b3b1    0x1c  Code  Gb  mbfuncother.o [1]
eMBFuncWriteCoil         0x800'aa51    0x6c  Code  Gb  mbfunccoils.o [1]
eMBFuncWriteHoldingRegister
                         0x800'a775    0x3a  Code  Gb  mbfuncholding.o [1]
eMBFuncWriteMultipleCoils
                         0x800'aabd    0x8e  Code  Gb  mbfunccoils.o [1]
eMBFuncWriteMultipleHoldingRegister
                         0x800'a7af    0x70  Code  Gb  mbfuncholding.o [1]
eMBInit                  0x800'5565    0x9a  Code  Gb  mb.o [1]
eMBPoll                  0x800'561f    0xe4  Code  Gb  mb.o [1]
eMBPoll::eException     0x2000'6f15     0x1  Data  Lc  mb.o [1]
eMBPoll::ucFunctionCode
                        0x2000'6f14     0x1  Data  Lc  mb.o [1]
eMBPoll::ucMBFrame      0x2000'6eb8     0x4  Data  Lc  mb.o [1]
eMBPoll::ucRcvAddress   0x2000'6f13     0x1  Data  Lc  mb.o [1]
eMBPoll::usLength       0x2000'6f04     0x2  Data  Lc  mb.o [1]
eMBRTUInit               0x800'7559    0x46  Code  Gb  mbrtu.o [1]
eMBRTUReceive            0x800'75cd    0x6a  Code  Gb  mbrtu.o [1]
eMBRTUSend               0x800'7637    0x60  Code  Gb  mbrtu.o [1]
eMBRTUStart              0x800'759f    0x1a  Code  Gb  mbrtu.o [1]
eMBRTUStop               0x800'75b9    0x14  Code  Gb  mbrtu.o [1]
eMBRegCoilsCB            0x800'3779     0x4  Code  Gb  freertos.o [1]
eMBRegDiscreteCB         0x800'377d     0x4  Code  Gb  freertos.o [1]
eMBRegHoldingCB          0x800'34e9   0x246  Code  Gb  freertos.o [1]
eMBRegInputCB            0x800'34e3     0x6  Code  Gb  freertos.o [1]
eMBState                0x2000'0220     0x1  Data  Lc  mb.o [1]
eQueuedEvent            0x2000'6f19     0x1  Data  Lc  portevent.o [1]
eRcvState               0x2000'6f17     0x1  Data  Lc  mbrtu.o [1]
eSndState               0x2000'6f16     0x1  Data  Lc  mbrtu.o [1]
exit                     0x800'b477     0x4  Code  Gb  exit.o [2]
flash_erase_page         0x800'319b    0x2a  Code  Gb  flash.o [1]
flash_lock               0x800'31d1     0xc  Code  Gb  flash.o [1]
flash_ready              0x800'318b    0x10  Code  Gb  flash.o [1]
flash_unlock             0x800'31c5     0xc  Code  Gb  flash.o [1]
flash_write              0x800'31dd    0x3a  Code  Gb  flash.o [1]
hUsbDeviceFS            0x2000'5ce0   0x2c4  Data  Gb  usb_device.o [1]
hadc1                   0x2000'6904    0x50  Data  Gb  adc.o [1]
hadc2                   0x2000'6954    0x50  Data  Gb  adc.o [1]
hcomp3                  0x2000'6c94    0x30  Data  Gb  comp.o [1]
hcomp6                  0x2000'6cc4    0x30  Data  Gb  comp.o [1]
hcomp7                  0x2000'6cf4    0x30  Data  Gb  comp.o [1]
hdac                    0x2000'6dec    0x14  Data  Gb  dac.o [1]
hdma_adc1               0x2000'6c50    0x44  Data  Gb  adc.o [1]
hpcd_USB_FS             0x2000'59f4   0x2ec  Data  Gb  usbd_conf.o [1]
hspi2                   0x2000'684c    0x64  Data  Gb  spi.o [1]
htim1                   0x2000'69f0    0x4c  Data  Gb  tim.o [1]
htim16                  0x2000'6bb8    0x4c  Data  Gb  tim.o [1]
htim17                  0x2000'6c04    0x4c  Data  Gb  tim.o [1]
htim2                   0x2000'6a3c    0x4c  Data  Gb  tim.o [1]
htim3                   0x2000'6a88    0x4c  Data  Gb  tim.o [1]
htim4                   0x2000'6ad4    0x4c  Data  Gb  tim.o [1]
htim6                   0x2000'6b20    0x4c  Data  Gb  tim.o [1]
htim7                   0x2000'69a4    0x4c  Data  Gb  stm32f3xx_hal_timebase_tim.o [1]
htim8                   0x2000'6b6c    0x4c  Data  Gb  tim.o [1]
huart2                  0x2000'6750    0x84  Data  Gb  usart.o [1]
inHandlerMode            0x800'3797    0x12  Code  Lc  cmsis_os.o [1]
led::Init(GPIO_TypeDef *, unsigned short)
                         0x800'27d7    0x1a  Code  Gb  LED.o [1]
led::LEDon()             0x800'27f1     0x6  Code  Gb  LED.o [1]
led::LEDon(unsigned int)
                         0x800'27f7    0x10  Code  Gb  LED.o [1]
led::led()               0x800'280f    0x2c  Code  Gb  LED.o [1]
led::poll()              0x800'26e1    0xf6  Code  Gb  LED.o [1]
led::setParameters(mode, unsigned int, unsigned int)
                         0x800'2807     0x8  Code  Gb  LED.o [1]
ledBlink                 0x800'199b     0xc  Code  Gb  main.o [1]
main                     0x800'1809    0xd4  Code  Gb  main.o [1]
mainTaskHandle          0x2000'6e78     0x4  Data  Gb  freertos.o [1]
makeFreeRtosPriority     0x800'3781    0x16  Code  Lc  cmsis_os.o [1]
memset                   0x800'1a57    0x14  Code  Gb  memset.o [5]
modBusHandle            0x2000'6e7c     0x4  Data  Gb  freertos.o [1]
osDelay                  0x800'3827    0x16  Code  Gb  cmsis_os.o [1]
osDelayUntil             0x800'383d    0x16  Code  Gb  cmsis_os.o [1]
osKernelStart            0x800'37a9     0xa  Code  Gb  cmsis_os.o [1]
osKernelSysTick          0x800'37b3    0x16  Code  Gb  cmsis_os.o [1]
osThreadCreate           0x800'37c9    0x5e  Code  Gb  cmsis_os.o [1]
pMotor                  0x2000'6e94     0x4  Data  Gb  main.o [1]
pcInterruptPriorityRegisters
                         0x800'b5e4     0x4  Data  Lc  port.o [1]
peMBFrameReceiveCur     0x2000'6ea4     0x4  Data  Lc  mb.o [1]
peMBFrameSendCur        0x2000'6e98     0x4  Data  Lc  mb.o [1]
prvAddCurrentTaskToDelayedList
                         0x800'5ef1    0x6e  Code  Lc  tasks.o [1]
prvAddNewTaskToReadyList
                         0x800'5903    0x9a  Code  Lc  tasks.o [1]
prvCheckTasksWaitingTermination
                         0x800'5e15    0x3c  Code  Lc  tasks.o [1]
prvDeleteTCB             0x800'5e55    0x42  Code  Lc  tasks.o [1]
prvHeapInit              0x800'79eb    0x5e  Code  Lc  heap_4.o [1]
prvIdleTask              0x800'5d99    0x24  Code  Lc  tasks.o [1]
prvInitialiseNewTask     0x800'5859    0xaa  Code  Lc  tasks.o [1]
prvInitialiseTaskLists   0x800'5dbd    0x54  Code  Lc  tasks.o [1]
prvInsertBlockIntoFreeList
                         0x800'7a49    0x5e  Code  Lc  heap_4.o [1]
prvResetNextTaskUnblockTime
                         0x800'5e97    0x28  Code  Lc  tasks.o [1]
prvTaskExitError         0x800'7b85    0x2a  Code  Lc  port.o [1]
prveMBError2Exception    0x800'a991    0x22  Code  Gb  mbutils.o [1]
pucSndBufferCur         0x2000'6ebc     0x4  Data  Lc  mbrtu.o [1]
pvMBFrameCloseCur       0x2000'6ea8     0x4  Data  Lc  mb.o [1]
pvMBFrameStartCur       0x2000'6e9c     0x4  Data  Lc  mb.o [1]
pvMBFrameStopCur        0x2000'6ea0     0x4  Data  Lc  mb.o [1]
pvPortMalloc             0x800'7865   0x114  Code  Gb  heap_4.o [1]
pxCurrentTCB            0x2000'6ec8     0x4  Data  Gb  tasks.o [1]
pxDelayedTaskList       0x2000'6ecc     0x4  Data  Lc  tasks.o [1]
pxEnd                   0x2000'6e80     0x4  Data  Lc  heap_4.o [1]
pxMBFrameCBByteReceived
                        0x2000'6eac     0x4  Data  Gb  mb.o [1]
pxMBFrameCBTransmitterEmpty
                        0x2000'6eb0     0x4  Data  Gb  mb.o [1]
pxMBPortCBTimerExpired  0x2000'6eb4     0x4  Data  Gb  mb.o [1]
pxOverflowDelayedTaskList
                        0x2000'6ed0     0x4  Data  Lc  tasks.o [1]
pxPortInitialiseStack    0x800'7b5d    0x28  Code  Gb  port.o [1]
pxReadyTasksLists       0x2000'66c4    0x8c  Data  Lc  tasks.o [1]
resetSettings           0x2000'6f10     0x1  Data  Gb  main.o [1]
serial                  0x2000'00a4     0x4  Data  Gb  portserial.o [1]
settings                0x2000'0008    0x18  Data  Gb  main.o [1]
soft_stepper::AccelHandler()
                         0x800'25b1     0x2  Code  Gb  softStepper.o [1]
soft_stepper::CurrentAdd(unsigned int)
                         0x800'1fb5    0xae  Code  Gb  softStepper.o [1]
soft_stepper::CurrentDec(unsigned int)
                         0x800'2065    0xae  Code  Gb  softStepper.o [1]
soft_stepper::HalfStep()
                         0x800'2333   0x27e  Code  Gb  softStepper.o [1]
soft_stepper::Init()     0x800'224f    0xe2  Code  Gb  softStepper.o [1]
soft_stepper::SensHandler()
                         0x800'2331     0x2  Code  Gb  softStepper.o [1]
soft_stepper::SetCurrent(unsigned int)
                         0x800'1f15    0x9e  Code  Gb  softStepper.o [1]
soft_stepper::SetCurrentMax(unsigned int)
                         0x800'2143     0x2  Code  Gb  softStepper.o [1]
soft_stepper::SetCurrentStop(unsigned int)
                         0x800'213f     0x4  Code  Gb  softStepper.o [1]
soft_stepper::SetPWM_Mode(unsigned int)
                         0x800'2125    0x1a  Code  Gb  softStepper.o [1]
soft_stepper::SetPWRstatus(bool)
                         0x800'2145     0x6  Code  Gb  softStepper.o [1]
soft_stepper::SetSpeed(unsigned short)
                         0x800'1e6d    0xa8  Code  Gb  softStepper.o [1]
soft_stepper::StepsAllHandler(int)
                         0x800'25b3    0xc2  Code  Gb  softStepper.o [1]
soft_stepper::deceleration()
                         0x800'221b     0x6  Code  Gb  softStepper.o [1]
soft_stepper::getStatusDirect()
                         0x800'214b     0x4  Code  Gb  softStepper.o [1]
soft_stepper::getStatusRotation()
                         0x800'214f     0x4  Code  Gb  softStepper.o [1]
soft_stepper::goTo(int, dir)
                         0x800'224d     0x2  Code  Gb  softStepper.o [1]
soft_stepper::removeBreak(bool)
                         0x800'2221    0x24  Code  Gb  softStepper.o [1]
soft_stepper::soft_stepper(TIM_HandleTypeDef *, TIM_HandleTypeDef *, TIM_HandleTypeDef *, TIM_HandleTypeDef *)
                         0x800'2675    0x50  Code  Gb  softStepper.o [1]
soft_stepper::start()    0x800'2153    0x70  Code  Gb  softStepper.o [1]
soft_stepper::stop()     0x800'21c3    0x58  Code  Gb  softStepper.o [1]
stepper                 0x2000'67d4    0x78  Data  Gb  main.o [1]
steps                   0x2000'0000     0x4  Data  Gb  freertos.o [1]
str_rx                  0x2000'6dd4    0x18  Data  Gb  main.o [1]
strncpy                  0x800'b0cd          Code  Gb  strncpy.o [5]
timeout                 0x2000'6f0c     0x2  Data  Gb  porttimer.o [1]
ucHeap                  0x2000'0224  0x5000  Data  Lc  heap_4.o [1]
ucMBAddress             0x2000'6f11     0x1  Data  Lc  mb.o [1]
ucMBSlaveID             0x2000'6db4    0x20  Data  Lc  mbfuncother.o [1]
ucMaxSysCallPriority    0x2000'6f18     0x1  Data  Lc  port.o [1]
ucRTUBuf                0x2000'65c4   0x100  Data  Gb  mbrtu.o [1]
ulMaxPRIGROUPValue      0x2000'6ec0     0x4  Data  Lc  port.o [1]
usMBCRC16                0x800'8ab1    0x40  Code  Gb  mbcrc.o [1]
usMBSlaveIDLen          0x2000'6f06     0x2  Data  Lc  mbfuncother.o [1]
usRcvBufferPos          0x2000'6f0a     0x2  Data  Lc  mbrtu.o [1]
usSndBufferCount        0x2000'6f08     0x2  Data  Lc  mbrtu.o [1]
uwTick                  0x2000'6ec4     0x4  Data  Gb  stm32f3xx_hal.o [1]
uwTickFreq              0x2000'0221     0x1  Data  Gb  stm32f3xx_hal.o [1]
uwTickPrio              0x2000'00a8     0x4  Data  Gb  stm32f3xx_hal.o [1]
uxCriticalNesting       0x2000'00a0     0x4  Data  Lc  port.o [1]
uxCurrentNumberOfTasks  0x2000'6ed8     0x4  Data  Lc  tasks.o [1]
uxDeletedTasksWaitingCleanUp
                        0x2000'6ed4     0x4  Data  Lc  tasks.o [1]
uxListRemove             0x800'7b37    0x26  Code  Gb  list.o [1]
uxPendedTicks           0x2000'6ee8     0x4  Data  Lc  tasks.o [1]
uxSchedulerSuspended    0x2000'6f00     0x4  Data  Lc  tasks.o [1]
uxTaskNumber            0x2000'6ef4     0x4  Data  Lc  tasks.o [1]
uxTopReadyPriority      0x2000'6ee0     0x4  Data  Lc  tasks.o [1]
vApplicationGetIdleTaskMemory
                         0x800'3301    0x12  Code  Gb  freertos.o [1]
vListInitialise          0x800'7ac5    0x1e  Code  Gb  list.o [1]
vListInitialiseItem      0x800'7ae3     0x6  Code  Gb  list.o [1]
vListInsert              0x800'7b01    0x36  Code  Gb  list.o [1]
vListInsertEnd           0x800'7ae9    0x18  Code  Gb  list.o [1]
vMBPortSerialEnable      0x800'8919    0x5a  Code  Gb  portserial.o [1]
vMBPortTimersDisable     0x800'8a6d     0xa  Code  Gb  porttimer.o [1]
vMBPortTimersEnable      0x800'8a5b    0x12  Code  Gb  porttimer.o [1]
vPortEnableVFP           0x800'8b85          Code  Gb  portasm.o [1]
vPortEnterCritical       0x800'7c7d    0x34  Code  Gb  port.o [1]
vPortExitCritical        0x800'7cb1    0x2c  Code  Gb  port.o [1]
vPortFree                0x800'7979    0x72  Code  Gb  heap_4.o [1]
vPortStartFirstTask      0x800'8b65          Code  Gb  portasm.o [1]
vPortValidateInterruptPriority
                         0x800'7d05    0x4a  Code  Gb  port.o [1]
vTaskDelay               0x800'5a41    0x4c  Code  Gb  tasks.o [1]
vTaskDelayUntil          0x800'599d    0xa4  Code  Gb  tasks.o [1]
vTaskStartScheduler      0x800'5a8d    0x8e  Code  Gb  tasks.o [1]
vTaskSuspendAll          0x800'5b1b     0xc  Code  Gb  tasks.o [1]
vTaskSwitchContext       0x800'5d15    0x6a  Code  Gb  tasks.o [1]
xBlockAllocatedBit      0x2000'6e8c     0x4  Data  Lc  heap_4.o [1]
xDelayedTaskList1       0x2000'6e00    0x14  Data  Lc  tasks.o [1]
xDelayedTaskList2       0x2000'6e14    0x14  Data  Lc  tasks.o [1]
xEventInQueue           0x2000'6f1a     0x1  Data  Lc  portevent.o [1]
xFreeBytesRemaining     0x2000'6e84     0x4  Data  Lc  heap_4.o [1]
xFuncHandlers           0x2000'0020    0x80  Data  Lc  mb.o [1]
xHeapStructSize          0x800'b5e0     0x4  Data  Lc  heap_4.o [1]
xIdleStack              0x2000'61c4   0x200  Data  Lc  freertos.o [1]
xIdleTaskHandle         0x2000'6efc     0x4  Data  Lc  tasks.o [1]
xIdleTaskTCBBuffer      0x2000'68b0    0x54  Data  Lc  freertos.o [1]
xMBPortEventGet          0x800'7835    0x28  Code  Gb  portevent.o [1]
xMBPortEventInit         0x800'781d     0xa  Code  Gb  portevent.o [1]
xMBPortEventPost         0x800'7827     0xe  Code  Gb  portevent.o [1]
xMBPortSerialGetByte     0x800'89f5     0xe  Code  Gb  portserial.o [1]
xMBPortSerialInit        0x800'8973    0x64  Code  Gb  portserial.o [1]
xMBPortSerialPutByte     0x800'89d7    0x1e  Code  Gb  portserial.o [1]
xMBPortTimersInit        0x800'8a0d    0x4e  Code  Gb  porttimer.o [1]
xMBRTUReceiveFSM         0x800'7697    0x8a  Code  Gb  mbrtu.o [1]
xMBRTUTimerT35Expired    0x800'778f    0x5c  Code  Gb  mbrtu.o [1]
xMBRTUTransmitFSM        0x800'7721    0x6e  Code  Gb  mbrtu.o [1]
xMinimumEverFreeBytesRemaining
                        0x2000'6e88     0x4  Data  Lc  heap_4.o [1]
xNextTaskUnblockTime    0x2000'6ef8     0x4  Data  Lc  tasks.o [1]
xNumOfOverflows         0x2000'6ef0     0x4  Data  Lc  tasks.o [1]
xPendingReadyList       0x2000'6e28    0x14  Data  Lc  tasks.o [1]
xPortStartScheduler      0x800'7baf    0xce  Code  Gb  port.o [1]
xSchedulerRunning       0x2000'6ee4     0x4  Data  Lc  tasks.o [1]
xStart                  0x2000'6e64     0x8  Data  Lc  heap_4.o [1]
xSuspendedTaskList      0x2000'6e50    0x14  Data  Lc  tasks.o [1]
xTaskCreate              0x800'57e7    0x72  Code  Gb  tasks.o [1]
xTaskCreateStatic        0x800'5765    0x82  Code  Gb  tasks.o [1]
xTaskGetTickCount        0x800'5c0b     0x8  Code  Gb  tasks.o [1]
xTaskGetTickCountFromISR
                         0x800'5c13    0x10  Code  Gb  tasks.o [1]
xTaskIncrementTick       0x800'5c23    0xf2  Code  Gb  tasks.o [1]
xTaskResumeAll           0x800'5b27    0xe4  Code  Gb  tasks.o [1]
xTasksWaitingTermination
                        0x2000'6e3c    0x14  Data  Lc  tasks.o [1]
xTickCount              0x2000'6edc     0x4  Data  Lc  tasks.o [1]
xYieldPending           0x2000'6eec     0x4  Data  Lc  tasks.o [1]


[1] = D:\Radio\Jobe\Universal_Driver\Universal_Driver_soft\UniversalDriver_v2.1SoftStepper\EWARM\UniversalDriver_v2.1\Obj
[2] = dl7M_tlf.a
[3] = dlpp7M_tl_fc.a
[4] = m7M_tls.a
[5] = rt7M_tl.a
[6] = shb_l.a

  45'617 bytes of readonly  code memory
   1'495 bytes of readonly  data memory
  29'466 bytes of readwrite data memory

Errors: none
Warnings: none
