###############################################################################
#
# IAR ELF Linker V8.40.2.214/W32 for ARM                  04/Oct/2021  19:14:16
# Copyright 2007-2019 IAR Systems AB.
#
#    Output file  =
#        D:\Radio\Jobe\Universal_Driver\Universal_Driver_soft\UniversalDriver_v2.1_extDriver\EWARM\UniversalDriver_v2.1\Exe\UniversalDriver_v2.1.out
#    Map file     =
#        D:\Radio\Jobe\Universal_Driver\Universal_Driver_soft\UniversalDriver_v2.1_extDriver\EWARM\UniversalDriver_v2.1\List\UniversalDriver_v2.1.map
#    Command line =
#        -f C:\Users\IERIXO~1\AppData\Local\Temp\EW2DAB.tmp
#        (D:\Radio\Jobe\Universal_Driver\Universal_Driver_soft\UniversalDriver_v2.1_extDriver\EWARM\UniversalDriver_v2.1\Obj\adc.o
#        D:\Radio\Jobe\Universal_Driver\Universal_Driver_soft\UniversalDriver_v2.1_extDriver\EWARM\UniversalDriver_v2.1\Obj\BLDC.o
#        D:\Radio\Jobe\Universal_Driver\Universal_Driver_soft\UniversalDriver_v2.1_extDriver\EWARM\UniversalDriver_v2.1\Obj\cmsis_os.o
#        D:\Radio\Jobe\Universal_Driver\Universal_Driver_soft\UniversalDriver_v2.1_extDriver\EWARM\UniversalDriver_v2.1\Obj\comp.o
#        D:\Radio\Jobe\Universal_Driver\Universal_Driver_soft\UniversalDriver_v2.1_extDriver\EWARM\UniversalDriver_v2.1\Obj\croutine.o
#        D:\Radio\Jobe\Universal_Driver\Universal_Driver_soft\UniversalDriver_v2.1_extDriver\EWARM\UniversalDriver_v2.1\Obj\dac.o
#        D:\Radio\Jobe\Universal_Driver\Universal_Driver_soft\UniversalDriver_v2.1_extDriver\EWARM\UniversalDriver_v2.1\Obj\dma.o
#        D:\Radio\Jobe\Universal_Driver\Universal_Driver_soft\UniversalDriver_v2.1_extDriver\EWARM\UniversalDriver_v2.1\Obj\event_groups.o
#        D:\Radio\Jobe\Universal_Driver\Universal_Driver_soft\UniversalDriver_v2.1_extDriver\EWARM\UniversalDriver_v2.1\Obj\externDriver.o
#        D:\Radio\Jobe\Universal_Driver\Universal_Driver_soft\UniversalDriver_v2.1_extDriver\EWARM\UniversalDriver_v2.1\Obj\flash.o
#        D:\Radio\Jobe\Universal_Driver\Universal_Driver_soft\UniversalDriver_v2.1_extDriver\EWARM\UniversalDriver_v2.1\Obj\flash_spi.o
#        D:\Radio\Jobe\Universal_Driver\Universal_Driver_soft\UniversalDriver_v2.1_extDriver\EWARM\UniversalDriver_v2.1\Obj\freertos.o
#        D:\Radio\Jobe\Universal_Driver\Universal_Driver_soft\UniversalDriver_v2.1_extDriver\EWARM\UniversalDriver_v2.1\Obj\gpio.o
#        D:\Radio\Jobe\Universal_Driver\Universal_Driver_soft\UniversalDriver_v2.1_extDriver\EWARM\UniversalDriver_v2.1\Obj\heap_4.o
#        D:\Radio\Jobe\Universal_Driver\Universal_Driver_soft\UniversalDriver_v2.1_extDriver\EWARM\UniversalDriver_v2.1\Obj\LED.o
#        D:\Radio\Jobe\Universal_Driver\Universal_Driver_soft\UniversalDriver_v2.1_extDriver\EWARM\UniversalDriver_v2.1\Obj\list.o
#        D:\Radio\Jobe\Universal_Driver\Universal_Driver_soft\UniversalDriver_v2.1_extDriver\EWARM\UniversalDriver_v2.1\Obj\main.o
#        D:\Radio\Jobe\Universal_Driver\Universal_Driver_soft\UniversalDriver_v2.1_extDriver\EWARM\UniversalDriver_v2.1\Obj\mb.o
#        D:\Radio\Jobe\Universal_Driver\Universal_Driver_soft\UniversalDriver_v2.1_extDriver\EWARM\UniversalDriver_v2.1\Obj\mbcrc.o
#        D:\Radio\Jobe\Universal_Driver\Universal_Driver_soft\UniversalDriver_v2.1_extDriver\EWARM\UniversalDriver_v2.1\Obj\mbfunccoils.o
#        D:\Radio\Jobe\Universal_Driver\Universal_Driver_soft\UniversalDriver_v2.1_extDriver\EWARM\UniversalDriver_v2.1\Obj\mbfuncdiag.o
#        D:\Radio\Jobe\Universal_Driver\Universal_Driver_soft\UniversalDriver_v2.1_extDriver\EWARM\UniversalDriver_v2.1\Obj\mbfuncdisc.o
#        D:\Radio\Jobe\Universal_Driver\Universal_Driver_soft\UniversalDriver_v2.1_extDriver\EWARM\UniversalDriver_v2.1\Obj\mbfuncholding.o
#        D:\Radio\Jobe\Universal_Driver\Universal_Driver_soft\UniversalDriver_v2.1_extDriver\EWARM\UniversalDriver_v2.1\Obj\mbfuncinput.o
#        D:\Radio\Jobe\Universal_Driver\Universal_Driver_soft\UniversalDriver_v2.1_extDriver\EWARM\UniversalDriver_v2.1\Obj\mbfuncother.o
#        D:\Radio\Jobe\Universal_Driver\Universal_Driver_soft\UniversalDriver_v2.1_extDriver\EWARM\UniversalDriver_v2.1\Obj\mbrtu.o
#        D:\Radio\Jobe\Universal_Driver\Universal_Driver_soft\UniversalDriver_v2.1_extDriver\EWARM\UniversalDriver_v2.1\Obj\mbutils.o
#        D:\Radio\Jobe\Universal_Driver\Universal_Driver_soft\UniversalDriver_v2.1_extDriver\EWARM\UniversalDriver_v2.1\Obj\motor.o
#        D:\Radio\Jobe\Universal_Driver\Universal_Driver_soft\UniversalDriver_v2.1_extDriver\EWARM\UniversalDriver_v2.1\Obj\port.o
#        D:\Radio\Jobe\Universal_Driver\Universal_Driver_soft\UniversalDriver_v2.1_extDriver\EWARM\UniversalDriver_v2.1\Obj\portasm.o
#        D:\Radio\Jobe\Universal_Driver\Universal_Driver_soft\UniversalDriver_v2.1_extDriver\EWARM\UniversalDriver_v2.1\Obj\portevent.o
#        D:\Radio\Jobe\Universal_Driver\Universal_Driver_soft\UniversalDriver_v2.1_extDriver\EWARM\UniversalDriver_v2.1\Obj\portserial.o
#        D:\Radio\Jobe\Universal_Driver\Universal_Driver_soft\UniversalDriver_v2.1_extDriver\EWARM\UniversalDriver_v2.1\Obj\porttimer.o
#        D:\Radio\Jobe\Universal_Driver\Universal_Driver_soft\UniversalDriver_v2.1_extDriver\EWARM\UniversalDriver_v2.1\Obj\queue.o
#        D:\Radio\Jobe\Universal_Driver\Universal_Driver_soft\UniversalDriver_v2.1_extDriver\EWARM\UniversalDriver_v2.1\Obj\spi.o
#        D:\Radio\Jobe\Universal_Driver\Universal_Driver_soft\UniversalDriver_v2.1_extDriver\EWARM\UniversalDriver_v2.1\Obj\startup_stm32f303xc.o
#        D:\Radio\Jobe\Universal_Driver\Universal_Driver_soft\UniversalDriver_v2.1_extDriver\EWARM\UniversalDriver_v2.1\Obj\step3ph.o
#        D:\Radio\Jobe\Universal_Driver\Universal_Driver_soft\UniversalDriver_v2.1_extDriver\EWARM\UniversalDriver_v2.1\Obj\stm32f3xx_hal.o
#        D:\Radio\Jobe\Universal_Driver\Universal_Driver_soft\UniversalDriver_v2.1_extDriver\EWARM\UniversalDriver_v2.1\Obj\stm32f3xx_hal_adc.o
#        D:\Radio\Jobe\Universal_Driver\Universal_Driver_soft\UniversalDriver_v2.1_extDriver\EWARM\UniversalDriver_v2.1\Obj\stm32f3xx_hal_adc_ex.o
#        D:\Radio\Jobe\Universal_Driver\Universal_Driver_soft\UniversalDriver_v2.1_extDriver\EWARM\UniversalDriver_v2.1\Obj\stm32f3xx_hal_comp.o
#        D:\Radio\Jobe\Universal_Driver\Universal_Driver_soft\UniversalDriver_v2.1_extDriver\EWARM\UniversalDriver_v2.1\Obj\stm32f3xx_hal_cortex.o
#        D:\Radio\Jobe\Universal_Driver\Universal_Driver_soft\UniversalDriver_v2.1_extDriver\EWARM\UniversalDriver_v2.1\Obj\stm32f3xx_hal_dac.o
#        D:\Radio\Jobe\Universal_Driver\Universal_Driver_soft\UniversalDriver_v2.1_extDriver\EWARM\UniversalDriver_v2.1\Obj\stm32f3xx_hal_dac_ex.o
#        D:\Radio\Jobe\Universal_Driver\Universal_Driver_soft\UniversalDriver_v2.1_extDriver\EWARM\UniversalDriver_v2.1\Obj\stm32f3xx_hal_dma.o
#        D:\Radio\Jobe\Universal_Driver\Universal_Driver_soft\UniversalDriver_v2.1_extDriver\EWARM\UniversalDriver_v2.1\Obj\stm32f3xx_hal_exti.o
#        D:\Radio\Jobe\Universal_Driver\Universal_Driver_soft\UniversalDriver_v2.1_extDriver\EWARM\UniversalDriver_v2.1\Obj\stm32f3xx_hal_flash.o
#        D:\Radio\Jobe\Universal_Driver\Universal_Driver_soft\UniversalDriver_v2.1_extDriver\EWARM\UniversalDriver_v2.1\Obj\stm32f3xx_hal_flash_ex.o
#        D:\Radio\Jobe\Universal_Driver\Universal_Driver_soft\UniversalDriver_v2.1_extDriver\EWARM\UniversalDriver_v2.1\Obj\stm32f3xx_hal_gpio.o
#        D:\Radio\Jobe\Universal_Driver\Universal_Driver_soft\UniversalDriver_v2.1_extDriver\EWARM\UniversalDriver_v2.1\Obj\stm32f3xx_hal_i2c.o
#        D:\Radio\Jobe\Universal_Driver\Universal_Driver_soft\UniversalDriver_v2.1_extDriver\EWARM\UniversalDriver_v2.1\Obj\stm32f3xx_hal_i2c_ex.o
#        D:\Radio\Jobe\Universal_Driver\Universal_Driver_soft\UniversalDriver_v2.1_extDriver\EWARM\UniversalDriver_v2.1\Obj\stm32f3xx_hal_msp.o
#        D:\Radio\Jobe\Universal_Driver\Universal_Driver_soft\UniversalDriver_v2.1_extDriver\EWARM\UniversalDriver_v2.1\Obj\stm32f3xx_hal_pwr.o
#        D:\Radio\Jobe\Universal_Driver\Universal_Driver_soft\UniversalDriver_v2.1_extDriver\EWARM\UniversalDriver_v2.1\Obj\stm32f3xx_hal_pwr_ex.o
#        D:\Radio\Jobe\Universal_Driver\Universal_Driver_soft\UniversalDriver_v2.1_extDriver\EWARM\UniversalDriver_v2.1\Obj\stm32f3xx_hal_rcc.o
#        D:\Radio\Jobe\Universal_Driver\Universal_Driver_soft\UniversalDriver_v2.1_extDriver\EWARM\UniversalDriver_v2.1\Obj\stm32f3xx_hal_rcc_ex.o
#        D:\Radio\Jobe\Universal_Driver\Universal_Driver_soft\UniversalDriver_v2.1_extDriver\EWARM\UniversalDriver_v2.1\Obj\stm32f3xx_hal_spi.o
#        D:\Radio\Jobe\Universal_Driver\Universal_Driver_soft\UniversalDriver_v2.1_extDriver\EWARM\UniversalDriver_v2.1\Obj\stm32f3xx_hal_spi_ex.o
#        D:\Radio\Jobe\Universal_Driver\Universal_Driver_soft\UniversalDriver_v2.1_extDriver\EWARM\UniversalDriver_v2.1\Obj\stm32f3xx_hal_tim.o
#        D:\Radio\Jobe\Universal_Driver\Universal_Driver_soft\UniversalDriver_v2.1_extDriver\EWARM\UniversalDriver_v2.1\Obj\stm32f3xx_hal_tim_ex.o
#        D:\Radio\Jobe\Universal_Driver\Universal_Driver_soft\UniversalDriver_v2.1_extDriver\EWARM\UniversalDriver_v2.1\Obj\stm32f3xx_hal_timebase_tim.o
#        D:\Radio\Jobe\Universal_Driver\Universal_Driver_soft\UniversalDriver_v2.1_extDriver\EWARM\UniversalDriver_v2.1\Obj\stm32f3xx_hal_uart.o
#        D:\Radio\Jobe\Universal_Driver\Universal_Driver_soft\UniversalDriver_v2.1_extDriver\EWARM\UniversalDriver_v2.1\Obj\stm32f3xx_hal_uart_ex.o
#        D:\Radio\Jobe\Universal_Driver\Universal_Driver_soft\UniversalDriver_v2.1_extDriver\EWARM\UniversalDriver_v2.1\Obj\stm32f3xx_it.o
#        D:\Radio\Jobe\Universal_Driver\Universal_Driver_soft\UniversalDriver_v2.1_extDriver\EWARM\UniversalDriver_v2.1\Obj\stream_buffer.o
#        D:\Radio\Jobe\Universal_Driver\Universal_Driver_soft\UniversalDriver_v2.1_extDriver\EWARM\UniversalDriver_v2.1\Obj\system_stm32f3xx.o
#        D:\Radio\Jobe\Universal_Driver\Universal_Driver_soft\UniversalDriver_v2.1_extDriver\EWARM\UniversalDriver_v2.1\Obj\tasks.o
#        D:\Radio\Jobe\Universal_Driver\Universal_Driver_soft\UniversalDriver_v2.1_extDriver\EWARM\UniversalDriver_v2.1\Obj\tim.o
#        D:\Radio\Jobe\Universal_Driver\Universal_Driver_soft\UniversalDriver_v2.1_extDriver\EWARM\UniversalDriver_v2.1\Obj\timers.o
#        D:\Radio\Jobe\Universal_Driver\Universal_Driver_soft\UniversalDriver_v2.1_extDriver\EWARM\UniversalDriver_v2.1\Obj\usart.o
#        --redirect _Printf=_PrintfFull --redirect _Scanf=_ScanfFull
#        --no_out_extension -o
#        D:\Radio\Jobe\Universal_Driver\Universal_Driver_soft\UniversalDriver_v2.1_extDriver\EWARM\UniversalDriver_v2.1\Exe\UniversalDriver_v2.1.out
#        --map
#        D:\Radio\Jobe\Universal_Driver\Universal_Driver_soft\UniversalDriver_v2.1_extDriver\EWARM\UniversalDriver_v2.1\List\UniversalDriver_v2.1.map
#        --config
#        D:\Radio\Jobe\Universal_Driver\Universal_Driver_soft\UniversalDriver_v2.1_extDriver\EWARM/stm32f303xc_flash.icf
#        --semihosting --entry __iar_program_start --vfe --text_out locale)
#
###############################################################################

*******************************************************************************
*** RUNTIME MODEL ATTRIBUTES
***

CppFlavor                     = *
__CPP_Exceptions              = Disabled
__CPP_Language                = C++14
__Heap_Handler                = Basic
__SystemLibrary               = DLib
__dlib_dynamic_initialization = normal
__dlib_version                = 6


*******************************************************************************
*** HEAP SELECTION
***

The basic heap was selected because no calls to memory allocation
functions were found in the application outside of system library
functions, and there are calls to deallocation functions in the
application.


*******************************************************************************
*** PLACEMENT SUMMARY
***

"A0":  place at address 0x800'0000 { ro section .intvec };
"P1":  place in [from 0x800'0000 to 0x803'ffff] { ro };
define block CSTACK with size = 1K, alignment = 8 { };
define block HEAP with size = 4K, alignment = 8 { };
"P2":  place in [from 0x2000'0000 to 0x2000'9fff] {
          rw, block CSTACK, block HEAP };
initialize by copy { rw };

  Section                Kind         Address    Size  Object
  -------                ----         -------    ----  ------
"A0":                                           0x188
  .intvec                ro code   0x800'0000   0x188  startup_stm32f303xc.o [1]
                                 - 0x800'0188   0x188

"P1":                                          0x81cf
  .text                  ro code   0x800'0188   0xd92  stm32f3xx_hal_tim.o [1]
  .text                  ro code   0x800'0f1a    0x3a  zero_init3.o [5]
  .text                  ro code   0x800'0f54   0x7f8  tim.o [1]
  .text                  ro code   0x800'174c   0x256  main.o [1]
  .text                  ro code   0x800'19a2     0x2  stm32f3xx_hal_tim.o [1]
  .text                  ro code   0x800'19a4     0x2  stm32f3xx_hal_tim.o [1]
  .text                  ro code   0x800'19a6     0x2  stm32f3xx_hal_tim_ex.o [1]
  .text                  ro code   0x800'19a8     0x2  stm32f3xx_hal_tim_ex.o [1]
  .text                  ro code   0x800'19aa     0x2  stm32f3xx_hal_tim.o [1]
  .text                  ro code   0x800'19ac     0x2  stm32f3xx_hal_tim_ex.o [1]
  .text                  ro code   0x800'19ae    0x14  memset.o [5]
  .rodata                const     0x800'19c2     0x1  unwind_debug.o [6]
  .text                  ro code   0x800'19c4   0x240  stm32f3xx_hal_tim_ex.o [1]
  .text                  ro code   0x800'1c04   0x1e8  stm32f3xx_hal_gpio.o [1]
  .text                  ro code   0x800'1dec    0xe8  stm32f3xx_hal_cortex.o [1]
  .text                  ro code   0x800'1ed4   0x408  externDriver.o [1]
  .text                  ro code   0x800'22dc   0x15a  LED.o [1]
  .text                  ro code   0x800'2438    0x24  stm32f3xx_hal.o [1]
  .text                  ro code   0x800'245c   0x1dc  gpio.o [1]
  .text                  ro code   0x800'2638   0x288  adc.o [1]
  .text                  ro code   0x800'28c0    0xc8  dac.o [1]
  .text                  ro code   0x800'2988    0xc8  spi.o [1]
  .text                  ro code   0x800'2a50    0xc4  usart.o [1]
  .text                  ro code   0x800'2b14   0x1e0  comp.o [1]
  .text                  ro code   0x800'2cf4    0x2c  dma.o [1]
  .text                  ro code   0x800'2d20   0x10c  flash.o [1]
  .text                  ro code   0x800'2e2c    0xa6  ABImemcpy.o [5]
  .text                  ro code   0x800'2ed4    0x28  stm32f3xx_hal.o [1]
  .text                  ro code   0x800'2efc   0x438  freertos.o [1]
  .text                  ro code   0x800'3334    0xd2  cmsis_os.o [1]
  .text                  ro code   0x800'3408   0x960  stm32f3xx_hal_rcc.o [1]
  .text                  ro code   0x800'3d68   0x250  stm32f3xx_hal_rcc_ex.o [1]
  .text                  ro code   0x800'3fb8    0x18  stm32f3xx_hal.o [1]
  .text                  ro code   0x800'3fd0    0x66  ABImemset.o [5]
  .text                  ro code   0x800'4038    0x1a  U32ToDbl.o [4]
  .text                  ro code   0x800'4052    0xca  motor.o [1]
  .text                  ro code   0x800'411c    0x3a  DblToS32.o [4]
  .text                  ro code   0x800'4158   0x152  stm32f3xx_hal_dac_ex.o [1]
  .text                  ro code   0x800'42ac    0x80  stm32f3xx_hal_timebase_tim.o [1]
  .text                  ro code   0x800'432c    0x40  stm32f3xx_hal_msp.o [1]
  .text                  ro code   0x800'436c   0x948  stm32f3xx_hal_adc_ex.o [1]
  .text                  ro code   0x800'4cb4   0x200  stm32f3xx_hal_dma.o [1]
  .text                  ro code   0x800'4eb4    0x2c  stm32f3xx_hal_dac.o [1]
  .text                  ro code   0x800'4ee0   0x104  stm32f3xx_hal_spi.o [1]
  .text                  ro code   0x800'4fe4    0x92  stm32f3xx_hal_uart_ex.o [1]
  .text                  ro code   0x800'5078    0xcc  stm32f3xx_hal_comp.o [1]
  .text                  ro code   0x800'5144     0xc  stm32f3xx_hal.o [1]
  .text                  ro code   0x800'5150   0x200  mb.o [1]
  .text                  ro code   0x800'5350   0x830  tasks.o [1]
  .text                  ro code   0x800'5b80    0xe2  DblSub.o [4]
  .text                  ro code   0x800'5c64   0x1a2  DblMul.o [4]
  .text                  ro code   0x800'5e08   0x246  DblDiv.o [4]
  .text                  ro code   0x800'6050   0x17a  DblAdd.o [4]
  .text                  ro code   0x800'61ca     0x2  stm32f3xx_hal_dac.o [1]
  .text                  ro code   0x800'61cc     0x2  stm32f3xx_hal_dac_ex.o [1]
  .text                  ro code   0x800'61d0   0x966  stm32f3xx_hal_uart.o [1]
  .text                  ro code   0x800'6b38   0x2c4  mbrtu.o [1]
  .text                  ro code   0x800'6dfc    0x48  portevent.o [1]
  .text                  ro code   0x800'6e44   0x260  heap_4.o [1]
  .text                  ro code   0x800'70a4    0x98  list.o [1]
  .text                  ro code   0x800'713c   0x258  port.o [1]
  .text                  ro code   0x800'7394     0x2  stm32f3xx_hal_uart.o [1]
  .text                  ro code   0x800'7396     0x2  stm32f3xx_hal_uart.o [1]
  .text                  ro code   0x800'7398     0x2  stm32f3xx_hal_uart.o [1]
  .text                  ro code   0x800'739c    0xf4  portserial.o [1]
  .text                  ro code   0x800'7490    0x80  porttimer.o [1]
  .text                  ro code   0x800'7510    0x24  ABIassert.o [6]
  .text                  ro code   0x800'7534    0x40  mbcrc.o [1]
  CODE                   ro code   0x800'7574    0xb0  portasm.o [1]
  .text                  ro code   0x800'7624     0x6  abort.o [2]
  .text                  ro code   0x800'762c    0x14  exit.o [6]
  .text                  ro code   0x800'7640   0x21c  mbfuncholding.o [1]
  .text                  ro code   0x800'785c    0x22  mbutils.o [1]
  .text                  ro code   0x800'787e   0x198  mbfunccoils.o [1]
  .text                  ro code   0x800'7a18   0x108  stm32f3xx_it.o [1]
  .rodata                const     0x800'7b20   0x100  mbcrc.o [1]
  .rodata                const     0x800'7c20   0x100  mbcrc.o [1]
  .text                  ro code   0x800'7d20    0x9c  mbfuncdisc.o [1]
  .text                  ro code   0x800'7dbc    0x86  mbfuncinput.o [1]
  .rodata                const     0x800'7e44    0x80  mbrtu.o [1]
  .rodata                const     0x800'7ec4    0x64  mbrtu.o [1]
  .rodata                const     0x800'7f28    0x58  externDriver.o [1]
  .text                  ro code   0x800'7f80    0x38  packbits_init_single.o [5]
  .text                  ro code   0x800'7fb8    0x28  data_init.o [5]
  .text                  ro code   0x800'7fe0    0x24  mbfuncother.o [1]
  .text                  ro code   0x800'8004    0x22  fpinit_M.o [4]
  .iar.init_table        const     0x800'8028    0x24  - Linker created -
  .text                  ro code   0x800'804c    0x20  cmain_call_ctors.o [5]
  .text                  ro code   0x800'806c    0x18  cppinit.o [2]
  .text                  ro code   0x800'8084    0x1e  cmain.o [5]
  .text                  ro code   0x800'80a2     0x4  low_level_init.o [2]
  .text                  ro code   0x800'80a6     0x4  exit.o [2]
  .text                  ro code   0x800'80ac     0xa  cexit.o [5]
  .rodata                const     0x800'80b8    0x1c  freertos.o [1]
  .rodata                const     0x800'80d4    0x1c  freertos.o [1]
  .rodata                const     0x800'80f0    0x1c  freertos.o [1]
  .rodata                const     0x800'810c    0x1c  mbrtu.o [1]
  .rodata                const     0x800'8128    0x1c  mbrtu.o [1]
  .text                  ro code   0x800'8144    0x1c  system_stm32f3xx.o [1]
  .rodata                const     0x800'8160    0x18  mbrtu.o [1]
  .rodata                const     0x800'8178    0x10  stm32f3xx_hal_rcc.o [1]
  .rodata                const     0x800'8188    0x10  stm32f3xx_hal_rcc.o [1]
  .rodata                const     0x800'8198    0x10  system_stm32f3xx.o [1]
  .text                  ro code   0x800'81a8    0x10  startup_stm32f303xc.o [1]
  .rodata                const     0x800'81b8     0xc  freertos.o [1]
  .rodata                const     0x800'81c4     0xc  freertos.o [1]
  .text                  ro code   0x800'81d0     0xc  cstartup_M.o [5]
  .rodata                const     0x800'81dc     0x8  freertos.o [1]
  .rodata                const     0x800'81e4     0x8  system_stm32f3xx.o [1]
  .rodata                const     0x800'81ec     0x8  tasks.o [1]
  .rodata                const     0x800'81f4     0x4  heap_4.o [1]
  .rodata                const     0x800'81f8     0x4  port.o [1]
  .text                  ro code   0x800'81fc     0x4  startup_stm32f303xc.o [1]
  .text                  ro code   0x800'8200     0x4  startup_stm32f303xc.o [1]
  .text                  ro code   0x800'8204     0x4  startup_stm32f303xc.o [1]
  .text                  ro code   0x800'8208     0x4  startup_stm32f303xc.o [1]
  .text                  ro code   0x800'820c     0x4  startup_stm32f303xc.o [1]
  .text                  ro code   0x800'8210     0x4  startup_stm32f303xc.o [1]
  .text                  ro code   0x800'8214     0x4  startup_stm32f303xc.o [1]
  .text                  ro code   0x800'8218     0x4  startup_stm32f303xc.o [1]
  .text                  ro code   0x800'821c     0x4  startup_stm32f303xc.o [1]
  .text                  ro code   0x800'8220     0x4  startup_stm32f303xc.o [1]
  .text                  ro code   0x800'8224     0x4  startup_stm32f303xc.o [1]
  .text                  ro code   0x800'8228     0x4  startup_stm32f303xc.o [1]
  .text                  ro code   0x800'822c     0x4  startup_stm32f303xc.o [1]
  .text                  ro code   0x800'8230     0x4  startup_stm32f303xc.o [1]
  .text                  ro code   0x800'8234     0x4  startup_stm32f303xc.o [1]
  .text                  ro code   0x800'8238     0x4  startup_stm32f303xc.o [1]
  .text                  ro code   0x800'823c     0x4  startup_stm32f303xc.o [1]
  .text                  ro code   0x800'8240     0x4  startup_stm32f303xc.o [1]
  .text                  ro code   0x800'8244     0x4  startup_stm32f303xc.o [1]
  .text                  ro code   0x800'8248     0x4  startup_stm32f303xc.o [1]
  .text                  ro code   0x800'824c     0x4  startup_stm32f303xc.o [1]
  .text                  ro code   0x800'8250     0x4  startup_stm32f303xc.o [1]
  .text                  ro code   0x800'8254     0x4  startup_stm32f303xc.o [1]
  .text                  ro code   0x800'8258     0x4  startup_stm32f303xc.o [1]
  .text                  ro code   0x800'825c     0x4  startup_stm32f303xc.o [1]
  .text                  ro code   0x800'8260     0x4  startup_stm32f303xc.o [1]
  .text                  ro code   0x800'8264     0x4  startup_stm32f303xc.o [1]
  .text                  ro code   0x800'8268     0x4  startup_stm32f303xc.o [1]
  .text                  ro code   0x800'826c     0x4  startup_stm32f303xc.o [1]
  .text                  ro code   0x800'8270     0x4  startup_stm32f303xc.o [1]
  .text                  ro code   0x800'8274     0x4  startup_stm32f303xc.o [1]
  .text                  ro code   0x800'8278     0x4  startup_stm32f303xc.o [1]
  .text                  ro code   0x800'827c     0x4  startup_stm32f303xc.o [1]
  .text                  ro code   0x800'8280     0x4  startup_stm32f303xc.o [1]
  .text                  ro code   0x800'8284     0x4  startup_stm32f303xc.o [1]
  .text                  ro code   0x800'8288     0x4  startup_stm32f303xc.o [1]
  .text                  ro code   0x800'828c     0x4  startup_stm32f303xc.o [1]
  .text                  ro code   0x800'8290     0x4  startup_stm32f303xc.o [1]
  .text                  ro code   0x800'8294     0x4  startup_stm32f303xc.o [1]
  .text                  ro code   0x800'8298     0x4  startup_stm32f303xc.o [1]
  .text                  ro code   0x800'829c     0x4  startup_stm32f303xc.o [1]
  .text                  ro code   0x800'82a0     0x4  startup_stm32f303xc.o [1]
  .text                  ro code   0x800'82a4     0x4  startup_stm32f303xc.o [1]
  .text                  ro code   0x800'82a8     0x4  startup_stm32f303xc.o [1]
  .text                  ro code   0x800'82ac     0x4  startup_stm32f303xc.o [1]
  .text                  ro code   0x800'82b0     0x4  startup_stm32f303xc.o [1]
  .text                  ro code   0x800'82b4     0x4  startup_stm32f303xc.o [1]
  .text                  ro code   0x800'82b8     0x4  startup_stm32f303xc.o [1]
  .text                  ro code   0x800'82bc     0x4  startup_stm32f303xc.o [1]
  .text                  ro code   0x800'82c0     0x4  startup_stm32f303xc.o [1]
  .text                  ro code   0x800'82c4     0x4  startup_stm32f303xc.o [1]
  .text                  ro code   0x800'82c8     0x4  startup_stm32f303xc.o [1]
  .text                  ro code   0x800'82cc     0x4  startup_stm32f303xc.o [1]
  .text                  ro code   0x800'82d0     0x4  startup_stm32f303xc.o [1]
  .text                  ro code   0x800'82d4     0x4  startup_stm32f303xc.o [1]
  .text                  ro code   0x800'82d8     0x4  startup_stm32f303xc.o [1]
  .text                  ro code   0x800'82dc     0x4  startup_stm32f303xc.o [1]
  .text                  ro code   0x800'82e0     0x4  startup_stm32f303xc.o [1]
  .text                  ro code   0x800'82e4     0x4  startup_stm32f303xc.o [1]
  SHT$$PREINIT_ARRAY               0x800'82e8     0x0  <Block>
  SHT$$INIT_ARRAY                  0x800'82e8     0x4  <Block>
    .init_array          const     0x800'82e8     0x4  main.o [1]
  __iar_tls$$INIT_ARRAY            0x800'82ec     0x0  <Block>
  .rodata                const     0x800'82ec     0x0  zero_init3.o [5]
  .rodata                const     0x800'82ec     0x0  packbits_init_single.o [5]
  Initializer bytes      const     0x800'82ec    0x6b  <for P2-1>
                                 - 0x800'8357  0x81cf

"P2", part 1 of 3:                               0xaa
  P2-1                            0x2000'0000    0xaa  <Init block>
    .data                inited   0x2000'0000    0x18  main.o [1]
    .data                inited   0x2000'0018    0x80  mb.o [1]
    .data                inited   0x2000'0098     0x4  port.o [1]
    .data                inited   0x2000'009c     0x4  portserial.o [1]
    .data                inited   0x2000'00a0     0x4  stm32f3xx_hal.o [1]
    .data                inited   0x2000'00a4     0x4  system_stm32f3xx.o [1]
    .data                inited   0x2000'00a8     0x1  mb.o [1]
    .data                inited   0x2000'00a9     0x1  stm32f3xx_hal.o [1]
                                - 0x2000'00aa    0xaa

"P2", part 2 of 3:                             0x5b3c
  .bss                   zero     0x2000'00ac  0x5000  heap_4.o [1]
  .bss                   zero     0x2000'50ac   0x200  freertos.o [1]
  .bss                   zero     0x2000'52ac   0x100  mbrtu.o [1]
  .bss                   zero     0x2000'53ac    0x8c  tasks.o [1]
  .bss                   zero     0x2000'5438    0x84  usart.o [1]
  .bss                   zero     0x2000'54bc    0x78  main.o [1]
  .bss                   zero     0x2000'5534    0x64  spi.o [1]
  .bss                   zero     0x2000'5598    0x54  freertos.o [1]
  .bss                   zero     0x2000'55ec    0x50  adc.o [1]
  .bss                   zero     0x2000'563c    0x50  adc.o [1]
  .bss                   zero     0x2000'568c    0x4c  stm32f3xx_hal_timebase_tim.o [1]
  .bss                   zero     0x2000'56d8    0x4c  tim.o [1]
  .bss                   zero     0x2000'5724    0x4c  tim.o [1]
  .bss                   zero     0x2000'5770    0x4c  tim.o [1]
  .bss                   zero     0x2000'57bc    0x4c  tim.o [1]
  .bss                   zero     0x2000'5808    0x4c  tim.o [1]
  .bss                   zero     0x2000'5854    0x4c  tim.o [1]
  .bss                   zero     0x2000'58a0    0x4c  tim.o [1]
  .bss                   zero     0x2000'58ec    0x4c  tim.o [1]
  .bss                   zero     0x2000'5938    0x44  adc.o [1]
  .bss                   zero     0x2000'597c    0x30  comp.o [1]
  .bss                   zero     0x2000'59ac    0x30  comp.o [1]
  .bss                   zero     0x2000'59dc    0x30  comp.o [1]
  .bss                   zero     0x2000'5a0c    0x30  main.o [1]
  .bss                   zero     0x2000'5a3c    0x30  main.o [1]
  .bss                   zero     0x2000'5a6c    0x30  main.o [1]
  .bss                   zero     0x2000'5a9c    0x20  mbfuncother.o [1]
  .bss                   zero     0x2000'5abc    0x14  dac.o [1]
  .bss                   zero     0x2000'5ad0    0x14  tasks.o [1]
  .bss                   zero     0x2000'5ae4    0x14  tasks.o [1]
  .bss                   zero     0x2000'5af8    0x14  tasks.o [1]
  .bss                   zero     0x2000'5b0c    0x14  tasks.o [1]
  .bss                   zero     0x2000'5b20    0x14  tasks.o [1]
  .bss                   zero     0x2000'5b34     0x8  heap_4.o [1]
  .bss                   zero     0x2000'5b3c     0x4  adc.o [1]
  .bss                   zero     0x2000'5b40     0x4  freertos.o [1]
  .bss                   zero     0x2000'5b44     0x4  freertos.o [1]
  .bss                   zero     0x2000'5b48     0x4  freertos.o [1]
  .bss                   zero     0x2000'5b4c     0x4  freertos.o [1]
  .bss                   zero     0x2000'5b50     0x4  heap_4.o [1]
  .bss                   zero     0x2000'5b54     0x4  heap_4.o [1]
  .bss                   zero     0x2000'5b58     0x4  heap_4.o [1]
  .bss                   zero     0x2000'5b5c     0x4  heap_4.o [1]
  .bss                   zero     0x2000'5b60     0x4  main.o [1]
  .bss                   zero     0x2000'5b64     0x4  mb.o [1]
  .bss                   zero     0x2000'5b68     0x4  mb.o [1]
  .bss                   zero     0x2000'5b6c     0x4  mb.o [1]
  .bss                   zero     0x2000'5b70     0x4  mb.o [1]
  .bss                   zero     0x2000'5b74     0x4  mb.o [1]
  .bss                   zero     0x2000'5b78     0x4  mb.o [1]
  .bss                   zero     0x2000'5b7c     0x4  mb.o [1]
  .bss                   zero     0x2000'5b80     0x4  mb.o [1]
  .bss                   zero     0x2000'5b84     0x4  mb.o [1]
  .bss                   zero     0x2000'5b88     0x4  mbrtu.o [1]
  .bss                   zero     0x2000'5b8c     0x4  port.o [1]
  .bss                   zero     0x2000'5b90     0x4  stm32f3xx_hal.o [1]
  .bss                   zero     0x2000'5b94     0x4  tasks.o [1]
  .bss                   zero     0x2000'5b98     0x4  tasks.o [1]
  .bss                   zero     0x2000'5b9c     0x4  tasks.o [1]
  .bss                   zero     0x2000'5ba0     0x4  tasks.o [1]
  .bss                   zero     0x2000'5ba4     0x4  tasks.o [1]
  .bss                   zero     0x2000'5ba8     0x4  tasks.o [1]
  .bss                   zero     0x2000'5bac     0x4  tasks.o [1]
  .bss                   zero     0x2000'5bb0     0x4  tasks.o [1]
  .bss                   zero     0x2000'5bb4     0x4  tasks.o [1]
  .bss                   zero     0x2000'5bb8     0x4  tasks.o [1]
  .bss                   zero     0x2000'5bbc     0x4  tasks.o [1]
  .bss                   zero     0x2000'5bc0     0x4  tasks.o [1]
  .bss                   zero     0x2000'5bc4     0x4  tasks.o [1]
  .bss                   zero     0x2000'5bc8     0x4  tasks.o [1]
  .bss                   zero     0x2000'5bcc     0x4  tasks.o [1]
  .bss                   zero     0x2000'5bd0     0x2  mb.o [1]
  .bss                   zero     0x2000'5bd2     0x2  mbfuncother.o [1]
  .bss                   zero     0x2000'5bd4     0x2  mbrtu.o [1]
  .bss                   zero     0x2000'5bd6     0x2  mbrtu.o [1]
  .bss                   zero     0x2000'5bd8     0x2  porttimer.o [1]
  .bss                   zero     0x2000'5bda     0x2  porttimer.o [1]
  .bss                   zero     0x2000'5bdc     0x1  main.o [1]
  .bss                   zero     0x2000'5bdd     0x1  mb.o [1]
  .bss                   zero     0x2000'5bde     0x1  mb.o [1]
  .bss                   zero     0x2000'5bdf     0x1  mb.o [1]
  .bss                   zero     0x2000'5be0     0x1  mb.o [1]
  .bss                   zero     0x2000'5be1     0x1  mb.o [1]
  .bss                   zero     0x2000'5be2     0x1  mbrtu.o [1]
  .bss                   zero     0x2000'5be3     0x1  mbrtu.o [1]
  .bss                   zero     0x2000'5be4     0x1  port.o [1]
  .bss                   zero     0x2000'5be5     0x1  portevent.o [1]
  .bss                   zero     0x2000'5be6     0x1  portevent.o [1]
                                - 0x2000'5be7  0x5b3b

"P2", part 3 of 3:                              0x400
  CSTACK                          0x2000'5be8   0x400  <Block>
    CSTACK               uninit   0x2000'5be8   0x400  <Block tail>
                                - 0x2000'5fe8   0x400

Unused ranges:

         From           To      Size
         ----           --      ----
   0x800'8357   0x803'ffff  0x3'7ca9
  0x2000'00aa  0x2000'00ab       0x2
  0x2000'5fe8  0x2000'9fff    0x4018


*******************************************************************************
*** INIT TABLE
***

          Address      Size
          -------      ----
Zero (__iar_zero_init3)
    1 destination range, total size 0x5b3b:
          0x2000'00ac  0x5b3b

Copy/packbits (__iar_packbits_init_single3)
    1 source range, total size 0x6b (62% of destination):
           0x800'82ec    0x6b
    1 destination range, total size 0xaa:
          0x2000'0000    0xaa

Extra (__iar_cstart_call_ctors)



*******************************************************************************
*** MODULE SUMMARY
***

    Module                        ro code  ro data  rw data
    ------                        -------  -------  -------
command line/config:
    -------------------------------------------------------
    Total:

D:\Radio\Jobe\Universal_Driver\Universal_Driver_soft\UniversalDriver_v2.1_extDriver\EWARM\UniversalDriver_v2.1\Obj: [1]
    LED.o                             346
    adc.o                             648               232
    cmsis_os.o                        210
    comp.o                            480               144
    dac.o                             200                20
    dma.o                              44
    externDriver.o                  1'032       88
    flash.o                           268
    freertos.o                      1'080      116      612
    gpio.o                            476
    heap_4.o                          608        4   20'504
    list.o                            152
    main.o                            598       19      293
    mb.o                              512       81      172
    mbcrc.o                            64      512
    mbfunccoils.o                     408
    mbfuncdisc.o                      156
    mbfuncholding.o                   540
    mbfuncinput.o                     134
    mbfuncother.o                      36                34
    mbrtu.o                           708      308      266
    mbutils.o                          34
    motor.o                           202
    port.o                            600        7        9
    portasm.o                         176
    portevent.o                        72                 2
    portserial.o                      244        2        4
    porttimer.o                       128                 4
    spi.o                             200               100
    startup_stm32f303xc.o             644
    stm32f3xx_hal.o                   112        4        9
    stm32f3xx_hal_adc_ex.o          2'376
    stm32f3xx_hal_comp.o              204
    stm32f3xx_hal_cortex.o            232
    stm32f3xx_hal_dac.o                46
    stm32f3xx_hal_dac_ex.o            340
    stm32f3xx_hal_dma.o               512
    stm32f3xx_hal_gpio.o              488
    stm32f3xx_hal_msp.o                64
    stm32f3xx_hal_rcc.o             2'400       32
    stm32f3xx_hal_rcc_ex.o            592
    stm32f3xx_hal_spi.o               260
    stm32f3xx_hal_tim.o             3'480
    stm32f3xx_hal_tim_ex.o            582
    stm32f3xx_hal_timebase_tim.o      128                76
    stm32f3xx_hal_uart.o            2'412
    stm32f3xx_hal_uart_ex.o           146
    stm32f3xx_it.o                    264
    system_stm32f3xx.o                 28       26        4
    tasks.o                         2'096        8      300
    tim.o                           2'040               608
    usart.o                           196               132
    -------------------------------------------------------
    Total:                         29'998    1'207   23'525

dl7M_tlf.a: [2]
    abort.o                             6
    cppinit.o                          24
    exit.o                              4
    low_level_init.o                    4
    -------------------------------------------------------
    Total:                             38

dlpp7M_tl_fc.a: [3]
    -------------------------------------------------------
    Total:

m7M_tls.a: [4]
    DblAdd.o                          378
    DblDiv.o                          582
    DblMul.o                          418
    DblSub.o                          226
    DblToS32.o                         58
    U32ToDbl.o                         26
    fpinit_M.o                         34
    -------------------------------------------------------
    Total:                          1'722

rt7M_tl.a: [5]
    ABImemcpy.o                       166
    ABImemset.o                       102
    cexit.o                            10
    cmain.o                            30
    cmain_call_ctors.o                 32
    cstartup_M.o                       12
    data_init.o                        40
    memset.o                           20
    packbits_init_single.o             56
    zero_init3.o                       58
    -------------------------------------------------------
    Total:                            526

shb_l.a: [6]
    ABIassert.o                        36
    exit.o                             20
    unwind_debug.o                               1
    -------------------------------------------------------
    Total:                             56        1

    Gaps                               33        6
    Linker created                              36    1'024
-----------------------------------------------------------
    Grand Total:                   32'373    1'250   24'549


*******************************************************************************
*** ENTRY LIST
***

Entry                       Address    Size  Type      Object
-----                       -------    ----  ----      ------
.iar.init_table$$Base    0x800'8028           --   Gb  - Linker created -
.iar.init_table$$Limit   0x800'804c           --   Gb  - Linker created -
?main                    0x800'8085          Code  Gb  cmain.o [5]
ADC_Disable              0x800'4c11    0x8c  Code  Lc  stm32f3xx_hal_adc_ex.o [1]
AHBPrescTable            0x800'8198    0x10  Data  Gb  system_stm32f3xx.o [1]
APBPrescTable            0x800'81e4     0x8  Data  Gb  system_stm32f3xx.o [1]
BusFault_Handler         0x800'7a1f     0x2  Code  Gb  stm32f3xx_it.o [1]
CSTACK$$Base            0x2000'5be8           --   Gb  - Linker created -
CSTACK$$Limit           0x2000'5fe8           --   Gb  - Linker created -
DMA1_Channel1_IRQHandler
                         0x800'7a25     0xa  Code  Gb  stm32f3xx_it.o [1]
DMA_CalcBaseAndBitshift
                         0x800'4e6b    0x34  Code  Lc  stm32f3xx_hal_dma.o [1]
DebugMon_Handler         0x800'7a23     0x2  Code  Gb  stm32f3xx_it.o [1]
Error_Handler            0x800'19a1     0x2  Code  Gb  main.o [1]
FLASH_WriteSettings      0x800'2d21    0x40  Code  Gb  flash.o [1]
Flash_ReadParams         0x800'2d61    0x26  Code  Gb  flash.o [1]
HAL_ADCEx_MultiModeConfigChannel
                         0x800'4a9d   0x166  Code  Gb  stm32f3xx_hal_adc_ex.o [1]
HAL_ADC_ConfigChannel    0x800'4661   0x42e  Code  Gb  stm32f3xx_hal_adc_ex.o [1]
HAL_ADC_Init             0x800'436d   0x2d0  Code  Gb  stm32f3xx_hal_adc_ex.o [1]
HAL_ADC_MspInit          0x800'27ad    0xf2  Code  Gb  adc.o [1]
HAL_COMP_Init            0x800'5079    0xc8  Code  Gb  stm32f3xx_hal_comp.o [1]
HAL_COMP_MspInit         0x800'2bc3   0x112  Code  Gb  comp.o [1]
HAL_DAC_ConfigChannel    0x800'4259    0x52  Code  Gb  stm32f3xx_hal_dac_ex.o [1]
HAL_DAC_DMAUnderrunCallbackCh1
                         0x800'61cb     0x2  Code  Wk  stm32f3xx_hal_dac.o [1]
HAL_DAC_IRQHandler       0x800'41e7    0x72  Code  Gb  stm32f3xx_hal_dac_ex.o [1]
HAL_DAC_Init             0x800'4eb5    0x2c  Code  Gb  stm32f3xx_hal_dac.o [1]
HAL_DAC_MspInit          0x800'290f    0x6a  Code  Gb  dac.o [1]
HAL_DAC_SetValue         0x800'4159    0x2a  Code  Gb  stm32f3xx_hal_dac_ex.o [1]
HAL_DAC_Start            0x800'4183    0x64  Code  Gb  stm32f3xx_hal_dac_ex.o [1]
HAL_DMA_Abort            0x800'4d0b    0x48  Code  Gb  stm32f3xx_hal_dma.o [1]
HAL_DMA_Abort_IT         0x800'4d53    0x52  Code  Gb  stm32f3xx_hal_dma.o [1]
HAL_DMA_IRQHandler       0x800'4da5    0xc6  Code  Gb  stm32f3xx_hal_dma.o [1]
HAL_DMA_Init             0x800'4cb5    0x56  Code  Gb  stm32f3xx_hal_dma.o [1]
HAL_Delay                0x800'2ed5    0x28  Code  Wk  stm32f3xx_hal.o [1]
HAL_GPIO_Init            0x800'1c05   0x1ac  Code  Gb  stm32f3xx_hal_gpio.o [1]
HAL_GPIO_WritePin        0x800'1db1    0x12  Code  Gb  stm32f3xx_hal_gpio.o [1]
HAL_GetTick              0x800'5145     0xc  Code  Wk  stm32f3xx_hal.o [1]
HAL_IncTick              0x800'3fb9    0x18  Code  Wk  stm32f3xx_hal.o [1]
HAL_Init                 0x800'2439    0x20  Code  Gb  stm32f3xx_hal.o [1]
HAL_InitTick             0x800'42ad    0x70  Code  Gb  stm32f3xx_hal_timebase_tim.o [1]
HAL_MspInit              0x800'432d    0x40  Code  Gb  stm32f3xx_hal_msp.o [1]
HAL_NVIC_EnableIRQ       0x800'1eb7     0xa  Code  Gb  stm32f3xx_hal_cortex.o [1]
HAL_NVIC_SetPriority     0x800'1e95    0x22  Code  Gb  stm32f3xx_hal_cortex.o [1]
HAL_NVIC_SetPriorityGrouping
                         0x800'1e8d     0x8  Code  Gb  stm32f3xx_hal_cortex.o [1]
HAL_RCCEx_PeriphCLKConfig
                         0x800'3d69   0x230  Code  Gb  stm32f3xx_hal_rcc_ex.o [1]
HAL_RCC_ADC12_CLK_ENABLED
                        0x2000'5b3c     0x4  Data  Lc  adc.o [1]
HAL_RCC_ClockConfig      0x800'3a7d   0x1bc  Code  Gb  stm32f3xx_hal_rcc.o [1]
HAL_RCC_GetClockConfig   0x800'3ce7    0x34  Code  Gb  stm32f3xx_hal_rcc.o [1]
HAL_RCC_GetHCLKFreq      0x800'3ca1     0x6  Code  Gb  stm32f3xx_hal_rcc.o [1]
HAL_RCC_GetPCLK1Freq     0x800'3ca7    0x20  Code  Gb  stm32f3xx_hal_rcc.o [1]
HAL_RCC_GetPCLK2Freq     0x800'3cc7    0x20  Code  Gb  stm32f3xx_hal_rcc.o [1]
HAL_RCC_GetSysClockFreq
                         0x800'3c39    0x68  Code  Gb  stm32f3xx_hal_rcc.o [1]
HAL_RCC_OscConfig        0x800'3409   0x674  Code  Gb  stm32f3xx_hal_rcc.o [1]
HAL_RS485Ex_Init         0x800'4fe5    0x90  Code  Gb  stm32f3xx_hal_uart_ex.o [1]
HAL_SPI_Init             0x800'4ee1   0x104  Code  Gb  stm32f3xx_hal_spi.o [1]
HAL_SPI_MspInit          0x800'29d9    0x62  Code  Gb  spi.o [1]
HAL_TIMEx_Break2Callback
                         0x800'19a9     0x2  Code  Wk  stm32f3xx_hal_tim_ex.o [1]
HAL_TIMEx_BreakCallback
                         0x800'19a7     0x2  Code  Wk  stm32f3xx_hal_tim_ex.o [1]
HAL_TIMEx_CommutCallback
                         0x800'19ad     0x2  Code  Wk  stm32f3xx_hal_tim_ex.o [1]
HAL_TIMEx_ConfigBreakDeadTime
                         0x800'1b5f    0x92  Code  Gb  stm32f3xx_hal_tim_ex.o [1]
HAL_TIMEx_HallSensor_Init
                         0x800'19c5   0x102  Code  Gb  stm32f3xx_hal_tim_ex.o [1]
HAL_TIMEx_HallSensor_MspInit
                         0x800'151b    0x70  Code  Gb  tim.o [1]
HAL_TIMEx_MasterConfigSynchronization
                         0x800'1acd    0x92  Code  Gb  stm32f3xx_hal_tim_ex.o [1]
HAL_TIM_Base_Init        0x800'0189    0x7a  Code  Gb  stm32f3xx_hal_tim.o [1]
HAL_TIM_Base_MspInit     0x800'13b9   0x162  Code  Gb  tim.o [1]
HAL_TIM_Base_Start_IT    0x800'0203    0x8a  Code  Gb  stm32f3xx_hal_tim.o [1]
HAL_TIM_Base_Stop_IT     0x800'028d    0x3a  Code  Gb  stm32f3xx_hal_tim.o [1]
HAL_TIM_ConfigClockSource
                         0x800'0895    0xf0  Code  Gb  stm32f3xx_hal_tim.o [1]
HAL_TIM_Encoder_Init     0x800'04c5    0xce  Code  Gb  stm32f3xx_hal_tim.o [1]
HAL_TIM_Encoder_MspInit
                         0x800'158b    0x60  Code  Gb  tim.o [1]
HAL_TIM_IC_CaptureCallback
                         0x800'190b    0x18  Code  Gb  main.o [1]
HAL_TIM_IRQHandler       0x800'05a5   0x194  Code  Gb  stm32f3xx_hal_tim.o [1]
HAL_TIM_MspPostInit      0x800'1669    0x8a  Code  Gb  tim.o [1]
HAL_TIM_PWM_ConfigChannel
                         0x800'0739   0x15c  Code  Gb  stm32f3xx_hal_tim.o [1]
HAL_TIM_PWM_Init         0x800'02e1    0x7a  Code  Gb  stm32f3xx_hal_tim.o [1]
HAL_TIM_PWM_MspInit      0x800'15eb    0x7e  Code  Gb  tim.o [1]
HAL_TIM_PWM_Start        0x800'035b   0x14a  Code  Gb  stm32f3xx_hal_tim.o [1]
HAL_TIM_PeriodElapsedCallback
                         0x800'192f    0x2a  Code  Gb  main.o [1]
HAL_TIM_SlaveConfigSynchro
                         0x800'0985    0x5e  Code  Gb  stm32f3xx_hal_tim.o [1]
HAL_UARTEx_WakeupCallback
                         0x800'5075     0x2  Code  Wk  stm32f3xx_hal_uart_ex.o [1]
HAL_UART_IRQHandler      0x800'631b   0x2f2  Code  Gb  stm32f3xx_hal_uart.o [1]
HAL_UART_Init            0x800'61d1    0x7a  Code  Gb  stm32f3xx_hal_uart.o [1]
HAL_UART_MspInit         0x800'2a93    0x72  Code  Gb  usart.o [1]
HAL_UART_Transmit        0x800'624b    0xd0  Code  Gb  stm32f3xx_hal_uart.o [1]
HardFault_Handler        0x800'7a1b     0x2  Code  Gb  stm32f3xx_it.o [1]
LED_OSstart             0x2000'5a6c    0x30  Data  Gb  main.o [1]
LED_error               0x2000'5a3c    0x30  Data  Gb  main.o [1]
LED_rs485               0x2000'5a0c    0x30  Data  Gb  main.o [1]
MX_ADC1_Init             0x800'2639    0xee  Code  Gb  adc.o [1]
MX_ADC2_Init             0x800'2727    0x86  Code  Gb  adc.o [1]
MX_COMP3_Init            0x800'2b15    0x3a  Code  Gb  comp.o [1]
MX_COMP6_Init            0x800'2b4f    0x3a  Code  Gb  comp.o [1]
MX_COMP7_Init            0x800'2b89    0x3a  Code  Gb  comp.o [1]
MX_DAC_Init              0x800'28c1    0x4e  Code  Gb  dac.o [1]
MX_DMA_Init              0x800'2cf5    0x2c  Code  Gb  dma.o [1]
MX_FREERTOS_Init()       0x800'2f0f    0x56  Code  Gb  freertos.o [1]
MX_GPIO_Init             0x800'245d   0x1dc  Code  Gb  gpio.o [1]
MX_SPI2_Init             0x800'2989    0x50  Code  Gb  spi.o [1]
MX_TIM16_Init            0x800'1351    0x34  Code  Gb  tim.o [1]
MX_TIM17_Init            0x800'1385    0x34  Code  Gb  tim.o [1]
MX_TIM1_Init             0x800'0f55   0x116  Code  Gb  tim.o [1]
MX_TIM2_Init             0x800'106b    0x76  Code  Gb  tim.o [1]
MX_TIM3_Init             0x800'10e1    0x88  Code  Gb  tim.o [1]
MX_TIM4_Init             0x800'1169    0x7a  Code  Gb  tim.o [1]
MX_TIM6_Init             0x800'11e3    0x50  Code  Gb  tim.o [1]
MX_TIM8_Init             0x800'1233   0x11e  Code  Gb  tim.o [1]
MX_USART2_UART_Init      0x800'2a51    0x42  Code  Gb  usart.o [1]
MainTask(void const *)   0x800'2f65   0x138  Code  Gb  freertos.o [1]
MemManage_Handler        0x800'7a1d     0x2  Code  Gb  stm32f3xx_it.o [1]
ModBus(void const *)     0x800'309d    0x1e  Code  Gb  freertos.o [1]
Motor_poolHandle        0x2000'5b4c     0x4  Data  Gb  freertos.o [1]
NMI_Handler              0x800'7a19     0x2  Code  Gb  stm32f3xx_it.o [1]
NVIC_EncodePriority      0x800'1e51    0x3c  Code  Lc  stm32f3xx_hal_cortex.o [1]
PendSV_Handler           0x800'7575          Code  Gb  portasm.o [1]
Region$$Table$$Base      0x800'8028           --   Gb  - Linker created -
Region$$Table$$Limit     0x800'804c           --   Gb  - Linker created -
SHT$$INIT_ARRAY$$Base    0x800'82e8           --   Gb  - Linker created -
SHT$$INIT_ARRAY$$Limit   0x800'82ec           --   Gb  - Linker created -
SHT$$PREINIT_ARRAY$$Base
                         0x800'82e8           --   Gb  - Linker created -
SHT$$PREINIT_ARRAY$$Limit
                         0x800'82e8           --   Gb  - Linker created -
SVC_Handler              0x800'75cd          Code  Gb  portasm.o [1]
Start                   0x2000'5b40     0x4  Data  Gb  freertos.o [1]
SysTick_Handler          0x800'72bd    0x28  Code  Gb  port.o [1]
SystemClock_Config()     0x800'186d    0x9e  Code  Gb  main.o [1]
SystemCoreClock         0x2000'00a4     0x4  Data  Gb  system_stm32f3xx.o [1]
SystemInit               0x800'8145    0x14  Code  Gb  system_stm32f3xx.o [1]
TIM1_TRG_COM_TIM17_IRQHandler
                         0x800'7a2f    0x3e  Code  Gb  stm32f3xx_it.o [1]
TIM2_IRQHandler          0x800'7a6d     0xa  Code  Gb  stm32f3xx_it.o [1]
TIM4_IRQHandler          0x800'7a77     0xa  Code  Gb  stm32f3xx_it.o [1]
TIM6_DAC_IRQHandler      0x800'7ad1    0x10  Code  Gb  stm32f3xx_it.o [1]
TIM7_IRQHandler          0x800'7ae1     0xa  Code  Gb  stm32f3xx_it.o [1]
TIM_Base_SetConfig       0x800'09e3    0xb6  Code  Gb  stm32f3xx_hal_tim.o [1]
TIM_CCxChannelCmd        0x800'0ef5    0x26  Code  Gb  stm32f3xx_hal_tim.o [1]
TIM_ETR_SetConfig        0x800'0edf    0x16  Code  Gb  stm32f3xx_hal_tim.o [1]
TIM_ITRx_SetConfig       0x800'0ecf    0x10  Code  Lc  stm32f3xx_hal_tim.o [1]
TIM_OC1_SetConfig        0x800'0a99    0x9c  Code  Lc  stm32f3xx_hal_tim.o [1]
TIM_OC2_SetConfig        0x800'0b35    0x88  Code  Gb  stm32f3xx_hal_tim.o [1]
TIM_OC3_SetConfig        0x800'0bbd    0x7e  Code  Lc  stm32f3xx_hal_tim.o [1]
TIM_OC4_SetConfig        0x800'0c3d    0x5e  Code  Lc  stm32f3xx_hal_tim.o [1]
TIM_OC5_SetConfig        0x800'0c9b    0x58  Code  Lc  stm32f3xx_hal_tim.o [1]
TIM_OC6_SetConfig        0x800'0cf3    0x5a  Code  Lc  stm32f3xx_hal_tim.o [1]
TIM_SlaveTimer_SetConfig
                         0x800'0d4d    0xa0  Code  Lc  stm32f3xx_hal_tim.o [1]
TIM_TI1_ConfigInputStage
                         0x800'0e85    0x24  Code  Lc  stm32f3xx_hal_tim.o [1]
TIM_TI1_SetConfig        0x800'0ded    0x6a  Code  Gb  stm32f3xx_hal_tim.o [1]
TIM_TI2_ConfigInputStage
                         0x800'0ea9    0x26  Code  Lc  stm32f3xx_hal_tim.o [1]
UART_AdvFeatureConfig    0x800'6881    0xda  Code  Gb  stm32f3xx_hal_uart.o [1]
UART_CheckIdleState      0x800'695b    0x6e  Code  Gb  stm32f3xx_hal_uart.o [1]
UART_DMAAbortOnError     0x800'6afd    0x16  Code  Lc  stm32f3xx_hal_uart.o [1]
UART_EndRxTransfer       0x800'6aa7    0x56  Code  Lc  stm32f3xx_hal_uart.o [1]
UART_EndTransmit_IT      0x800'6b13    0x24  Code  Lc  stm32f3xx_hal_uart.o [1]
UART_SetConfig           0x800'660f   0x24c  Code  Gb  stm32f3xx_hal_uart.o [1]
UART_WaitOnFlagUntilTimeout
                         0x800'69c9    0xde  Code  Gb  stm32f3xx_hal_uart.o [1]
USART2_IRQHandler        0x800'7a81    0x50  Code  Gb  stm32f3xx_it.o [1]
UsageFault_Handler       0x800'7a21     0x2  Code  Gb  stm32f3xx_it.o [1]
Virtual function table for extern_driver
                         0x800'7f28    0x58  Data  Gb  externDriver.o [1]
[local to main_c]::DWT_Init()
                         0x800'177b    0x16  Code  Lc  main.o [1]
__NVIC_EnableIRQ         0x800'1e11    0x1c  Code  Lc  stm32f3xx_hal_cortex.o [1]
__NVIC_GetPriorityGrouping
                         0x800'1e07     0xa  Code  Lc  stm32f3xx_hal_cortex.o [1]
__NVIC_SetPriority       0x800'1e2d    0x24  Code  Lc  stm32f3xx_hal_cortex.o [1]
__NVIC_SetPriorityGrouping
                         0x800'1ded    0x1a  Code  Lc  stm32f3xx_hal_cortex.o [1]
__aeabi_assert           0x800'7511    0x24  Code  Gb  ABIassert.o [6]
__aeabi_d2iz             0x800'411d          Code  Gb  DblToS32.o [4]
__aeabi_dadd             0x800'6051          Code  Gb  DblAdd.o [4]
__aeabi_ddiv             0x800'5e09          Code  Gb  DblDiv.o [4]
__aeabi_dmul             0x800'5c65          Code  Gb  DblMul.o [4]
__aeabi_dsub             0x800'5b81          Code  Gb  DblSub.o [4]
__aeabi_memcpy           0x800'2e2d          Code  Gb  ABImemcpy.o [5]
__aeabi_memcpy4          0x800'2e4d          Code  Gb  ABImemcpy.o [5]
__aeabi_memcpy8          0x800'2e4d          Code  Gb  ABImemcpy.o [5]
__aeabi_memset           0x800'3fd1          Code  Gb  ABImemset.o [5]
__aeabi_ui2d             0x800'4039          Code  Gb  U32ToDbl.o [4]
__call_ctors             0x800'806d    0x18  Code  Gb  cppinit.o [2]
__cmain                  0x800'8085          Code  Gb  cmain.o [5]
__exit                   0x800'762d    0x14  Code  Gb  exit.o [6]
__iar_Memset             0x800'3fd1          Code  Gb  ABImemset.o [5]
__iar_Memset_word        0x800'3fd9          Code  Gb  ABImemset.o [5]
__iar_cstart_call_ctors
                         0x800'804d    0x20  Code  Gb  cmain_call_ctors.o [5]
__iar_dadd               0x800'5b91          Code  Gb  DblSub.o [4]
__iar_data_init3         0x800'7fb9    0x28  Code  Gb  data_init.o [5]
__iar_debug_exceptions   0x800'19c2     0x1  Data  Gb  unwind_debug.o [6]
__iar_dsub               0x800'6061          Code  Gb  DblAdd.o [4]
__iar_dsubStart          0x800'6073          Code  Gb  DblAdd.o [4]
__iar_init_vfp           0x800'8005          Code  Gb  fpinit_M.o [4]
__iar_packbits_init_single3
                         0x800'7f81    0x38  Code  Gb  packbits_init_single.o [5]
__iar_program_start      0x800'81d1          Code  Gb  cstartup_M.o [5]
__iar_tls$$INIT_ARRAY$$Base
                         0x800'82ec           --   Gb  - Linker created -
__iar_tls$$INIT_ARRAY$$Limit
                         0x800'82ec           --   Gb  - Linker created -
__iar_zero_init3         0x800'0f1b    0x3a  Code  Gb  zero_init3.o [5]
__low_level_init         0x800'80a3     0x4  Code  Gb  low_level_init.o [2]
__sti__routine           0x800'174d    0x2e  Code  Lc  main.o [1]
__vector_table           0x800'0000          Data  Gb  startup_stm32f303xc.o [1]
_call_main               0x800'8091          Code  Gb  cmain.o [5]
_exit                    0x800'80ad          Code  Gb  cexit.o [5]
_main                    0x800'809f          Code  Gb  cmain.o [5]
aPLLMULFactorTable       0x800'8178    0x10  Data  Gb  stm32f3xx_hal_rcc.o [1]
aPredivFactorTable       0x800'8188    0x10  Data  Gb  stm32f3xx_hal_rcc.o [1]
abort                    0x800'7625     0x6  Code  Gb  abort.o [2]
aucCRCHi                 0x800'7b20   0x100  Data  Lc  mbcrc.o [1]
aucCRCLo                 0x800'7c20   0x100  Data  Lc  mbcrc.o [1]
base_motor::SetDirection(dir)
                         0x800'40a1     0x4  Code  Gb  motor.o [1]
base_motor::base_motor()
                         0x800'405b    0x46  Code  Gb  motor.o [1]
base_motor::base_motor() [subobject]
                         0x800'4053     0x8  Code  Gb  motor.o [1]
base_motor::map(double, double, double, double, double)
                         0x800'40a5    0x78  Code  Gb  motor.o [1]
downcounter             0x2000'5bda     0x2  Data  Gb  porttimer.o [1]
eMBCurrentMode          0x2000'5bde     0x1  Data  Lc  mb.o [1]
eMBEnable                0x800'51eb    0x20  Code  Gb  mb.o [1]
eMBFuncReadCoils         0x800'787f    0x9e  Code  Gb  mbfunccoils.o [1]
eMBFuncReadDiscreteInputs
                         0x800'7d21    0x9c  Code  Gb  mbfuncdisc.o [1]
eMBFuncReadHoldingRegister
                         0x800'76eb    0x86  Code  Gb  mbfuncholding.o [1]
eMBFuncReadInputRegister
                         0x800'7dbd    0x86  Code  Gb  mbfuncinput.o [1]
eMBFuncReadWriteMultipleHoldingRegister
                         0x800'7771    0xec  Code  Gb  mbfuncholding.o [1]
eMBFuncReportSlaveID     0x800'7fe1    0x1c  Code  Gb  mbfuncother.o [1]
eMBFuncWriteCoil         0x800'791d    0x6c  Code  Gb  mbfunccoils.o [1]
eMBFuncWriteHoldingRegister
                         0x800'7641    0x3a  Code  Gb  mbfuncholding.o [1]
eMBFuncWriteMultipleCoils
                         0x800'7989    0x8e  Code  Gb  mbfunccoils.o [1]
eMBFuncWriteMultipleHoldingRegister
                         0x800'767b    0x70  Code  Gb  mbfuncholding.o [1]
eMBInit                  0x800'5151    0x9a  Code  Gb  mb.o [1]
eMBPoll                  0x800'520b    0xe4  Code  Gb  mb.o [1]
eMBPoll::eException     0x2000'5be1     0x1  Data  Lc  mb.o [1]
eMBPoll::ucFunctionCode
                        0x2000'5be0     0x1  Data  Lc  mb.o [1]
eMBPoll::ucMBFrame      0x2000'5b84     0x4  Data  Lc  mb.o [1]
eMBPoll::ucRcvAddress   0x2000'5bdf     0x1  Data  Lc  mb.o [1]
eMBPoll::usLength       0x2000'5bd0     0x2  Data  Lc  mb.o [1]
eMBRTUInit               0x800'6b39    0x46  Code  Gb  mbrtu.o [1]
eMBRTUReceive            0x800'6bad    0x6a  Code  Gb  mbrtu.o [1]
eMBRTUSend               0x800'6c17    0x60  Code  Gb  mbrtu.o [1]
eMBRTUStart              0x800'6b7f    0x1a  Code  Gb  mbrtu.o [1]
eMBRTUStop               0x800'6b99    0x14  Code  Gb  mbrtu.o [1]
eMBRegCoilsCB            0x800'332d     0x4  Code  Gb  freertos.o [1]
eMBRegDiscreteCB         0x800'3331     0x4  Code  Gb  freertos.o [1]
eMBRegHoldingCB          0x800'30df   0x20a  Code  Gb  freertos.o [1]
eMBRegInputCB            0x800'30d9     0x6  Code  Gb  freertos.o [1]
eMBState                0x2000'00a8     0x1  Data  Lc  mb.o [1]
eQueuedEvent            0x2000'5be5     0x1  Data  Lc  portevent.o [1]
eRcvState               0x2000'5be3     0x1  Data  Lc  mbrtu.o [1]
eSndState               0x2000'5be2     0x1  Data  Lc  mbrtu.o [1]
exit                     0x800'80a7     0x4  Code  Gb  exit.o [2]
ext_drive               0x2000'54bc    0x78  Data  Gb  main.o [1]
extern_driver::AccelHandler()
                         0x800'21f9    0x66  Code  Gb  externDriver.o [1]
extern_driver::Init(settings_t)
                         0x800'20d5   0x10c  Code  Gb  externDriver.o [1]
extern_driver::SensHandler()
                         0x800'21f7     0x2  Code  Gb  externDriver.o [1]
extern_driver::SetAcceleration(unsigned short)
                         0x800'1f89    0xb2  Code  Gb  externDriver.o [1]
extern_driver::SetPWM_Mode(unsigned int)
                         0x800'203b    0x14  Code  Gb  externDriver.o [1]
extern_driver::SetPWRstatus(bool)
                         0x800'204f     0x6  Code  Gb  externDriver.o [1]
extern_driver::SetSpeed(unsigned short)
                         0x800'1ed5    0xb2  Code  Gb  externDriver.o [1]
extern_driver::StepsAllHandler(int)
                         0x800'21f5     0x2  Code  Gb  externDriver.o [1]
extern_driver::deceleration()
                         0x800'20a9     0xc  Code  Gb  externDriver.o [1]
extern_driver::extern_driver(__DAC_HandleTypeDef *, unsigned int, TIM_HandleTypeDef *, TIM_HandleTypeDef *, unsigned int, TIM_HandleTypeDef *)
                         0x800'225f    0x68  Code  Gb  externDriver.o [1]
extern_driver::getStatusDirect()
                         0x800'2055     0x4  Code  Gb  externDriver.o [1]
extern_driver::getStatusRotation()
                         0x800'2059     0x4  Code  Gb  externDriver.o [1]
extern_driver::removeBreak(bool)
                         0x800'20b5    0x20  Code  Gb  externDriver.o [1]
extern_driver::start()   0x800'205d    0x38  Code  Gb  externDriver.o [1]
extern_driver::stop()    0x800'2095    0x14  Code  Gb  externDriver.o [1]
flash_erase_page         0x800'2d97    0x2a  Code  Gb  flash.o [1]
flash_lock               0x800'2dcd     0xc  Code  Gb  flash.o [1]
flash_ready              0x800'2d87    0x10  Code  Gb  flash.o [1]
flash_unlock             0x800'2dc1     0xc  Code  Gb  flash.o [1]
flash_write              0x800'2dd9    0x3a  Code  Gb  flash.o [1]
hadc1                   0x2000'55ec    0x50  Data  Gb  adc.o [1]
hadc2                   0x2000'563c    0x50  Data  Gb  adc.o [1]
hcomp3                  0x2000'597c    0x30  Data  Gb  comp.o [1]
hcomp6                  0x2000'59ac    0x30  Data  Gb  comp.o [1]
hcomp7                  0x2000'59dc    0x30  Data  Gb  comp.o [1]
hdac                    0x2000'5abc    0x14  Data  Gb  dac.o [1]
hdma_adc1               0x2000'5938    0x44  Data  Gb  adc.o [1]
hspi2                   0x2000'5534    0x64  Data  Gb  spi.o [1]
htim1                   0x2000'56d8    0x4c  Data  Gb  tim.o [1]
htim16                  0x2000'58a0    0x4c  Data  Gb  tim.o [1]
htim17                  0x2000'58ec    0x4c  Data  Gb  tim.o [1]
htim2                   0x2000'5724    0x4c  Data  Gb  tim.o [1]
htim3                   0x2000'5770    0x4c  Data  Gb  tim.o [1]
htim4                   0x2000'57bc    0x4c  Data  Gb  tim.o [1]
htim6                   0x2000'5808    0x4c  Data  Gb  tim.o [1]
htim7                   0x2000'568c    0x4c  Data  Gb  stm32f3xx_hal_timebase_tim.o [1]
htim8                   0x2000'5854    0x4c  Data  Gb  tim.o [1]
huart2                  0x2000'5438    0x84  Data  Gb  usart.o [1]
inHandlerMode            0x800'334b    0x12  Code  Lc  cmsis_os.o [1]
led::Init(GPIO_TypeDef *, unsigned short)
                         0x800'23d3    0x1a  Code  Gb  LED.o [1]
led::LEDon()             0x800'23ed     0x6  Code  Gb  LED.o [1]
led::LEDon(unsigned int)
                         0x800'23f3    0x10  Code  Gb  LED.o [1]
led::led()               0x800'240b    0x2c  Code  Gb  LED.o [1]
led::poll()              0x800'22dd    0xf6  Code  Gb  LED.o [1]
led::setParameters(mode, unsigned int, unsigned int)
                         0x800'2403     0x8  Code  Gb  LED.o [1]
ledBlink                 0x800'1923     0xc  Code  Gb  main.o [1]
main                     0x800'1791    0xdc  Code  Gb  main.o [1]
mainTaskHandle          0x2000'5b44     0x4  Data  Gb  freertos.o [1]
makeFreeRtosPriority     0x800'3335    0x16  Code  Lc  cmsis_os.o [1]
memset                   0x800'19af    0x14  Code  Gb  memset.o [5]
modBusHandle            0x2000'5b48     0x4  Data  Gb  freertos.o [1]
motor_pool(void const *)
                         0x800'30bb    0x1e  Code  Gb  freertos.o [1]
osDelay                  0x800'33db    0x16  Code  Gb  cmsis_os.o [1]
osDelayUntil             0x800'33f1    0x16  Code  Gb  cmsis_os.o [1]
osKernelStart            0x800'335d     0xa  Code  Gb  cmsis_os.o [1]
osKernelSysTick          0x800'3367    0x16  Code  Gb  cmsis_os.o [1]
osThreadCreate           0x800'337d    0x5e  Code  Gb  cmsis_os.o [1]
pMotor                  0x2000'5b60     0x4  Data  Gb  main.o [1]
pcInterruptPriorityRegisters
                         0x800'81f8     0x4  Data  Lc  port.o [1]
peMBFrameReceiveCur     0x2000'5b70     0x4  Data  Lc  mb.o [1]
peMBFrameSendCur        0x2000'5b64     0x4  Data  Lc  mb.o [1]
prvAddCurrentTaskToDelayedList
                         0x800'5add    0x6e  Code  Lc  tasks.o [1]
prvAddNewTaskToReadyList
                         0x800'54ef    0x9a  Code  Lc  tasks.o [1]
prvCheckTasksWaitingTermination
                         0x800'5a01    0x3c  Code  Lc  tasks.o [1]
prvDeleteTCB             0x800'5a41    0x42  Code  Lc  tasks.o [1]
prvHeapInit              0x800'6fcb    0x5e  Code  Lc  heap_4.o [1]
prvIdleTask              0x800'5985    0x24  Code  Lc  tasks.o [1]
prvInitialiseNewTask     0x800'5445    0xaa  Code  Lc  tasks.o [1]
prvInitialiseTaskLists   0x800'59a9    0x54  Code  Lc  tasks.o [1]
prvInsertBlockIntoFreeList
                         0x800'7029    0x5e  Code  Lc  heap_4.o [1]
prvResetNextTaskUnblockTime
                         0x800'5a83    0x28  Code  Lc  tasks.o [1]
prvTaskExitError         0x800'7165    0x2a  Code  Lc  port.o [1]
prveMBError2Exception    0x800'785d    0x22  Code  Gb  mbutils.o [1]
pucSndBufferCur         0x2000'5b88     0x4  Data  Lc  mbrtu.o [1]
pvMBFrameCloseCur       0x2000'5b74     0x4  Data  Lc  mb.o [1]
pvMBFrameStartCur       0x2000'5b68     0x4  Data  Lc  mb.o [1]
pvMBFrameStopCur        0x2000'5b6c     0x4  Data  Lc  mb.o [1]
pvPortMalloc             0x800'6e45   0x114  Code  Gb  heap_4.o [1]
pxCurrentTCB            0x2000'5b94     0x4  Data  Gb  tasks.o [1]
pxDelayedTaskList       0x2000'5b98     0x4  Data  Lc  tasks.o [1]
pxEnd                   0x2000'5b50     0x4  Data  Lc  heap_4.o [1]
pxMBFrameCBByteReceived
                        0x2000'5b78     0x4  Data  Gb  mb.o [1]
pxMBFrameCBTransmitterEmpty
                        0x2000'5b7c     0x4  Data  Gb  mb.o [1]
pxMBPortCBTimerExpired  0x2000'5b80     0x4  Data  Gb  mb.o [1]
pxOverflowDelayedTaskList
                        0x2000'5b9c     0x4  Data  Lc  tasks.o [1]
pxPortInitialiseStack    0x800'713d    0x28  Code  Gb  port.o [1]
pxReadyTasksLists       0x2000'53ac    0x8c  Data  Lc  tasks.o [1]
resetSettings           0x2000'5bdc     0x1  Data  Gb  main.o [1]
serial                  0x2000'009c     0x4  Data  Gb  portserial.o [1]
settings                0x2000'0000    0x18  Data  Gb  main.o [1]
timeout                 0x2000'5bd8     0x2  Data  Gb  porttimer.o [1]
ucHeap                  0x2000'00ac  0x5000  Data  Lc  heap_4.o [1]
ucMBAddress             0x2000'5bdd     0x1  Data  Lc  mb.o [1]
ucMBSlaveID             0x2000'5a9c    0x20  Data  Lc  mbfuncother.o [1]
ucMaxSysCallPriority    0x2000'5be4     0x1  Data  Lc  port.o [1]
ucRTUBuf                0x2000'52ac   0x100  Data  Gb  mbrtu.o [1]
ulMaxPRIGROUPValue      0x2000'5b8c     0x4  Data  Lc  port.o [1]
usMBCRC16                0x800'7535    0x40  Code  Gb  mbcrc.o [1]
usMBSlaveIDLen          0x2000'5bd2     0x2  Data  Lc  mbfuncother.o [1]
usRcvBufferPos          0x2000'5bd6     0x2  Data  Lc  mbrtu.o [1]
usSndBufferCount        0x2000'5bd4     0x2  Data  Lc  mbrtu.o [1]
uwTick                  0x2000'5b90     0x4  Data  Gb  stm32f3xx_hal.o [1]
uwTickFreq              0x2000'00a9     0x1  Data  Gb  stm32f3xx_hal.o [1]
uwTickPrio              0x2000'00a0     0x4  Data  Gb  stm32f3xx_hal.o [1]
uxCriticalNesting       0x2000'0098     0x4  Data  Lc  port.o [1]
uxCurrentNumberOfTasks  0x2000'5ba4     0x4  Data  Lc  tasks.o [1]
uxDeletedTasksWaitingCleanUp
                        0x2000'5ba0     0x4  Data  Lc  tasks.o [1]
uxListRemove             0x800'7117    0x26  Code  Gb  list.o [1]
uxPendedTicks           0x2000'5bb4     0x4  Data  Lc  tasks.o [1]
uxSchedulerSuspended    0x2000'5bcc     0x4  Data  Lc  tasks.o [1]
uxTaskNumber            0x2000'5bc0     0x4  Data  Lc  tasks.o [1]
uxTopReadyPriority      0x2000'5bac     0x4  Data  Lc  tasks.o [1]
vApplicationGetIdleTaskMemory
                         0x800'2efd    0x12  Code  Gb  freertos.o [1]
vListInitialise          0x800'70a5    0x1e  Code  Gb  list.o [1]
vListInitialiseItem      0x800'70c3     0x6  Code  Gb  list.o [1]
vListInsert              0x800'70e1    0x36  Code  Gb  list.o [1]
vListInsertEnd           0x800'70c9    0x18  Code  Gb  list.o [1]
vMBPortSerialEnable      0x800'739d    0x5a  Code  Gb  portserial.o [1]
vMBPortTimersDisable     0x800'74f1     0xa  Code  Gb  porttimer.o [1]
vMBPortTimersEnable      0x800'74df    0x12  Code  Gb  porttimer.o [1]
vPortEnableVFP           0x800'7609          Code  Gb  portasm.o [1]
vPortEnterCritical       0x800'725d    0x34  Code  Gb  port.o [1]
vPortExitCritical        0x800'7291    0x2c  Code  Gb  port.o [1]
vPortFree                0x800'6f59    0x72  Code  Gb  heap_4.o [1]
vPortStartFirstTask      0x800'75e9          Code  Gb  portasm.o [1]
vPortValidateInterruptPriority
                         0x800'72e5    0x4a  Code  Gb  port.o [1]
vTaskDelay               0x800'562d    0x4c  Code  Gb  tasks.o [1]
vTaskDelayUntil          0x800'5589    0xa4  Code  Gb  tasks.o [1]
vTaskStartScheduler      0x800'5679    0x8e  Code  Gb  tasks.o [1]
vTaskSuspendAll          0x800'5707     0xc  Code  Gb  tasks.o [1]
vTaskSwitchContext       0x800'5901    0x6a  Code  Gb  tasks.o [1]
xBlockAllocatedBit      0x2000'5b5c     0x4  Data  Lc  heap_4.o [1]
xDelayedTaskList1       0x2000'5ad0    0x14  Data  Lc  tasks.o [1]
xDelayedTaskList2       0x2000'5ae4    0x14  Data  Lc  tasks.o [1]
xEventInQueue           0x2000'5be6     0x1  Data  Lc  portevent.o [1]
xFreeBytesRemaining     0x2000'5b54     0x4  Data  Lc  heap_4.o [1]
xFuncHandlers           0x2000'0018    0x80  Data  Lc  mb.o [1]
xHeapStructSize          0x800'81f4     0x4  Data  Lc  heap_4.o [1]
xIdleStack              0x2000'50ac   0x200  Data  Lc  freertos.o [1]
xIdleTaskHandle         0x2000'5bc8     0x4  Data  Lc  tasks.o [1]
xIdleTaskTCBBuffer      0x2000'5598    0x54  Data  Lc  freertos.o [1]
xMBPortEventGet          0x800'6e15    0x28  Code  Gb  portevent.o [1]
xMBPortEventInit         0x800'6dfd     0xa  Code  Gb  portevent.o [1]
xMBPortEventPost         0x800'6e07     0xe  Code  Gb  portevent.o [1]
xMBPortSerialGetByte     0x800'7479     0xe  Code  Gb  portserial.o [1]
xMBPortSerialInit        0x800'73f7    0x64  Code  Gb  portserial.o [1]
xMBPortSerialPutByte     0x800'745b    0x1e  Code  Gb  portserial.o [1]
xMBPortTimersInit        0x800'7491    0x4e  Code  Gb  porttimer.o [1]
xMBRTUReceiveFSM         0x800'6c77    0x8a  Code  Gb  mbrtu.o [1]
xMBRTUTimerT35Expired    0x800'6d6f    0x5c  Code  Gb  mbrtu.o [1]
xMBRTUTransmitFSM        0x800'6d01    0x6e  Code  Gb  mbrtu.o [1]
xMinimumEverFreeBytesRemaining
                        0x2000'5b58     0x4  Data  Lc  heap_4.o [1]
xNextTaskUnblockTime    0x2000'5bc4     0x4  Data  Lc  tasks.o [1]
xNumOfOverflows         0x2000'5bbc     0x4  Data  Lc  tasks.o [1]
xPendingReadyList       0x2000'5af8    0x14  Data  Lc  tasks.o [1]
xPortStartScheduler      0x800'718f    0xce  Code  Gb  port.o [1]
xSchedulerRunning       0x2000'5bb0     0x4  Data  Lc  tasks.o [1]
xStart                  0x2000'5b34     0x8  Data  Lc  heap_4.o [1]
xSuspendedTaskList      0x2000'5b20    0x14  Data  Lc  tasks.o [1]
xTaskCreate              0x800'53d3    0x72  Code  Gb  tasks.o [1]
xTaskCreateStatic        0x800'5351    0x82  Code  Gb  tasks.o [1]
xTaskGetTickCount        0x800'57f7     0x8  Code  Gb  tasks.o [1]
xTaskGetTickCountFromISR
                         0x800'57ff    0x10  Code  Gb  tasks.o [1]
xTaskIncrementTick       0x800'580f    0xf2  Code  Gb  tasks.o [1]
xTaskResumeAll           0x800'5713    0xe4  Code  Gb  tasks.o [1]
xTasksWaitingTermination
                        0x2000'5b0c    0x14  Data  Lc  tasks.o [1]
xTickCount              0x2000'5ba8     0x4  Data  Lc  tasks.o [1]
xYieldPending           0x2000'5bb8     0x4  Data  Lc  tasks.o [1]


[1] = D:\Radio\Jobe\Universal_Driver\Universal_Driver_soft\UniversalDriver_v2.1_extDriver\EWARM\UniversalDriver_v2.1\Obj
[2] = dl7M_tlf.a
[3] = dlpp7M_tl_fc.a
[4] = m7M_tls.a
[5] = rt7M_tl.a
[6] = shb_l.a

  32'373 bytes of readonly  code memory
   1'250 bytes of readonly  data memory
  24'549 bytes of readwrite data memory

Errors: none
Warnings: none
