###############################################################################
#
# IAR ELF Linker V8.40.2.214/W32 for ARM                  19/May/2021  17:49:18
# Copyright 2007-2019 IAR Systems AB.
#
#    Output file  =
#        D:\Kicads
#        Schem\Universal_Driver\Universal_Driver_soft\UniversalDriver_v2.1\EWARM\UniversalDriver_v2.1\Exe\UniversalDriver_v2.1.out
#    Map file     =
#        D:\Kicads
#        Schem\Universal_Driver\Universal_Driver_soft\UniversalDriver_v2.1\EWARM\UniversalDriver_v2.1\List\UniversalDriver_v2.1.map
#    Command line =
#        -f C:\Users\Sergey\AppData\Local\Temp\EW5990.tmp ("D:\Kicads
#        Schem\Universal_Driver\Universal_Driver_soft\UniversalDriver_v2.1\EWARM\UniversalDriver_v2.1\Obj\adc.o"
#        "D:\Kicads
#        Schem\Universal_Driver\Universal_Driver_soft\UniversalDriver_v2.1\EWARM\UniversalDriver_v2.1\Obj\BLDC.o"
#        "D:\Kicads
#        Schem\Universal_Driver\Universal_Driver_soft\UniversalDriver_v2.1\EWARM\UniversalDriver_v2.1\Obj\cmsis_os.o"
#        "D:\Kicads
#        Schem\Universal_Driver\Universal_Driver_soft\UniversalDriver_v2.1\EWARM\UniversalDriver_v2.1\Obj\comp.o"
#        "D:\Kicads
#        Schem\Universal_Driver\Universal_Driver_soft\UniversalDriver_v2.1\EWARM\UniversalDriver_v2.1\Obj\croutine.o"
#        "D:\Kicads
#        Schem\Universal_Driver\Universal_Driver_soft\UniversalDriver_v2.1\EWARM\UniversalDriver_v2.1\Obj\dac.o"
#        "D:\Kicads
#        Schem\Universal_Driver\Universal_Driver_soft\UniversalDriver_v2.1\EWARM\UniversalDriver_v2.1\Obj\event_groups.o"
#        "D:\Kicads
#        Schem\Universal_Driver\Universal_Driver_soft\UniversalDriver_v2.1\EWARM\UniversalDriver_v2.1\Obj\flash.o"
#        "D:\Kicads
#        Schem\Universal_Driver\Universal_Driver_soft\UniversalDriver_v2.1\EWARM\UniversalDriver_v2.1\Obj\flash_spi.o"
#        "D:\Kicads
#        Schem\Universal_Driver\Universal_Driver_soft\UniversalDriver_v2.1\EWARM\UniversalDriver_v2.1\Obj\freertos.o"
#        "D:\Kicads
#        Schem\Universal_Driver\Universal_Driver_soft\UniversalDriver_v2.1\EWARM\UniversalDriver_v2.1\Obj\gpio.o"
#        "D:\Kicads
#        Schem\Universal_Driver\Universal_Driver_soft\UniversalDriver_v2.1\EWARM\UniversalDriver_v2.1\Obj\heap_4.o"
#        "D:\Kicads
#        Schem\Universal_Driver\Universal_Driver_soft\UniversalDriver_v2.1\EWARM\UniversalDriver_v2.1\Obj\LED.o"
#        "D:\Kicads
#        Schem\Universal_Driver\Universal_Driver_soft\UniversalDriver_v2.1\EWARM\UniversalDriver_v2.1\Obj\list.o"
#        "D:\Kicads
#        Schem\Universal_Driver\Universal_Driver_soft\UniversalDriver_v2.1\EWARM\UniversalDriver_v2.1\Obj\main.o"
#        "D:\Kicads
#        Schem\Universal_Driver\Universal_Driver_soft\UniversalDriver_v2.1\EWARM\UniversalDriver_v2.1\Obj\mb.o"
#        "D:\Kicads
#        Schem\Universal_Driver\Universal_Driver_soft\UniversalDriver_v2.1\EWARM\UniversalDriver_v2.1\Obj\mbcrc.o"
#        "D:\Kicads
#        Schem\Universal_Driver\Universal_Driver_soft\UniversalDriver_v2.1\EWARM\UniversalDriver_v2.1\Obj\mbfunccoils.o"
#        "D:\Kicads
#        Schem\Universal_Driver\Universal_Driver_soft\UniversalDriver_v2.1\EWARM\UniversalDriver_v2.1\Obj\mbfuncdiag.o"
#        "D:\Kicads
#        Schem\Universal_Driver\Universal_Driver_soft\UniversalDriver_v2.1\EWARM\UniversalDriver_v2.1\Obj\mbfuncdisc.o"
#        "D:\Kicads
#        Schem\Universal_Driver\Universal_Driver_soft\UniversalDriver_v2.1\EWARM\UniversalDriver_v2.1\Obj\mbfuncholding.o"
#        "D:\Kicads
#        Schem\Universal_Driver\Universal_Driver_soft\UniversalDriver_v2.1\EWARM\UniversalDriver_v2.1\Obj\mbfuncinput.o"
#        "D:\Kicads
#        Schem\Universal_Driver\Universal_Driver_soft\UniversalDriver_v2.1\EWARM\UniversalDriver_v2.1\Obj\mbfuncother.o"
#        "D:\Kicads
#        Schem\Universal_Driver\Universal_Driver_soft\UniversalDriver_v2.1\EWARM\UniversalDriver_v2.1\Obj\mbrtu.o"
#        "D:\Kicads
#        Schem\Universal_Driver\Universal_Driver_soft\UniversalDriver_v2.1\EWARM\UniversalDriver_v2.1\Obj\mbutils.o"
#        "D:\Kicads
#        Schem\Universal_Driver\Universal_Driver_soft\UniversalDriver_v2.1\EWARM\UniversalDriver_v2.1\Obj\motor.o"
#        "D:\Kicads
#        Schem\Universal_Driver\Universal_Driver_soft\UniversalDriver_v2.1\EWARM\UniversalDriver_v2.1\Obj\port.o"
#        "D:\Kicads
#        Schem\Universal_Driver\Universal_Driver_soft\UniversalDriver_v2.1\EWARM\UniversalDriver_v2.1\Obj\portasm.o"
#        "D:\Kicads
#        Schem\Universal_Driver\Universal_Driver_soft\UniversalDriver_v2.1\EWARM\UniversalDriver_v2.1\Obj\portevent.o"
#        "D:\Kicads
#        Schem\Universal_Driver\Universal_Driver_soft\UniversalDriver_v2.1\EWARM\UniversalDriver_v2.1\Obj\portserial.o"
#        "D:\Kicads
#        Schem\Universal_Driver\Universal_Driver_soft\UniversalDriver_v2.1\EWARM\UniversalDriver_v2.1\Obj\porttimer.o"
#        "D:\Kicads
#        Schem\Universal_Driver\Universal_Driver_soft\UniversalDriver_v2.1\EWARM\UniversalDriver_v2.1\Obj\queue.o"
#        "D:\Kicads
#        Schem\Universal_Driver\Universal_Driver_soft\UniversalDriver_v2.1\EWARM\UniversalDriver_v2.1\Obj\spi.o"
#        "D:\Kicads
#        Schem\Universal_Driver\Universal_Driver_soft\UniversalDriver_v2.1\EWARM\UniversalDriver_v2.1\Obj\startup_stm32f303xc.o"
#        "D:\Kicads
#        Schem\Universal_Driver\Universal_Driver_soft\UniversalDriver_v2.1\EWARM\UniversalDriver_v2.1\Obj\step3ph.o"
#        "D:\Kicads
#        Schem\Universal_Driver\Universal_Driver_soft\UniversalDriver_v2.1\EWARM\UniversalDriver_v2.1\Obj\stepper.o"
#        "D:\Kicads
#        Schem\Universal_Driver\Universal_Driver_soft\UniversalDriver_v2.1\EWARM\UniversalDriver_v2.1\Obj\stm32f3xx_hal.o"
#        "D:\Kicads
#        Schem\Universal_Driver\Universal_Driver_soft\UniversalDriver_v2.1\EWARM\UniversalDriver_v2.1\Obj\stm32f3xx_hal_adc.o"
#        "D:\Kicads
#        Schem\Universal_Driver\Universal_Driver_soft\UniversalDriver_v2.1\EWARM\UniversalDriver_v2.1\Obj\stm32f3xx_hal_adc_ex.o"
#        "D:\Kicads
#        Schem\Universal_Driver\Universal_Driver_soft\UniversalDriver_v2.1\EWARM\UniversalDriver_v2.1\Obj\stm32f3xx_hal_comp.o"
#        "D:\Kicads
#        Schem\Universal_Driver\Universal_Driver_soft\UniversalDriver_v2.1\EWARM\UniversalDriver_v2.1\Obj\stm32f3xx_hal_cortex.o"
#        "D:\Kicads
#        Schem\Universal_Driver\Universal_Driver_soft\UniversalDriver_v2.1\EWARM\UniversalDriver_v2.1\Obj\stm32f3xx_hal_dac.o"
#        "D:\Kicads
#        Schem\Universal_Driver\Universal_Driver_soft\UniversalDriver_v2.1\EWARM\UniversalDriver_v2.1\Obj\stm32f3xx_hal_dac_ex.o"
#        "D:\Kicads
#        Schem\Universal_Driver\Universal_Driver_soft\UniversalDriver_v2.1\EWARM\UniversalDriver_v2.1\Obj\stm32f3xx_hal_dma.o"
#        "D:\Kicads
#        Schem\Universal_Driver\Universal_Driver_soft\UniversalDriver_v2.1\EWARM\UniversalDriver_v2.1\Obj\stm32f3xx_hal_exti.o"
#        "D:\Kicads
#        Schem\Universal_Driver\Universal_Driver_soft\UniversalDriver_v2.1\EWARM\UniversalDriver_v2.1\Obj\stm32f3xx_hal_flash.o"
#        "D:\Kicads
#        Schem\Universal_Driver\Universal_Driver_soft\UniversalDriver_v2.1\EWARM\UniversalDriver_v2.1\Obj\stm32f3xx_hal_flash_ex.o"
#        "D:\Kicads
#        Schem\Universal_Driver\Universal_Driver_soft\UniversalDriver_v2.1\EWARM\UniversalDriver_v2.1\Obj\stm32f3xx_hal_gpio.o"
#        "D:\Kicads
#        Schem\Universal_Driver\Universal_Driver_soft\UniversalDriver_v2.1\EWARM\UniversalDriver_v2.1\Obj\stm32f3xx_hal_i2c.o"
#        "D:\Kicads
#        Schem\Universal_Driver\Universal_Driver_soft\UniversalDriver_v2.1\EWARM\UniversalDriver_v2.1\Obj\stm32f3xx_hal_i2c_ex.o"
#        "D:\Kicads
#        Schem\Universal_Driver\Universal_Driver_soft\UniversalDriver_v2.1\EWARM\UniversalDriver_v2.1\Obj\stm32f3xx_hal_msp.o"
#        "D:\Kicads
#        Schem\Universal_Driver\Universal_Driver_soft\UniversalDriver_v2.1\EWARM\UniversalDriver_v2.1\Obj\stm32f3xx_hal_pcd.o"
#        "D:\Kicads
#        Schem\Universal_Driver\Universal_Driver_soft\UniversalDriver_v2.1\EWARM\UniversalDriver_v2.1\Obj\stm32f3xx_hal_pcd_ex.o"
#        "D:\Kicads
#        Schem\Universal_Driver\Universal_Driver_soft\UniversalDriver_v2.1\EWARM\UniversalDriver_v2.1\Obj\stm32f3xx_hal_pwr.o"
#        "D:\Kicads
#        Schem\Universal_Driver\Universal_Driver_soft\UniversalDriver_v2.1\EWARM\UniversalDriver_v2.1\Obj\stm32f3xx_hal_pwr_ex.o"
#        "D:\Kicads
#        Schem\Universal_Driver\Universal_Driver_soft\UniversalDriver_v2.1\EWARM\UniversalDriver_v2.1\Obj\stm32f3xx_hal_rcc.o"
#        "D:\Kicads
#        Schem\Universal_Driver\Universal_Driver_soft\UniversalDriver_v2.1\EWARM\UniversalDriver_v2.1\Obj\stm32f3xx_hal_rcc_ex.o"
#        "D:\Kicads
#        Schem\Universal_Driver\Universal_Driver_soft\UniversalDriver_v2.1\EWARM\UniversalDriver_v2.1\Obj\stm32f3xx_hal_spi.o"
#        "D:\Kicads
#        Schem\Universal_Driver\Universal_Driver_soft\UniversalDriver_v2.1\EWARM\UniversalDriver_v2.1\Obj\stm32f3xx_hal_spi_ex.o"
#        "D:\Kicads
#        Schem\Universal_Driver\Universal_Driver_soft\UniversalDriver_v2.1\EWARM\UniversalDriver_v2.1\Obj\stm32f3xx_hal_tim.o"
#        "D:\Kicads
#        Schem\Universal_Driver\Universal_Driver_soft\UniversalDriver_v2.1\EWARM\UniversalDriver_v2.1\Obj\stm32f3xx_hal_tim_ex.o"
#        "D:\Kicads
#        Schem\Universal_Driver\Universal_Driver_soft\UniversalDriver_v2.1\EWARM\UniversalDriver_v2.1\Obj\stm32f3xx_hal_timebase_tim.o"
#        "D:\Kicads
#        Schem\Universal_Driver\Universal_Driver_soft\UniversalDriver_v2.1\EWARM\UniversalDriver_v2.1\Obj\stm32f3xx_hal_uart.o"
#        "D:\Kicads
#        Schem\Universal_Driver\Universal_Driver_soft\UniversalDriver_v2.1\EWARM\UniversalDriver_v2.1\Obj\stm32f3xx_hal_uart_ex.o"
#        "D:\Kicads
#        Schem\Universal_Driver\Universal_Driver_soft\UniversalDriver_v2.1\EWARM\UniversalDriver_v2.1\Obj\stm32f3xx_it.o"
#        "D:\Kicads
#        Schem\Universal_Driver\Universal_Driver_soft\UniversalDriver_v2.1\EWARM\UniversalDriver_v2.1\Obj\stm32f3xx_ll_usb.o"
#        "D:\Kicads
#        Schem\Universal_Driver\Universal_Driver_soft\UniversalDriver_v2.1\EWARM\UniversalDriver_v2.1\Obj\stream_buffer.o"
#        "D:\Kicads
#        Schem\Universal_Driver\Universal_Driver_soft\UniversalDriver_v2.1\EWARM\UniversalDriver_v2.1\Obj\system_stm32f3xx.o"
#        "D:\Kicads
#        Schem\Universal_Driver\Universal_Driver_soft\UniversalDriver_v2.1\EWARM\UniversalDriver_v2.1\Obj\tasks.o"
#        "D:\Kicads
#        Schem\Universal_Driver\Universal_Driver_soft\UniversalDriver_v2.1\EWARM\UniversalDriver_v2.1\Obj\tim.o"
#        "D:\Kicads
#        Schem\Universal_Driver\Universal_Driver_soft\UniversalDriver_v2.1\EWARM\UniversalDriver_v2.1\Obj\timers.o"
#        "D:\Kicads
#        Schem\Universal_Driver\Universal_Driver_soft\UniversalDriver_v2.1\EWARM\UniversalDriver_v2.1\Obj\usart.o"
#        "D:\Kicads
#        Schem\Universal_Driver\Universal_Driver_soft\UniversalDriver_v2.1\EWARM\UniversalDriver_v2.1\Obj\usb_device.o"
#        "D:\Kicads
#        Schem\Universal_Driver\Universal_Driver_soft\UniversalDriver_v2.1\EWARM\UniversalDriver_v2.1\Obj\usbd_cdc.o"
#        "D:\Kicads
#        Schem\Universal_Driver\Universal_Driver_soft\UniversalDriver_v2.1\EWARM\UniversalDriver_v2.1\Obj\usbd_cdc_if.o"
#        "D:\Kicads
#        Schem\Universal_Driver\Universal_Driver_soft\UniversalDriver_v2.1\EWARM\UniversalDriver_v2.1\Obj\usbd_conf.o"
#        "D:\Kicads
#        Schem\Universal_Driver\Universal_Driver_soft\UniversalDriver_v2.1\EWARM\UniversalDriver_v2.1\Obj\usbd_core.o"
#        "D:\Kicads
#        Schem\Universal_Driver\Universal_Driver_soft\UniversalDriver_v2.1\EWARM\UniversalDriver_v2.1\Obj\usbd_ctlreq.o"
#        "D:\Kicads
#        Schem\Universal_Driver\Universal_Driver_soft\UniversalDriver_v2.1\EWARM\UniversalDriver_v2.1\Obj\usbd_desc.o"
#        "D:\Kicads
#        Schem\Universal_Driver\Universal_Driver_soft\UniversalDriver_v2.1\EWARM\UniversalDriver_v2.1\Obj\usbd_ioreq.o"
#        --redirect _Printf=_PrintfFull --redirect _Scanf=_ScanfFull
#        --no_out_extension -o "D:\Kicads
#        Schem\Universal_Driver\Universal_Driver_soft\UniversalDriver_v2.1\EWARM\UniversalDriver_v2.1\Exe\UniversalDriver_v2.1.out"
#        --map "D:\Kicads
#        Schem\Universal_Driver\Universal_Driver_soft\UniversalDriver_v2.1\EWARM\UniversalDriver_v2.1\List\UniversalDriver_v2.1.map"
#        --config "D:\Kicads
#        Schem\Universal_Driver\Universal_Driver_soft\UniversalDriver_v2.1\EWARM/stm32f303xc_flash.icf"
#        --semihosting --entry __iar_program_start --vfe --text_out locale)
#
###############################################################################

*******************************************************************************
*** RUNTIME MODEL ATTRIBUTES
***

CppFlavor                     = *
__CPP_Exceptions              = Disabled
__CPP_Language                = C++14
__Heap_Handler                = Basic
__SystemLibrary               = DLib
__dlib_dynamic_initialization = normal
__dlib_version                = 6


*******************************************************************************
*** HEAP SELECTION
***

The basic heap was selected because no calls to memory allocation
functions were found in the application outside of system library
functions, and there are calls to deallocation functions in the
application.


*******************************************************************************
*** PLACEMENT SUMMARY
***

"A0":  place at address 0x800'0000 { ro section .intvec };
"P1":  place in [from 0x800'0000 to 0x803'ffff] { ro };
define block CSTACK with size = 1K, alignment = 8 { };
define block HEAP with size = 4K, alignment = 8 { };
"P2":  place in [from 0x2000'0000 to 0x2000'9fff] {
          rw, block CSTACK, block HEAP };
initialize by copy { rw };

  Section                Kind         Address    Size  Object
  -------                ----         -------    ----  ------
"A0":                                           0x188
  .intvec                ro code   0x800'0000   0x188  startup_stm32f303xc.o [1]
                                 - 0x800'0188   0x188

"P1":                                          0xb88c
  .text                  ro code   0x800'0188   0xf56  stm32f3xx_hal_tim.o [1]
  .text                  ro code   0x800'10de    0x3a  zero_init3.o [5]
  .text                  ro code   0x800'1118   0x7e0  tim.o [1]
  .text                  ro code   0x800'18f8   0x222  main.o [1]
  .text                  ro code   0x800'1b1a     0x2  stm32f3xx_hal_tim.o [1]
  .text                  ro code   0x800'1b1c     0x2  stm32f3xx_hal_tim.o [1]
  .text                  ro code   0x800'1b1e     0x2  stm32f3xx_hal_tim_ex.o [1]
  .text                  ro code   0x800'1b20     0x2  stm32f3xx_hal_tim_ex.o [1]
  .text                  ro code   0x800'1b22     0x2  stm32f3xx_hal_tim.o [1]
  .text                  ro code   0x800'1b24     0x2  stm32f3xx_hal_tim_ex.o [1]
  .text                  ro code   0x800'1b26    0x14  memset.o [5]
  .rodata                const     0x800'1b3a     0x1  unwind_debug.o [6]
  .text                  ro code   0x800'1b3c   0x240  stm32f3xx_hal_tim_ex.o [1]
  .text                  ro code   0x800'1d7c   0x1e0  stm32f3xx_hal_gpio.o [1]
  .text                  ro code   0x800'1f5c    0xe8  stm32f3xx_hal_cortex.o [1]
  .text                  ro code   0x800'2044   0xb58  BLDC.o [1]
  .text                  ro code   0x800'2b9c   0x14a  LED.o [1]
  .text                  ro code   0x800'2ce8    0x24  stm32f3xx_hal.o [1]
  .text                  ro code   0x800'2d0c   0x1dc  gpio.o [1]
  .text                  ro code   0x800'2ee8   0x200  adc.o [1]
  .text                  ro code   0x800'30e8    0xc8  dac.o [1]
  .text                  ro code   0x800'31b0    0xc8  spi.o [1]
  .text                  ro code   0x800'3278    0xc4  usart.o [1]
  .text                  ro code   0x800'333c   0x1e0  comp.o [1]
  .text                  ro code   0x800'351c   0x104  flash.o [1]
  .text                  ro code   0x800'3620    0x28  stm32f3xx_hal.o [1]
  .text                  ro code   0x800'3648   0x3a8  freertos.o [1]
  .text                  ro code   0x800'39f0    0xd2  cmsis_os.o [1]
  .text                  ro code   0x800'3ac4    0x66  ABImemset.o [5]
  .text                  ro code   0x800'3b2c   0x960  stm32f3xx_hal_rcc.o [1]
  .text                  ro code   0x800'448c   0x250  stm32f3xx_hal_rcc_ex.o [1]
  .text                  ro code   0x800'46dc    0x18  stm32f3xx_hal.o [1]
  .text                  ro code   0x800'46f4    0x1a  U32ToDbl.o [4]
  .text                  ro code   0x800'470e    0xc6  motor.o [1]
  .text                  ro code   0x800'47d4    0x3a  DblToS32.o [4]
  .text                  ro code   0x800'4810   0x246  DblDiv.o [4]
  .text                  ro code   0x800'4a58   0x1a2  DblMul.o [4]
  .text                  ro code   0x800'4bfc    0x68  DblToFlt.o [4]
  .text                  ro code   0x800'4c64    0x48  FltToDbl.o [4]
  .text                  ro code   0x800'4cac    0x80  stm32f3xx_hal_timebase_tim.o [1]
  .text                  ro code   0x800'4d2c    0x40  stm32f3xx_hal_msp.o [1]
  .text                  ro code   0x800'4d6c   0x940  stm32f3xx_hal_adc_ex.o [1]
  .text                  ro code   0x800'56ac    0x2c  stm32f3xx_hal_dac.o [1]
  .text                  ro code   0x800'56d8    0xc4  stm32f3xx_hal_dac_ex.o [1]
  .text                  ro code   0x800'579c   0x104  stm32f3xx_hal_spi.o [1]
  .text                  ro code   0x800'58a0    0x92  stm32f3xx_hal_uart_ex.o [1]
  .text                  ro code   0x800'5934    0xcc  stm32f3xx_hal_comp.o [1]
  .text                  ro code   0x800'5a00     0xc  stm32f3xx_hal.o [1]
  .text                  ro code   0x800'5a0c    0xa6  ABImemcpy.o [5]
  .text                  ro code   0x800'5ab4    0x58  usb_device.o [1]
  .text                  ro code   0x800'5b0c   0x200  mb.o [1]
  .text                  ro code   0x800'5d0c   0x830  tasks.o [1]
  .text                  ro code   0x800'653c    0xe2  DblSub.o [4]
  .text                  ro code   0x800'6620   0x17a  DblAdd.o [4]
  .text                  ro code   0x800'679a     0x2  stm32f3xx_hal_dac.o [1]
  .text                  ro code   0x800'679c     0x2  stm32f3xx_hal_dac_ex.o [1]
  .text                  ro code   0x800'67a0   0x8b8  stm32f3xx_hal_uart.o [1]
  .text                  ro code   0x800'7058   0x33e  usbd_core.o [1]
  .text                  ro code   0x800'7398   0x37c  usbd_cdc.o [1]
  .text                  ro code   0x800'7714   0x2c4  mbrtu.o [1]
  .text                  ro code   0x800'79d8    0x3c  portevent.o [1]
  .text                  ro code   0x800'7a14   0x260  heap_4.o [1]
  .text                  ro code   0x800'7c74    0x98  list.o [1]
  .text                  ro code   0x800'7d0c   0x258  port.o [1]
  .text                  ro code   0x800'7f64    0x9a  stm32f3xx_hal_dma.o [1]
  .text                  ro code   0x800'7ffe     0x2  stm32f3xx_hal_uart.o [1]
  .text                  ro code   0x800'8000     0x2  stm32f3xx_hal_uart.o [1]
  .text                  ro code   0x800'8002     0x2  stm32f3xx_hal_uart.o [1]
  .text                  ro code   0x800'8004   0x306  usbd_conf.o [1]
  .text                  ro code   0x800'830c   0x7b8  usbd_ctlreq.o [1]
  .text                  ro code   0x800'8ac4    0x9c  usbd_ioreq.o [1]
  .text                  ro code   0x800'8b60    0xf4  portserial.o [1]
  .text                  ro code   0x800'8c54    0x80  porttimer.o [1]
  .text                  ro code   0x800'8cd4    0x24  ABIassert.o [6]
  .text                  ro code   0x800'8cf8    0x40  mbcrc.o [1]
  CODE                   ro code   0x800'8d38    0xb0  portasm.o [1]
  .text                  ro code   0x800'8de8   0xd74  stm32f3xx_hal_pcd.o [1]
  .text                  ro code   0x800'9b5c    0x44  stm32f3xx_hal_pcd_ex.o [1]
  .text                  ro code   0x800'9ba0     0x6  abort.o [2]
  .text                  ro code   0x800'9ba6   0xe02  stm32f3xx_ll_usb.o [1]
  .text                  ro code   0x800'a9a8    0x14  exit.o [6]
  .text                  ro code   0x800'a9bc   0x21c  mbfuncholding.o [1]
  .text                  ro code   0x800'abd8    0x22  mbutils.o [1]
  .text                  ro code   0x800'abfa   0x198  mbfunccoils.o [1]
  .text                  ro code   0x800'ad94   0x136  usbd_desc.o [1]
  .rodata                const     0x800'aecc   0x100  mbcrc.o [1]
  .rodata                const     0x800'afcc   0x100  mbcrc.o [1]
  .text                  ro code   0x800'b0cc    0xf8  stm32f3xx_it.o [1]
  .text                  ro code   0x800'b1c4    0x9c  mbfuncdisc.o [1]
  .text                  ro code   0x800'b260    0x98  usbd_cdc_if.o [1]
  .text                  ro code   0x800'b2f8    0x70  strncpy.o [5]
  .text                  ro code   0x800'b368    0x86  mbfuncinput.o [1]
  .rodata                const     0x800'b3f0    0x78  mbrtu.o [1]
  .text                  ro code   0x800'b468    0x78  lz77_init_single.o [5]
  .rodata                const     0x800'b4e0    0x64  mbrtu.o [1]
  .rodata                const     0x800'b544    0x4c  BLDC.o [1]
  .text                  ro code   0x800'b590    0x28  data_init.o [5]
  .text                  ro code   0x800'b5b8    0x24  mbfuncother.o [1]
  .text                  ro code   0x800'b5dc    0x22  fpinit_M.o [4]
  .iar.init_table        const     0x800'b600    0x24  - Linker created -
  .text                  ro code   0x800'b624    0x20  cmain_call_ctors.o [5]
  .text                  ro code   0x800'b644    0x18  cppinit.o [2]
  .text                  ro code   0x800'b65c    0x1e  cmain.o [5]
  .text                  ro code   0x800'b67a     0x4  low_level_init.o [2]
  .text                  ro code   0x800'b67e     0x4  exit.o [2]
  .text                  ro code   0x800'b684     0xa  cexit.o [5]
  .rodata                const     0x800'b690    0x1c  freertos.o [1]
  .rodata                const     0x800'b6ac    0x1c  freertos.o [1]
  .rodata                const     0x800'b6c8    0x1c  mbrtu.o [1]
  .rodata                const     0x800'b6e4    0x1c  mbrtu.o [1]
  .text                  ro code   0x800'b700    0x1c  system_stm32f3xx.o [1]
  .rodata                const     0x800'b71c    0x18  mbrtu.o [1]
  .rodata                const     0x800'b734    0x14  usbd_desc.o [1]
  .rodata                const     0x800'b748    0x14  usbd_desc.o [1]
  .rodata                const     0x800'b75c    0x10  stm32f3xx_hal_rcc.o [1]
  .rodata                const     0x800'b76c    0x10  stm32f3xx_hal_rcc.o [1]
  .rodata                const     0x800'b77c    0x10  system_stm32f3xx.o [1]
  .rodata                const     0x800'b78c    0x10  usbd_desc.o [1]
  .text                  ro code   0x800'b79c    0x10  startup_stm32f303xc.o [1]
  .rodata                const     0x800'b7ac     0xc  freertos.o [1]
  .rodata                const     0x800'b7b8     0xc  usbd_desc.o [1]
  .text                  ro code   0x800'b7c4     0xc  cstartup_M.o [5]
  .rodata                const     0x800'b7d0     0x8  freertos.o [1]
  .rodata                const     0x800'b7d8     0x8  system_stm32f3xx.o [1]
  .rodata                const     0x800'b7e0     0x8  tasks.o [1]
  .rodata                const     0x800'b7e8     0x4  heap_4.o [1]
  .rodata                const     0x800'b7ec     0x4  port.o [1]
  .text                  ro code   0x800'b7f0     0x4  startup_stm32f303xc.o [1]
  .text                  ro code   0x800'b7f4     0x4  startup_stm32f303xc.o [1]
  .text                  ro code   0x800'b7f8     0x4  startup_stm32f303xc.o [1]
  .text                  ro code   0x800'b7fc     0x4  startup_stm32f303xc.o [1]
  .text                  ro code   0x800'b800     0x4  startup_stm32f303xc.o [1]
  .text                  ro code   0x800'b804     0x4  startup_stm32f303xc.o [1]
  .text                  ro code   0x800'b808     0x4  startup_stm32f303xc.o [1]
  .text                  ro code   0x800'b80c     0x4  startup_stm32f303xc.o [1]
  .text                  ro code   0x800'b810     0x4  startup_stm32f303xc.o [1]
  .text                  ro code   0x800'b814     0x4  startup_stm32f303xc.o [1]
  .text                  ro code   0x800'b818     0x4  startup_stm32f303xc.o [1]
  .text                  ro code   0x800'b81c     0x4  startup_stm32f303xc.o [1]
  .text                  ro code   0x800'b820     0x4  startup_stm32f303xc.o [1]
  .text                  ro code   0x800'b824     0x4  startup_stm32f303xc.o [1]
  .text                  ro code   0x800'b828     0x4  startup_stm32f303xc.o [1]
  .text                  ro code   0x800'b82c     0x4  startup_stm32f303xc.o [1]
  .text                  ro code   0x800'b830     0x4  startup_stm32f303xc.o [1]
  .text                  ro code   0x800'b834     0x4  startup_stm32f303xc.o [1]
  .text                  ro code   0x800'b838     0x4  startup_stm32f303xc.o [1]
  .text                  ro code   0x800'b83c     0x4  startup_stm32f303xc.o [1]
  .text                  ro code   0x800'b840     0x4  startup_stm32f303xc.o [1]
  .text                  ro code   0x800'b844     0x4  startup_stm32f303xc.o [1]
  .text                  ro code   0x800'b848     0x4  startup_stm32f303xc.o [1]
  .text                  ro code   0x800'b84c     0x4  startup_stm32f303xc.o [1]
  .text                  ro code   0x800'b850     0x4  startup_stm32f303xc.o [1]
  .text                  ro code   0x800'b854     0x4  startup_stm32f303xc.o [1]
  .text                  ro code   0x800'b858     0x4  startup_stm32f303xc.o [1]
  .text                  ro code   0x800'b85c     0x4  startup_stm32f303xc.o [1]
  .text                  ro code   0x800'b860     0x4  startup_stm32f303xc.o [1]
  .text                  ro code   0x800'b864     0x4  startup_stm32f303xc.o [1]
  .text                  ro code   0x800'b868     0x4  startup_stm32f303xc.o [1]
  .text                  ro code   0x800'b86c     0x4  startup_stm32f303xc.o [1]
  .text                  ro code   0x800'b870     0x4  startup_stm32f303xc.o [1]
  .text                  ro code   0x800'b874     0x4  startup_stm32f303xc.o [1]
  .text                  ro code   0x800'b878     0x4  startup_stm32f303xc.o [1]
  .text                  ro code   0x800'b87c     0x4  startup_stm32f303xc.o [1]
  .text                  ro code   0x800'b880     0x4  startup_stm32f303xc.o [1]
  .text                  ro code   0x800'b884     0x4  startup_stm32f303xc.o [1]
  .text                  ro code   0x800'b888     0x4  startup_stm32f303xc.o [1]
  .text                  ro code   0x800'b88c     0x4  startup_stm32f303xc.o [1]
  .text                  ro code   0x800'b890     0x4  startup_stm32f303xc.o [1]
  .text                  ro code   0x800'b894     0x4  startup_stm32f303xc.o [1]
  .text                  ro code   0x800'b898     0x4  startup_stm32f303xc.o [1]
  .text                  ro code   0x800'b89c     0x4  startup_stm32f303xc.o [1]
  .text                  ro code   0x800'b8a0     0x4  startup_stm32f303xc.o [1]
  .text                  ro code   0x800'b8a4     0x4  startup_stm32f303xc.o [1]
  .text                  ro code   0x800'b8a8     0x4  startup_stm32f303xc.o [1]
  .text                  ro code   0x800'b8ac     0x4  startup_stm32f303xc.o [1]
  .text                  ro code   0x800'b8b0     0x4  startup_stm32f303xc.o [1]
  .text                  ro code   0x800'b8b4     0x4  startup_stm32f303xc.o [1]
  .text                  ro code   0x800'b8b8     0x4  startup_stm32f303xc.o [1]
  .text                  ro code   0x800'b8bc     0x4  startup_stm32f303xc.o [1]
  .text                  ro code   0x800'b8c0     0x4  startup_stm32f303xc.o [1]
  .text                  ro code   0x800'b8c4     0x4  startup_stm32f303xc.o [1]
  .text                  ro code   0x800'b8c8     0x4  startup_stm32f303xc.o [1]
  .text                  ro code   0x800'b8cc     0x4  startup_stm32f303xc.o [1]
  .text                  ro code   0x800'b8d0     0x4  startup_stm32f303xc.o [1]
  .text                  ro code   0x800'b8d4     0x4  startup_stm32f303xc.o [1]
  .text                  ro code   0x800'b8d8     0x4  startup_stm32f303xc.o [1]
  .text                  ro code   0x800'b8dc     0x4  startup_stm32f303xc.o [1]
  SHT$$PREINIT_ARRAY               0x800'b8e0     0x0  <Block>
  SHT$$INIT_ARRAY                  0x800'b8e0     0x4  <Block>
    .init_array          const     0x800'b8e0     0x4  main.o [1]
  __iar_tls$$INIT_ARRAY            0x800'b8e4     0x0  <Block>
  .rodata                const     0x800'b8e4     0x0  zero_init3.o [5]
  .rodata                const     0x800'b8e4     0x0  lz77_init_single.o [5]
  Initializer bytes      const     0x800'b8e4   0x130  <for P2-1>
                                 - 0x800'ba14  0xb88c

"P2", part 1 of 3:                              0x212
  P2-1                            0x2000'0000   0x212  <Init block>
    .data                inited   0x2000'0000     0x4  freertos.o [1]
    .data                inited   0x2000'0004     0xc  main.o [1]
    .data                inited   0x2000'0010    0x80  mb.o [1]
    .data                inited   0x2000'0090     0x4  port.o [1]
    .data                inited   0x2000'0094     0x4  portserial.o [1]
    .data                inited   0x2000'0098     0x4  stm32f3xx_hal.o [1]
    .data                inited   0x2000'009c     0x4  system_stm32f3xx.o [1]
    .data                inited   0x2000'00a0     0xc  usbd_cdc.o [1]
    .data                inited   0x2000'00ac    0x38  usbd_cdc.o [1]
    .data                inited   0x2000'00e4    0x44  usbd_cdc.o [1]
    .data                inited   0x2000'0128    0x44  usbd_cdc.o [1]
    .data                inited   0x2000'016c    0x44  usbd_cdc.o [1]
    .data                inited   0x2000'01b0    0x10  usbd_cdc_if.o [1]
    .data                inited   0x2000'01c0    0x1c  usbd_desc.o [1]
    .data                inited   0x2000'01dc    0x14  usbd_desc.o [1]
    .data                inited   0x2000'01f0     0x4  usbd_desc.o [1]
    .data                inited   0x2000'01f4    0x1c  usbd_desc.o [1]
    .data                inited   0x2000'0210     0x1  mb.o [1]
    .data                inited   0x2000'0211     0x1  stm32f3xx_hal.o [1]
                                - 0x2000'0212   0x212

"P2", part 2 of 3:                             0x6ca4
  .bss                   zero     0x2000'0214  0x5000  heap_4.o [1]
  .bss                   zero     0x2000'5214   0x3e8  usbd_cdc_if.o [1]
  .bss                   zero     0x2000'55fc   0x3e8  usbd_cdc_if.o [1]
  .bss                   zero     0x2000'59e4   0x2ec  usbd_conf.o [1]
  .bss                   zero     0x2000'5cd0   0x2c4  usb_device.o [1]
  .bss                   zero     0x2000'5f94   0x220  usbd_conf.o [1]
  .bss                   zero     0x2000'61b4   0x200  freertos.o [1]
  .bss                   zero     0x2000'63b4   0x200  usbd_desc.o [1]
  .bss                   zero     0x2000'65b4   0x100  mbrtu.o [1]
  .bss                   zero     0x2000'66b4    0x8c  tasks.o [1]
  .bss                   zero     0x2000'6740    0x84  usart.o [1]
  .bss                   zero     0x2000'67c4    0x68  main.o [1]
  .bss                   zero     0x2000'682c    0x64  spi.o [1]
  .bss                   zero     0x2000'6890    0x54  freertos.o [1]
  .bss                   zero     0x2000'68e4    0x50  adc.o [1]
  .bss                   zero     0x2000'6934    0x50  adc.o [1]
  .bss                   zero     0x2000'6984    0x4c  stm32f3xx_hal_timebase_tim.o [1]
  .bss                   zero     0x2000'69d0    0x4c  tim.o [1]
  .bss                   zero     0x2000'6a1c    0x4c  tim.o [1]
  .bss                   zero     0x2000'6a68    0x4c  tim.o [1]
  .bss                   zero     0x2000'6ab4    0x4c  tim.o [1]
  .bss                   zero     0x2000'6b00    0x4c  tim.o [1]
  .bss                   zero     0x2000'6b4c    0x4c  tim.o [1]
  .bss                   zero     0x2000'6b98    0x4c  tim.o [1]
  .bss                   zero     0x2000'6be4    0x4c  tim.o [1]
  .bss                   zero     0x2000'6c30    0x30  comp.o [1]
  .bss                   zero     0x2000'6c60    0x30  comp.o [1]
  .bss                   zero     0x2000'6c90    0x30  comp.o [1]
  .bss                   zero     0x2000'6cc0    0x30  main.o [1]
  .bss                   zero     0x2000'6cf0    0x30  main.o [1]
  .bss                   zero     0x2000'6d20    0x30  main.o [1]
  .bss                   zero     0x2000'6d50    0x20  mbfuncother.o [1]
  .bss                   zero     0x2000'6d70    0x18  main.o [1]
  .bss                   zero     0x2000'6d88    0x14  dac.o [1]
  .bss                   zero     0x2000'6d9c    0x14  tasks.o [1]
  .bss                   zero     0x2000'6db0    0x14  tasks.o [1]
  .bss                   zero     0x2000'6dc4    0x14  tasks.o [1]
  .bss                   zero     0x2000'6dd8    0x14  tasks.o [1]
  .bss                   zero     0x2000'6dec    0x14  tasks.o [1]
  .bss                   zero     0x2000'6e00     0x8  heap_4.o [1]
  .bss                   zero     0x2000'6e08     0x4  adc.o [1]
  .bss                   zero     0x2000'6e0c     0x4  freertos.o [1]
  .bss                   zero     0x2000'6e10     0x4  freertos.o [1]
  .bss                   zero     0x2000'6e14     0x4  freertos.o [1]
  .bss                   zero     0x2000'6e18     0x4  freertos.o [1]
  .bss                   zero     0x2000'6e1c     0x4  heap_4.o [1]
  .bss                   zero     0x2000'6e20     0x4  heap_4.o [1]
  .bss                   zero     0x2000'6e24     0x4  heap_4.o [1]
  .bss                   zero     0x2000'6e28     0x4  heap_4.o [1]
  .bss                   zero     0x2000'6e2c     0x4  main.o [1]
  .bss                   zero     0x2000'6e30     0x4  main.o [1]
  .bss                   zero     0x2000'6e34     0x4  mb.o [1]
  .bss                   zero     0x2000'6e38     0x4  mb.o [1]
  .bss                   zero     0x2000'6e3c     0x4  mb.o [1]
  .bss                   zero     0x2000'6e40     0x4  mb.o [1]
  .bss                   zero     0x2000'6e44     0x4  mb.o [1]
  .bss                   zero     0x2000'6e48     0x4  mb.o [1]
  .bss                   zero     0x2000'6e4c     0x4  mb.o [1]
  .bss                   zero     0x2000'6e50     0x4  mb.o [1]
  .bss                   zero     0x2000'6e54     0x4  mb.o [1]
  .bss                   zero     0x2000'6e58     0x4  mbrtu.o [1]
  .bss                   zero     0x2000'6e5c     0x4  port.o [1]
  .bss                   zero     0x2000'6e60     0x4  stm32f3xx_hal.o [1]
  .bss                   zero     0x2000'6e64     0x4  tasks.o [1]
  .bss                   zero     0x2000'6e68     0x4  tasks.o [1]
  .bss                   zero     0x2000'6e6c     0x4  tasks.o [1]
  .bss                   zero     0x2000'6e70     0x4  tasks.o [1]
  .bss                   zero     0x2000'6e74     0x4  tasks.o [1]
  .bss                   zero     0x2000'6e78     0x4  tasks.o [1]
  .bss                   zero     0x2000'6e7c     0x4  tasks.o [1]
  .bss                   zero     0x2000'6e80     0x4  tasks.o [1]
  .bss                   zero     0x2000'6e84     0x4  tasks.o [1]
  .bss                   zero     0x2000'6e88     0x4  tasks.o [1]
  .bss                   zero     0x2000'6e8c     0x4  tasks.o [1]
  .bss                   zero     0x2000'6e90     0x4  tasks.o [1]
  .bss                   zero     0x2000'6e94     0x4  tasks.o [1]
  .bss                   zero     0x2000'6e98     0x4  tasks.o [1]
  .bss                   zero     0x2000'6e9c     0x4  tasks.o [1]
  .bss                   zero     0x2000'6ea0     0x2  mb.o [1]
  .bss                   zero     0x2000'6ea2     0x2  mbfuncother.o [1]
  .bss                   zero     0x2000'6ea4     0x2  mbrtu.o [1]
  .bss                   zero     0x2000'6ea6     0x2  mbrtu.o [1]
  .bss                   zero     0x2000'6ea8     0x2  porttimer.o [1]
  .bss                   zero     0x2000'6eaa     0x2  porttimer.o [1]
  .bss                   zero     0x2000'6eac     0x1  mb.o [1]
  .bss                   zero     0x2000'6ead     0x1  mb.o [1]
  .bss                   zero     0x2000'6eae     0x1  mb.o [1]
  .bss                   zero     0x2000'6eaf     0x1  mb.o [1]
  .bss                   zero     0x2000'6eb0     0x1  mb.o [1]
  .bss                   zero     0x2000'6eb1     0x1  mbrtu.o [1]
  .bss                   zero     0x2000'6eb2     0x1  mbrtu.o [1]
  .bss                   zero     0x2000'6eb3     0x1  port.o [1]
  .bss                   zero     0x2000'6eb4     0x1  portevent.o [1]
  .bss                   zero     0x2000'6eb5     0x1  portevent.o [1]
  .bss                   zero     0x2000'6eb6     0x1  usbd_ctlreq.o [1]
                                - 0x2000'6eb7  0x6ca3

"P2", part 3 of 3:                              0x400
  CSTACK                          0x2000'6eb8   0x400  <Block>
    CSTACK               uninit   0x2000'6eb8   0x400  <Block tail>
                                - 0x2000'72b8   0x400

Unused ranges:

         From           To      Size
         ----           --      ----
   0x800'ba14   0x803'ffff  0x3'45ec
  0x2000'0212  0x2000'0213       0x2
  0x2000'72b8  0x2000'9fff    0x2d48


*******************************************************************************
*** INIT TABLE
***

          Address      Size
          -------      ----
Zero (__iar_zero_init3)
    1 destination range, total size 0x6ca3:
          0x2000'0214  0x6ca3

Copy/lz77 (__iar_lz77_init_single3)
    1 source range, total size 0x130 (57% of destination):
           0x800'b8e4   0x130
    1 destination range, total size 0x212:
          0x2000'0000   0x212

Extra (__iar_cstart_call_ctors)



*******************************************************************************
*** MODULE SUMMARY
***

    Module                        ro code  ro data  rw data
    ------                        -------  -------  -------
command line/config:
    -------------------------------------------------------
    Total:

D:\Kicads Schem\Universal_Driver\Universal_Driver_soft\UniversalDriver_v2.1\EWARM\UniversalDriver_v2.1\Obj: [1]
    BLDC.o                          2'904       76
    LED.o                             330
    adc.o                             512               164
    cmsis_os.o                        210
    comp.o                            480               144
    dac.o                             200                20
    flash.o                           260
    freertos.o                        936       78      616
    gpio.o                            476
    heap_4.o                          608        4   20'504
    list.o                            152
    main.o                            546       11      292
    mb.o                              512       74      172
    mbcrc.o                            64      512
    mbfunccoils.o                     408
    mbfuncdisc.o                      156
    mbfuncholding.o                   540
    mbfuncinput.o                     134
    mbfuncother.o                      36                34
    mbrtu.o                           708      300      266
    mbutils.o                          34
    motor.o                           198
    port.o                            600        6        9
    portasm.o                         176
    portevent.o                        60                 2
    portserial.o                      244        3        4
    porttimer.o                       128                 4
    spi.o                             200               100
    startup_stm32f303xc.o             648
    stm32f3xx_hal.o                   112        3        9
    stm32f3xx_hal_adc_ex.o          2'368
    stm32f3xx_hal_comp.o              204
    stm32f3xx_hal_cortex.o            232
    stm32f3xx_hal_dac.o                46
    stm32f3xx_hal_dac_ex.o            198
    stm32f3xx_hal_dma.o               154
    stm32f3xx_hal_gpio.o              480
    stm32f3xx_hal_msp.o                64
    stm32f3xx_hal_pcd.o             3'444
    stm32f3xx_hal_pcd_ex.o             68
    stm32f3xx_hal_rcc.o             2'400       32
    stm32f3xx_hal_rcc_ex.o            592
    stm32f3xx_hal_spi.o               260
    stm32f3xx_hal_tim.o             3'932
    stm32f3xx_hal_tim_ex.o            582
    stm32f3xx_hal_timebase_tim.o      128                76
    stm32f3xx_hal_uart.o            2'238
    stm32f3xx_hal_uart_ex.o           146
    stm32f3xx_it.o                    248
    stm32f3xx_ll_usb.o              3'586
    system_stm32f3xx.o                 28       26        4
    tasks.o                         2'096        8      300
    tim.o                           2'016               608
    usart.o                           196               132
    usb_device.o                       88               708
    usbd_cdc.o                        892      156      272
    usbd_cdc_if.o                     152        9    2'016
    usbd_conf.o                       774             1'292
    usbd_core.o                       830
    usbd_ctlreq.o                   1'976                 1
    usbd_desc.o                       310      114      592
    usbd_ioreq.o                      156
    -------------------------------------------------------
    Total:                         43'456    1'412   28'341

dl7M_tlf.a: [2]
    abort.o                             6
    cppinit.o                          24
    exit.o                              4
    low_level_init.o                    4
    -------------------------------------------------------
    Total:                             38

dlpp7M_tl_fc.a: [3]
    -------------------------------------------------------
    Total:

m7M_tls.a: [4]
    DblAdd.o                          378
    DblDiv.o                          582
    DblMul.o                          418
    DblSub.o                          226
    DblToFlt.o                        104
    DblToS32.o                         58
    FltToDbl.o                         72
    U32ToDbl.o                         26
    fpinit_M.o                         34
    -------------------------------------------------------
    Total:                          1'898

rt7M_tl.a: [5]
    ABImemcpy.o                       166
    ABImemset.o                       102
    cexit.o                            10
    cmain.o                            30
    cmain_call_ctors.o                 32
    cstartup_M.o                       12
    data_init.o                        40
    lz77_init_single.o                120
    memset.o                           20
    strncpy.o                         112
    zero_init3.o                       58
    -------------------------------------------------------
    Total:                            702

shb_l.a: [6]
    ABIassert.o                        36
    exit.o                             20
    unwind_debug.o                               1
    -------------------------------------------------------
    Total:                             56        1

    Gaps                               29        8
    Linker created                              36    1'024
-----------------------------------------------------------
    Grand Total:                   46'179    1'457   29'365


*******************************************************************************
*** ENTRY LIST
***

Entry                       Address    Size  Type      Object
-----                       -------    ----  ----      ------
.iar.init_table$$Base    0x800'b600           --   Gb  - Linker created -
.iar.init_table$$Limit   0x800'b624           --   Gb  - Linker created -
?main                    0x800'b65d          Code  Gb  cmain.o [5]
ADC_Disable              0x800'5611    0x84  Code  Lc  stm32f3xx_hal_adc_ex.o [1]
AHBPrescTable            0x800'b77c    0x10  Data  Gb  system_stm32f3xx.o [1]
APBPrescTable            0x800'b7d8     0x8  Data  Gb  system_stm32f3xx.o [1]
BLDC                    0x2000'67c4    0x68  Data  Gb  main.o [1]
BLDC_motor::AccelHandler()
                         0x800'2379     0x2  Code  Gb  BLDC.o [1]
BLDC_motor::BLDC_Delay(unsigned int)
                         0x800'2b21     0xe  Code  Gb  BLDC.o [1]
BLDC_motor::BLDC_motor(TIM_HandleTypeDef *, TIM_HandleTypeDef *, TIM_HandleTypeDef *, TIM_HandleTypeDef *)
                         0x800'2b2f    0x48  Code  Gb  BLDC.o [1]
BLDC_motor::Init()       0x800'2157   0x11a  Code  Gb  BLDC.o [1]
BLDC_motor::PWM_Mode_0()
                         0x800'237b   0x262  Code  Gb  BLDC.o [1]
BLDC_motor::PWM_Mode_1()
                         0x800'25dd   0x2ca  Code  Gb  BLDC.o [1]
BLDC_motor::PWM_Mode_2()
                         0x800'28a7   0x27a  Code  Gb  BLDC.o [1]
BLDC_motor::SensHandler()
                         0x800'2271    0xf6  Code  Gb  BLDC.o [1]
BLDC_motor::deceleration()
                         0x800'2127     0xa  Code  Gb  BLDC.o [1]
BLDC_motor::getStatusDirect()
                         0x800'20ef     0x4  Code  Gb  BLDC.o [1]
BLDC_motor::getStatusRotation()
                         0x800'20f3     0x4  Code  Gb  BLDC.o [1]
BLDC_motor::goTo(int, dir)
                         0x800'2155     0x2  Code  Gb  BLDC.o [1]
BLDC_motor::removeBreak(bool)
                         0x800'2131    0x24  Code  Gb  BLDC.o [1]
BLDC_motor::setSpeed(unsigned short)
                         0x800'2045    0xaa  Code  Gb  BLDC.o [1]
BLDC_motor::start()      0x800'20f7     0xe  Code  Gb  BLDC.o [1]
BLDC_motor::stop()       0x800'2105    0x22  Code  Gb  BLDC.o [1]
BusFault_Handler         0x800'b0d3     0x2  Code  Gb  stm32f3xx_it.o [1]
CDC_Control_FS           0x800'b27f    0x3e  Code  Lc  usbd_cdc_if.o [1]
CDC_DeInit_FS            0x800'b27b     0x4  Code  Lc  usbd_cdc_if.o [1]
CDC_Init_FS              0x800'b261    0x1a  Code  Lc  usbd_cdc_if.o [1]
CDC_Receive_FS           0x800'b2bd    0x2c  Code  Lc  usbd_cdc_if.o [1]
CSTACK$$Base            0x2000'6eb8           --   Gb  - Linker created -
CSTACK$$Limit           0x2000'72b8           --   Gb  - Linker created -
DebugMon_Handler         0x800'b0d7     0x2  Code  Gb  stm32f3xx_it.o [1]
Error_Handler            0x800'1b19     0x2  Code  Gb  main.o [1]
FLASH_WriteSettings      0x800'351d    0x3a  Code  Gb  flash.o [1]
FS_Desc                 0x2000'01c0    0x1c  Data  Gb  usbd_desc.o [1]
Flash_ReadParams         0x800'3557    0x26  Code  Gb  flash.o [1]
Get_SerialNum            0x800'ae25    0x2c  Code  Lc  usbd_desc.o [1]
HAL_ADCEx_MultiModeConfigChannel
                         0x800'549d   0x166  Code  Gb  stm32f3xx_hal_adc_ex.o [1]
HAL_ADC_ConfigChannel    0x800'5061   0x42e  Code  Gb  stm32f3xx_hal_adc_ex.o [1]
HAL_ADC_Init             0x800'4d6d   0x2d0  Code  Gb  stm32f3xx_hal_adc_ex.o [1]
HAL_ADC_MspInit          0x800'3015    0xba  Code  Gb  adc.o [1]
HAL_COMP_Init            0x800'5935    0xc8  Code  Gb  stm32f3xx_hal_comp.o [1]
HAL_COMP_MspInit         0x800'33eb   0x112  Code  Gb  comp.o [1]
HAL_DAC_ConfigChannel    0x800'574b    0x52  Code  Gb  stm32f3xx_hal_dac_ex.o [1]
HAL_DAC_DMAUnderrunCallbackCh1
                         0x800'679b     0x2  Code  Wk  stm32f3xx_hal_dac.o [1]
HAL_DAC_IRQHandler       0x800'56d9    0x72  Code  Gb  stm32f3xx_hal_dac_ex.o [1]
HAL_DAC_Init             0x800'56ad    0x2c  Code  Gb  stm32f3xx_hal_dac.o [1]
HAL_DAC_MspInit          0x800'3137    0x6a  Code  Gb  dac.o [1]
HAL_DMA_Abort            0x800'7f65    0x48  Code  Gb  stm32f3xx_hal_dma.o [1]
HAL_DMA_Abort_IT         0x800'7fad    0x52  Code  Gb  stm32f3xx_hal_dma.o [1]
HAL_Delay                0x800'3621    0x28  Code  Wk  stm32f3xx_hal.o [1]
HAL_GPIO_Init            0x800'1d7d   0x1a6  Code  Gb  stm32f3xx_hal_gpio.o [1]
HAL_GPIO_WritePin        0x800'1f23    0x12  Code  Gb  stm32f3xx_hal_gpio.o [1]
HAL_GetTick              0x800'5a01     0xc  Code  Wk  stm32f3xx_hal.o [1]
HAL_IncTick              0x800'46dd    0x18  Code  Wk  stm32f3xx_hal.o [1]
HAL_Init                 0x800'2ce9    0x20  Code  Gb  stm32f3xx_hal.o [1]
HAL_InitTick             0x800'4cad    0x70  Code  Gb  stm32f3xx_hal_timebase_tim.o [1]
HAL_MspInit              0x800'4d2d    0x40  Code  Gb  stm32f3xx_hal_msp.o [1]
HAL_NVIC_EnableIRQ       0x800'2027     0xa  Code  Gb  stm32f3xx_hal_cortex.o [1]
HAL_NVIC_SetPriority     0x800'2005    0x22  Code  Gb  stm32f3xx_hal_cortex.o [1]
HAL_NVIC_SetPriorityGrouping
                         0x800'1ffd     0x8  Code  Gb  stm32f3xx_hal_cortex.o [1]
HAL_PCDEx_PMAConfig      0x800'9b5d    0x44  Code  Gb  stm32f3xx_hal_pcd_ex.o [1]
HAL_PCDEx_SetConnectionState
                         0x800'82df     0x2  Code  Gb  usbd_conf.o [1]
HAL_PCD_DataInStageCallback
                         0x800'80a9    0x1c  Code  Gb  usbd_conf.o [1]
HAL_PCD_DataOutStageCallback
                         0x800'808b    0x1e  Code  Gb  usbd_conf.o [1]
HAL_PCD_EP_Close         0x800'9135    0x66  Code  Gb  stm32f3xx_hal_pcd.o [1]
HAL_PCD_EP_ClrStall      0x800'92b3    0x7c  Code  Gb  stm32f3xx_hal_pcd.o [1]
HAL_PCD_EP_DB_Receive    0x800'971b   0x142  Code  Lc  stm32f3xx_hal_pcd.o [1]
HAL_PCD_EP_DB_Transmit   0x800'985d   0x300  Code  Lc  stm32f3xx_hal_pcd.o [1]
HAL_PCD_EP_GetRxCount    0x800'91dd    0x12  Code  Gb  stm32f3xx_hal_pcd.o [1]
HAL_PCD_EP_Open          0x800'90af    0x86  Code  Gb  stm32f3xx_hal_pcd.o [1]
HAL_PCD_EP_Receive       0x800'919b    0x42  Code  Gb  stm32f3xx_hal_pcd.o [1]
HAL_PCD_EP_SetStall      0x800'923b    0x78  Code  Gb  stm32f3xx_hal_pcd.o [1]
HAL_PCD_EP_Transmit      0x800'91ef    0x4c  Code  Gb  stm32f3xx_hal_pcd.o [1]
HAL_PCD_IRQHandler       0x800'8f45   0x13e  Code  Gb  stm32f3xx_hal_pcd.o [1]
HAL_PCD_Init             0x800'8de9   0x128  Code  Gb  stm32f3xx_hal_pcd.o [1]
HAL_PCD_MspInit          0x800'8005    0x76  Code  Gb  usbd_conf.o [1]
HAL_PCD_ResetCallback    0x800'80d1    0x26  Code  Gb  usbd_conf.o [1]
HAL_PCD_ResumeCallback   0x800'8115     0xc  Code  Gb  usbd_conf.o [1]
HAL_PCD_SOFCallback      0x800'80c5     0xc  Code  Gb  usbd_conf.o [1]
HAL_PCD_SetAddress       0x800'9083    0x2c  Code  Gb  stm32f3xx_hal_pcd.o [1]
HAL_PCD_SetupStageCallback
                         0x800'807b    0x10  Code  Gb  usbd_conf.o [1]
HAL_PCD_Start            0x800'8f11    0x34  Code  Gb  stm32f3xx_hal_pcd.o [1]
HAL_PCD_SuspendCallback
                         0x800'80f7    0x1e  Code  Gb  usbd_conf.o [1]
HAL_RCCEx_PeriphCLKConfig
                         0x800'448d   0x230  Code  Gb  stm32f3xx_hal_rcc_ex.o [1]
HAL_RCC_ADC12_CLK_ENABLED
                        0x2000'6e08     0x4  Data  Lc  adc.o [1]
HAL_RCC_ClockConfig      0x800'41a1   0x1bc  Code  Gb  stm32f3xx_hal_rcc.o [1]
HAL_RCC_GetClockConfig   0x800'440b    0x34  Code  Gb  stm32f3xx_hal_rcc.o [1]
HAL_RCC_GetHCLKFreq      0x800'43c5     0x6  Code  Gb  stm32f3xx_hal_rcc.o [1]
HAL_RCC_GetPCLK1Freq     0x800'43cb    0x20  Code  Gb  stm32f3xx_hal_rcc.o [1]
HAL_RCC_GetPCLK2Freq     0x800'43eb    0x20  Code  Gb  stm32f3xx_hal_rcc.o [1]
HAL_RCC_GetSysClockFreq
                         0x800'435d    0x68  Code  Gb  stm32f3xx_hal_rcc.o [1]
HAL_RCC_OscConfig        0x800'3b2d   0x674  Code  Gb  stm32f3xx_hal_rcc.o [1]
HAL_RS485Ex_Init         0x800'58a1    0x90  Code  Gb  stm32f3xx_hal_uart_ex.o [1]
HAL_SPI_Init             0x800'579d   0x104  Code  Gb  stm32f3xx_hal_spi.o [1]
HAL_SPI_MspInit          0x800'3201    0x62  Code  Gb  spi.o [1]
HAL_TIMEx_Break2Callback
                         0x800'1b21     0x2  Code  Wk  stm32f3xx_hal_tim_ex.o [1]
HAL_TIMEx_BreakCallback
                         0x800'1b1f     0x2  Code  Wk  stm32f3xx_hal_tim_ex.o [1]
HAL_TIMEx_CommutCallback
                         0x800'1b25     0x2  Code  Wk  stm32f3xx_hal_tim_ex.o [1]
HAL_TIMEx_ConfigBreakDeadTime
                         0x800'1cd7    0x92  Code  Gb  stm32f3xx_hal_tim_ex.o [1]
HAL_TIMEx_HallSensor_Init
                         0x800'1b3d   0x102  Code  Gb  stm32f3xx_hal_tim_ex.o [1]
HAL_TIMEx_HallSensor_MspInit
                         0x800'1667    0x72  Code  Gb  tim.o [1]
HAL_TIMEx_MasterConfigSynchronization
                         0x800'1c45    0x92  Code  Gb  stm32f3xx_hal_tim_ex.o [1]
HAL_TIM_Base_Init        0x800'0189    0x7a  Code  Gb  stm32f3xx_hal_tim.o [1]
HAL_TIM_Base_MspInit     0x800'1739    0xdc  Code  Gb  tim.o [1]
HAL_TIM_Base_Start_IT    0x800'0203    0x8a  Code  Gb  stm32f3xx_hal_tim.o [1]
HAL_TIM_Base_Stop_IT     0x800'028d    0x3a  Code  Gb  stm32f3xx_hal_tim.o [1]
HAL_TIM_Encoder_Init     0x800'0681    0xce  Code  Gb  stm32f3xx_hal_tim.o [1]
HAL_TIM_Encoder_MspInit
                         0x800'16d9    0x60  Code  Gb  tim.o [1]
HAL_TIM_Encoder_Start_IT
                         0x800'0755   0x112  Code  Gb  stm32f3xx_hal_tim.o [1]
HAL_TIM_IC_CaptureCallback
                         0x800'1a97    0x18  Code  Gb  main.o [1]
HAL_TIM_IC_Start_IT      0x800'04c5   0x1a6  Code  Gb  stm32f3xx_hal_tim.o [1]
HAL_TIM_IRQHandler       0x800'0879   0x194  Code  Gb  stm32f3xx_hal_tim.o [1]
HAL_TIM_MspPostInit      0x800'1815    0x8a  Code  Gb  tim.o [1]
HAL_TIM_PWM_ConfigChannel
                         0x800'0a0d   0x156  Code  Gb  stm32f3xx_hal_tim.o [1]
HAL_TIM_PWM_Init         0x800'02e1    0x7a  Code  Gb  stm32f3xx_hal_tim.o [1]
HAL_TIM_PWM_MspInit      0x800'157b    0xec  Code  Gb  tim.o [1]
HAL_TIM_PWM_Start        0x800'035b   0x148  Code  Gb  stm32f3xx_hal_tim.o [1]
HAL_TIM_PeriodElapsedCallback
                         0x800'1aaf    0x26  Code  Gb  main.o [1]
HAL_TIM_SlaveConfigSynchro
                         0x800'0b63    0x5e  Code  Gb  stm32f3xx_hal_tim.o [1]
HAL_UARTEx_WakeupCallback
                         0x800'5931     0x2  Code  Wk  stm32f3xx_hal_uart_ex.o [1]
HAL_UART_IRQHandler      0x800'68eb   0x294  Code  Gb  stm32f3xx_hal_uart.o [1]
HAL_UART_Init            0x800'67a1    0x7a  Code  Gb  stm32f3xx_hal_uart.o [1]
HAL_UART_MspInit         0x800'32bb    0x72  Code  Gb  usart.o [1]
HAL_UART_Transmit        0x800'681b    0xd0  Code  Gb  stm32f3xx_hal_uart.o [1]
HardFault_Handler        0x800'b0cf     0x2  Code  Gb  stm32f3xx_it.o [1]
IntToUnicode             0x800'ae7d    0x4e  Code  Lc  usbd_desc.o [1]
LED_OSstart             0x2000'6d20    0x30  Data  Gb  main.o [1]
LED_error               0x2000'6cf0    0x30  Data  Gb  main.o [1]
LED_rs485               0x2000'6cc0    0x30  Data  Gb  main.o [1]
MX_ADC1_Init             0x800'2ee9    0xa6  Code  Gb  adc.o [1]
MX_ADC2_Init             0x800'2f8f    0x86  Code  Gb  adc.o [1]
MX_COMP3_Init            0x800'333d    0x3a  Code  Gb  comp.o [1]
MX_COMP6_Init            0x800'3377    0x3a  Code  Gb  comp.o [1]
MX_COMP7_Init            0x800'33b1    0x3a  Code  Gb  comp.o [1]
MX_DAC_Init              0x800'30e9    0x4e  Code  Gb  dac.o [1]
MX_FREERTOS_Init()       0x800'365b    0x3c  Code  Gb  freertos.o [1]
MX_GPIO_Init             0x800'2d0d   0x1dc  Code  Gb  gpio.o [1]
MX_SPI2_Init             0x800'31b1    0x50  Code  Gb  spi.o [1]
MX_TIM16_Init            0x800'1517    0x32  Code  Gb  tim.o [1]
MX_TIM17_Init            0x800'1549    0x32  Code  Gb  tim.o [1]
MX_TIM1_Init             0x800'1119   0x11e  Code  Gb  tim.o [1]
MX_TIM2_Init             0x800'1237    0x76  Code  Gb  tim.o [1]
MX_TIM3_Init             0x800'12ad    0x86  Code  Gb  tim.o [1]
MX_TIM4_Init             0x800'1333    0x78  Code  Gb  tim.o [1]
MX_TIM6_Init             0x800'13ab    0x4e  Code  Gb  tim.o [1]
MX_TIM8_Init             0x800'13f9   0x11e  Code  Gb  tim.o [1]
MX_USART2_UART_Init      0x800'3279    0x42  Code  Gb  usart.o [1]
MX_USB_DEVICE_Init       0x800'5ab5    0x58  Code  Gb  usb_device.o [1]
MainTask(void const *)   0x800'3697   0x14a  Code  Gb  freertos.o [1]
MemManage_Handler        0x800'b0d1     0x2  Code  Gb  stm32f3xx_it.o [1]
ModBus(void const *)     0x800'37e1    0x2e  Code  Gb  freertos.o [1]
NMI_Handler              0x800'b0cd     0x2  Code  Gb  stm32f3xx_it.o [1]
NVIC_EncodePriority      0x800'1fc1    0x3c  Code  Lc  stm32f3xx_hal_cortex.o [1]
PCD_EP_ISR_Handler       0x800'932f   0x3ec  Code  Lc  stm32f3xx_hal_pcd.o [1]
PendSV_Handler           0x800'8d39          Code  Gb  portasm.o [1]
Region$$Table$$Base      0x800'b600           --   Gb  - Linker created -
Region$$Table$$Limit     0x800'b624           --   Gb  - Linker created -
SHT$$INIT_ARRAY$$Base    0x800'b8e0           --   Gb  - Linker created -
SHT$$INIT_ARRAY$$Limit   0x800'b8e4           --   Gb  - Linker created -
SHT$$PREINIT_ARRAY$$Base
                         0x800'b8e0           --   Gb  - Linker created -
SHT$$PREINIT_ARRAY$$Limit
                         0x800'b8e0           --   Gb  - Linker created -
SVC_Handler              0x800'8d91          Code  Gb  portasm.o [1]
Start                   0x2000'6e0c     0x4  Data  Gb  freertos.o [1]
SysTick_Handler          0x800'7e8d    0x28  Code  Gb  port.o [1]
SystemClock_Config()     0x800'19f1    0xa6  Code  Gb  main.o [1]
SystemCoreClock         0x2000'009c     0x4  Data  Gb  system_stm32f3xx.o [1]
SystemInit               0x800'b701    0x14  Code  Gb  system_stm32f3xx.o [1]
TIM1_TRG_COM_TIM17_IRQHandler
                         0x800'b0e3    0x3e  Code  Gb  stm32f3xx_it.o [1]
TIM2_IRQHandler          0x800'b121     0xa  Code  Gb  stm32f3xx_it.o [1]
TIM6_DAC_IRQHandler      0x800'b17b    0x10  Code  Gb  stm32f3xx_it.o [1]
TIM7_IRQHandler          0x800'b18b     0xa  Code  Gb  stm32f3xx_it.o [1]
TIM_Base_SetConfig       0x800'0bc1    0xb6  Code  Gb  stm32f3xx_hal_tim.o [1]
TIM_CCxChannelCmd        0x800'10b9    0x26  Code  Gb  stm32f3xx_hal_tim.o [1]
TIM_ETR_SetConfig        0x800'10a3    0x16  Code  Gb  stm32f3xx_hal_tim.o [1]
TIM_OC1_SetConfig        0x800'0c77    0x9c  Code  Lc  stm32f3xx_hal_tim.o [1]
TIM_OC2_SetConfig        0x800'0d13    0x88  Code  Gb  stm32f3xx_hal_tim.o [1]
TIM_OC3_SetConfig        0x800'0d9b    0x7e  Code  Lc  stm32f3xx_hal_tim.o [1]
TIM_OC4_SetConfig        0x800'0e1b    0x5e  Code  Lc  stm32f3xx_hal_tim.o [1]
TIM_OC5_SetConfig        0x800'0e79    0x58  Code  Lc  stm32f3xx_hal_tim.o [1]
TIM_OC6_SetConfig        0x800'0ed1    0x5a  Code  Lc  stm32f3xx_hal_tim.o [1]
TIM_SlaveTimer_SetConfig
                         0x800'0f2b    0x9a  Code  Lc  stm32f3xx_hal_tim.o [1]
TIM_TI1_ConfigInputStage
                         0x800'1059    0x24  Code  Lc  stm32f3xx_hal_tim.o [1]
TIM_TI1_SetConfig        0x800'0fc5    0x6a  Code  Gb  stm32f3xx_hal_tim.o [1]
TIM_TI2_ConfigInputStage
                         0x800'107d    0x26  Code  Lc  stm32f3xx_hal_tim.o [1]
UART_AdvFeatureConfig    0x800'6df1    0xda  Code  Gb  stm32f3xx_hal_uart.o [1]
UART_CheckIdleState      0x800'6ecb    0x6e  Code  Gb  stm32f3xx_hal_uart.o [1]
UART_DMAAbortOnError     0x800'7025    0x16  Code  Lc  stm32f3xx_hal_uart.o [1]
UART_EndRxTransfer       0x800'6feb    0x38  Code  Lc  stm32f3xx_hal_uart.o [1]
UART_EndTransmit_IT      0x800'703b    0x1c  Code  Lc  stm32f3xx_hal_uart.o [1]
UART_SetConfig           0x800'6b7f   0x24c  Code  Gb  stm32f3xx_hal_uart.o [1]
UART_WaitOnFlagUntilTimeout
                         0x800'6f39    0xb2  Code  Gb  stm32f3xx_hal_uart.o [1]
USART2_IRQHandler        0x800'b12b    0x50  Code  Gb  stm32f3xx_it.o [1]
USBD_CDC                0x2000'00ac    0x38  Data  Gb  usbd_cdc.o [1]
USBD_CDC_CfgFSDesc      0x2000'0128    0x44  Data  Gb  usbd_cdc.o [1]
USBD_CDC_CfgHSDesc      0x2000'00e4    0x44  Data  Gb  usbd_cdc.o [1]
USBD_CDC_DataIn          0x800'75a1    0x70  Code  Lc  usbd_cdc.o [1]
USBD_CDC_DataOut         0x800'7611    0x34  Code  Lc  usbd_cdc.o [1]
USBD_CDC_DeInit          0x800'745b    0x50  Code  Lc  usbd_cdc.o [1]
USBD_CDC_DeviceQualifierDesc
                        0x2000'00a0     0xc  Data  Lc  usbd_cdc.o [1]
USBD_CDC_EP0_RxReady     0x800'7645    0x36  Code  Lc  usbd_cdc.o [1]
USBD_CDC_GetDeviceQualifierDescriptor
                         0x800'7693     0x8  Code  Gb  usbd_cdc.o [1]
USBD_CDC_GetFSCfgDesc    0x800'767b     0x8  Code  Lc  usbd_cdc.o [1]
USBD_CDC_GetHSCfgDesc    0x800'7683     0x8  Code  Lc  usbd_cdc.o [1]
USBD_CDC_GetOtherSpeedCfgDesc
                         0x800'768b     0x8  Code  Lc  usbd_cdc.o [1]
USBD_CDC_Init            0x800'7399    0xc2  Code  Lc  usbd_cdc.o [1]
USBD_CDC_OtherSpeedCfgDesc
                        0x2000'016c    0x44  Data  Gb  usbd_cdc.o [1]
USBD_CDC_ReceivePacket   0x800'76dd    0x38  Code  Gb  usbd_cdc.o [1]
USBD_CDC_RegisterInterface
                         0x800'76ad    0x12  Code  Gb  usbd_cdc.o [1]
USBD_CDC_SetRxBuffer     0x800'76d1     0xc  Code  Gb  usbd_cdc.o [1]
USBD_CDC_SetTxBuffer     0x800'76bf    0x12  Code  Gb  usbd_cdc.o [1]
USBD_CDC_Setup           0x800'74ab    0xf6  Code  Lc  usbd_cdc.o [1]
USBD_ClrClassConfig      0x800'70cd    0x10  Code  Gb  usbd_core.o [1]
USBD_ClrFeature          0x800'8a01    0x24  Code  Lc  usbd_ctlreq.o [1]
USBD_CtlContinueRx       0x800'8b23    0x12  Code  Gb  usbd_ioreq.o [1]
USBD_CtlContinueSendData
                         0x800'8ae9    0x12  Code  Gb  usbd_ioreq.o [1]
USBD_CtlError            0x800'8a4d    0x16  Code  Gb  usbd_ctlreq.o [1]
USBD_CtlPrepareRx        0x800'8afb    0x28  Code  Gb  usbd_ioreq.o [1]
USBD_CtlReceiveStatus    0x800'8b4b    0x16  Code  Gb  usbd_ioreq.o [1]
USBD_CtlSendData         0x800'8ac5    0x24  Code  Gb  usbd_ioreq.o [1]
USBD_CtlSendStatus       0x800'8b35    0x16  Code  Gb  usbd_ioreq.o [1]
USBD_FS_ConfigStrDescriptor
                         0x800'ade5    0x20  Code  Gb  usbd_desc.o [1]
USBD_FS_DeviceDesc      0x2000'01dc    0x14  Data  Gb  usbd_desc.o [1]
USBD_FS_DeviceDescriptor
                         0x800'ad95     0x8  Code  Gb  usbd_desc.o [1]
USBD_FS_InterfaceStrDescriptor
                         0x800'ae05    0x20  Code  Gb  usbd_desc.o [1]
USBD_FS_LangIDStrDescriptor
                         0x800'ad9d     0x8  Code  Gb  usbd_desc.o [1]
USBD_FS_ManufacturerStrDescriptor
                         0x800'adc5    0x12  Code  Gb  usbd_desc.o [1]
USBD_FS_ProductStrDescriptor
                         0x800'ada5    0x20  Code  Gb  usbd_desc.o [1]
USBD_FS_SerialStrDescriptor
                         0x800'add7     0xe  Code  Gb  usbd_desc.o [1]
USBD_GetConfig           0x800'8971    0x3e  Code  Lc  usbd_ctlreq.o [1]
USBD_GetDescriptor       0x800'863f   0x200  Code  Lc  usbd_ctlreq.o [1]
USBD_GetLen              0x800'8ab1    0x14  Code  Lc  usbd_ctlreq.o [1]
USBD_GetStatus           0x800'89af    0x3e  Code  Lc  usbd_ctlreq.o [1]
USBD_GetString           0x800'8a63    0x4e  Code  Gb  usbd_ctlreq.o [1]
USBD_Get_USB_Status      0x800'82e1    0x2a  Code  Lc  usbd_conf.o [1]
USBD_Init                0x800'7059    0x30  Code  Gb  usbd_core.o [1]
USBD_Interface_fops_FS  0x2000'01b0    0x10  Data  Gb  usbd_cdc_if.o [1]
USBD_LL_ClearStallEP     0x800'8211    0x1a  Code  Gb  usbd_conf.o [1]
USBD_LL_CloseEP          0x800'81dd    0x1a  Code  Gb  usbd_conf.o [1]
USBD_LL_DataInStage      0x800'71e7   0x104  Code  Gb  usbd_core.o [1]
USBD_LL_DataOutStage     0x800'7141    0xa6  Code  Gb  usbd_core.o [1]
USBD_LL_GetRxDataSize    0x800'82b1     0xe  Code  Gb  usbd_conf.o [1]
USBD_LL_Init             0x800'8121    0x80  Code  Gb  usbd_conf.o [1]
USBD_LL_IsStallEP        0x800'822b    0x34  Code  Gb  usbd_conf.o [1]
USBD_LL_OpenEP           0x800'81b9    0x24  Code  Gb  usbd_conf.o [1]
USBD_LL_PrepareReceive   0x800'8295    0x1c  Code  Gb  usbd_conf.o [1]
USBD_LL_Reset            0x800'72eb    0x60  Code  Gb  usbd_core.o [1]
USBD_LL_Resume           0x800'7363    0x14  Code  Gb  usbd_core.o [1]
USBD_LL_SOF              0x800'7377    0x20  Code  Gb  usbd_core.o [1]
USBD_LL_SetSpeed         0x800'734b     0x6  Code  Gb  usbd_core.o [1]
USBD_LL_SetUSBAddress    0x800'825f    0x1a  Code  Gb  usbd_conf.o [1]
USBD_LL_SetupStage       0x800'70dd    0x64  Code  Gb  usbd_core.o [1]
USBD_LL_StallEP          0x800'81f7    0x1a  Code  Gb  usbd_conf.o [1]
USBD_LL_Start            0x800'81a1    0x18  Code  Gb  usbd_conf.o [1]
USBD_LL_Suspend          0x800'7351    0x12  Code  Gb  usbd_core.o [1]
USBD_LL_Transmit         0x800'8279    0x1c  Code  Gb  usbd_conf.o [1]
USBD_LangIDDesc         0x2000'01f0     0x4  Data  Gb  usbd_desc.o [1]
USBD_ParseSetupRequest   0x800'8a25    0x28  Code  Gb  usbd_ctlreq.o [1]
USBD_RegisterClass       0x800'7089    0x14  Code  Gb  usbd_core.o [1]
USBD_RunTestMode         0x800'70a7     0x4  Code  Gb  usbd_core.o [1]
USBD_SetAddress          0x800'883f    0x5e  Code  Lc  usbd_ctlreq.o [1]
USBD_SetClassConfig      0x800'70ab    0x22  Code  Gb  usbd_core.o [1]
USBD_SetConfig           0x800'889d    0xce  Code  Lc  usbd_ctlreq.o [1]
USBD_SetConfig::cfgidx  0x2000'6eb6     0x1  Data  Lc  usbd_ctlreq.o [1]
USBD_SetFeature          0x800'89ed    0x14  Code  Lc  usbd_ctlreq.o [1]
USBD_Start               0x800'709d     0xa  Code  Gb  usbd_core.o [1]
USBD_StdDevReq           0x800'830d    0x7a  Code  Gb  usbd_ctlreq.o [1]
USBD_StdEPReq            0x800'83f3   0x24c  Code  Gb  usbd_ctlreq.o [1]
USBD_StdItfReq           0x800'8387    0x6c  Code  Gb  usbd_ctlreq.o [1]
USBD_StrDesc            0x2000'63b4   0x200  Data  Gb  usbd_desc.o [1]
USBD_StringSerial       0x2000'01f4    0x1c  Data  Gb  usbd_desc.o [1]
USBD_static_free         0x800'82dd     0x2  Code  Gb  usbd_conf.o [1]
USBD_static_malloc       0x800'82bf     0x4  Code  Gb  usbd_conf.o [1]
USBD_static_malloc::mem
                        0x2000'5f94   0x220  Data  Lc  usbd_conf.o [1]
USB_ActivateEndpoint     0x800'9bed   0x2f8  Code  Gb  stm32f3xx_ll_usb.o [1]
USB_DeactivateEndpoint   0x800'9ee5   0x1c4  Code  Gb  stm32f3xx_ll_usb.o [1]
USB_DevConnect           0x800'a937     0x4  Code  Gb  stm32f3xx_ll_usb.o [1]
USB_DevInit              0x800'9bcd    0x20  Code  Gb  stm32f3xx_ll_usb.o [1]
USB_DisableGlobalInt     0x800'9bb9    0x14  Code  Gb  stm32f3xx_ll_usb.o [1]
USB_EPClearStall         0x800'a883    0xa4  Code  Gb  stm32f3xx_ll_usb.o [1]
USB_EPSetStall           0x800'a83b    0x48  Code  Gb  stm32f3xx_ll_usb.o [1]
USB_EPStartXfer          0x800'a0a9   0x792  Code  Gb  stm32f3xx_ll_usb.o [1]
USB_EnableGlobalInt      0x800'9ba7    0x12  Code  Gb  stm32f3xx_ll_usb.o [1]
USB_LP_CAN_RX0_IRQHandler
                         0x800'b0d9     0xa  Code  Gb  stm32f3xx_it.o [1]
USB_ReadInterrupts       0x800'a93b     0x6  Code  Gb  stm32f3xx_ll_usb.o [1]
USB_ReadPMA              0x800'a973    0x36  Code  Gb  stm32f3xx_ll_usb.o [1]
USB_SetDevAddress        0x800'a927    0x10  Code  Gb  stm32f3xx_ll_usb.o [1]
USB_WritePMA             0x800'a941    0x32  Code  Gb  stm32f3xx_ll_usb.o [1]
UsageFault_Handler       0x800'b0d5     0x2  Code  Gb  stm32f3xx_it.o [1]
UserRxBufferFS          0x2000'5214   0x3e8  Data  Gb  usbd_cdc_if.o [1]
UserTxBufferFS          0x2000'55fc   0x3e8  Data  Gb  usbd_cdc_if.o [1]
Virtual function table for BLDC_motor
                         0x800'b544    0x4c  Data  Gb  BLDC.o [1]
[local to main_c]::DWT_Init()
                         0x800'191f    0x16  Code  Lc  main.o [1]
__NVIC_EnableIRQ         0x800'1f81    0x1c  Code  Lc  stm32f3xx_hal_cortex.o [1]
__NVIC_GetPriorityGrouping
                         0x800'1f77     0xa  Code  Lc  stm32f3xx_hal_cortex.o [1]
__NVIC_SetPriority       0x800'1f9d    0x24  Code  Lc  stm32f3xx_hal_cortex.o [1]
__NVIC_SetPriorityGrouping
                         0x800'1f5d    0x1a  Code  Lc  stm32f3xx_hal_cortex.o [1]
__aeabi_assert           0x800'8cd5    0x24  Code  Gb  ABIassert.o [6]
__aeabi_d2f              0x800'4bfd          Code  Gb  DblToFlt.o [4]
__aeabi_d2iz             0x800'47d5          Code  Gb  DblToS32.o [4]
__aeabi_dadd             0x800'6621          Code  Gb  DblAdd.o [4]
__aeabi_ddiv             0x800'4811          Code  Gb  DblDiv.o [4]
__aeabi_dmul             0x800'4a59          Code  Gb  DblMul.o [4]
__aeabi_dsub             0x800'653d          Code  Gb  DblSub.o [4]
__aeabi_f2d              0x800'4c65          Code  Gb  FltToDbl.o [4]
__aeabi_memcpy           0x800'5a0d          Code  Gb  ABImemcpy.o [5]
__aeabi_memcpy4          0x800'5a2d          Code  Gb  ABImemcpy.o [5]
__aeabi_memcpy8          0x800'5a2d          Code  Gb  ABImemcpy.o [5]
__aeabi_memset           0x800'3ac5          Code  Gb  ABImemset.o [5]
__aeabi_ui2d             0x800'46f5          Code  Gb  U32ToDbl.o [4]
__call_ctors             0x800'b645    0x18  Code  Gb  cppinit.o [2]
__cmain                  0x800'b65d          Code  Gb  cmain.o [5]
__exit                   0x800'a9a9    0x14  Code  Gb  exit.o [6]
__iar_Memset             0x800'3ac5          Code  Gb  ABImemset.o [5]
__iar_Memset_word        0x800'3acd          Code  Gb  ABImemset.o [5]
__iar_cstart_call_ctors
                         0x800'b625    0x20  Code  Gb  cmain_call_ctors.o [5]
__iar_dadd               0x800'654d          Code  Gb  DblSub.o [4]
__iar_data_init3         0x800'b591    0x28  Code  Gb  data_init.o [5]
__iar_debug_exceptions   0x800'1b3a     0x1  Data  Gb  unwind_debug.o [6]
__iar_dsub               0x800'6631          Code  Gb  DblAdd.o [4]
__iar_dsubStart          0x800'6643          Code  Gb  DblAdd.o [4]
__iar_init_vfp           0x800'b5dd          Code  Gb  fpinit_M.o [4]
__iar_lz77_init_single3
                         0x800'b469    0x78  Code  Gb  lz77_init_single.o [5]
__iar_program_start      0x800'b7c5          Code  Gb  cstartup_M.o [5]
__iar_tls$$INIT_ARRAY$$Base
                         0x800'b8e4           --   Gb  - Linker created -
__iar_tls$$INIT_ARRAY$$Limit
                         0x800'b8e4           --   Gb  - Linker created -
__iar_zero_init3         0x800'10df    0x3a  Code  Gb  zero_init3.o [5]
__low_level_init         0x800'b67b     0x4  Code  Gb  low_level_init.o [2]
__sti__routine           0x800'18f9    0x26  Code  Lc  main.o [1]
__vector_table           0x800'0000          Data  Gb  startup_stm32f303xc.o [1]
_call_main               0x800'b669          Code  Gb  cmain.o [5]
_exit                    0x800'b685          Code  Gb  cexit.o [5]
_main                    0x800'b677          Code  Gb  cmain.o [5]
aPLLMULFactorTable       0x800'b75c    0x10  Data  Gb  stm32f3xx_hal_rcc.o [1]
aPredivFactorTable       0x800'b76c    0x10  Data  Gb  stm32f3xx_hal_rcc.o [1]
abort                    0x800'9ba1     0x6  Code  Gb  abort.o [2]
aucCRCHi                 0x800'aecc   0x100  Data  Lc  mbcrc.o [1]
aucCRCLo                 0x800'afcc   0x100  Data  Lc  mbcrc.o [1]
base_motor::SetDirection(dir)
                         0x800'4759     0x4  Code  Gb  motor.o [1]
base_motor::base_motor()
                         0x800'4717    0x42  Code  Gb  motor.o [1]
base_motor::base_motor() [subobject]
                         0x800'470f     0x8  Code  Gb  motor.o [1]
base_motor::map(double, double, double, double, double)
                         0x800'475d    0x78  Code  Gb  motor.o [1]
count_tic               0x2000'6e2c     0x4  Data  Gb  main.o [1]
dir1                    0x2000'6e10     0x4  Data  Gb  freertos.o [1]
downcounter             0x2000'6eaa     0x2  Data  Gb  porttimer.o [1]
eMBCurrentMode          0x2000'6ead     0x1  Data  Lc  mb.o [1]
eMBEnable                0x800'5ba7    0x20  Code  Gb  mb.o [1]
eMBFuncReadCoils         0x800'abfb    0x9e  Code  Gb  mbfunccoils.o [1]
eMBFuncReadDiscreteInputs
                         0x800'b1c5    0x9c  Code  Gb  mbfuncdisc.o [1]
eMBFuncReadHoldingRegister
                         0x800'aa67    0x86  Code  Gb  mbfuncholding.o [1]
eMBFuncReadInputRegister
                         0x800'b369    0x86  Code  Gb  mbfuncinput.o [1]
eMBFuncReadWriteMultipleHoldingRegister
                         0x800'aaed    0xec  Code  Gb  mbfuncholding.o [1]
eMBFuncReportSlaveID     0x800'b5b9    0x1c  Code  Gb  mbfuncother.o [1]
eMBFuncWriteCoil         0x800'ac99    0x6c  Code  Gb  mbfunccoils.o [1]
eMBFuncWriteHoldingRegister
                         0x800'a9bd    0x3a  Code  Gb  mbfuncholding.o [1]
eMBFuncWriteMultipleCoils
                         0x800'ad05    0x8e  Code  Gb  mbfunccoils.o [1]
eMBFuncWriteMultipleHoldingRegister
                         0x800'a9f7    0x70  Code  Gb  mbfuncholding.o [1]
eMBInit                  0x800'5b0d    0x9a  Code  Gb  mb.o [1]
eMBPoll                  0x800'5bc7    0xe4  Code  Gb  mb.o [1]
eMBPoll::eException     0x2000'6eb0     0x1  Data  Lc  mb.o [1]
eMBPoll::ucFunctionCode
                        0x2000'6eaf     0x1  Data  Lc  mb.o [1]
eMBPoll::ucMBFrame      0x2000'6e54     0x4  Data  Lc  mb.o [1]
eMBPoll::ucRcvAddress   0x2000'6eae     0x1  Data  Lc  mb.o [1]
eMBPoll::usLength       0x2000'6ea0     0x2  Data  Lc  mb.o [1]
eMBRTUInit               0x800'7715    0x46  Code  Gb  mbrtu.o [1]
eMBRTUReceive            0x800'7789    0x6a  Code  Gb  mbrtu.o [1]
eMBRTUSend               0x800'77f3    0x60  Code  Gb  mbrtu.o [1]
eMBRTUStart              0x800'775b    0x1a  Code  Gb  mbrtu.o [1]
eMBRTUStop               0x800'7775    0x14  Code  Gb  mbrtu.o [1]
eMBRegCoilsCB            0x800'39e9     0x4  Code  Gb  freertos.o [1]
eMBRegDiscreteCB         0x800'39ed     0x4  Code  Gb  freertos.o [1]
eMBRegHoldingCB          0x800'3815   0x186  Code  Gb  freertos.o [1]
eMBRegInputCB            0x800'380f     0x6  Code  Gb  freertos.o [1]
eMBState                0x2000'0210     0x1  Data  Lc  mb.o [1]
eQueuedEvent            0x2000'6eb4     0x1  Data  Lc  portevent.o [1]
eRcvState               0x2000'6eb2     0x1  Data  Lc  mbrtu.o [1]
eSndState               0x2000'6eb1     0x1  Data  Lc  mbrtu.o [1]
exit                     0x800'b67f     0x4  Code  Gb  exit.o [2]
flash_erase_page         0x800'358d    0x2a  Code  Gb  flash.o [1]
flash_lock               0x800'35c3     0xc  Code  Gb  flash.o [1]
flash_ready              0x800'357d    0x10  Code  Gb  flash.o [1]
flash_unlock             0x800'35b7     0xc  Code  Gb  flash.o [1]
flash_write              0x800'35cf    0x3a  Code  Gb  flash.o [1]
hUsbDeviceFS            0x2000'5cd0   0x2c4  Data  Gb  usb_device.o [1]
hadc1                   0x2000'68e4    0x50  Data  Gb  adc.o [1]
hadc2                   0x2000'6934    0x50  Data  Gb  adc.o [1]
hcomp3                  0x2000'6c30    0x30  Data  Gb  comp.o [1]
hcomp6                  0x2000'6c60    0x30  Data  Gb  comp.o [1]
hcomp7                  0x2000'6c90    0x30  Data  Gb  comp.o [1]
hdac                    0x2000'6d88    0x14  Data  Gb  dac.o [1]
hpcd_USB_FS             0x2000'59e4   0x2ec  Data  Gb  usbd_conf.o [1]
hspi2                   0x2000'682c    0x64  Data  Gb  spi.o [1]
htim1                   0x2000'69d0    0x4c  Data  Gb  tim.o [1]
htim16                  0x2000'6b98    0x4c  Data  Gb  tim.o [1]
htim17                  0x2000'6be4    0x4c  Data  Gb  tim.o [1]
htim2                   0x2000'6a1c    0x4c  Data  Gb  tim.o [1]
htim3                   0x2000'6a68    0x4c  Data  Gb  tim.o [1]
htim4                   0x2000'6ab4    0x4c  Data  Gb  tim.o [1]
htim6                   0x2000'6b00    0x4c  Data  Gb  tim.o [1]
htim7                   0x2000'6984    0x4c  Data  Gb  stm32f3xx_hal_timebase_tim.o [1]
htim8                   0x2000'6b4c    0x4c  Data  Gb  tim.o [1]
huart2                  0x2000'6740    0x84  Data  Gb  usart.o [1]
inHandlerMode            0x800'3a07    0x12  Code  Lc  cmsis_os.o [1]
led::Init(GPIO_TypeDef *, unsigned short)
                         0x800'2c93    0x1a  Code  Gb  LED.o [1]
led::LEDon()             0x800'2cad     0x6  Code  Gb  LED.o [1]
led::led()               0x800'2cbb    0x2c  Code  Gb  LED.o [1]
led::poll()              0x800'2b9d    0xf6  Code  Gb  LED.o [1]
led::setParameters(mode, unsigned int, unsigned int)
                         0x800'2cb3     0x8  Code  Gb  LED.o [1]
main                     0x800'1935    0xbc  Code  Gb  main.o [1]
mainTaskHandle          0x2000'6e14     0x4  Data  Gb  freertos.o [1]
makeFreeRtosPriority     0x800'39f1    0x16  Code  Lc  cmsis_os.o [1]
memset                   0x800'1b27    0x14  Code  Gb  memset.o [5]
modBusHandle            0x2000'6e18     0x4  Data  Gb  freertos.o [1]
osDelay                  0x800'3a97    0x16  Code  Gb  cmsis_os.o [1]
osDelayUntil             0x800'3aad    0x16  Code  Gb  cmsis_os.o [1]
osKernelStart            0x800'3a19     0xa  Code  Gb  cmsis_os.o [1]
osKernelSysTick          0x800'3a23    0x16  Code  Gb  cmsis_os.o [1]
osThreadCreate           0x800'3a39    0x5e  Code  Gb  cmsis_os.o [1]
pMotor                  0x2000'6e30     0x4  Data  Gb  main.o [1]
pcInterruptPriorityRegisters
                         0x800'b7ec     0x4  Data  Lc  port.o [1]
peMBFrameReceiveCur     0x2000'6e40     0x4  Data  Lc  mb.o [1]
peMBFrameSendCur        0x2000'6e34     0x4  Data  Lc  mb.o [1]
prvAddCurrentTaskToDelayedList
                         0x800'6499    0x6e  Code  Lc  tasks.o [1]
prvAddNewTaskToReadyList
                         0x800'5eab    0x9a  Code  Lc  tasks.o [1]
prvCheckTasksWaitingTermination
                         0x800'63bd    0x3c  Code  Lc  tasks.o [1]
prvDeleteTCB             0x800'63fd    0x42  Code  Lc  tasks.o [1]
prvHeapInit              0x800'7b9b    0x5e  Code  Lc  heap_4.o [1]
prvIdleTask              0x800'6341    0x24  Code  Lc  tasks.o [1]
prvInitialiseNewTask     0x800'5e01    0xaa  Code  Lc  tasks.o [1]
prvInitialiseTaskLists   0x800'6365    0x54  Code  Lc  tasks.o [1]
prvInsertBlockIntoFreeList
                         0x800'7bf9    0x5e  Code  Lc  heap_4.o [1]
prvResetNextTaskUnblockTime
                         0x800'643f    0x28  Code  Lc  tasks.o [1]
prvTaskExitError         0x800'7d35    0x2a  Code  Lc  port.o [1]
prveMBError2Exception    0x800'abd9    0x22  Code  Gb  mbutils.o [1]
pucSndBufferCur         0x2000'6e58     0x4  Data  Lc  mbrtu.o [1]
pvMBFrameCloseCur       0x2000'6e44     0x4  Data  Lc  mb.o [1]
pvMBFrameStartCur       0x2000'6e38     0x4  Data  Lc  mb.o [1]
pvMBFrameStopCur        0x2000'6e3c     0x4  Data  Lc  mb.o [1]
pvPortMalloc             0x800'7a15   0x114  Code  Gb  heap_4.o [1]
pxCurrentTCB            0x2000'6e64     0x4  Data  Gb  tasks.o [1]
pxDelayedTaskList       0x2000'6e68     0x4  Data  Lc  tasks.o [1]
pxEnd                   0x2000'6e1c     0x4  Data  Lc  heap_4.o [1]
pxMBFrameCBByteReceived
                        0x2000'6e48     0x4  Data  Gb  mb.o [1]
pxMBFrameCBTransmitterEmpty
                        0x2000'6e4c     0x4  Data  Gb  mb.o [1]
pxMBPortCBTimerExpired  0x2000'6e50     0x4  Data  Gb  mb.o [1]
pxOverflowDelayedTaskList
                        0x2000'6e6c     0x4  Data  Lc  tasks.o [1]
pxPortInitialiseStack    0x800'7d0d    0x28  Code  Gb  port.o [1]
pxReadyTasksLists       0x2000'66b4    0x8c  Data  Lc  tasks.o [1]
serial                  0x2000'0094     0x4  Data  Gb  portserial.o [1]
settings                0x2000'0004     0xc  Data  Gb  main.o [1]
steps                   0x2000'0000     0x4  Data  Gb  freertos.o [1]
str_rx                  0x2000'6d70    0x18  Data  Gb  main.o [1]
strncpy                  0x800'b2f9          Code  Gb  strncpy.o [5]
timeout                 0x2000'6ea8     0x2  Data  Gb  porttimer.o [1]
ucHeap                  0x2000'0214  0x5000  Data  Lc  heap_4.o [1]
ucMBAddress             0x2000'6eac     0x1  Data  Lc  mb.o [1]
ucMBSlaveID             0x2000'6d50    0x20  Data  Lc  mbfuncother.o [1]
ucMaxSysCallPriority    0x2000'6eb3     0x1  Data  Lc  port.o [1]
ucRTUBuf                0x2000'65b4   0x100  Data  Gb  mbrtu.o [1]
ulMaxPRIGROUPValue      0x2000'6e5c     0x4  Data  Lc  port.o [1]
usMBCRC16                0x800'8cf9    0x40  Code  Gb  mbcrc.o [1]
usMBSlaveIDLen          0x2000'6ea2     0x2  Data  Lc  mbfuncother.o [1]
usRcvBufferPos          0x2000'6ea6     0x2  Data  Lc  mbrtu.o [1]
usSndBufferCount        0x2000'6ea4     0x2  Data  Lc  mbrtu.o [1]
uwTick                  0x2000'6e60     0x4  Data  Gb  stm32f3xx_hal.o [1]
uwTickFreq              0x2000'0211     0x1  Data  Gb  stm32f3xx_hal.o [1]
uwTickPrio              0x2000'0098     0x4  Data  Gb  stm32f3xx_hal.o [1]
uxCriticalNesting       0x2000'0090     0x4  Data  Lc  port.o [1]
uxCurrentNumberOfTasks  0x2000'6e74     0x4  Data  Lc  tasks.o [1]
uxDeletedTasksWaitingCleanUp
                        0x2000'6e70     0x4  Data  Lc  tasks.o [1]
uxListRemove             0x800'7ce7    0x26  Code  Gb  list.o [1]
uxPendedTicks           0x2000'6e84     0x4  Data  Lc  tasks.o [1]
uxSchedulerSuspended    0x2000'6e9c     0x4  Data  Lc  tasks.o [1]
uxTaskNumber            0x2000'6e90     0x4  Data  Lc  tasks.o [1]
uxTopReadyPriority      0x2000'6e7c     0x4  Data  Lc  tasks.o [1]
vApplicationGetIdleTaskMemory
                         0x800'3649    0x12  Code  Gb  freertos.o [1]
vListInitialise          0x800'7c75    0x1e  Code  Gb  list.o [1]
vListInitialiseItem      0x800'7c93     0x6  Code  Gb  list.o [1]
vListInsert              0x800'7cb1    0x36  Code  Gb  list.o [1]
vListInsertEnd           0x800'7c99    0x18  Code  Gb  list.o [1]
vMBPortSerialEnable      0x800'8b61    0x5a  Code  Gb  portserial.o [1]
vMBPortTimersDisable     0x800'8cb5     0xa  Code  Gb  porttimer.o [1]
vMBPortTimersEnable      0x800'8ca3    0x12  Code  Gb  porttimer.o [1]
vPortEnableVFP           0x800'8dcd          Code  Gb  portasm.o [1]
vPortEnterCritical       0x800'7e2d    0x34  Code  Gb  port.o [1]
vPortExitCritical        0x800'7e61    0x2c  Code  Gb  port.o [1]
vPortFree                0x800'7b29    0x72  Code  Gb  heap_4.o [1]
vPortStartFirstTask      0x800'8dad          Code  Gb  portasm.o [1]
vPortValidateInterruptPriority
                         0x800'7eb5    0x4a  Code  Gb  port.o [1]
vTaskDelay               0x800'5fe9    0x4c  Code  Gb  tasks.o [1]
vTaskDelayUntil          0x800'5f45    0xa4  Code  Gb  tasks.o [1]
vTaskStartScheduler      0x800'6035    0x8e  Code  Gb  tasks.o [1]
vTaskSuspendAll          0x800'60c3     0xc  Code  Gb  tasks.o [1]
vTaskSwitchContext       0x800'62bd    0x6a  Code  Gb  tasks.o [1]
xBlockAllocatedBit      0x2000'6e28     0x4  Data  Lc  heap_4.o [1]
xDelayedTaskList1       0x2000'6d9c    0x14  Data  Lc  tasks.o [1]
xDelayedTaskList2       0x2000'6db0    0x14  Data  Lc  tasks.o [1]
xEventInQueue           0x2000'6eb5     0x1  Data  Lc  portevent.o [1]
xFreeBytesRemaining     0x2000'6e20     0x4  Data  Lc  heap_4.o [1]
xFuncHandlers           0x2000'0010    0x80  Data  Lc  mb.o [1]
xHeapStructSize          0x800'b7e8     0x4  Data  Lc  heap_4.o [1]
xIdleStack              0x2000'61b4   0x200  Data  Lc  freertos.o [1]
xIdleTaskHandle         0x2000'6e98     0x4  Data  Lc  tasks.o [1]
xIdleTaskTCBBuffer      0x2000'6890    0x54  Data  Lc  freertos.o [1]
xMBPortEventGet          0x800'79f1    0x1c  Code  Gb  portevent.o [1]
xMBPortEventInit         0x800'79d9     0xa  Code  Gb  portevent.o [1]
xMBPortEventPost         0x800'79e3     0xe  Code  Gb  portevent.o [1]
xMBPortSerialGetByte     0x800'8c3d     0xe  Code  Gb  portserial.o [1]
xMBPortSerialInit        0x800'8bbb    0x64  Code  Gb  portserial.o [1]
xMBPortSerialPutByte     0x800'8c1f    0x1e  Code  Gb  portserial.o [1]
xMBPortTimersInit        0x800'8c55    0x4e  Code  Gb  porttimer.o [1]
xMBRTUReceiveFSM         0x800'7853    0x8a  Code  Gb  mbrtu.o [1]
xMBRTUTimerT35Expired    0x800'794b    0x5c  Code  Gb  mbrtu.o [1]
xMBRTUTransmitFSM        0x800'78dd    0x6e  Code  Gb  mbrtu.o [1]
xMinimumEverFreeBytesRemaining
                        0x2000'6e24     0x4  Data  Lc  heap_4.o [1]
xNextTaskUnblockTime    0x2000'6e94     0x4  Data  Lc  tasks.o [1]
xNumOfOverflows         0x2000'6e8c     0x4  Data  Lc  tasks.o [1]
xPendingReadyList       0x2000'6dc4    0x14  Data  Lc  tasks.o [1]
xPortStartScheduler      0x800'7d5f    0xce  Code  Gb  port.o [1]
xSchedulerRunning       0x2000'6e80     0x4  Data  Lc  tasks.o [1]
xStart                  0x2000'6e00     0x8  Data  Lc  heap_4.o [1]
xSuspendedTaskList      0x2000'6dec    0x14  Data  Lc  tasks.o [1]
xTaskCreate              0x800'5d8f    0x72  Code  Gb  tasks.o [1]
xTaskCreateStatic        0x800'5d0d    0x82  Code  Gb  tasks.o [1]
xTaskGetTickCount        0x800'61b3     0x8  Code  Gb  tasks.o [1]
xTaskGetTickCountFromISR
                         0x800'61bb    0x10  Code  Gb  tasks.o [1]
xTaskIncrementTick       0x800'61cb    0xf2  Code  Gb  tasks.o [1]
xTaskResumeAll           0x800'60cf    0xe4  Code  Gb  tasks.o [1]
xTasksWaitingTermination
                        0x2000'6dd8    0x14  Data  Lc  tasks.o [1]
xTickCount              0x2000'6e78     0x4  Data  Lc  tasks.o [1]
xYieldPending           0x2000'6e88     0x4  Data  Lc  tasks.o [1]


[1] = D:\Kicads Schem\Universal_Driver\Universal_Driver_soft\UniversalDriver_v2.1\EWARM\UniversalDriver_v2.1\Obj
[2] = dl7M_tlf.a
[3] = dlpp7M_tl_fc.a
[4] = m7M_tls.a
[5] = rt7M_tl.a
[6] = shb_l.a

  46'179 bytes of readonly  code memory
   1'457 bytes of readonly  data memory
  29'365 bytes of readwrite data memory

Errors: none
Warnings: none
