###############################################################################
#
# IAR ELF Linker V8.40.2.214/W32 for ARM                  08/Feb/2021  19:11:04
# Copyright 2007-2019 IAR Systems AB.
#
#    Output file  =
#        D:\Radio\Jobe\Universal_Driver\Universal_Driver_soft\UniversalDriver_v2.1\EWARM\UniversalDriver_v2.1\Exe\UniversalDriver_v2.1.out
#    Map file     =
#        D:\Radio\Jobe\Universal_Driver\Universal_Driver_soft\UniversalDriver_v2.1\EWARM\UniversalDriver_v2.1\List\UniversalDriver_v2.1.map
#    Command line =
#        -f C:\Users\IERIXO~1\AppData\Local\Temp\EW6F21.tmp
#        (D:\Radio\Jobe\Universal_Driver\Universal_Driver_soft\UniversalDriver_v2.1\EWARM\UniversalDriver_v2.1\Obj\adc.o
#        D:\Radio\Jobe\Universal_Driver\Universal_Driver_soft\UniversalDriver_v2.1\EWARM\UniversalDriver_v2.1\Obj\BLDC.o
#        D:\Radio\Jobe\Universal_Driver\Universal_Driver_soft\UniversalDriver_v2.1\EWARM\UniversalDriver_v2.1\Obj\cmsis_os.o
#        D:\Radio\Jobe\Universal_Driver\Universal_Driver_soft\UniversalDriver_v2.1\EWARM\UniversalDriver_v2.1\Obj\comp.o
#        D:\Radio\Jobe\Universal_Driver\Universal_Driver_soft\UniversalDriver_v2.1\EWARM\UniversalDriver_v2.1\Obj\croutine.o
#        D:\Radio\Jobe\Universal_Driver\Universal_Driver_soft\UniversalDriver_v2.1\EWARM\UniversalDriver_v2.1\Obj\dac.o
#        D:\Radio\Jobe\Universal_Driver\Universal_Driver_soft\UniversalDriver_v2.1\EWARM\UniversalDriver_v2.1\Obj\event_groups.o
#        D:\Radio\Jobe\Universal_Driver\Universal_Driver_soft\UniversalDriver_v2.1\EWARM\UniversalDriver_v2.1\Obj\flash.o
#        D:\Radio\Jobe\Universal_Driver\Universal_Driver_soft\UniversalDriver_v2.1\EWARM\UniversalDriver_v2.1\Obj\flash_spi.o
#        D:\Radio\Jobe\Universal_Driver\Universal_Driver_soft\UniversalDriver_v2.1\EWARM\UniversalDriver_v2.1\Obj\freertos.o
#        D:\Radio\Jobe\Universal_Driver\Universal_Driver_soft\UniversalDriver_v2.1\EWARM\UniversalDriver_v2.1\Obj\gpio.o
#        D:\Radio\Jobe\Universal_Driver\Universal_Driver_soft\UniversalDriver_v2.1\EWARM\UniversalDriver_v2.1\Obj\heap_4.o
#        D:\Radio\Jobe\Universal_Driver\Universal_Driver_soft\UniversalDriver_v2.1\EWARM\UniversalDriver_v2.1\Obj\LED.o
#        D:\Radio\Jobe\Universal_Driver\Universal_Driver_soft\UniversalDriver_v2.1\EWARM\UniversalDriver_v2.1\Obj\list.o
#        D:\Radio\Jobe\Universal_Driver\Universal_Driver_soft\UniversalDriver_v2.1\EWARM\UniversalDriver_v2.1\Obj\main.o
#        D:\Radio\Jobe\Universal_Driver\Universal_Driver_soft\UniversalDriver_v2.1\EWARM\UniversalDriver_v2.1\Obj\mb.o
#        D:\Radio\Jobe\Universal_Driver\Universal_Driver_soft\UniversalDriver_v2.1\EWARM\UniversalDriver_v2.1\Obj\mbcrc.o
#        D:\Radio\Jobe\Universal_Driver\Universal_Driver_soft\UniversalDriver_v2.1\EWARM\UniversalDriver_v2.1\Obj\mbfunccoils.o
#        D:\Radio\Jobe\Universal_Driver\Universal_Driver_soft\UniversalDriver_v2.1\EWARM\UniversalDriver_v2.1\Obj\mbfuncdiag.o
#        D:\Radio\Jobe\Universal_Driver\Universal_Driver_soft\UniversalDriver_v2.1\EWARM\UniversalDriver_v2.1\Obj\mbfuncdisc.o
#        D:\Radio\Jobe\Universal_Driver\Universal_Driver_soft\UniversalDriver_v2.1\EWARM\UniversalDriver_v2.1\Obj\mbfuncholding.o
#        D:\Radio\Jobe\Universal_Driver\Universal_Driver_soft\UniversalDriver_v2.1\EWARM\UniversalDriver_v2.1\Obj\mbfuncinput.o
#        D:\Radio\Jobe\Universal_Driver\Universal_Driver_soft\UniversalDriver_v2.1\EWARM\UniversalDriver_v2.1\Obj\mbfuncother.o
#        D:\Radio\Jobe\Universal_Driver\Universal_Driver_soft\UniversalDriver_v2.1\EWARM\UniversalDriver_v2.1\Obj\mbrtu.o
#        D:\Radio\Jobe\Universal_Driver\Universal_Driver_soft\UniversalDriver_v2.1\EWARM\UniversalDriver_v2.1\Obj\mbutils.o
#        D:\Radio\Jobe\Universal_Driver\Universal_Driver_soft\UniversalDriver_v2.1\EWARM\UniversalDriver_v2.1\Obj\motor.o
#        D:\Radio\Jobe\Universal_Driver\Universal_Driver_soft\UniversalDriver_v2.1\EWARM\UniversalDriver_v2.1\Obj\port.o
#        D:\Radio\Jobe\Universal_Driver\Universal_Driver_soft\UniversalDriver_v2.1\EWARM\UniversalDriver_v2.1\Obj\portasm.o
#        D:\Radio\Jobe\Universal_Driver\Universal_Driver_soft\UniversalDriver_v2.1\EWARM\UniversalDriver_v2.1\Obj\portevent.o
#        D:\Radio\Jobe\Universal_Driver\Universal_Driver_soft\UniversalDriver_v2.1\EWARM\UniversalDriver_v2.1\Obj\portserial.o
#        D:\Radio\Jobe\Universal_Driver\Universal_Driver_soft\UniversalDriver_v2.1\EWARM\UniversalDriver_v2.1\Obj\porttimer.o
#        D:\Radio\Jobe\Universal_Driver\Universal_Driver_soft\UniversalDriver_v2.1\EWARM\UniversalDriver_v2.1\Obj\queue.o
#        D:\Radio\Jobe\Universal_Driver\Universal_Driver_soft\UniversalDriver_v2.1\EWARM\UniversalDriver_v2.1\Obj\spi.o
#        D:\Radio\Jobe\Universal_Driver\Universal_Driver_soft\UniversalDriver_v2.1\EWARM\UniversalDriver_v2.1\Obj\startup_stm32f303xc.o
#        D:\Radio\Jobe\Universal_Driver\Universal_Driver_soft\UniversalDriver_v2.1\EWARM\UniversalDriver_v2.1\Obj\step3ph.o
#        D:\Radio\Jobe\Universal_Driver\Universal_Driver_soft\UniversalDriver_v2.1\EWARM\UniversalDriver_v2.1\Obj\stepper.o
#        D:\Radio\Jobe\Universal_Driver\Universal_Driver_soft\UniversalDriver_v2.1\EWARM\UniversalDriver_v2.1\Obj\stm32f3xx_hal.o
#        D:\Radio\Jobe\Universal_Driver\Universal_Driver_soft\UniversalDriver_v2.1\EWARM\UniversalDriver_v2.1\Obj\stm32f3xx_hal_adc.o
#        D:\Radio\Jobe\Universal_Driver\Universal_Driver_soft\UniversalDriver_v2.1\EWARM\UniversalDriver_v2.1\Obj\stm32f3xx_hal_adc_ex.o
#        D:\Radio\Jobe\Universal_Driver\Universal_Driver_soft\UniversalDriver_v2.1\EWARM\UniversalDriver_v2.1\Obj\stm32f3xx_hal_comp.o
#        D:\Radio\Jobe\Universal_Driver\Universal_Driver_soft\UniversalDriver_v2.1\EWARM\UniversalDriver_v2.1\Obj\stm32f3xx_hal_cortex.o
#        D:\Radio\Jobe\Universal_Driver\Universal_Driver_soft\UniversalDriver_v2.1\EWARM\UniversalDriver_v2.1\Obj\stm32f3xx_hal_dac.o
#        D:\Radio\Jobe\Universal_Driver\Universal_Driver_soft\UniversalDriver_v2.1\EWARM\UniversalDriver_v2.1\Obj\stm32f3xx_hal_dac_ex.o
#        D:\Radio\Jobe\Universal_Driver\Universal_Driver_soft\UniversalDriver_v2.1\EWARM\UniversalDriver_v2.1\Obj\stm32f3xx_hal_dma.o
#        D:\Radio\Jobe\Universal_Driver\Universal_Driver_soft\UniversalDriver_v2.1\EWARM\UniversalDriver_v2.1\Obj\stm32f3xx_hal_exti.o
#        D:\Radio\Jobe\Universal_Driver\Universal_Driver_soft\UniversalDriver_v2.1\EWARM\UniversalDriver_v2.1\Obj\stm32f3xx_hal_flash.o
#        D:\Radio\Jobe\Universal_Driver\Universal_Driver_soft\UniversalDriver_v2.1\EWARM\UniversalDriver_v2.1\Obj\stm32f3xx_hal_flash_ex.o
#        D:\Radio\Jobe\Universal_Driver\Universal_Driver_soft\UniversalDriver_v2.1\EWARM\UniversalDriver_v2.1\Obj\stm32f3xx_hal_gpio.o
#        D:\Radio\Jobe\Universal_Driver\Universal_Driver_soft\UniversalDriver_v2.1\EWARM\UniversalDriver_v2.1\Obj\stm32f3xx_hal_i2c.o
#        D:\Radio\Jobe\Universal_Driver\Universal_Driver_soft\UniversalDriver_v2.1\EWARM\UniversalDriver_v2.1\Obj\stm32f3xx_hal_i2c_ex.o
#        D:\Radio\Jobe\Universal_Driver\Universal_Driver_soft\UniversalDriver_v2.1\EWARM\UniversalDriver_v2.1\Obj\stm32f3xx_hal_msp.o
#        D:\Radio\Jobe\Universal_Driver\Universal_Driver_soft\UniversalDriver_v2.1\EWARM\UniversalDriver_v2.1\Obj\stm32f3xx_hal_pcd.o
#        D:\Radio\Jobe\Universal_Driver\Universal_Driver_soft\UniversalDriver_v2.1\EWARM\UniversalDriver_v2.1\Obj\stm32f3xx_hal_pcd_ex.o
#        D:\Radio\Jobe\Universal_Driver\Universal_Driver_soft\UniversalDriver_v2.1\EWARM\UniversalDriver_v2.1\Obj\stm32f3xx_hal_pwr.o
#        D:\Radio\Jobe\Universal_Driver\Universal_Driver_soft\UniversalDriver_v2.1\EWARM\UniversalDriver_v2.1\Obj\stm32f3xx_hal_pwr_ex.o
#        D:\Radio\Jobe\Universal_Driver\Universal_Driver_soft\UniversalDriver_v2.1\EWARM\UniversalDriver_v2.1\Obj\stm32f3xx_hal_rcc.o
#        D:\Radio\Jobe\Universal_Driver\Universal_Driver_soft\UniversalDriver_v2.1\EWARM\UniversalDriver_v2.1\Obj\stm32f3xx_hal_rcc_ex.o
#        D:\Radio\Jobe\Universal_Driver\Universal_Driver_soft\UniversalDriver_v2.1\EWARM\UniversalDriver_v2.1\Obj\stm32f3xx_hal_spi.o
#        D:\Radio\Jobe\Universal_Driver\Universal_Driver_soft\UniversalDriver_v2.1\EWARM\UniversalDriver_v2.1\Obj\stm32f3xx_hal_spi_ex.o
#        D:\Radio\Jobe\Universal_Driver\Universal_Driver_soft\UniversalDriver_v2.1\EWARM\UniversalDriver_v2.1\Obj\stm32f3xx_hal_tim.o
#        D:\Radio\Jobe\Universal_Driver\Universal_Driver_soft\UniversalDriver_v2.1\EWARM\UniversalDriver_v2.1\Obj\stm32f3xx_hal_tim_ex.o
#        D:\Radio\Jobe\Universal_Driver\Universal_Driver_soft\UniversalDriver_v2.1\EWARM\UniversalDriver_v2.1\Obj\stm32f3xx_hal_timebase_tim.o
#        D:\Radio\Jobe\Universal_Driver\Universal_Driver_soft\UniversalDriver_v2.1\EWARM\UniversalDriver_v2.1\Obj\stm32f3xx_hal_uart.o
#        D:\Radio\Jobe\Universal_Driver\Universal_Driver_soft\UniversalDriver_v2.1\EWARM\UniversalDriver_v2.1\Obj\stm32f3xx_hal_uart_ex.o
#        D:\Radio\Jobe\Universal_Driver\Universal_Driver_soft\UniversalDriver_v2.1\EWARM\UniversalDriver_v2.1\Obj\stm32f3xx_it.o
#        D:\Radio\Jobe\Universal_Driver\Universal_Driver_soft\UniversalDriver_v2.1\EWARM\UniversalDriver_v2.1\Obj\stm32f3xx_ll_usb.o
#        D:\Radio\Jobe\Universal_Driver\Universal_Driver_soft\UniversalDriver_v2.1\EWARM\UniversalDriver_v2.1\Obj\stream_buffer.o
#        D:\Radio\Jobe\Universal_Driver\Universal_Driver_soft\UniversalDriver_v2.1\EWARM\UniversalDriver_v2.1\Obj\system_stm32f3xx.o
#        D:\Radio\Jobe\Universal_Driver\Universal_Driver_soft\UniversalDriver_v2.1\EWARM\UniversalDriver_v2.1\Obj\tasks.o
#        D:\Radio\Jobe\Universal_Driver\Universal_Driver_soft\UniversalDriver_v2.1\EWARM\UniversalDriver_v2.1\Obj\tim.o
#        D:\Radio\Jobe\Universal_Driver\Universal_Driver_soft\UniversalDriver_v2.1\EWARM\UniversalDriver_v2.1\Obj\timers.o
#        D:\Radio\Jobe\Universal_Driver\Universal_Driver_soft\UniversalDriver_v2.1\EWARM\UniversalDriver_v2.1\Obj\usart.o
#        D:\Radio\Jobe\Universal_Driver\Universal_Driver_soft\UniversalDriver_v2.1\EWARM\UniversalDriver_v2.1\Obj\usb_device.o
#        D:\Radio\Jobe\Universal_Driver\Universal_Driver_soft\UniversalDriver_v2.1\EWARM\UniversalDriver_v2.1\Obj\usbd_cdc.o
#        D:\Radio\Jobe\Universal_Driver\Universal_Driver_soft\UniversalDriver_v2.1\EWARM\UniversalDriver_v2.1\Obj\usbd_cdc_if.o
#        D:\Radio\Jobe\Universal_Driver\Universal_Driver_soft\UniversalDriver_v2.1\EWARM\UniversalDriver_v2.1\Obj\usbd_conf.o
#        D:\Radio\Jobe\Universal_Driver\Universal_Driver_soft\UniversalDriver_v2.1\EWARM\UniversalDriver_v2.1\Obj\usbd_core.o
#        D:\Radio\Jobe\Universal_Driver\Universal_Driver_soft\UniversalDriver_v2.1\EWARM\UniversalDriver_v2.1\Obj\usbd_ctlreq.o
#        D:\Radio\Jobe\Universal_Driver\Universal_Driver_soft\UniversalDriver_v2.1\EWARM\UniversalDriver_v2.1\Obj\usbd_desc.o
#        D:\Radio\Jobe\Universal_Driver\Universal_Driver_soft\UniversalDriver_v2.1\EWARM\UniversalDriver_v2.1\Obj\usbd_ioreq.o
#        --redirect _Printf=_PrintfFull --redirect _Scanf=_ScanfFull
#        --no_out_extension -o
#        D:\Radio\Jobe\Universal_Driver\Universal_Driver_soft\UniversalDriver_v2.1\EWARM\UniversalDriver_v2.1\Exe\UniversalDriver_v2.1.out
#        --map
#        D:\Radio\Jobe\Universal_Driver\Universal_Driver_soft\UniversalDriver_v2.1\EWARM\UniversalDriver_v2.1\List\UniversalDriver_v2.1.map
#        --config
#        D:\Radio\Jobe\Universal_Driver\Universal_Driver_soft\UniversalDriver_v2.1\EWARM/stm32f303xc_flash.icf
#        --semihosting --entry __iar_program_start --vfe --text_out locale)
#
###############################################################################

*******************************************************************************
*** RUNTIME MODEL ATTRIBUTES
***

CppFlavor                     = *
__CPP_Exceptions              = Disabled
__CPP_Language                = C++14
__Heap_Handler                = Basic
__SystemLibrary               = DLib
__dlib_dynamic_initialization = normal
__dlib_version                = 6


*******************************************************************************
*** HEAP SELECTION
***

The basic heap was selected because no calls to memory allocation
functions were found in the application outside of system library
functions, and there are calls to deallocation functions in the
application.


*******************************************************************************
*** PLACEMENT SUMMARY
***

"A0":  place at address 0x800'0000 { ro section .intvec };
"P1":  place in [from 0x800'0000 to 0x803'ffff] { ro };
define block CSTACK with size = 1K, alignment = 8 { };
define block HEAP with size = 4K, alignment = 8 { };
"P2":  place in [from 0x2000'0000 to 0x2000'9fff] {
          rw, block CSTACK, block HEAP };
initialize by copy { rw };

  Section                Kind         Address    Size  Object
  -------                ----         -------    ----  ------
"A0":                                           0x188
  .intvec                ro code   0x800'0000   0x188  startup_stm32f303xc.o [1]
                                 - 0x800'0188   0x188

"P1":                                          0xb7c4
  .text                  ro code   0x800'0188   0xf56  stm32f3xx_hal_tim.o [1]
  .text                  ro code   0x800'10de    0x3a  zero_init3.o [5]
  .text                  ro code   0x800'1118   0x7e0  tim.o [1]
  .text                  ro code   0x800'18f8   0x216  main.o [1]
  .text                  ro code   0x800'1b0e     0x2  stm32f3xx_hal_tim.o [1]
  .text                  ro code   0x800'1b10     0x2  stm32f3xx_hal_tim.o [1]
  .text                  ro code   0x800'1b12     0x2  stm32f3xx_hal_tim_ex.o [1]
  .text                  ro code   0x800'1b14     0x2  stm32f3xx_hal_tim_ex.o [1]
  .text                  ro code   0x800'1b16     0x2  stm32f3xx_hal_tim.o [1]
  .text                  ro code   0x800'1b18     0x2  stm32f3xx_hal_tim_ex.o [1]
  .text                  ro code   0x800'1b1a    0x14  memset.o [5]
  .rodata                const     0x800'1b2e     0x1  unwind_debug.o [6]
  .text                  ro code   0x800'1b30   0x240  stm32f3xx_hal_tim_ex.o [1]
  .text                  ro code   0x800'1d70   0x1e0  stm32f3xx_hal_gpio.o [1]
  .text                  ro code   0x800'1f50    0xe8  stm32f3xx_hal_cortex.o [1]
  .text                  ro code   0x800'2038   0xacc  BLDC.o [1]
  .text                  ro code   0x800'2b04   0x14a  LED.o [1]
  .text                  ro code   0x800'2c50    0x24  stm32f3xx_hal.o [1]
  .text                  ro code   0x800'2c74   0x1dc  gpio.o [1]
  .text                  ro code   0x800'2e50   0x200  adc.o [1]
  .text                  ro code   0x800'3050    0xc8  dac.o [1]
  .text                  ro code   0x800'3118    0xc8  spi.o [1]
  .text                  ro code   0x800'31e0    0xc4  usart.o [1]
  .text                  ro code   0x800'32a4   0x1e0  comp.o [1]
  .text                  ro code   0x800'3484   0x104  flash.o [1]
  .text                  ro code   0x800'3588    0x28  stm32f3xx_hal.o [1]
  .text                  ro code   0x800'35b0   0x37c  freertos.o [1]
  .text                  ro code   0x800'392c    0xd2  cmsis_os.o [1]
  .text                  ro code   0x800'3a00    0x66  ABImemset.o [5]
  .text                  ro code   0x800'3a68   0x960  stm32f3xx_hal_rcc.o [1]
  .text                  ro code   0x800'43c8   0x250  stm32f3xx_hal_rcc_ex.o [1]
  .text                  ro code   0x800'4618    0x18  stm32f3xx_hal.o [1]
  .text                  ro code   0x800'4630    0x1a  U32ToDbl.o [4]
  .text                  ro code   0x800'464a    0xc2  motor.o [1]
  .text                  ro code   0x800'470c    0x3a  DblToS32.o [4]
  .text                  ro code   0x800'4748   0x246  DblDiv.o [4]
  .text                  ro code   0x800'4990   0x1a2  DblMul.o [4]
  .text                  ro code   0x800'4b34    0x68  DblToFlt.o [4]
  .text                  ro code   0x800'4b9c    0x48  FltToDbl.o [4]
  .text                  ro code   0x800'4be4    0x80  stm32f3xx_hal_timebase_tim.o [1]
  .text                  ro code   0x800'4c64    0x40  stm32f3xx_hal_msp.o [1]
  .text                  ro code   0x800'4ca4   0x940  stm32f3xx_hal_adc_ex.o [1]
  .text                  ro code   0x800'55e4    0x2c  stm32f3xx_hal_dac.o [1]
  .text                  ro code   0x800'5610    0xc4  stm32f3xx_hal_dac_ex.o [1]
  .text                  ro code   0x800'56d4   0x104  stm32f3xx_hal_spi.o [1]
  .text                  ro code   0x800'57d8    0x92  stm32f3xx_hal_uart_ex.o [1]
  .text                  ro code   0x800'586c    0xcc  stm32f3xx_hal_comp.o [1]
  .text                  ro code   0x800'5938     0xc  stm32f3xx_hal.o [1]
  .text                  ro code   0x800'5944    0xa6  ABImemcpy.o [5]
  .text                  ro code   0x800'59ec    0x58  usb_device.o [1]
  .text                  ro code   0x800'5a44   0x200  mb.o [1]
  .text                  ro code   0x800'5c44   0x830  tasks.o [1]
  .text                  ro code   0x800'6474    0xe2  DblSub.o [4]
  .text                  ro code   0x800'6558   0x17a  DblAdd.o [4]
  .text                  ro code   0x800'66d2     0x2  stm32f3xx_hal_dac.o [1]
  .text                  ro code   0x800'66d4     0x2  stm32f3xx_hal_dac_ex.o [1]
  .text                  ro code   0x800'66d8   0x8b8  stm32f3xx_hal_uart.o [1]
  .text                  ro code   0x800'6f90   0x33e  usbd_core.o [1]
  .text                  ro code   0x800'72d0   0x37c  usbd_cdc.o [1]
  .text                  ro code   0x800'764c   0x2c4  mbrtu.o [1]
  .text                  ro code   0x800'7910    0x3c  portevent.o [1]
  .text                  ro code   0x800'794c   0x260  heap_4.o [1]
  .text                  ro code   0x800'7bac    0x98  list.o [1]
  .text                  ro code   0x800'7c44   0x258  port.o [1]
  .text                  ro code   0x800'7e9c    0x9a  stm32f3xx_hal_dma.o [1]
  .text                  ro code   0x800'7f36     0x2  stm32f3xx_hal_uart.o [1]
  .text                  ro code   0x800'7f38     0x2  stm32f3xx_hal_uart.o [1]
  .text                  ro code   0x800'7f3a     0x2  stm32f3xx_hal_uart.o [1]
  .text                  ro code   0x800'7f3c   0x306  usbd_conf.o [1]
  .text                  ro code   0x800'8244   0x7b8  usbd_ctlreq.o [1]
  .text                  ro code   0x800'89fc    0x9c  usbd_ioreq.o [1]
  .text                  ro code   0x800'8a98    0xf4  portserial.o [1]
  .text                  ro code   0x800'8b8c    0x80  porttimer.o [1]
  .text                  ro code   0x800'8c0c    0x24  ABIassert.o [6]
  .text                  ro code   0x800'8c30    0x40  mbcrc.o [1]
  CODE                   ro code   0x800'8c70    0xb0  portasm.o [1]
  .text                  ro code   0x800'8d20   0xd74  stm32f3xx_hal_pcd.o [1]
  .text                  ro code   0x800'9a94    0x44  stm32f3xx_hal_pcd_ex.o [1]
  .text                  ro code   0x800'9ad8     0x6  abort.o [2]
  .text                  ro code   0x800'9ade   0xe02  stm32f3xx_ll_usb.o [1]
  .text                  ro code   0x800'a8e0    0x14  exit.o [6]
  .text                  ro code   0x800'a8f4   0x21c  mbfuncholding.o [1]
  .text                  ro code   0x800'ab10    0x22  mbutils.o [1]
  .text                  ro code   0x800'ab32   0x198  mbfunccoils.o [1]
  .text                  ro code   0x800'accc   0x136  usbd_desc.o [1]
  .rodata                const     0x800'ae04   0x100  mbcrc.o [1]
  .rodata                const     0x800'af04   0x100  mbcrc.o [1]
  .text                  ro code   0x800'b004    0xf8  stm32f3xx_it.o [1]
  .text                  ro code   0x800'b0fc    0x9c  mbfuncdisc.o [1]
  .text                  ro code   0x800'b198    0x98  usbd_cdc_if.o [1]
  .text                  ro code   0x800'b230    0x70  strncpy.o [5]
  .text                  ro code   0x800'b2a0    0x86  mbfuncinput.o [1]
  .rodata                const     0x800'b328    0x78  mbrtu.o [1]
  .text                  ro code   0x800'b3a0    0x78  lz77_init_single.o [5]
  .rodata                const     0x800'b418    0x64  mbrtu.o [1]
  .rodata                const     0x800'b47c    0x4c  BLDC.o [1]
  .text                  ro code   0x800'b4c8    0x28  data_init.o [5]
  .text                  ro code   0x800'b4f0    0x24  mbfuncother.o [1]
  .text                  ro code   0x800'b514    0x22  fpinit_M.o [4]
  .iar.init_table        const     0x800'b538    0x24  - Linker created -
  .text                  ro code   0x800'b55c    0x20  cmain_call_ctors.o [5]
  .text                  ro code   0x800'b57c    0x18  cppinit.o [2]
  .text                  ro code   0x800'b594    0x1e  cmain.o [5]
  .text                  ro code   0x800'b5b2     0x4  low_level_init.o [2]
  .text                  ro code   0x800'b5b6     0x4  exit.o [2]
  .text                  ro code   0x800'b5bc     0xa  cexit.o [5]
  .rodata                const     0x800'b5c8    0x1c  freertos.o [1]
  .rodata                const     0x800'b5e4    0x1c  freertos.o [1]
  .rodata                const     0x800'b600    0x1c  mbrtu.o [1]
  .rodata                const     0x800'b61c    0x1c  mbrtu.o [1]
  .text                  ro code   0x800'b638    0x1c  system_stm32f3xx.o [1]
  .rodata                const     0x800'b654    0x18  mbrtu.o [1]
  .rodata                const     0x800'b66c    0x14  usbd_desc.o [1]
  .rodata                const     0x800'b680    0x14  usbd_desc.o [1]
  .rodata                const     0x800'b694    0x10  stm32f3xx_hal_rcc.o [1]
  .rodata                const     0x800'b6a4    0x10  stm32f3xx_hal_rcc.o [1]
  .rodata                const     0x800'b6b4    0x10  system_stm32f3xx.o [1]
  .rodata                const     0x800'b6c4    0x10  usbd_desc.o [1]
  .text                  ro code   0x800'b6d4    0x10  startup_stm32f303xc.o [1]
  .rodata                const     0x800'b6e4     0xc  freertos.o [1]
  .rodata                const     0x800'b6f0     0xc  usbd_desc.o [1]
  .text                  ro code   0x800'b6fc     0xc  cstartup_M.o [5]
  .rodata                const     0x800'b708     0x8  freertos.o [1]
  .rodata                const     0x800'b710     0x8  system_stm32f3xx.o [1]
  .rodata                const     0x800'b718     0x8  tasks.o [1]
  .rodata                const     0x800'b720     0x4  heap_4.o [1]
  .rodata                const     0x800'b724     0x4  port.o [1]
  .text                  ro code   0x800'b728     0x4  startup_stm32f303xc.o [1]
  .text                  ro code   0x800'b72c     0x4  startup_stm32f303xc.o [1]
  .text                  ro code   0x800'b730     0x4  startup_stm32f303xc.o [1]
  .text                  ro code   0x800'b734     0x4  startup_stm32f303xc.o [1]
  .text                  ro code   0x800'b738     0x4  startup_stm32f303xc.o [1]
  .text                  ro code   0x800'b73c     0x4  startup_stm32f303xc.o [1]
  .text                  ro code   0x800'b740     0x4  startup_stm32f303xc.o [1]
  .text                  ro code   0x800'b744     0x4  startup_stm32f303xc.o [1]
  .text                  ro code   0x800'b748     0x4  startup_stm32f303xc.o [1]
  .text                  ro code   0x800'b74c     0x4  startup_stm32f303xc.o [1]
  .text                  ro code   0x800'b750     0x4  startup_stm32f303xc.o [1]
  .text                  ro code   0x800'b754     0x4  startup_stm32f303xc.o [1]
  .text                  ro code   0x800'b758     0x4  startup_stm32f303xc.o [1]
  .text                  ro code   0x800'b75c     0x4  startup_stm32f303xc.o [1]
  .text                  ro code   0x800'b760     0x4  startup_stm32f303xc.o [1]
  .text                  ro code   0x800'b764     0x4  startup_stm32f303xc.o [1]
  .text                  ro code   0x800'b768     0x4  startup_stm32f303xc.o [1]
  .text                  ro code   0x800'b76c     0x4  startup_stm32f303xc.o [1]
  .text                  ro code   0x800'b770     0x4  startup_stm32f303xc.o [1]
  .text                  ro code   0x800'b774     0x4  startup_stm32f303xc.o [1]
  .text                  ro code   0x800'b778     0x4  startup_stm32f303xc.o [1]
  .text                  ro code   0x800'b77c     0x4  startup_stm32f303xc.o [1]
  .text                  ro code   0x800'b780     0x4  startup_stm32f303xc.o [1]
  .text                  ro code   0x800'b784     0x4  startup_stm32f303xc.o [1]
  .text                  ro code   0x800'b788     0x4  startup_stm32f303xc.o [1]
  .text                  ro code   0x800'b78c     0x4  startup_stm32f303xc.o [1]
  .text                  ro code   0x800'b790     0x4  startup_stm32f303xc.o [1]
  .text                  ro code   0x800'b794     0x4  startup_stm32f303xc.o [1]
  .text                  ro code   0x800'b798     0x4  startup_stm32f303xc.o [1]
  .text                  ro code   0x800'b79c     0x4  startup_stm32f303xc.o [1]
  .text                  ro code   0x800'b7a0     0x4  startup_stm32f303xc.o [1]
  .text                  ro code   0x800'b7a4     0x4  startup_stm32f303xc.o [1]
  .text                  ro code   0x800'b7a8     0x4  startup_stm32f303xc.o [1]
  .text                  ro code   0x800'b7ac     0x4  startup_stm32f303xc.o [1]
  .text                  ro code   0x800'b7b0     0x4  startup_stm32f303xc.o [1]
  .text                  ro code   0x800'b7b4     0x4  startup_stm32f303xc.o [1]
  .text                  ro code   0x800'b7b8     0x4  startup_stm32f303xc.o [1]
  .text                  ro code   0x800'b7bc     0x4  startup_stm32f303xc.o [1]
  .text                  ro code   0x800'b7c0     0x4  startup_stm32f303xc.o [1]
  .text                  ro code   0x800'b7c4     0x4  startup_stm32f303xc.o [1]
  .text                  ro code   0x800'b7c8     0x4  startup_stm32f303xc.o [1]
  .text                  ro code   0x800'b7cc     0x4  startup_stm32f303xc.o [1]
  .text                  ro code   0x800'b7d0     0x4  startup_stm32f303xc.o [1]
  .text                  ro code   0x800'b7d4     0x4  startup_stm32f303xc.o [1]
  .text                  ro code   0x800'b7d8     0x4  startup_stm32f303xc.o [1]
  .text                  ro code   0x800'b7dc     0x4  startup_stm32f303xc.o [1]
  .text                  ro code   0x800'b7e0     0x4  startup_stm32f303xc.o [1]
  .text                  ro code   0x800'b7e4     0x4  startup_stm32f303xc.o [1]
  .text                  ro code   0x800'b7e8     0x4  startup_stm32f303xc.o [1]
  .text                  ro code   0x800'b7ec     0x4  startup_stm32f303xc.o [1]
  .text                  ro code   0x800'b7f0     0x4  startup_stm32f303xc.o [1]
  .text                  ro code   0x800'b7f4     0x4  startup_stm32f303xc.o [1]
  .text                  ro code   0x800'b7f8     0x4  startup_stm32f303xc.o [1]
  .text                  ro code   0x800'b7fc     0x4  startup_stm32f303xc.o [1]
  .text                  ro code   0x800'b800     0x4  startup_stm32f303xc.o [1]
  .text                  ro code   0x800'b804     0x4  startup_stm32f303xc.o [1]
  .text                  ro code   0x800'b808     0x4  startup_stm32f303xc.o [1]
  .text                  ro code   0x800'b80c     0x4  startup_stm32f303xc.o [1]
  .text                  ro code   0x800'b810     0x4  startup_stm32f303xc.o [1]
  .text                  ro code   0x800'b814     0x4  startup_stm32f303xc.o [1]
  SHT$$PREINIT_ARRAY               0x800'b818     0x0  <Block>
  SHT$$INIT_ARRAY                  0x800'b818     0x4  <Block>
    .init_array          const     0x800'b818     0x4  main.o [1]
  __iar_tls$$INIT_ARRAY            0x800'b81c     0x0  <Block>
  .rodata                const     0x800'b81c     0x0  zero_init3.o [5]
  .rodata                const     0x800'b81c     0x0  lz77_init_single.o [5]
  Initializer bytes      const     0x800'b81c   0x130  <for P2-1>
                                 - 0x800'b94c  0xb7c4

"P2", part 1 of 3:                              0x212
  P2-1                            0x2000'0000   0x212  <Init block>
    .data                inited   0x2000'0000     0x4  freertos.o [1]
    .data                inited   0x2000'0004     0xc  main.o [1]
    .data                inited   0x2000'0010    0x80  mb.o [1]
    .data                inited   0x2000'0090     0x4  port.o [1]
    .data                inited   0x2000'0094     0x4  portserial.o [1]
    .data                inited   0x2000'0098     0x4  stm32f3xx_hal.o [1]
    .data                inited   0x2000'009c     0x4  system_stm32f3xx.o [1]
    .data                inited   0x2000'00a0     0xc  usbd_cdc.o [1]
    .data                inited   0x2000'00ac    0x38  usbd_cdc.o [1]
    .data                inited   0x2000'00e4    0x44  usbd_cdc.o [1]
    .data                inited   0x2000'0128    0x44  usbd_cdc.o [1]
    .data                inited   0x2000'016c    0x44  usbd_cdc.o [1]
    .data                inited   0x2000'01b0    0x10  usbd_cdc_if.o [1]
    .data                inited   0x2000'01c0    0x1c  usbd_desc.o [1]
    .data                inited   0x2000'01dc    0x14  usbd_desc.o [1]
    .data                inited   0x2000'01f0     0x4  usbd_desc.o [1]
    .data                inited   0x2000'01f4    0x1c  usbd_desc.o [1]
    .data                inited   0x2000'0210     0x1  mb.o [1]
    .data                inited   0x2000'0211     0x1  stm32f3xx_hal.o [1]
                                - 0x2000'0212   0x212

"P2", part 2 of 3:                             0x6ca0
  .bss                   zero     0x2000'0214  0x5000  heap_4.o [1]
  .bss                   zero     0x2000'5214   0x3e8  usbd_cdc_if.o [1]
  .bss                   zero     0x2000'55fc   0x3e8  usbd_cdc_if.o [1]
  .bss                   zero     0x2000'59e4   0x2ec  usbd_conf.o [1]
  .bss                   zero     0x2000'5cd0   0x2c4  usb_device.o [1]
  .bss                   zero     0x2000'5f94   0x220  usbd_conf.o [1]
  .bss                   zero     0x2000'61b4   0x200  freertos.o [1]
  .bss                   zero     0x2000'63b4   0x200  usbd_desc.o [1]
  .bss                   zero     0x2000'65b4   0x100  mbrtu.o [1]
  .bss                   zero     0x2000'66b4    0x8c  tasks.o [1]
  .bss                   zero     0x2000'6740    0x84  usart.o [1]
  .bss                   zero     0x2000'67c4    0x64  main.o [1]
  .bss                   zero     0x2000'6828    0x64  spi.o [1]
  .bss                   zero     0x2000'688c    0x54  freertos.o [1]
  .bss                   zero     0x2000'68e0    0x50  adc.o [1]
  .bss                   zero     0x2000'6930    0x50  adc.o [1]
  .bss                   zero     0x2000'6980    0x4c  stm32f3xx_hal_timebase_tim.o [1]
  .bss                   zero     0x2000'69cc    0x4c  tim.o [1]
  .bss                   zero     0x2000'6a18    0x4c  tim.o [1]
  .bss                   zero     0x2000'6a64    0x4c  tim.o [1]
  .bss                   zero     0x2000'6ab0    0x4c  tim.o [1]
  .bss                   zero     0x2000'6afc    0x4c  tim.o [1]
  .bss                   zero     0x2000'6b48    0x4c  tim.o [1]
  .bss                   zero     0x2000'6b94    0x4c  tim.o [1]
  .bss                   zero     0x2000'6be0    0x4c  tim.o [1]
  .bss                   zero     0x2000'6c2c    0x30  comp.o [1]
  .bss                   zero     0x2000'6c5c    0x30  comp.o [1]
  .bss                   zero     0x2000'6c8c    0x30  comp.o [1]
  .bss                   zero     0x2000'6cbc    0x30  main.o [1]
  .bss                   zero     0x2000'6cec    0x30  main.o [1]
  .bss                   zero     0x2000'6d1c    0x30  main.o [1]
  .bss                   zero     0x2000'6d4c    0x20  mbfuncother.o [1]
  .bss                   zero     0x2000'6d6c    0x18  main.o [1]
  .bss                   zero     0x2000'6d84    0x14  dac.o [1]
  .bss                   zero     0x2000'6d98    0x14  tasks.o [1]
  .bss                   zero     0x2000'6dac    0x14  tasks.o [1]
  .bss                   zero     0x2000'6dc0    0x14  tasks.o [1]
  .bss                   zero     0x2000'6dd4    0x14  tasks.o [1]
  .bss                   zero     0x2000'6de8    0x14  tasks.o [1]
  .bss                   zero     0x2000'6dfc     0x8  heap_4.o [1]
  .bss                   zero     0x2000'6e04     0x4  adc.o [1]
  .bss                   zero     0x2000'6e08     0x4  freertos.o [1]
  .bss                   zero     0x2000'6e0c     0x4  freertos.o [1]
  .bss                   zero     0x2000'6e10     0x4  freertos.o [1]
  .bss                   zero     0x2000'6e14     0x4  freertos.o [1]
  .bss                   zero     0x2000'6e18     0x4  heap_4.o [1]
  .bss                   zero     0x2000'6e1c     0x4  heap_4.o [1]
  .bss                   zero     0x2000'6e20     0x4  heap_4.o [1]
  .bss                   zero     0x2000'6e24     0x4  heap_4.o [1]
  .bss                   zero     0x2000'6e28     0x4  main.o [1]
  .bss                   zero     0x2000'6e2c     0x4  main.o [1]
  .bss                   zero     0x2000'6e30     0x4  mb.o [1]
  .bss                   zero     0x2000'6e34     0x4  mb.o [1]
  .bss                   zero     0x2000'6e38     0x4  mb.o [1]
  .bss                   zero     0x2000'6e3c     0x4  mb.o [1]
  .bss                   zero     0x2000'6e40     0x4  mb.o [1]
  .bss                   zero     0x2000'6e44     0x4  mb.o [1]
  .bss                   zero     0x2000'6e48     0x4  mb.o [1]
  .bss                   zero     0x2000'6e4c     0x4  mb.o [1]
  .bss                   zero     0x2000'6e50     0x4  mb.o [1]
  .bss                   zero     0x2000'6e54     0x4  mbrtu.o [1]
  .bss                   zero     0x2000'6e58     0x4  port.o [1]
  .bss                   zero     0x2000'6e5c     0x4  stm32f3xx_hal.o [1]
  .bss                   zero     0x2000'6e60     0x4  tasks.o [1]
  .bss                   zero     0x2000'6e64     0x4  tasks.o [1]
  .bss                   zero     0x2000'6e68     0x4  tasks.o [1]
  .bss                   zero     0x2000'6e6c     0x4  tasks.o [1]
  .bss                   zero     0x2000'6e70     0x4  tasks.o [1]
  .bss                   zero     0x2000'6e74     0x4  tasks.o [1]
  .bss                   zero     0x2000'6e78     0x4  tasks.o [1]
  .bss                   zero     0x2000'6e7c     0x4  tasks.o [1]
  .bss                   zero     0x2000'6e80     0x4  tasks.o [1]
  .bss                   zero     0x2000'6e84     0x4  tasks.o [1]
  .bss                   zero     0x2000'6e88     0x4  tasks.o [1]
  .bss                   zero     0x2000'6e8c     0x4  tasks.o [1]
  .bss                   zero     0x2000'6e90     0x4  tasks.o [1]
  .bss                   zero     0x2000'6e94     0x4  tasks.o [1]
  .bss                   zero     0x2000'6e98     0x4  tasks.o [1]
  .bss                   zero     0x2000'6e9c     0x2  mb.o [1]
  .bss                   zero     0x2000'6e9e     0x2  mbfuncother.o [1]
  .bss                   zero     0x2000'6ea0     0x2  mbrtu.o [1]
  .bss                   zero     0x2000'6ea2     0x2  mbrtu.o [1]
  .bss                   zero     0x2000'6ea4     0x2  porttimer.o [1]
  .bss                   zero     0x2000'6ea6     0x2  porttimer.o [1]
  .bss                   zero     0x2000'6ea8     0x1  mb.o [1]
  .bss                   zero     0x2000'6ea9     0x1  mb.o [1]
  .bss                   zero     0x2000'6eaa     0x1  mb.o [1]
  .bss                   zero     0x2000'6eab     0x1  mb.o [1]
  .bss                   zero     0x2000'6eac     0x1  mb.o [1]
  .bss                   zero     0x2000'6ead     0x1  mbrtu.o [1]
  .bss                   zero     0x2000'6eae     0x1  mbrtu.o [1]
  .bss                   zero     0x2000'6eaf     0x1  port.o [1]
  .bss                   zero     0x2000'6eb0     0x1  portevent.o [1]
  .bss                   zero     0x2000'6eb1     0x1  portevent.o [1]
  .bss                   zero     0x2000'6eb2     0x1  usbd_ctlreq.o [1]
                                - 0x2000'6eb3  0x6c9f

"P2", part 3 of 3:                              0x400
  CSTACK                          0x2000'6eb8   0x400  <Block>
    CSTACK               uninit   0x2000'6eb8   0x400  <Block tail>
                                - 0x2000'72b8   0x400

Unused ranges:

         From           To      Size
         ----           --      ----
   0x800'b94c   0x803'ffff  0x3'46b4
  0x2000'0212  0x2000'0213       0x2
  0x2000'6eb4  0x2000'6eb7       0x4
  0x2000'72b8  0x2000'9fff    0x2d48


*******************************************************************************
*** INIT TABLE
***

          Address      Size
          -------      ----
Zero (__iar_zero_init3)
    1 destination range, total size 0x6c9f:
          0x2000'0214  0x6c9f

Copy/lz77 (__iar_lz77_init_single3)
    1 source range, total size 0x130 (57% of destination):
           0x800'b81c   0x130
    1 destination range, total size 0x212:
          0x2000'0000   0x212

Extra (__iar_cstart_call_ctors)



*******************************************************************************
*** MODULE SUMMARY
***

    Module                        ro code  ro data  rw data
    ------                        -------  -------  -------
command line/config:
    -------------------------------------------------------
    Total:

D:\Radio\Jobe\Universal_Driver\Universal_Driver_soft\UniversalDriver_v2.1\EWARM\UniversalDriver_v2.1\Obj: [1]
    BLDC.o                          2'764       76
    LED.o                             330
    adc.o                             512               164
    cmsis_os.o                        210
    comp.o                            480               144
    dac.o                             200                20
    flash.o                           260
    freertos.o                        892       78      616
    gpio.o                            476
    heap_4.o                          608        4   20'504
    list.o                            152
    main.o                            534       11      288
    mb.o                              512       74      172
    mbcrc.o                            64      512
    mbfunccoils.o                     408
    mbfuncdisc.o                      156
    mbfuncholding.o                   540
    mbfuncinput.o                     134
    mbfuncother.o                      36                34
    mbrtu.o                           708      300      266
    mbutils.o                          34
    motor.o                           194
    port.o                            600        6        9
    portasm.o                         176
    portevent.o                        60                 2
    portserial.o                      244        3        4
    porttimer.o                       128                 4
    spi.o                             200               100
    startup_stm32f303xc.o             648
    stm32f3xx_hal.o                   112        3        9
    stm32f3xx_hal_adc_ex.o          2'368
    stm32f3xx_hal_comp.o              204
    stm32f3xx_hal_cortex.o            232
    stm32f3xx_hal_dac.o                46
    stm32f3xx_hal_dac_ex.o            198
    stm32f3xx_hal_dma.o               154
    stm32f3xx_hal_gpio.o              480
    stm32f3xx_hal_msp.o                64
    stm32f3xx_hal_pcd.o             3'444
    stm32f3xx_hal_pcd_ex.o             68
    stm32f3xx_hal_rcc.o             2'400       32
    stm32f3xx_hal_rcc_ex.o            592
    stm32f3xx_hal_spi.o               260
    stm32f3xx_hal_tim.o             3'932
    stm32f3xx_hal_tim_ex.o            582
    stm32f3xx_hal_timebase_tim.o      128                76
    stm32f3xx_hal_uart.o            2'238
    stm32f3xx_hal_uart_ex.o           146
    stm32f3xx_it.o                    248
    stm32f3xx_ll_usb.o              3'586
    system_stm32f3xx.o                 28       26        4
    tasks.o                         2'096        8      300
    tim.o                           2'016               608
    usart.o                           196               132
    usb_device.o                       88               708
    usbd_cdc.o                        892      156      272
    usbd_cdc_if.o                     152        9    2'016
    usbd_conf.o                       774             1'292
    usbd_core.o                       830
    usbd_ctlreq.o                   1'976                 1
    usbd_desc.o                       310      114      592
    usbd_ioreq.o                      156
    -------------------------------------------------------
    Total:                         43'256    1'412   28'337

dl7M_tlf.a: [2]
    abort.o                             6
    cppinit.o                          24
    exit.o                              4
    low_level_init.o                    4
    -------------------------------------------------------
    Total:                             38

dlpp7M_tl_fc.a: [3]
    -------------------------------------------------------
    Total:

m7M_tls.a: [4]
    DblAdd.o                          378
    DblDiv.o                          582
    DblMul.o                          418
    DblSub.o                          226
    DblToFlt.o                        104
    DblToS32.o                         58
    FltToDbl.o                         72
    U32ToDbl.o                         26
    fpinit_M.o                         34
    -------------------------------------------------------
    Total:                          1'898

rt7M_tl.a: [5]
    ABImemcpy.o                       166
    ABImemset.o                       102
    cexit.o                            10
    cmain.o                            30
    cmain_call_ctors.o                 32
    cstartup_M.o                       12
    data_init.o                        40
    lz77_init_single.o                120
    memset.o                           20
    strncpy.o                         112
    zero_init3.o                       58
    -------------------------------------------------------
    Total:                            702

shb_l.a: [6]
    ABIassert.o                        36
    exit.o                             20
    unwind_debug.o                               1
    -------------------------------------------------------
    Total:                             56        1

    Gaps                               29        8
    Linker created                              36    1'024
-----------------------------------------------------------
    Grand Total:                   45'979    1'457   29'361


*******************************************************************************
*** ENTRY LIST
***

Entry                       Address    Size  Type      Object
-----                       -------    ----  ----      ------
.iar.init_table$$Base    0x800'b538           --   Gb  - Linker created -
.iar.init_table$$Limit   0x800'b55c           --   Gb  - Linker created -
?main                    0x800'b595          Code  Gb  cmain.o [5]
ADC_Disable              0x800'5549    0x84  Code  Lc  stm32f3xx_hal_adc_ex.o [1]
AHBPrescTable            0x800'b6b4    0x10  Data  Gb  system_stm32f3xx.o [1]
APBPrescTable            0x800'b710     0x8  Data  Gb  system_stm32f3xx.o [1]
BLDC                    0x2000'67c4    0x64  Data  Gb  main.o [1]
BLDC_motor::AccelHandler()
                         0x800'2355     0x2  Code  Gb  BLDC.o [1]
BLDC_motor::BLDC_motor(TIM_HandleTypeDef *, TIM_HandleTypeDef *, TIM_HandleTypeDef *, TIM_HandleTypeDef *)
                         0x800'2a95    0x48  Code  Gb  BLDC.o [1]
BLDC_motor::Init()       0x800'2145   0x11a  Code  Gb  BLDC.o [1]
BLDC_motor::PWM_Mode_0()
                         0x800'2357   0x262  Code  Gb  BLDC.o [1]
BLDC_motor::PWM_Mode_1()
                         0x800'25b9   0x262  Code  Gb  BLDC.o [1]
BLDC_motor::PWM_Mode_2()
                         0x800'281b   0x27a  Code  Gb  BLDC.o [1]
BLDC_motor::SensHandler()
                         0x800'225f    0xe4  Code  Gb  BLDC.o [1]
BLDC_motor::deceleration()
                         0x800'2115     0xa  Code  Gb  BLDC.o [1]
BLDC_motor::getStatusDirect()
                         0x800'20dd     0x4  Code  Gb  BLDC.o [1]
BLDC_motor::getStatusRotation()
                         0x800'20e1     0x4  Code  Gb  BLDC.o [1]
BLDC_motor::goTo(int, dir)
                         0x800'2143     0x2  Code  Gb  BLDC.o [1]
BLDC_motor::removeBreak(bool)
                         0x800'211f    0x24  Code  Gb  BLDC.o [1]
BLDC_motor::setSpeed(unsigned char)
                         0x800'2039    0xa4  Code  Gb  BLDC.o [1]
BLDC_motor::start()      0x800'20e5     0xe  Code  Gb  BLDC.o [1]
BLDC_motor::stop()       0x800'20f3    0x22  Code  Gb  BLDC.o [1]
BusFault_Handler         0x800'b00b     0x2  Code  Gb  stm32f3xx_it.o [1]
CDC_Control_FS           0x800'b1b7    0x3e  Code  Lc  usbd_cdc_if.o [1]
CDC_DeInit_FS            0x800'b1b3     0x4  Code  Lc  usbd_cdc_if.o [1]
CDC_Init_FS              0x800'b199    0x1a  Code  Lc  usbd_cdc_if.o [1]
CDC_Receive_FS           0x800'b1f5    0x2c  Code  Lc  usbd_cdc_if.o [1]
CSTACK$$Base            0x2000'6eb8           --   Gb  - Linker created -
CSTACK$$Limit           0x2000'72b8           --   Gb  - Linker created -
DebugMon_Handler         0x800'b00f     0x2  Code  Gb  stm32f3xx_it.o [1]
Error_Handler            0x800'1b0d     0x2  Code  Gb  main.o [1]
FLASH_WriteSettings      0x800'3485    0x3a  Code  Gb  flash.o [1]
FS_Desc                 0x2000'01c0    0x1c  Data  Gb  usbd_desc.o [1]
Flash_ReadParams         0x800'34bf    0x26  Code  Gb  flash.o [1]
Get_SerialNum            0x800'ad5d    0x2c  Code  Lc  usbd_desc.o [1]
HAL_ADCEx_MultiModeConfigChannel
                         0x800'53d5   0x166  Code  Gb  stm32f3xx_hal_adc_ex.o [1]
HAL_ADC_ConfigChannel    0x800'4f99   0x42e  Code  Gb  stm32f3xx_hal_adc_ex.o [1]
HAL_ADC_Init             0x800'4ca5   0x2d0  Code  Gb  stm32f3xx_hal_adc_ex.o [1]
HAL_ADC_MspInit          0x800'2f7d    0xba  Code  Gb  adc.o [1]
HAL_COMP_Init            0x800'586d    0xc8  Code  Gb  stm32f3xx_hal_comp.o [1]
HAL_COMP_MspInit         0x800'3353   0x112  Code  Gb  comp.o [1]
HAL_DAC_ConfigChannel    0x800'5683    0x52  Code  Gb  stm32f3xx_hal_dac_ex.o [1]
HAL_DAC_DMAUnderrunCallbackCh1
                         0x800'66d3     0x2  Code  Wk  stm32f3xx_hal_dac.o [1]
HAL_DAC_IRQHandler       0x800'5611    0x72  Code  Gb  stm32f3xx_hal_dac_ex.o [1]
HAL_DAC_Init             0x800'55e5    0x2c  Code  Gb  stm32f3xx_hal_dac.o [1]
HAL_DAC_MspInit          0x800'309f    0x6a  Code  Gb  dac.o [1]
HAL_DMA_Abort            0x800'7e9d    0x48  Code  Gb  stm32f3xx_hal_dma.o [1]
HAL_DMA_Abort_IT         0x800'7ee5    0x52  Code  Gb  stm32f3xx_hal_dma.o [1]
HAL_Delay                0x800'3589    0x28  Code  Wk  stm32f3xx_hal.o [1]
HAL_GPIO_Init            0x800'1d71   0x1a6  Code  Gb  stm32f3xx_hal_gpio.o [1]
HAL_GPIO_WritePin        0x800'1f17    0x12  Code  Gb  stm32f3xx_hal_gpio.o [1]
HAL_GetTick              0x800'5939     0xc  Code  Wk  stm32f3xx_hal.o [1]
HAL_IncTick              0x800'4619    0x18  Code  Wk  stm32f3xx_hal.o [1]
HAL_Init                 0x800'2c51    0x20  Code  Gb  stm32f3xx_hal.o [1]
HAL_InitTick             0x800'4be5    0x70  Code  Gb  stm32f3xx_hal_timebase_tim.o [1]
HAL_MspInit              0x800'4c65    0x40  Code  Gb  stm32f3xx_hal_msp.o [1]
HAL_NVIC_EnableIRQ       0x800'201b     0xa  Code  Gb  stm32f3xx_hal_cortex.o [1]
HAL_NVIC_SetPriority     0x800'1ff9    0x22  Code  Gb  stm32f3xx_hal_cortex.o [1]
HAL_NVIC_SetPriorityGrouping
                         0x800'1ff1     0x8  Code  Gb  stm32f3xx_hal_cortex.o [1]
HAL_PCDEx_PMAConfig      0x800'9a95    0x44  Code  Gb  stm32f3xx_hal_pcd_ex.o [1]
HAL_PCDEx_SetConnectionState
                         0x800'8217     0x2  Code  Gb  usbd_conf.o [1]
HAL_PCD_DataInStageCallback
                         0x800'7fe1    0x1c  Code  Gb  usbd_conf.o [1]
HAL_PCD_DataOutStageCallback
                         0x800'7fc3    0x1e  Code  Gb  usbd_conf.o [1]
HAL_PCD_EP_Close         0x800'906d    0x66  Code  Gb  stm32f3xx_hal_pcd.o [1]
HAL_PCD_EP_ClrStall      0x800'91eb    0x7c  Code  Gb  stm32f3xx_hal_pcd.o [1]
HAL_PCD_EP_DB_Receive    0x800'9653   0x142  Code  Lc  stm32f3xx_hal_pcd.o [1]
HAL_PCD_EP_DB_Transmit   0x800'9795   0x300  Code  Lc  stm32f3xx_hal_pcd.o [1]
HAL_PCD_EP_GetRxCount    0x800'9115    0x12  Code  Gb  stm32f3xx_hal_pcd.o [1]
HAL_PCD_EP_Open          0x800'8fe7    0x86  Code  Gb  stm32f3xx_hal_pcd.o [1]
HAL_PCD_EP_Receive       0x800'90d3    0x42  Code  Gb  stm32f3xx_hal_pcd.o [1]
HAL_PCD_EP_SetStall      0x800'9173    0x78  Code  Gb  stm32f3xx_hal_pcd.o [1]
HAL_PCD_EP_Transmit      0x800'9127    0x4c  Code  Gb  stm32f3xx_hal_pcd.o [1]
HAL_PCD_IRQHandler       0x800'8e7d   0x13e  Code  Gb  stm32f3xx_hal_pcd.o [1]
HAL_PCD_Init             0x800'8d21   0x128  Code  Gb  stm32f3xx_hal_pcd.o [1]
HAL_PCD_MspInit          0x800'7f3d    0x76  Code  Gb  usbd_conf.o [1]
HAL_PCD_ResetCallback    0x800'8009    0x26  Code  Gb  usbd_conf.o [1]
HAL_PCD_ResumeCallback   0x800'804d     0xc  Code  Gb  usbd_conf.o [1]
HAL_PCD_SOFCallback      0x800'7ffd     0xc  Code  Gb  usbd_conf.o [1]
HAL_PCD_SetAddress       0x800'8fbb    0x2c  Code  Gb  stm32f3xx_hal_pcd.o [1]
HAL_PCD_SetupStageCallback
                         0x800'7fb3    0x10  Code  Gb  usbd_conf.o [1]
HAL_PCD_Start            0x800'8e49    0x34  Code  Gb  stm32f3xx_hal_pcd.o [1]
HAL_PCD_SuspendCallback
                         0x800'802f    0x1e  Code  Gb  usbd_conf.o [1]
HAL_RCCEx_PeriphCLKConfig
                         0x800'43c9   0x230  Code  Gb  stm32f3xx_hal_rcc_ex.o [1]
HAL_RCC_ADC12_CLK_ENABLED
                        0x2000'6e04     0x4  Data  Lc  adc.o [1]
HAL_RCC_ClockConfig      0x800'40dd   0x1bc  Code  Gb  stm32f3xx_hal_rcc.o [1]
HAL_RCC_GetClockConfig   0x800'4347    0x34  Code  Gb  stm32f3xx_hal_rcc.o [1]
HAL_RCC_GetHCLKFreq      0x800'4301     0x6  Code  Gb  stm32f3xx_hal_rcc.o [1]
HAL_RCC_GetPCLK1Freq     0x800'4307    0x20  Code  Gb  stm32f3xx_hal_rcc.o [1]
HAL_RCC_GetPCLK2Freq     0x800'4327    0x20  Code  Gb  stm32f3xx_hal_rcc.o [1]
HAL_RCC_GetSysClockFreq
                         0x800'4299    0x68  Code  Gb  stm32f3xx_hal_rcc.o [1]
HAL_RCC_OscConfig        0x800'3a69   0x674  Code  Gb  stm32f3xx_hal_rcc.o [1]
HAL_RS485Ex_Init         0x800'57d9    0x90  Code  Gb  stm32f3xx_hal_uart_ex.o [1]
HAL_SPI_Init             0x800'56d5   0x104  Code  Gb  stm32f3xx_hal_spi.o [1]
HAL_SPI_MspInit          0x800'3169    0x62  Code  Gb  spi.o [1]
HAL_TIMEx_Break2Callback
                         0x800'1b15     0x2  Code  Wk  stm32f3xx_hal_tim_ex.o [1]
HAL_TIMEx_BreakCallback
                         0x800'1b13     0x2  Code  Wk  stm32f3xx_hal_tim_ex.o [1]
HAL_TIMEx_CommutCallback
                         0x800'1b19     0x2  Code  Wk  stm32f3xx_hal_tim_ex.o [1]
HAL_TIMEx_ConfigBreakDeadTime
                         0x800'1ccb    0x92  Code  Gb  stm32f3xx_hal_tim_ex.o [1]
HAL_TIMEx_HallSensor_Init
                         0x800'1b31   0x102  Code  Gb  stm32f3xx_hal_tim_ex.o [1]
HAL_TIMEx_HallSensor_MspInit
                         0x800'1667    0x72  Code  Gb  tim.o [1]
HAL_TIMEx_MasterConfigSynchronization
                         0x800'1c39    0x92  Code  Gb  stm32f3xx_hal_tim_ex.o [1]
HAL_TIM_Base_Init        0x800'0189    0x7a  Code  Gb  stm32f3xx_hal_tim.o [1]
HAL_TIM_Base_MspInit     0x800'1739    0xdc  Code  Gb  tim.o [1]
HAL_TIM_Base_Start_IT    0x800'0203    0x8a  Code  Gb  stm32f3xx_hal_tim.o [1]
HAL_TIM_Base_Stop_IT     0x800'028d    0x3a  Code  Gb  stm32f3xx_hal_tim.o [1]
HAL_TIM_Encoder_Init     0x800'0681    0xce  Code  Gb  stm32f3xx_hal_tim.o [1]
HAL_TIM_Encoder_MspInit
                         0x800'16d9    0x60  Code  Gb  tim.o [1]
HAL_TIM_Encoder_Start_IT
                         0x800'0755   0x112  Code  Gb  stm32f3xx_hal_tim.o [1]
HAL_TIM_IC_CaptureCallback
                         0x800'1a8d    0x18  Code  Gb  main.o [1]
HAL_TIM_IC_Start_IT      0x800'04c5   0x1a6  Code  Gb  stm32f3xx_hal_tim.o [1]
HAL_TIM_IRQHandler       0x800'0879   0x194  Code  Gb  stm32f3xx_hal_tim.o [1]
HAL_TIM_MspPostInit      0x800'1815    0x8a  Code  Gb  tim.o [1]
HAL_TIM_PWM_ConfigChannel
                         0x800'0a0d   0x156  Code  Gb  stm32f3xx_hal_tim.o [1]
HAL_TIM_PWM_Init         0x800'02e1    0x7a  Code  Gb  stm32f3xx_hal_tim.o [1]
HAL_TIM_PWM_MspInit      0x800'157b    0xec  Code  Gb  tim.o [1]
HAL_TIM_PWM_Start        0x800'035b   0x148  Code  Gb  stm32f3xx_hal_tim.o [1]
HAL_TIM_PeriodElapsedCallback
                         0x800'1aa5    0x26  Code  Gb  main.o [1]
HAL_TIM_SlaveConfigSynchro
                         0x800'0b63    0x5e  Code  Gb  stm32f3xx_hal_tim.o [1]
HAL_UARTEx_WakeupCallback
                         0x800'5869     0x2  Code  Wk  stm32f3xx_hal_uart_ex.o [1]
HAL_UART_IRQHandler      0x800'6823   0x294  Code  Gb  stm32f3xx_hal_uart.o [1]
HAL_UART_Init            0x800'66d9    0x7a  Code  Gb  stm32f3xx_hal_uart.o [1]
HAL_UART_MspInit         0x800'3223    0x72  Code  Gb  usart.o [1]
HAL_UART_Transmit        0x800'6753    0xd0  Code  Gb  stm32f3xx_hal_uart.o [1]
HardFault_Handler        0x800'b007     0x2  Code  Gb  stm32f3xx_it.o [1]
IntToUnicode             0x800'adb5    0x4e  Code  Lc  usbd_desc.o [1]
LED_OSstart             0x2000'6d1c    0x30  Data  Gb  main.o [1]
LED_error               0x2000'6cec    0x30  Data  Gb  main.o [1]
LED_rs485               0x2000'6cbc    0x30  Data  Gb  main.o [1]
MX_ADC1_Init             0x800'2e51    0xa6  Code  Gb  adc.o [1]
MX_ADC2_Init             0x800'2ef7    0x86  Code  Gb  adc.o [1]
MX_COMP3_Init            0x800'32a5    0x3a  Code  Gb  comp.o [1]
MX_COMP6_Init            0x800'32df    0x3a  Code  Gb  comp.o [1]
MX_COMP7_Init            0x800'3319    0x3a  Code  Gb  comp.o [1]
MX_DAC_Init              0x800'3051    0x4e  Code  Gb  dac.o [1]
MX_FREERTOS_Init()       0x800'35c3    0x3a  Code  Gb  freertos.o [1]
MX_GPIO_Init             0x800'2c75   0x1dc  Code  Gb  gpio.o [1]
MX_SPI2_Init             0x800'3119    0x50  Code  Gb  spi.o [1]
MX_TIM16_Init            0x800'1517    0x32  Code  Gb  tim.o [1]
MX_TIM17_Init            0x800'1549    0x32  Code  Gb  tim.o [1]
MX_TIM1_Init             0x800'1119   0x11e  Code  Gb  tim.o [1]
MX_TIM2_Init             0x800'1237    0x76  Code  Gb  tim.o [1]
MX_TIM3_Init             0x800'12ad    0x86  Code  Gb  tim.o [1]
MX_TIM4_Init             0x800'1333    0x78  Code  Gb  tim.o [1]
MX_TIM6_Init             0x800'13ab    0x4e  Code  Gb  tim.o [1]
MX_TIM8_Init             0x800'13f9   0x11e  Code  Gb  tim.o [1]
MX_USART2_UART_Init      0x800'31e1    0x42  Code  Gb  usart.o [1]
MX_USB_DEVICE_Init       0x800'59ed    0x58  Code  Gb  usb_device.o [1]
MainTask(void const *)   0x800'35fd   0x12e  Code  Gb  freertos.o [1]
MemManage_Handler        0x800'b009     0x2  Code  Gb  stm32f3xx_it.o [1]
ModBus(void const *)     0x800'372b    0x2e  Code  Gb  freertos.o [1]
NMI_Handler              0x800'b005     0x2  Code  Gb  stm32f3xx_it.o [1]
NVIC_EncodePriority      0x800'1fb5    0x3c  Code  Lc  stm32f3xx_hal_cortex.o [1]
PCD_EP_ISR_Handler       0x800'9267   0x3ec  Code  Lc  stm32f3xx_hal_pcd.o [1]
PendSV_Handler           0x800'8c71          Code  Gb  portasm.o [1]
Region$$Table$$Base      0x800'b538           --   Gb  - Linker created -
Region$$Table$$Limit     0x800'b55c           --   Gb  - Linker created -
SHT$$INIT_ARRAY$$Base    0x800'b818           --   Gb  - Linker created -
SHT$$INIT_ARRAY$$Limit   0x800'b81c           --   Gb  - Linker created -
SHT$$PREINIT_ARRAY$$Base
                         0x800'b818           --   Gb  - Linker created -
SHT$$PREINIT_ARRAY$$Limit
                         0x800'b818           --   Gb  - Linker created -
SVC_Handler              0x800'8cc9          Code  Gb  portasm.o [1]
Start                   0x2000'6e08     0x4  Data  Gb  freertos.o [1]
SysTick_Handler          0x800'7dc5    0x28  Code  Gb  port.o [1]
SystemClock_Config()     0x800'19e7    0xa6  Code  Gb  main.o [1]
SystemCoreClock         0x2000'009c     0x4  Data  Gb  system_stm32f3xx.o [1]
SystemInit               0x800'b639    0x14  Code  Gb  system_stm32f3xx.o [1]
TIM1_TRG_COM_TIM17_IRQHandler
                         0x800'b01b    0x3e  Code  Gb  stm32f3xx_it.o [1]
TIM2_IRQHandler          0x800'b059     0xa  Code  Gb  stm32f3xx_it.o [1]
TIM6_DAC_IRQHandler      0x800'b0b3    0x10  Code  Gb  stm32f3xx_it.o [1]
TIM7_IRQHandler          0x800'b0c3     0xa  Code  Gb  stm32f3xx_it.o [1]
TIM_Base_SetConfig       0x800'0bc1    0xb6  Code  Gb  stm32f3xx_hal_tim.o [1]
TIM_CCxChannelCmd        0x800'10b9    0x26  Code  Gb  stm32f3xx_hal_tim.o [1]
TIM_ETR_SetConfig        0x800'10a3    0x16  Code  Gb  stm32f3xx_hal_tim.o [1]
TIM_OC1_SetConfig        0x800'0c77    0x9c  Code  Lc  stm32f3xx_hal_tim.o [1]
TIM_OC2_SetConfig        0x800'0d13    0x88  Code  Gb  stm32f3xx_hal_tim.o [1]
TIM_OC3_SetConfig        0x800'0d9b    0x7e  Code  Lc  stm32f3xx_hal_tim.o [1]
TIM_OC4_SetConfig        0x800'0e1b    0x5e  Code  Lc  stm32f3xx_hal_tim.o [1]
TIM_OC5_SetConfig        0x800'0e79    0x58  Code  Lc  stm32f3xx_hal_tim.o [1]
TIM_OC6_SetConfig        0x800'0ed1    0x5a  Code  Lc  stm32f3xx_hal_tim.o [1]
TIM_SlaveTimer_SetConfig
                         0x800'0f2b    0x9a  Code  Lc  stm32f3xx_hal_tim.o [1]
TIM_TI1_ConfigInputStage
                         0x800'1059    0x24  Code  Lc  stm32f3xx_hal_tim.o [1]
TIM_TI1_SetConfig        0x800'0fc5    0x6a  Code  Gb  stm32f3xx_hal_tim.o [1]
TIM_TI2_ConfigInputStage
                         0x800'107d    0x26  Code  Lc  stm32f3xx_hal_tim.o [1]
UART_AdvFeatureConfig    0x800'6d29    0xda  Code  Gb  stm32f3xx_hal_uart.o [1]
UART_CheckIdleState      0x800'6e03    0x6e  Code  Gb  stm32f3xx_hal_uart.o [1]
UART_DMAAbortOnError     0x800'6f5d    0x16  Code  Lc  stm32f3xx_hal_uart.o [1]
UART_EndRxTransfer       0x800'6f23    0x38  Code  Lc  stm32f3xx_hal_uart.o [1]
UART_EndTransmit_IT      0x800'6f73    0x1c  Code  Lc  stm32f3xx_hal_uart.o [1]
UART_SetConfig           0x800'6ab7   0x24c  Code  Gb  stm32f3xx_hal_uart.o [1]
UART_WaitOnFlagUntilTimeout
                         0x800'6e71    0xb2  Code  Gb  stm32f3xx_hal_uart.o [1]
USART2_IRQHandler        0x800'b063    0x50  Code  Gb  stm32f3xx_it.o [1]
USBD_CDC                0x2000'00ac    0x38  Data  Gb  usbd_cdc.o [1]
USBD_CDC_CfgFSDesc      0x2000'0128    0x44  Data  Gb  usbd_cdc.o [1]
USBD_CDC_CfgHSDesc      0x2000'00e4    0x44  Data  Gb  usbd_cdc.o [1]
USBD_CDC_DataIn          0x800'74d9    0x70  Code  Lc  usbd_cdc.o [1]
USBD_CDC_DataOut         0x800'7549    0x34  Code  Lc  usbd_cdc.o [1]
USBD_CDC_DeInit          0x800'7393    0x50  Code  Lc  usbd_cdc.o [1]
USBD_CDC_DeviceQualifierDesc
                        0x2000'00a0     0xc  Data  Lc  usbd_cdc.o [1]
USBD_CDC_EP0_RxReady     0x800'757d    0x36  Code  Lc  usbd_cdc.o [1]
USBD_CDC_GetDeviceQualifierDescriptor
                         0x800'75cb     0x8  Code  Gb  usbd_cdc.o [1]
USBD_CDC_GetFSCfgDesc    0x800'75b3     0x8  Code  Lc  usbd_cdc.o [1]
USBD_CDC_GetHSCfgDesc    0x800'75bb     0x8  Code  Lc  usbd_cdc.o [1]
USBD_CDC_GetOtherSpeedCfgDesc
                         0x800'75c3     0x8  Code  Lc  usbd_cdc.o [1]
USBD_CDC_Init            0x800'72d1    0xc2  Code  Lc  usbd_cdc.o [1]
USBD_CDC_OtherSpeedCfgDesc
                        0x2000'016c    0x44  Data  Gb  usbd_cdc.o [1]
USBD_CDC_ReceivePacket   0x800'7615    0x38  Code  Gb  usbd_cdc.o [1]
USBD_CDC_RegisterInterface
                         0x800'75e5    0x12  Code  Gb  usbd_cdc.o [1]
USBD_CDC_SetRxBuffer     0x800'7609     0xc  Code  Gb  usbd_cdc.o [1]
USBD_CDC_SetTxBuffer     0x800'75f7    0x12  Code  Gb  usbd_cdc.o [1]
USBD_CDC_Setup           0x800'73e3    0xf6  Code  Lc  usbd_cdc.o [1]
USBD_ClrClassConfig      0x800'7005    0x10  Code  Gb  usbd_core.o [1]
USBD_ClrFeature          0x800'8939    0x24  Code  Lc  usbd_ctlreq.o [1]
USBD_CtlContinueRx       0x800'8a5b    0x12  Code  Gb  usbd_ioreq.o [1]
USBD_CtlContinueSendData
                         0x800'8a21    0x12  Code  Gb  usbd_ioreq.o [1]
USBD_CtlError            0x800'8985    0x16  Code  Gb  usbd_ctlreq.o [1]
USBD_CtlPrepareRx        0x800'8a33    0x28  Code  Gb  usbd_ioreq.o [1]
USBD_CtlReceiveStatus    0x800'8a83    0x16  Code  Gb  usbd_ioreq.o [1]
USBD_CtlSendData         0x800'89fd    0x24  Code  Gb  usbd_ioreq.o [1]
USBD_CtlSendStatus       0x800'8a6d    0x16  Code  Gb  usbd_ioreq.o [1]
USBD_FS_ConfigStrDescriptor
                         0x800'ad1d    0x20  Code  Gb  usbd_desc.o [1]
USBD_FS_DeviceDesc      0x2000'01dc    0x14  Data  Gb  usbd_desc.o [1]
USBD_FS_DeviceDescriptor
                         0x800'accd     0x8  Code  Gb  usbd_desc.o [1]
USBD_FS_InterfaceStrDescriptor
                         0x800'ad3d    0x20  Code  Gb  usbd_desc.o [1]
USBD_FS_LangIDStrDescriptor
                         0x800'acd5     0x8  Code  Gb  usbd_desc.o [1]
USBD_FS_ManufacturerStrDescriptor
                         0x800'acfd    0x12  Code  Gb  usbd_desc.o [1]
USBD_FS_ProductStrDescriptor
                         0x800'acdd    0x20  Code  Gb  usbd_desc.o [1]
USBD_FS_SerialStrDescriptor
                         0x800'ad0f     0xe  Code  Gb  usbd_desc.o [1]
USBD_GetConfig           0x800'88a9    0x3e  Code  Lc  usbd_ctlreq.o [1]
USBD_GetDescriptor       0x800'8577   0x200  Code  Lc  usbd_ctlreq.o [1]
USBD_GetLen              0x800'89e9    0x14  Code  Lc  usbd_ctlreq.o [1]
USBD_GetStatus           0x800'88e7    0x3e  Code  Lc  usbd_ctlreq.o [1]
USBD_GetString           0x800'899b    0x4e  Code  Gb  usbd_ctlreq.o [1]
USBD_Get_USB_Status      0x800'8219    0x2a  Code  Lc  usbd_conf.o [1]
USBD_Init                0x800'6f91    0x30  Code  Gb  usbd_core.o [1]
USBD_Interface_fops_FS  0x2000'01b0    0x10  Data  Gb  usbd_cdc_if.o [1]
USBD_LL_ClearStallEP     0x800'8149    0x1a  Code  Gb  usbd_conf.o [1]
USBD_LL_CloseEP          0x800'8115    0x1a  Code  Gb  usbd_conf.o [1]
USBD_LL_DataInStage      0x800'711f   0x104  Code  Gb  usbd_core.o [1]
USBD_LL_DataOutStage     0x800'7079    0xa6  Code  Gb  usbd_core.o [1]
USBD_LL_GetRxDataSize    0x800'81e9     0xe  Code  Gb  usbd_conf.o [1]
USBD_LL_Init             0x800'8059    0x80  Code  Gb  usbd_conf.o [1]
USBD_LL_IsStallEP        0x800'8163    0x34  Code  Gb  usbd_conf.o [1]
USBD_LL_OpenEP           0x800'80f1    0x24  Code  Gb  usbd_conf.o [1]
USBD_LL_PrepareReceive   0x800'81cd    0x1c  Code  Gb  usbd_conf.o [1]
USBD_LL_Reset            0x800'7223    0x60  Code  Gb  usbd_core.o [1]
USBD_LL_Resume           0x800'729b    0x14  Code  Gb  usbd_core.o [1]
USBD_LL_SOF              0x800'72af    0x20  Code  Gb  usbd_core.o [1]
USBD_LL_SetSpeed         0x800'7283     0x6  Code  Gb  usbd_core.o [1]
USBD_LL_SetUSBAddress    0x800'8197    0x1a  Code  Gb  usbd_conf.o [1]
USBD_LL_SetupStage       0x800'7015    0x64  Code  Gb  usbd_core.o [1]
USBD_LL_StallEP          0x800'812f    0x1a  Code  Gb  usbd_conf.o [1]
USBD_LL_Start            0x800'80d9    0x18  Code  Gb  usbd_conf.o [1]
USBD_LL_Suspend          0x800'7289    0x12  Code  Gb  usbd_core.o [1]
USBD_LL_Transmit         0x800'81b1    0x1c  Code  Gb  usbd_conf.o [1]
USBD_LangIDDesc         0x2000'01f0     0x4  Data  Gb  usbd_desc.o [1]
USBD_ParseSetupRequest   0x800'895d    0x28  Code  Gb  usbd_ctlreq.o [1]
USBD_RegisterClass       0x800'6fc1    0x14  Code  Gb  usbd_core.o [1]
USBD_RunTestMode         0x800'6fdf     0x4  Code  Gb  usbd_core.o [1]
USBD_SetAddress          0x800'8777    0x5e  Code  Lc  usbd_ctlreq.o [1]
USBD_SetClassConfig      0x800'6fe3    0x22  Code  Gb  usbd_core.o [1]
USBD_SetConfig           0x800'87d5    0xce  Code  Lc  usbd_ctlreq.o [1]
USBD_SetConfig::cfgidx  0x2000'6eb2     0x1  Data  Lc  usbd_ctlreq.o [1]
USBD_SetFeature          0x800'8925    0x14  Code  Lc  usbd_ctlreq.o [1]
USBD_Start               0x800'6fd5     0xa  Code  Gb  usbd_core.o [1]
USBD_StdDevReq           0x800'8245    0x7a  Code  Gb  usbd_ctlreq.o [1]
USBD_StdEPReq            0x800'832b   0x24c  Code  Gb  usbd_ctlreq.o [1]
USBD_StdItfReq           0x800'82bf    0x6c  Code  Gb  usbd_ctlreq.o [1]
USBD_StrDesc            0x2000'63b4   0x200  Data  Gb  usbd_desc.o [1]
USBD_StringSerial       0x2000'01f4    0x1c  Data  Gb  usbd_desc.o [1]
USBD_static_free         0x800'8215     0x2  Code  Gb  usbd_conf.o [1]
USBD_static_malloc       0x800'81f7     0x4  Code  Gb  usbd_conf.o [1]
USBD_static_malloc::mem
                        0x2000'5f94   0x220  Data  Lc  usbd_conf.o [1]
USB_ActivateEndpoint     0x800'9b25   0x2f8  Code  Gb  stm32f3xx_ll_usb.o [1]
USB_DeactivateEndpoint   0x800'9e1d   0x1c4  Code  Gb  stm32f3xx_ll_usb.o [1]
USB_DevConnect           0x800'a86f     0x4  Code  Gb  stm32f3xx_ll_usb.o [1]
USB_DevInit              0x800'9b05    0x20  Code  Gb  stm32f3xx_ll_usb.o [1]
USB_DisableGlobalInt     0x800'9af1    0x14  Code  Gb  stm32f3xx_ll_usb.o [1]
USB_EPClearStall         0x800'a7bb    0xa4  Code  Gb  stm32f3xx_ll_usb.o [1]
USB_EPSetStall           0x800'a773    0x48  Code  Gb  stm32f3xx_ll_usb.o [1]
USB_EPStartXfer          0x800'9fe1   0x792  Code  Gb  stm32f3xx_ll_usb.o [1]
USB_EnableGlobalInt      0x800'9adf    0x12  Code  Gb  stm32f3xx_ll_usb.o [1]
USB_LP_CAN_RX0_IRQHandler
                         0x800'b011     0xa  Code  Gb  stm32f3xx_it.o [1]
USB_ReadInterrupts       0x800'a873     0x6  Code  Gb  stm32f3xx_ll_usb.o [1]
USB_ReadPMA              0x800'a8ab    0x36  Code  Gb  stm32f3xx_ll_usb.o [1]
USB_SetDevAddress        0x800'a85f    0x10  Code  Gb  stm32f3xx_ll_usb.o [1]
USB_WritePMA             0x800'a879    0x32  Code  Gb  stm32f3xx_ll_usb.o [1]
UsageFault_Handler       0x800'b00d     0x2  Code  Gb  stm32f3xx_it.o [1]
UserRxBufferFS          0x2000'5214   0x3e8  Data  Gb  usbd_cdc_if.o [1]
UserTxBufferFS          0x2000'55fc   0x3e8  Data  Gb  usbd_cdc_if.o [1]
Virtual function table for BLDC_motor
                         0x800'b47c    0x4c  Data  Gb  BLDC.o [1]
[local to main_c]::DWT_Init()
                         0x800'191f    0x16  Code  Lc  main.o [1]
__NVIC_EnableIRQ         0x800'1f75    0x1c  Code  Lc  stm32f3xx_hal_cortex.o [1]
__NVIC_GetPriorityGrouping
                         0x800'1f6b     0xa  Code  Lc  stm32f3xx_hal_cortex.o [1]
__NVIC_SetPriority       0x800'1f91    0x24  Code  Lc  stm32f3xx_hal_cortex.o [1]
__NVIC_SetPriorityGrouping
                         0x800'1f51    0x1a  Code  Lc  stm32f3xx_hal_cortex.o [1]
__aeabi_assert           0x800'8c0d    0x24  Code  Gb  ABIassert.o [6]
__aeabi_d2f              0x800'4b35          Code  Gb  DblToFlt.o [4]
__aeabi_d2iz             0x800'470d          Code  Gb  DblToS32.o [4]
__aeabi_dadd             0x800'6559          Code  Gb  DblAdd.o [4]
__aeabi_ddiv             0x800'4749          Code  Gb  DblDiv.o [4]
__aeabi_dmul             0x800'4991          Code  Gb  DblMul.o [4]
__aeabi_dsub             0x800'6475          Code  Gb  DblSub.o [4]
__aeabi_f2d              0x800'4b9d          Code  Gb  FltToDbl.o [4]
__aeabi_memcpy           0x800'5945          Code  Gb  ABImemcpy.o [5]
__aeabi_memcpy4          0x800'5965          Code  Gb  ABImemcpy.o [5]
__aeabi_memcpy8          0x800'5965          Code  Gb  ABImemcpy.o [5]
__aeabi_memset           0x800'3a01          Code  Gb  ABImemset.o [5]
__aeabi_ui2d             0x800'4631          Code  Gb  U32ToDbl.o [4]
__call_ctors             0x800'b57d    0x18  Code  Gb  cppinit.o [2]
__cmain                  0x800'b595          Code  Gb  cmain.o [5]
__exit                   0x800'a8e1    0x14  Code  Gb  exit.o [6]
__iar_Memset             0x800'3a01          Code  Gb  ABImemset.o [5]
__iar_Memset_word        0x800'3a09          Code  Gb  ABImemset.o [5]
__iar_cstart_call_ctors
                         0x800'b55d    0x20  Code  Gb  cmain_call_ctors.o [5]
__iar_dadd               0x800'6485          Code  Gb  DblSub.o [4]
__iar_data_init3         0x800'b4c9    0x28  Code  Gb  data_init.o [5]
__iar_debug_exceptions   0x800'1b2e     0x1  Data  Gb  unwind_debug.o [6]
__iar_dsub               0x800'6569          Code  Gb  DblAdd.o [4]
__iar_dsubStart          0x800'657b          Code  Gb  DblAdd.o [4]
__iar_init_vfp           0x800'b515          Code  Gb  fpinit_M.o [4]
__iar_lz77_init_single3
                         0x800'b3a1    0x78  Code  Gb  lz77_init_single.o [5]
__iar_program_start      0x800'b6fd          Code  Gb  cstartup_M.o [5]
__iar_tls$$INIT_ARRAY$$Base
                         0x800'b81c           --   Gb  - Linker created -
__iar_tls$$INIT_ARRAY$$Limit
                         0x800'b81c           --   Gb  - Linker created -
__iar_zero_init3         0x800'10df    0x3a  Code  Gb  zero_init3.o [5]
__low_level_init         0x800'b5b3     0x4  Code  Gb  low_level_init.o [2]
__sti__routine           0x800'18f9    0x26  Code  Lc  main.o [1]
__vector_table           0x800'0000          Data  Gb  startup_stm32f303xc.o [1]
_call_main               0x800'b5a1          Code  Gb  cmain.o [5]
_exit                    0x800'b5bd          Code  Gb  cexit.o [5]
_main                    0x800'b5af          Code  Gb  cmain.o [5]
aPLLMULFactorTable       0x800'b694    0x10  Data  Gb  stm32f3xx_hal_rcc.o [1]
aPredivFactorTable       0x800'b6a4    0x10  Data  Gb  stm32f3xx_hal_rcc.o [1]
abort                    0x800'9ad9     0x6  Code  Gb  abort.o [2]
aucCRCHi                 0x800'ae04   0x100  Data  Lc  mbcrc.o [1]
aucCRCLo                 0x800'af04   0x100  Data  Lc  mbcrc.o [1]
base_motor::SetDirection(dir)
                         0x800'4691     0x4  Code  Gb  motor.o [1]
base_motor::base_motor()
                         0x800'4653    0x3e  Code  Gb  motor.o [1]
base_motor::base_motor() [subobject]
                         0x800'464b     0x8  Code  Gb  motor.o [1]
base_motor::map(double, double, double, double, double)
                         0x800'4695    0x78  Code  Gb  motor.o [1]
count_tic               0x2000'6e28     0x4  Data  Gb  main.o [1]
dir1                    0x2000'6e0c     0x4  Data  Gb  freertos.o [1]
downcounter             0x2000'6ea6     0x2  Data  Gb  porttimer.o [1]
eMBCurrentMode          0x2000'6ea9     0x1  Data  Lc  mb.o [1]
eMBEnable                0x800'5adf    0x20  Code  Gb  mb.o [1]
eMBFuncReadCoils         0x800'ab33    0x9e  Code  Gb  mbfunccoils.o [1]
eMBFuncReadDiscreteInputs
                         0x800'b0fd    0x9c  Code  Gb  mbfuncdisc.o [1]
eMBFuncReadHoldingRegister
                         0x800'a99f    0x86  Code  Gb  mbfuncholding.o [1]
eMBFuncReadInputRegister
                         0x800'b2a1    0x86  Code  Gb  mbfuncinput.o [1]
eMBFuncReadWriteMultipleHoldingRegister
                         0x800'aa25    0xec  Code  Gb  mbfuncholding.o [1]
eMBFuncReportSlaveID     0x800'b4f1    0x1c  Code  Gb  mbfuncother.o [1]
eMBFuncWriteCoil         0x800'abd1    0x6c  Code  Gb  mbfunccoils.o [1]
eMBFuncWriteHoldingRegister
                         0x800'a8f5    0x3a  Code  Gb  mbfuncholding.o [1]
eMBFuncWriteMultipleCoils
                         0x800'ac3d    0x8e  Code  Gb  mbfunccoils.o [1]
eMBFuncWriteMultipleHoldingRegister
                         0x800'a92f    0x70  Code  Gb  mbfuncholding.o [1]
eMBInit                  0x800'5a45    0x9a  Code  Gb  mb.o [1]
eMBPoll                  0x800'5aff    0xe4  Code  Gb  mb.o [1]
eMBPoll::eException     0x2000'6eac     0x1  Data  Lc  mb.o [1]
eMBPoll::ucFunctionCode
                        0x2000'6eab     0x1  Data  Lc  mb.o [1]
eMBPoll::ucMBFrame      0x2000'6e50     0x4  Data  Lc  mb.o [1]
eMBPoll::ucRcvAddress   0x2000'6eaa     0x1  Data  Lc  mb.o [1]
eMBPoll::usLength       0x2000'6e9c     0x2  Data  Lc  mb.o [1]
eMBRTUInit               0x800'764d    0x46  Code  Gb  mbrtu.o [1]
eMBRTUReceive            0x800'76c1    0x6a  Code  Gb  mbrtu.o [1]
eMBRTUSend               0x800'772b    0x60  Code  Gb  mbrtu.o [1]
eMBRTUStart              0x800'7693    0x1a  Code  Gb  mbrtu.o [1]
eMBRTUStop               0x800'76ad    0x14  Code  Gb  mbrtu.o [1]
eMBRegCoilsCB            0x800'3925     0x4  Code  Gb  freertos.o [1]
eMBRegDiscreteCB         0x800'3929     0x4  Code  Gb  freertos.o [1]
eMBRegHoldingCB          0x800'375f   0x17a  Code  Gb  freertos.o [1]
eMBRegInputCB            0x800'3759     0x6  Code  Gb  freertos.o [1]
eMBState                0x2000'0210     0x1  Data  Lc  mb.o [1]
eQueuedEvent            0x2000'6eb0     0x1  Data  Lc  portevent.o [1]
eRcvState               0x2000'6eae     0x1  Data  Lc  mbrtu.o [1]
eSndState               0x2000'6ead     0x1  Data  Lc  mbrtu.o [1]
exit                     0x800'b5b7     0x4  Code  Gb  exit.o [2]
flash_erase_page         0x800'34f5    0x2a  Code  Gb  flash.o [1]
flash_lock               0x800'352b     0xc  Code  Gb  flash.o [1]
flash_ready              0x800'34e5    0x10  Code  Gb  flash.o [1]
flash_unlock             0x800'351f     0xc  Code  Gb  flash.o [1]
flash_write              0x800'3537    0x3a  Code  Gb  flash.o [1]
hUsbDeviceFS            0x2000'5cd0   0x2c4  Data  Gb  usb_device.o [1]
hadc1                   0x2000'68e0    0x50  Data  Gb  adc.o [1]
hadc2                   0x2000'6930    0x50  Data  Gb  adc.o [1]
hcomp3                  0x2000'6c2c    0x30  Data  Gb  comp.o [1]
hcomp6                  0x2000'6c5c    0x30  Data  Gb  comp.o [1]
hcomp7                  0x2000'6c8c    0x30  Data  Gb  comp.o [1]
hdac                    0x2000'6d84    0x14  Data  Gb  dac.o [1]
hpcd_USB_FS             0x2000'59e4   0x2ec  Data  Gb  usbd_conf.o [1]
hspi2                   0x2000'6828    0x64  Data  Gb  spi.o [1]
htim1                   0x2000'69cc    0x4c  Data  Gb  tim.o [1]
htim16                  0x2000'6b94    0x4c  Data  Gb  tim.o [1]
htim17                  0x2000'6be0    0x4c  Data  Gb  tim.o [1]
htim2                   0x2000'6a18    0x4c  Data  Gb  tim.o [1]
htim3                   0x2000'6a64    0x4c  Data  Gb  tim.o [1]
htim4                   0x2000'6ab0    0x4c  Data  Gb  tim.o [1]
htim6                   0x2000'6afc    0x4c  Data  Gb  tim.o [1]
htim7                   0x2000'6980    0x4c  Data  Gb  stm32f3xx_hal_timebase_tim.o [1]
htim8                   0x2000'6b48    0x4c  Data  Gb  tim.o [1]
huart2                  0x2000'6740    0x84  Data  Gb  usart.o [1]
inHandlerMode            0x800'3943    0x12  Code  Lc  cmsis_os.o [1]
led::Init(GPIO_TypeDef *, unsigned short)
                         0x800'2bfb    0x1a  Code  Gb  LED.o [1]
led::LEDon()             0x800'2c15     0x6  Code  Gb  LED.o [1]
led::led()               0x800'2c23    0x2c  Code  Gb  LED.o [1]
led::poll()              0x800'2b05    0xf6  Code  Gb  LED.o [1]
led::setParameters(mode, unsigned int, unsigned int)
                         0x800'2c1b     0x8  Code  Gb  LED.o [1]
main                     0x800'1935    0xb2  Code  Gb  main.o [1]
mainTaskHandle          0x2000'6e10     0x4  Data  Gb  freertos.o [1]
makeFreeRtosPriority     0x800'392d    0x16  Code  Lc  cmsis_os.o [1]
memset                   0x800'1b1b    0x14  Code  Gb  memset.o [5]
modBusHandle            0x2000'6e14     0x4  Data  Gb  freertos.o [1]
osDelay                  0x800'39d3    0x16  Code  Gb  cmsis_os.o [1]
osDelayUntil             0x800'39e9    0x16  Code  Gb  cmsis_os.o [1]
osKernelStart            0x800'3955     0xa  Code  Gb  cmsis_os.o [1]
osKernelSysTick          0x800'395f    0x16  Code  Gb  cmsis_os.o [1]
osThreadCreate           0x800'3975    0x5e  Code  Gb  cmsis_os.o [1]
pMotor                  0x2000'6e2c     0x4  Data  Gb  main.o [1]
pcInterruptPriorityRegisters
                         0x800'b724     0x4  Data  Lc  port.o [1]
peMBFrameReceiveCur     0x2000'6e3c     0x4  Data  Lc  mb.o [1]
peMBFrameSendCur        0x2000'6e30     0x4  Data  Lc  mb.o [1]
prvAddCurrentTaskToDelayedList
                         0x800'63d1    0x6e  Code  Lc  tasks.o [1]
prvAddNewTaskToReadyList
                         0x800'5de3    0x9a  Code  Lc  tasks.o [1]
prvCheckTasksWaitingTermination
                         0x800'62f5    0x3c  Code  Lc  tasks.o [1]
prvDeleteTCB             0x800'6335    0x42  Code  Lc  tasks.o [1]
prvHeapInit              0x800'7ad3    0x5e  Code  Lc  heap_4.o [1]
prvIdleTask              0x800'6279    0x24  Code  Lc  tasks.o [1]
prvInitialiseNewTask     0x800'5d39    0xaa  Code  Lc  tasks.o [1]
prvInitialiseTaskLists   0x800'629d    0x54  Code  Lc  tasks.o [1]
prvInsertBlockIntoFreeList
                         0x800'7b31    0x5e  Code  Lc  heap_4.o [1]
prvResetNextTaskUnblockTime
                         0x800'6377    0x28  Code  Lc  tasks.o [1]
prvTaskExitError         0x800'7c6d    0x2a  Code  Lc  port.o [1]
prveMBError2Exception    0x800'ab11    0x22  Code  Gb  mbutils.o [1]
pucSndBufferCur         0x2000'6e54     0x4  Data  Lc  mbrtu.o [1]
pvMBFrameCloseCur       0x2000'6e40     0x4  Data  Lc  mb.o [1]
pvMBFrameStartCur       0x2000'6e34     0x4  Data  Lc  mb.o [1]
pvMBFrameStopCur        0x2000'6e38     0x4  Data  Lc  mb.o [1]
pvPortMalloc             0x800'794d   0x114  Code  Gb  heap_4.o [1]
pxCurrentTCB            0x2000'6e60     0x4  Data  Gb  tasks.o [1]
pxDelayedTaskList       0x2000'6e64     0x4  Data  Lc  tasks.o [1]
pxEnd                   0x2000'6e18     0x4  Data  Lc  heap_4.o [1]
pxMBFrameCBByteReceived
                        0x2000'6e44     0x4  Data  Gb  mb.o [1]
pxMBFrameCBTransmitterEmpty
                        0x2000'6e48     0x4  Data  Gb  mb.o [1]
pxMBPortCBTimerExpired  0x2000'6e4c     0x4  Data  Gb  mb.o [1]
pxOverflowDelayedTaskList
                        0x2000'6e68     0x4  Data  Lc  tasks.o [1]
pxPortInitialiseStack    0x800'7c45    0x28  Code  Gb  port.o [1]
pxReadyTasksLists       0x2000'66b4    0x8c  Data  Lc  tasks.o [1]
serial                  0x2000'0094     0x4  Data  Gb  portserial.o [1]
settings                0x2000'0004     0xc  Data  Gb  main.o [1]
steps                   0x2000'0000     0x4  Data  Gb  freertos.o [1]
str_rx                  0x2000'6d6c    0x18  Data  Gb  main.o [1]
strncpy                  0x800'b231          Code  Gb  strncpy.o [5]
timeout                 0x2000'6ea4     0x2  Data  Gb  porttimer.o [1]
ucHeap                  0x2000'0214  0x5000  Data  Lc  heap_4.o [1]
ucMBAddress             0x2000'6ea8     0x1  Data  Lc  mb.o [1]
ucMBSlaveID             0x2000'6d4c    0x20  Data  Lc  mbfuncother.o [1]
ucMaxSysCallPriority    0x2000'6eaf     0x1  Data  Lc  port.o [1]
ucRTUBuf                0x2000'65b4   0x100  Data  Gb  mbrtu.o [1]
ulMaxPRIGROUPValue      0x2000'6e58     0x4  Data  Lc  port.o [1]
usMBCRC16                0x800'8c31    0x40  Code  Gb  mbcrc.o [1]
usMBSlaveIDLen          0x2000'6e9e     0x2  Data  Lc  mbfuncother.o [1]
usRcvBufferPos          0x2000'6ea2     0x2  Data  Lc  mbrtu.o [1]
usSndBufferCount        0x2000'6ea0     0x2  Data  Lc  mbrtu.o [1]
uwTick                  0x2000'6e5c     0x4  Data  Gb  stm32f3xx_hal.o [1]
uwTickFreq              0x2000'0211     0x1  Data  Gb  stm32f3xx_hal.o [1]
uwTickPrio              0x2000'0098     0x4  Data  Gb  stm32f3xx_hal.o [1]
uxCriticalNesting       0x2000'0090     0x4  Data  Lc  port.o [1]
uxCurrentNumberOfTasks  0x2000'6e70     0x4  Data  Lc  tasks.o [1]
uxDeletedTasksWaitingCleanUp
                        0x2000'6e6c     0x4  Data  Lc  tasks.o [1]
uxListRemove             0x800'7c1f    0x26  Code  Gb  list.o [1]
uxPendedTicks           0x2000'6e80     0x4  Data  Lc  tasks.o [1]
uxSchedulerSuspended    0x2000'6e98     0x4  Data  Lc  tasks.o [1]
uxTaskNumber            0x2000'6e8c     0x4  Data  Lc  tasks.o [1]
uxTopReadyPriority      0x2000'6e78     0x4  Data  Lc  tasks.o [1]
vApplicationGetIdleTaskMemory
                         0x800'35b1    0x12  Code  Gb  freertos.o [1]
vListInitialise          0x800'7bad    0x1e  Code  Gb  list.o [1]
vListInitialiseItem      0x800'7bcb     0x6  Code  Gb  list.o [1]
vListInsert              0x800'7be9    0x36  Code  Gb  list.o [1]
vListInsertEnd           0x800'7bd1    0x18  Code  Gb  list.o [1]
vMBPortSerialEnable      0x800'8a99    0x5a  Code  Gb  portserial.o [1]
vMBPortTimersDisable     0x800'8bed     0xa  Code  Gb  porttimer.o [1]
vMBPortTimersEnable      0x800'8bdb    0x12  Code  Gb  porttimer.o [1]
vPortEnableVFP           0x800'8d05          Code  Gb  portasm.o [1]
vPortEnterCritical       0x800'7d65    0x34  Code  Gb  port.o [1]
vPortExitCritical        0x800'7d99    0x2c  Code  Gb  port.o [1]
vPortFree                0x800'7a61    0x72  Code  Gb  heap_4.o [1]
vPortStartFirstTask      0x800'8ce5          Code  Gb  portasm.o [1]
vPortValidateInterruptPriority
                         0x800'7ded    0x4a  Code  Gb  port.o [1]
vTaskDelay               0x800'5f21    0x4c  Code  Gb  tasks.o [1]
vTaskDelayUntil          0x800'5e7d    0xa4  Code  Gb  tasks.o [1]
vTaskStartScheduler      0x800'5f6d    0x8e  Code  Gb  tasks.o [1]
vTaskSuspendAll          0x800'5ffb     0xc  Code  Gb  tasks.o [1]
vTaskSwitchContext       0x800'61f5    0x6a  Code  Gb  tasks.o [1]
xBlockAllocatedBit      0x2000'6e24     0x4  Data  Lc  heap_4.o [1]
xDelayedTaskList1       0x2000'6d98    0x14  Data  Lc  tasks.o [1]
xDelayedTaskList2       0x2000'6dac    0x14  Data  Lc  tasks.o [1]
xEventInQueue           0x2000'6eb1     0x1  Data  Lc  portevent.o [1]
xFreeBytesRemaining     0x2000'6e1c     0x4  Data  Lc  heap_4.o [1]
xFuncHandlers           0x2000'0010    0x80  Data  Lc  mb.o [1]
xHeapStructSize          0x800'b720     0x4  Data  Lc  heap_4.o [1]
xIdleStack              0x2000'61b4   0x200  Data  Lc  freertos.o [1]
xIdleTaskHandle         0x2000'6e94     0x4  Data  Lc  tasks.o [1]
xIdleTaskTCBBuffer      0x2000'688c    0x54  Data  Lc  freertos.o [1]
xMBPortEventGet          0x800'7929    0x1c  Code  Gb  portevent.o [1]
xMBPortEventInit         0x800'7911     0xa  Code  Gb  portevent.o [1]
xMBPortEventPost         0x800'791b     0xe  Code  Gb  portevent.o [1]
xMBPortSerialGetByte     0x800'8b75     0xe  Code  Gb  portserial.o [1]
xMBPortSerialInit        0x800'8af3    0x64  Code  Gb  portserial.o [1]
xMBPortSerialPutByte     0x800'8b57    0x1e  Code  Gb  portserial.o [1]
xMBPortTimersInit        0x800'8b8d    0x4e  Code  Gb  porttimer.o [1]
xMBRTUReceiveFSM         0x800'778b    0x8a  Code  Gb  mbrtu.o [1]
xMBRTUTimerT35Expired    0x800'7883    0x5c  Code  Gb  mbrtu.o [1]
xMBRTUTransmitFSM        0x800'7815    0x6e  Code  Gb  mbrtu.o [1]
xMinimumEverFreeBytesRemaining
                        0x2000'6e20     0x4  Data  Lc  heap_4.o [1]
xNextTaskUnblockTime    0x2000'6e90     0x4  Data  Lc  tasks.o [1]
xNumOfOverflows         0x2000'6e88     0x4  Data  Lc  tasks.o [1]
xPendingReadyList       0x2000'6dc0    0x14  Data  Lc  tasks.o [1]
xPortStartScheduler      0x800'7c97    0xce  Code  Gb  port.o [1]
xSchedulerRunning       0x2000'6e7c     0x4  Data  Lc  tasks.o [1]
xStart                  0x2000'6dfc     0x8  Data  Lc  heap_4.o [1]
xSuspendedTaskList      0x2000'6de8    0x14  Data  Lc  tasks.o [1]
xTaskCreate              0x800'5cc7    0x72  Code  Gb  tasks.o [1]
xTaskCreateStatic        0x800'5c45    0x82  Code  Gb  tasks.o [1]
xTaskGetTickCount        0x800'60eb     0x8  Code  Gb  tasks.o [1]
xTaskGetTickCountFromISR
                         0x800'60f3    0x10  Code  Gb  tasks.o [1]
xTaskIncrementTick       0x800'6103    0xf2  Code  Gb  tasks.o [1]
xTaskResumeAll           0x800'6007    0xe4  Code  Gb  tasks.o [1]
xTasksWaitingTermination
                        0x2000'6dd4    0x14  Data  Lc  tasks.o [1]
xTickCount              0x2000'6e74     0x4  Data  Lc  tasks.o [1]
xYieldPending           0x2000'6e84     0x4  Data  Lc  tasks.o [1]


[1] = D:\Radio\Jobe\Universal_Driver\Universal_Driver_soft\UniversalDriver_v2.1\EWARM\UniversalDriver_v2.1\Obj
[2] = dl7M_tlf.a
[3] = dlpp7M_tl_fc.a
[4] = m7M_tls.a
[5] = rt7M_tl.a
[6] = shb_l.a

  45'979 bytes of readonly  code memory
   1'457 bytes of readonly  data memory
  29'361 bytes of readwrite data memory

Errors: none
Warnings: none
