###############################################################################
#
# IAR ELF Linker V8.40.2.214/W32 for ARM                  18/May/2021  16:57:08
# Copyright 2007-2019 IAR Systems AB.
#
#    Output file  =
#        D:\Kicads
#        Schem\Universal_Driver\Universal_Driver_soft\UniversalDriver_v2.1\EWARM\UniversalDriver_v2.1\Exe\UniversalDriver_v2.1.out
#    Map file     =
#        D:\Kicads
#        Schem\Universal_Driver\Universal_Driver_soft\UniversalDriver_v2.1\EWARM\UniversalDriver_v2.1\List\UniversalDriver_v2.1.map
#    Command line =
#        -f C:\Users\Sergey\AppData\Local\Temp\EW40D9.tmp ("D:\Kicads
#        Schem\Universal_Driver\Universal_Driver_soft\UniversalDriver_v2.1\EWARM\UniversalDriver_v2.1\Obj\adc.o"
#        "D:\Kicads
#        Schem\Universal_Driver\Universal_Driver_soft\UniversalDriver_v2.1\EWARM\UniversalDriver_v2.1\Obj\BLDC.o"
#        "D:\Kicads
#        Schem\Universal_Driver\Universal_Driver_soft\UniversalDriver_v2.1\EWARM\UniversalDriver_v2.1\Obj\cmsis_os.o"
#        "D:\Kicads
#        Schem\Universal_Driver\Universal_Driver_soft\UniversalDriver_v2.1\EWARM\UniversalDriver_v2.1\Obj\comp.o"
#        "D:\Kicads
#        Schem\Universal_Driver\Universal_Driver_soft\UniversalDriver_v2.1\EWARM\UniversalDriver_v2.1\Obj\croutine.o"
#        "D:\Kicads
#        Schem\Universal_Driver\Universal_Driver_soft\UniversalDriver_v2.1\EWARM\UniversalDriver_v2.1\Obj\dac.o"
#        "D:\Kicads
#        Schem\Universal_Driver\Universal_Driver_soft\UniversalDriver_v2.1\EWARM\UniversalDriver_v2.1\Obj\event_groups.o"
#        "D:\Kicads
#        Schem\Universal_Driver\Universal_Driver_soft\UniversalDriver_v2.1\EWARM\UniversalDriver_v2.1\Obj\flash.o"
#        "D:\Kicads
#        Schem\Universal_Driver\Universal_Driver_soft\UniversalDriver_v2.1\EWARM\UniversalDriver_v2.1\Obj\flash_spi.o"
#        "D:\Kicads
#        Schem\Universal_Driver\Universal_Driver_soft\UniversalDriver_v2.1\EWARM\UniversalDriver_v2.1\Obj\freertos.o"
#        "D:\Kicads
#        Schem\Universal_Driver\Universal_Driver_soft\UniversalDriver_v2.1\EWARM\UniversalDriver_v2.1\Obj\gpio.o"
#        "D:\Kicads
#        Schem\Universal_Driver\Universal_Driver_soft\UniversalDriver_v2.1\EWARM\UniversalDriver_v2.1\Obj\heap_4.o"
#        "D:\Kicads
#        Schem\Universal_Driver\Universal_Driver_soft\UniversalDriver_v2.1\EWARM\UniversalDriver_v2.1\Obj\LED.o"
#        "D:\Kicads
#        Schem\Universal_Driver\Universal_Driver_soft\UniversalDriver_v2.1\EWARM\UniversalDriver_v2.1\Obj\list.o"
#        "D:\Kicads
#        Schem\Universal_Driver\Universal_Driver_soft\UniversalDriver_v2.1\EWARM\UniversalDriver_v2.1\Obj\main.o"
#        "D:\Kicads
#        Schem\Universal_Driver\Universal_Driver_soft\UniversalDriver_v2.1\EWARM\UniversalDriver_v2.1\Obj\mb.o"
#        "D:\Kicads
#        Schem\Universal_Driver\Universal_Driver_soft\UniversalDriver_v2.1\EWARM\UniversalDriver_v2.1\Obj\mbcrc.o"
#        "D:\Kicads
#        Schem\Universal_Driver\Universal_Driver_soft\UniversalDriver_v2.1\EWARM\UniversalDriver_v2.1\Obj\mbfunccoils.o"
#        "D:\Kicads
#        Schem\Universal_Driver\Universal_Driver_soft\UniversalDriver_v2.1\EWARM\UniversalDriver_v2.1\Obj\mbfuncdiag.o"
#        "D:\Kicads
#        Schem\Universal_Driver\Universal_Driver_soft\UniversalDriver_v2.1\EWARM\UniversalDriver_v2.1\Obj\mbfuncdisc.o"
#        "D:\Kicads
#        Schem\Universal_Driver\Universal_Driver_soft\UniversalDriver_v2.1\EWARM\UniversalDriver_v2.1\Obj\mbfuncholding.o"
#        "D:\Kicads
#        Schem\Universal_Driver\Universal_Driver_soft\UniversalDriver_v2.1\EWARM\UniversalDriver_v2.1\Obj\mbfuncinput.o"
#        "D:\Kicads
#        Schem\Universal_Driver\Universal_Driver_soft\UniversalDriver_v2.1\EWARM\UniversalDriver_v2.1\Obj\mbfuncother.o"
#        "D:\Kicads
#        Schem\Universal_Driver\Universal_Driver_soft\UniversalDriver_v2.1\EWARM\UniversalDriver_v2.1\Obj\mbrtu.o"
#        "D:\Kicads
#        Schem\Universal_Driver\Universal_Driver_soft\UniversalDriver_v2.1\EWARM\UniversalDriver_v2.1\Obj\mbutils.o"
#        "D:\Kicads
#        Schem\Universal_Driver\Universal_Driver_soft\UniversalDriver_v2.1\EWARM\UniversalDriver_v2.1\Obj\motor.o"
#        "D:\Kicads
#        Schem\Universal_Driver\Universal_Driver_soft\UniversalDriver_v2.1\EWARM\UniversalDriver_v2.1\Obj\port.o"
#        "D:\Kicads
#        Schem\Universal_Driver\Universal_Driver_soft\UniversalDriver_v2.1\EWARM\UniversalDriver_v2.1\Obj\portasm.o"
#        "D:\Kicads
#        Schem\Universal_Driver\Universal_Driver_soft\UniversalDriver_v2.1\EWARM\UniversalDriver_v2.1\Obj\portevent.o"
#        "D:\Kicads
#        Schem\Universal_Driver\Universal_Driver_soft\UniversalDriver_v2.1\EWARM\UniversalDriver_v2.1\Obj\portserial.o"
#        "D:\Kicads
#        Schem\Universal_Driver\Universal_Driver_soft\UniversalDriver_v2.1\EWARM\UniversalDriver_v2.1\Obj\porttimer.o"
#        "D:\Kicads
#        Schem\Universal_Driver\Universal_Driver_soft\UniversalDriver_v2.1\EWARM\UniversalDriver_v2.1\Obj\queue.o"
#        "D:\Kicads
#        Schem\Universal_Driver\Universal_Driver_soft\UniversalDriver_v2.1\EWARM\UniversalDriver_v2.1\Obj\spi.o"
#        "D:\Kicads
#        Schem\Universal_Driver\Universal_Driver_soft\UniversalDriver_v2.1\EWARM\UniversalDriver_v2.1\Obj\startup_stm32f303xc.o"
#        "D:\Kicads
#        Schem\Universal_Driver\Universal_Driver_soft\UniversalDriver_v2.1\EWARM\UniversalDriver_v2.1\Obj\step3ph.o"
#        "D:\Kicads
#        Schem\Universal_Driver\Universal_Driver_soft\UniversalDriver_v2.1\EWARM\UniversalDriver_v2.1\Obj\stepper.o"
#        "D:\Kicads
#        Schem\Universal_Driver\Universal_Driver_soft\UniversalDriver_v2.1\EWARM\UniversalDriver_v2.1\Obj\stm32f3xx_hal.o"
#        "D:\Kicads
#        Schem\Universal_Driver\Universal_Driver_soft\UniversalDriver_v2.1\EWARM\UniversalDriver_v2.1\Obj\stm32f3xx_hal_adc.o"
#        "D:\Kicads
#        Schem\Universal_Driver\Universal_Driver_soft\UniversalDriver_v2.1\EWARM\UniversalDriver_v2.1\Obj\stm32f3xx_hal_adc_ex.o"
#        "D:\Kicads
#        Schem\Universal_Driver\Universal_Driver_soft\UniversalDriver_v2.1\EWARM\UniversalDriver_v2.1\Obj\stm32f3xx_hal_comp.o"
#        "D:\Kicads
#        Schem\Universal_Driver\Universal_Driver_soft\UniversalDriver_v2.1\EWARM\UniversalDriver_v2.1\Obj\stm32f3xx_hal_cortex.o"
#        "D:\Kicads
#        Schem\Universal_Driver\Universal_Driver_soft\UniversalDriver_v2.1\EWARM\UniversalDriver_v2.1\Obj\stm32f3xx_hal_dac.o"
#        "D:\Kicads
#        Schem\Universal_Driver\Universal_Driver_soft\UniversalDriver_v2.1\EWARM\UniversalDriver_v2.1\Obj\stm32f3xx_hal_dac_ex.o"
#        "D:\Kicads
#        Schem\Universal_Driver\Universal_Driver_soft\UniversalDriver_v2.1\EWARM\UniversalDriver_v2.1\Obj\stm32f3xx_hal_dma.o"
#        "D:\Kicads
#        Schem\Universal_Driver\Universal_Driver_soft\UniversalDriver_v2.1\EWARM\UniversalDriver_v2.1\Obj\stm32f3xx_hal_exti.o"
#        "D:\Kicads
#        Schem\Universal_Driver\Universal_Driver_soft\UniversalDriver_v2.1\EWARM\UniversalDriver_v2.1\Obj\stm32f3xx_hal_flash.o"
#        "D:\Kicads
#        Schem\Universal_Driver\Universal_Driver_soft\UniversalDriver_v2.1\EWARM\UniversalDriver_v2.1\Obj\stm32f3xx_hal_flash_ex.o"
#        "D:\Kicads
#        Schem\Universal_Driver\Universal_Driver_soft\UniversalDriver_v2.1\EWARM\UniversalDriver_v2.1\Obj\stm32f3xx_hal_gpio.o"
#        "D:\Kicads
#        Schem\Universal_Driver\Universal_Driver_soft\UniversalDriver_v2.1\EWARM\UniversalDriver_v2.1\Obj\stm32f3xx_hal_i2c.o"
#        "D:\Kicads
#        Schem\Universal_Driver\Universal_Driver_soft\UniversalDriver_v2.1\EWARM\UniversalDriver_v2.1\Obj\stm32f3xx_hal_i2c_ex.o"
#        "D:\Kicads
#        Schem\Universal_Driver\Universal_Driver_soft\UniversalDriver_v2.1\EWARM\UniversalDriver_v2.1\Obj\stm32f3xx_hal_msp.o"
#        "D:\Kicads
#        Schem\Universal_Driver\Universal_Driver_soft\UniversalDriver_v2.1\EWARM\UniversalDriver_v2.1\Obj\stm32f3xx_hal_pcd.o"
#        "D:\Kicads
#        Schem\Universal_Driver\Universal_Driver_soft\UniversalDriver_v2.1\EWARM\UniversalDriver_v2.1\Obj\stm32f3xx_hal_pcd_ex.o"
#        "D:\Kicads
#        Schem\Universal_Driver\Universal_Driver_soft\UniversalDriver_v2.1\EWARM\UniversalDriver_v2.1\Obj\stm32f3xx_hal_pwr.o"
#        "D:\Kicads
#        Schem\Universal_Driver\Universal_Driver_soft\UniversalDriver_v2.1\EWARM\UniversalDriver_v2.1\Obj\stm32f3xx_hal_pwr_ex.o"
#        "D:\Kicads
#        Schem\Universal_Driver\Universal_Driver_soft\UniversalDriver_v2.1\EWARM\UniversalDriver_v2.1\Obj\stm32f3xx_hal_rcc.o"
#        "D:\Kicads
#        Schem\Universal_Driver\Universal_Driver_soft\UniversalDriver_v2.1\EWARM\UniversalDriver_v2.1\Obj\stm32f3xx_hal_rcc_ex.o"
#        "D:\Kicads
#        Schem\Universal_Driver\Universal_Driver_soft\UniversalDriver_v2.1\EWARM\UniversalDriver_v2.1\Obj\stm32f3xx_hal_spi.o"
#        "D:\Kicads
#        Schem\Universal_Driver\Universal_Driver_soft\UniversalDriver_v2.1\EWARM\UniversalDriver_v2.1\Obj\stm32f3xx_hal_spi_ex.o"
#        "D:\Kicads
#        Schem\Universal_Driver\Universal_Driver_soft\UniversalDriver_v2.1\EWARM\UniversalDriver_v2.1\Obj\stm32f3xx_hal_tim.o"
#        "D:\Kicads
#        Schem\Universal_Driver\Universal_Driver_soft\UniversalDriver_v2.1\EWARM\UniversalDriver_v2.1\Obj\stm32f3xx_hal_tim_ex.o"
#        "D:\Kicads
#        Schem\Universal_Driver\Universal_Driver_soft\UniversalDriver_v2.1\EWARM\UniversalDriver_v2.1\Obj\stm32f3xx_hal_timebase_tim.o"
#        "D:\Kicads
#        Schem\Universal_Driver\Universal_Driver_soft\UniversalDriver_v2.1\EWARM\UniversalDriver_v2.1\Obj\stm32f3xx_hal_uart.o"
#        "D:\Kicads
#        Schem\Universal_Driver\Universal_Driver_soft\UniversalDriver_v2.1\EWARM\UniversalDriver_v2.1\Obj\stm32f3xx_hal_uart_ex.o"
#        "D:\Kicads
#        Schem\Universal_Driver\Universal_Driver_soft\UniversalDriver_v2.1\EWARM\UniversalDriver_v2.1\Obj\stm32f3xx_it.o"
#        "D:\Kicads
#        Schem\Universal_Driver\Universal_Driver_soft\UniversalDriver_v2.1\EWARM\UniversalDriver_v2.1\Obj\stm32f3xx_ll_usb.o"
#        "D:\Kicads
#        Schem\Universal_Driver\Universal_Driver_soft\UniversalDriver_v2.1\EWARM\UniversalDriver_v2.1\Obj\stream_buffer.o"
#        "D:\Kicads
#        Schem\Universal_Driver\Universal_Driver_soft\UniversalDriver_v2.1\EWARM\UniversalDriver_v2.1\Obj\system_stm32f3xx.o"
#        "D:\Kicads
#        Schem\Universal_Driver\Universal_Driver_soft\UniversalDriver_v2.1\EWARM\UniversalDriver_v2.1\Obj\tasks.o"
#        "D:\Kicads
#        Schem\Universal_Driver\Universal_Driver_soft\UniversalDriver_v2.1\EWARM\UniversalDriver_v2.1\Obj\tim.o"
#        "D:\Kicads
#        Schem\Universal_Driver\Universal_Driver_soft\UniversalDriver_v2.1\EWARM\UniversalDriver_v2.1\Obj\timers.o"
#        "D:\Kicads
#        Schem\Universal_Driver\Universal_Driver_soft\UniversalDriver_v2.1\EWARM\UniversalDriver_v2.1\Obj\usart.o"
#        "D:\Kicads
#        Schem\Universal_Driver\Universal_Driver_soft\UniversalDriver_v2.1\EWARM\UniversalDriver_v2.1\Obj\usb_device.o"
#        "D:\Kicads
#        Schem\Universal_Driver\Universal_Driver_soft\UniversalDriver_v2.1\EWARM\UniversalDriver_v2.1\Obj\usbd_cdc.o"
#        "D:\Kicads
#        Schem\Universal_Driver\Universal_Driver_soft\UniversalDriver_v2.1\EWARM\UniversalDriver_v2.1\Obj\usbd_cdc_if.o"
#        "D:\Kicads
#        Schem\Universal_Driver\Universal_Driver_soft\UniversalDriver_v2.1\EWARM\UniversalDriver_v2.1\Obj\usbd_conf.o"
#        "D:\Kicads
#        Schem\Universal_Driver\Universal_Driver_soft\UniversalDriver_v2.1\EWARM\UniversalDriver_v2.1\Obj\usbd_core.o"
#        "D:\Kicads
#        Schem\Universal_Driver\Universal_Driver_soft\UniversalDriver_v2.1\EWARM\UniversalDriver_v2.1\Obj\usbd_ctlreq.o"
#        "D:\Kicads
#        Schem\Universal_Driver\Universal_Driver_soft\UniversalDriver_v2.1\EWARM\UniversalDriver_v2.1\Obj\usbd_desc.o"
#        "D:\Kicads
#        Schem\Universal_Driver\Universal_Driver_soft\UniversalDriver_v2.1\EWARM\UniversalDriver_v2.1\Obj\usbd_ioreq.o"
#        --redirect _Printf=_PrintfFull --redirect _Scanf=_ScanfFull
#        --no_out_extension -o "D:\Kicads
#        Schem\Universal_Driver\Universal_Driver_soft\UniversalDriver_v2.1\EWARM\UniversalDriver_v2.1\Exe\UniversalDriver_v2.1.out"
#        --map "D:\Kicads
#        Schem\Universal_Driver\Universal_Driver_soft\UniversalDriver_v2.1\EWARM\UniversalDriver_v2.1\List\UniversalDriver_v2.1.map"
#        --config "D:\Kicads
#        Schem\Universal_Driver\Universal_Driver_soft\UniversalDriver_v2.1\EWARM/stm32f303xc_flash.icf"
#        --semihosting --entry __iar_program_start --vfe --text_out locale)
#
###############################################################################

*******************************************************************************
*** RUNTIME MODEL ATTRIBUTES
***

CppFlavor                     = *
__CPP_Exceptions              = Disabled
__CPP_Language                = C++14
__Heap_Handler                = Basic
__SystemLibrary               = DLib
__dlib_dynamic_initialization = normal
__dlib_version                = 6


*******************************************************************************
*** HEAP SELECTION
***

The basic heap was selected because no calls to memory allocation
functions were found in the application outside of system library
functions, and there are calls to deallocation functions in the
application.


*******************************************************************************
*** PLACEMENT SUMMARY
***

"A0":  place at address 0x800'0000 { ro section .intvec };
"P1":  place in [from 0x800'0000 to 0x803'ffff] { ro };
define block CSTACK with size = 1K, alignment = 8 { };
define block HEAP with size = 4K, alignment = 8 { };
"P2":  place in [from 0x2000'0000 to 0x2000'9fff] {
          rw, block CSTACK, block HEAP };
initialize by copy { rw };

  Section                Kind         Address    Size  Object
  -------                ----         -------    ----  ------
"A0":                                           0x188
  .intvec                ro code   0x800'0000   0x188  startup_stm32f303xc.o [1]
                                 - 0x800'0188   0x188

"P1":                                          0xb856
  .text                  ro code   0x800'0188   0xf56  stm32f3xx_hal_tim.o [1]
  .text                  ro code   0x800'10de    0x3a  zero_init3.o [5]
  .text                  ro code   0x800'1118   0x7e0  tim.o [1]
  .text                  ro code   0x800'18f8   0x222  main.o [1]
  .text                  ro code   0x800'1b1a     0x2  stm32f3xx_hal_tim.o [1]
  .text                  ro code   0x800'1b1c     0x2  stm32f3xx_hal_tim.o [1]
  .text                  ro code   0x800'1b1e     0x2  stm32f3xx_hal_tim_ex.o [1]
  .text                  ro code   0x800'1b20     0x2  stm32f3xx_hal_tim_ex.o [1]
  .text                  ro code   0x800'1b22     0x2  stm32f3xx_hal_tim.o [1]
  .text                  ro code   0x800'1b24     0x2  stm32f3xx_hal_tim_ex.o [1]
  .text                  ro code   0x800'1b26    0x14  memset.o [5]
  .rodata                const     0x800'1b3a     0x1  unwind_debug.o [6]
  .text                  ro code   0x800'1b3c   0x240  stm32f3xx_hal_tim_ex.o [1]
  .text                  ro code   0x800'1d7c   0x1e0  stm32f3xx_hal_gpio.o [1]
  .text                  ro code   0x800'1f5c    0xe8  stm32f3xx_hal_cortex.o [1]
  .text                  ro code   0x800'2044   0xb44  BLDC.o [1]
  .text                  ro code   0x800'2b88   0x14a  LED.o [1]
  .text                  ro code   0x800'2cd4    0x24  stm32f3xx_hal.o [1]
  .text                  ro code   0x800'2cf8   0x1dc  gpio.o [1]
  .text                  ro code   0x800'2ed4   0x200  adc.o [1]
  .text                  ro code   0x800'30d4    0xc8  dac.o [1]
  .text                  ro code   0x800'319c    0xc8  spi.o [1]
  .text                  ro code   0x800'3264    0xc4  usart.o [1]
  .text                  ro code   0x800'3328   0x1e0  comp.o [1]
  .text                  ro code   0x800'3508   0x104  flash.o [1]
  .text                  ro code   0x800'360c    0x28  stm32f3xx_hal.o [1]
  .text                  ro code   0x800'3634   0x38c  freertos.o [1]
  .text                  ro code   0x800'39c0    0xd2  cmsis_os.o [1]
  .text                  ro code   0x800'3a94    0x66  ABImemset.o [5]
  .text                  ro code   0x800'3afc   0x960  stm32f3xx_hal_rcc.o [1]
  .text                  ro code   0x800'445c   0x250  stm32f3xx_hal_rcc_ex.o [1]
  .text                  ro code   0x800'46ac    0x18  stm32f3xx_hal.o [1]
  .text                  ro code   0x800'46c4    0x1a  U32ToDbl.o [4]
  .text                  ro code   0x800'46de    0xc2  motor.o [1]
  .text                  ro code   0x800'47a0    0x3a  DblToS32.o [4]
  .text                  ro code   0x800'47dc   0x246  DblDiv.o [4]
  .text                  ro code   0x800'4a24   0x1a2  DblMul.o [4]
  .text                  ro code   0x800'4bc8    0x68  DblToFlt.o [4]
  .text                  ro code   0x800'4c30    0x48  FltToDbl.o [4]
  .text                  ro code   0x800'4c78    0x80  stm32f3xx_hal_timebase_tim.o [1]
  .text                  ro code   0x800'4cf8    0x40  stm32f3xx_hal_msp.o [1]
  .text                  ro code   0x800'4d38   0x940  stm32f3xx_hal_adc_ex.o [1]
  .text                  ro code   0x800'5678    0x2c  stm32f3xx_hal_dac.o [1]
  .text                  ro code   0x800'56a4    0xc4  stm32f3xx_hal_dac_ex.o [1]
  .text                  ro code   0x800'5768   0x104  stm32f3xx_hal_spi.o [1]
  .text                  ro code   0x800'586c    0x92  stm32f3xx_hal_uart_ex.o [1]
  .text                  ro code   0x800'5900    0xcc  stm32f3xx_hal_comp.o [1]
  .text                  ro code   0x800'59cc     0xc  stm32f3xx_hal.o [1]
  .text                  ro code   0x800'59d8    0xa6  ABImemcpy.o [5]
  .text                  ro code   0x800'5a80    0x58  usb_device.o [1]
  .text                  ro code   0x800'5ad8   0x200  mb.o [1]
  .text                  ro code   0x800'5cd8   0x830  tasks.o [1]
  .text                  ro code   0x800'6508    0xe2  DblSub.o [4]
  .text                  ro code   0x800'65ec   0x17a  DblAdd.o [4]
  .text                  ro code   0x800'6766     0x2  stm32f3xx_hal_dac.o [1]
  .text                  ro code   0x800'6768     0x2  stm32f3xx_hal_dac_ex.o [1]
  .text                  ro code   0x800'676c   0x8b8  stm32f3xx_hal_uart.o [1]
  .text                  ro code   0x800'7024   0x33e  usbd_core.o [1]
  .text                  ro code   0x800'7364   0x37c  usbd_cdc.o [1]
  .text                  ro code   0x800'76e0   0x2c4  mbrtu.o [1]
  .text                  ro code   0x800'79a4    0x3c  portevent.o [1]
  .text                  ro code   0x800'79e0   0x260  heap_4.o [1]
  .text                  ro code   0x800'7c40    0x98  list.o [1]
  .text                  ro code   0x800'7cd8   0x258  port.o [1]
  .text                  ro code   0x800'7f30    0x9a  stm32f3xx_hal_dma.o [1]
  .text                  ro code   0x800'7fca     0x2  stm32f3xx_hal_uart.o [1]
  .text                  ro code   0x800'7fcc     0x2  stm32f3xx_hal_uart.o [1]
  .text                  ro code   0x800'7fce     0x2  stm32f3xx_hal_uart.o [1]
  .text                  ro code   0x800'7fd0   0x306  usbd_conf.o [1]
  .text                  ro code   0x800'82d8   0x7b8  usbd_ctlreq.o [1]
  .text                  ro code   0x800'8a90    0x9c  usbd_ioreq.o [1]
  .text                  ro code   0x800'8b2c    0xf4  portserial.o [1]
  .text                  ro code   0x800'8c20    0x80  porttimer.o [1]
  .text                  ro code   0x800'8ca0    0x24  ABIassert.o [6]
  .text                  ro code   0x800'8cc4    0x40  mbcrc.o [1]
  CODE                   ro code   0x800'8d04    0xb0  portasm.o [1]
  .text                  ro code   0x800'8db4   0xd74  stm32f3xx_hal_pcd.o [1]
  .text                  ro code   0x800'9b28    0x44  stm32f3xx_hal_pcd_ex.o [1]
  .text                  ro code   0x800'9b6c     0x6  abort.o [2]
  .text                  ro code   0x800'9b72   0xe02  stm32f3xx_ll_usb.o [1]
  .text                  ro code   0x800'a974    0x14  exit.o [6]
  .text                  ro code   0x800'a988   0x21c  mbfuncholding.o [1]
  .text                  ro code   0x800'aba4    0x22  mbutils.o [1]
  .text                  ro code   0x800'abc6   0x198  mbfunccoils.o [1]
  .text                  ro code   0x800'ad60   0x136  usbd_desc.o [1]
  .rodata                const     0x800'ae98   0x100  mbcrc.o [1]
  .rodata                const     0x800'af98   0x100  mbcrc.o [1]
  .text                  ro code   0x800'b098    0xf8  stm32f3xx_it.o [1]
  .text                  ro code   0x800'b190    0x9c  mbfuncdisc.o [1]
  .text                  ro code   0x800'b22c    0x98  usbd_cdc_if.o [1]
  .text                  ro code   0x800'b2c4    0x70  strncpy.o [5]
  .text                  ro code   0x800'b334    0x86  mbfuncinput.o [1]
  .rodata                const     0x800'b3bc    0x78  mbrtu.o [1]
  .text                  ro code   0x800'b434    0x78  lz77_init_single.o [5]
  .rodata                const     0x800'b4ac    0x64  mbrtu.o [1]
  .rodata                const     0x800'b510    0x4c  BLDC.o [1]
  .text                  ro code   0x800'b55c    0x28  data_init.o [5]
  .text                  ro code   0x800'b584    0x24  mbfuncother.o [1]
  .text                  ro code   0x800'b5a8    0x22  fpinit_M.o [4]
  .iar.init_table        const     0x800'b5cc    0x24  - Linker created -
  .text                  ro code   0x800'b5f0    0x20  cmain_call_ctors.o [5]
  .text                  ro code   0x800'b610    0x18  cppinit.o [2]
  .text                  ro code   0x800'b628    0x1e  cmain.o [5]
  .text                  ro code   0x800'b646     0x4  low_level_init.o [2]
  .text                  ro code   0x800'b64a     0x4  exit.o [2]
  .text                  ro code   0x800'b650     0xa  cexit.o [5]
  .rodata                const     0x800'b65c    0x1c  freertos.o [1]
  .rodata                const     0x800'b678    0x1c  freertos.o [1]
  .rodata                const     0x800'b694    0x1c  mbrtu.o [1]
  .rodata                const     0x800'b6b0    0x1c  mbrtu.o [1]
  .text                  ro code   0x800'b6cc    0x1c  system_stm32f3xx.o [1]
  .rodata                const     0x800'b6e8    0x18  mbrtu.o [1]
  .rodata                const     0x800'b700    0x14  usbd_desc.o [1]
  .rodata                const     0x800'b714    0x14  usbd_desc.o [1]
  .rodata                const     0x800'b728    0x10  stm32f3xx_hal_rcc.o [1]
  .rodata                const     0x800'b738    0x10  stm32f3xx_hal_rcc.o [1]
  .rodata                const     0x800'b748    0x10  system_stm32f3xx.o [1]
  .rodata                const     0x800'b758    0x10  usbd_desc.o [1]
  .text                  ro code   0x800'b768    0x10  startup_stm32f303xc.o [1]
  .rodata                const     0x800'b778     0xc  freertos.o [1]
  .rodata                const     0x800'b784     0xc  usbd_desc.o [1]
  .text                  ro code   0x800'b790     0xc  cstartup_M.o [5]
  .rodata                const     0x800'b79c     0x8  freertos.o [1]
  .rodata                const     0x800'b7a4     0x8  system_stm32f3xx.o [1]
  .rodata                const     0x800'b7ac     0x8  tasks.o [1]
  .rodata                const     0x800'b7b4     0x4  heap_4.o [1]
  .rodata                const     0x800'b7b8     0x4  port.o [1]
  .text                  ro code   0x800'b7bc     0x4  startup_stm32f303xc.o [1]
  .text                  ro code   0x800'b7c0     0x4  startup_stm32f303xc.o [1]
  .text                  ro code   0x800'b7c4     0x4  startup_stm32f303xc.o [1]
  .text                  ro code   0x800'b7c8     0x4  startup_stm32f303xc.o [1]
  .text                  ro code   0x800'b7cc     0x4  startup_stm32f303xc.o [1]
  .text                  ro code   0x800'b7d0     0x4  startup_stm32f303xc.o [1]
  .text                  ro code   0x800'b7d4     0x4  startup_stm32f303xc.o [1]
  .text                  ro code   0x800'b7d8     0x4  startup_stm32f303xc.o [1]
  .text                  ro code   0x800'b7dc     0x4  startup_stm32f303xc.o [1]
  .text                  ro code   0x800'b7e0     0x4  startup_stm32f303xc.o [1]
  .text                  ro code   0x800'b7e4     0x4  startup_stm32f303xc.o [1]
  .text                  ro code   0x800'b7e8     0x4  startup_stm32f303xc.o [1]
  .text                  ro code   0x800'b7ec     0x4  startup_stm32f303xc.o [1]
  .text                  ro code   0x800'b7f0     0x4  startup_stm32f303xc.o [1]
  .text                  ro code   0x800'b7f4     0x4  startup_stm32f303xc.o [1]
  .text                  ro code   0x800'b7f8     0x4  startup_stm32f303xc.o [1]
  .text                  ro code   0x800'b7fc     0x4  startup_stm32f303xc.o [1]
  .text                  ro code   0x800'b800     0x4  startup_stm32f303xc.o [1]
  .text                  ro code   0x800'b804     0x4  startup_stm32f303xc.o [1]
  .text                  ro code   0x800'b808     0x4  startup_stm32f303xc.o [1]
  .text                  ro code   0x800'b80c     0x4  startup_stm32f303xc.o [1]
  .text                  ro code   0x800'b810     0x4  startup_stm32f303xc.o [1]
  .text                  ro code   0x800'b814     0x4  startup_stm32f303xc.o [1]
  .text                  ro code   0x800'b818     0x4  startup_stm32f303xc.o [1]
  .text                  ro code   0x800'b81c     0x4  startup_stm32f303xc.o [1]
  .text                  ro code   0x800'b820     0x4  startup_stm32f303xc.o [1]
  .text                  ro code   0x800'b824     0x4  startup_stm32f303xc.o [1]
  .text                  ro code   0x800'b828     0x4  startup_stm32f303xc.o [1]
  .text                  ro code   0x800'b82c     0x4  startup_stm32f303xc.o [1]
  .text                  ro code   0x800'b830     0x4  startup_stm32f303xc.o [1]
  .text                  ro code   0x800'b834     0x4  startup_stm32f303xc.o [1]
  .text                  ro code   0x800'b838     0x4  startup_stm32f303xc.o [1]
  .text                  ro code   0x800'b83c     0x4  startup_stm32f303xc.o [1]
  .text                  ro code   0x800'b840     0x4  startup_stm32f303xc.o [1]
  .text                  ro code   0x800'b844     0x4  startup_stm32f303xc.o [1]
  .text                  ro code   0x800'b848     0x4  startup_stm32f303xc.o [1]
  .text                  ro code   0x800'b84c     0x4  startup_stm32f303xc.o [1]
  .text                  ro code   0x800'b850     0x4  startup_stm32f303xc.o [1]
  .text                  ro code   0x800'b854     0x4  startup_stm32f303xc.o [1]
  .text                  ro code   0x800'b858     0x4  startup_stm32f303xc.o [1]
  .text                  ro code   0x800'b85c     0x4  startup_stm32f303xc.o [1]
  .text                  ro code   0x800'b860     0x4  startup_stm32f303xc.o [1]
  .text                  ro code   0x800'b864     0x4  startup_stm32f303xc.o [1]
  .text                  ro code   0x800'b868     0x4  startup_stm32f303xc.o [1]
  .text                  ro code   0x800'b86c     0x4  startup_stm32f303xc.o [1]
  .text                  ro code   0x800'b870     0x4  startup_stm32f303xc.o [1]
  .text                  ro code   0x800'b874     0x4  startup_stm32f303xc.o [1]
  .text                  ro code   0x800'b878     0x4  startup_stm32f303xc.o [1]
  .text                  ro code   0x800'b87c     0x4  startup_stm32f303xc.o [1]
  .text                  ro code   0x800'b880     0x4  startup_stm32f303xc.o [1]
  .text                  ro code   0x800'b884     0x4  startup_stm32f303xc.o [1]
  .text                  ro code   0x800'b888     0x4  startup_stm32f303xc.o [1]
  .text                  ro code   0x800'b88c     0x4  startup_stm32f303xc.o [1]
  .text                  ro code   0x800'b890     0x4  startup_stm32f303xc.o [1]
  .text                  ro code   0x800'b894     0x4  startup_stm32f303xc.o [1]
  .text                  ro code   0x800'b898     0x4  startup_stm32f303xc.o [1]
  .text                  ro code   0x800'b89c     0x4  startup_stm32f303xc.o [1]
  .text                  ro code   0x800'b8a0     0x4  startup_stm32f303xc.o [1]
  .text                  ro code   0x800'b8a4     0x4  startup_stm32f303xc.o [1]
  .text                  ro code   0x800'b8a8     0x4  startup_stm32f303xc.o [1]
  SHT$$PREINIT_ARRAY               0x800'b8ac     0x0  <Block>
  SHT$$INIT_ARRAY                  0x800'b8ac     0x4  <Block>
    .init_array          const     0x800'b8ac     0x4  main.o [1]
  __iar_tls$$INIT_ARRAY            0x800'b8b0     0x0  <Block>
  .rodata                const     0x800'b8b0     0x0  zero_init3.o [5]
  .rodata                const     0x800'b8b0     0x0  lz77_init_single.o [5]
  Initializer bytes      const     0x800'b8b0   0x12e  <for P2-1>
                                 - 0x800'b9de  0xb856

"P2", part 1 of 3:                              0x212
  P2-1                            0x2000'0000   0x212  <Init block>
    .data                inited   0x2000'0000     0x4  freertos.o [1]
    .data                inited   0x2000'0004     0xc  main.o [1]
    .data                inited   0x2000'0010    0x80  mb.o [1]
    .data                inited   0x2000'0090     0x4  port.o [1]
    .data                inited   0x2000'0094     0x4  portserial.o [1]
    .data                inited   0x2000'0098     0x4  stm32f3xx_hal.o [1]
    .data                inited   0x2000'009c     0x4  system_stm32f3xx.o [1]
    .data                inited   0x2000'00a0     0xc  usbd_cdc.o [1]
    .data                inited   0x2000'00ac    0x38  usbd_cdc.o [1]
    .data                inited   0x2000'00e4    0x44  usbd_cdc.o [1]
    .data                inited   0x2000'0128    0x44  usbd_cdc.o [1]
    .data                inited   0x2000'016c    0x44  usbd_cdc.o [1]
    .data                inited   0x2000'01b0    0x10  usbd_cdc_if.o [1]
    .data                inited   0x2000'01c0    0x1c  usbd_desc.o [1]
    .data                inited   0x2000'01dc    0x14  usbd_desc.o [1]
    .data                inited   0x2000'01f0     0x4  usbd_desc.o [1]
    .data                inited   0x2000'01f4    0x1c  usbd_desc.o [1]
    .data                inited   0x2000'0210     0x1  mb.o [1]
    .data                inited   0x2000'0211     0x1  stm32f3xx_hal.o [1]
                                - 0x2000'0212   0x212

"P2", part 2 of 3:                             0x6ca0
  .bss                   zero     0x2000'0214  0x5000  heap_4.o [1]
  .bss                   zero     0x2000'5214   0x3e8  usbd_cdc_if.o [1]
  .bss                   zero     0x2000'55fc   0x3e8  usbd_cdc_if.o [1]
  .bss                   zero     0x2000'59e4   0x2ec  usbd_conf.o [1]
  .bss                   zero     0x2000'5cd0   0x2c4  usb_device.o [1]
  .bss                   zero     0x2000'5f94   0x220  usbd_conf.o [1]
  .bss                   zero     0x2000'61b4   0x200  freertos.o [1]
  .bss                   zero     0x2000'63b4   0x200  usbd_desc.o [1]
  .bss                   zero     0x2000'65b4   0x100  mbrtu.o [1]
  .bss                   zero     0x2000'66b4    0x8c  tasks.o [1]
  .bss                   zero     0x2000'6740    0x84  usart.o [1]
  .bss                   zero     0x2000'67c4    0x64  main.o [1]
  .bss                   zero     0x2000'6828    0x64  spi.o [1]
  .bss                   zero     0x2000'688c    0x54  freertos.o [1]
  .bss                   zero     0x2000'68e0    0x50  adc.o [1]
  .bss                   zero     0x2000'6930    0x50  adc.o [1]
  .bss                   zero     0x2000'6980    0x4c  stm32f3xx_hal_timebase_tim.o [1]
  .bss                   zero     0x2000'69cc    0x4c  tim.o [1]
  .bss                   zero     0x2000'6a18    0x4c  tim.o [1]
  .bss                   zero     0x2000'6a64    0x4c  tim.o [1]
  .bss                   zero     0x2000'6ab0    0x4c  tim.o [1]
  .bss                   zero     0x2000'6afc    0x4c  tim.o [1]
  .bss                   zero     0x2000'6b48    0x4c  tim.o [1]
  .bss                   zero     0x2000'6b94    0x4c  tim.o [1]
  .bss                   zero     0x2000'6be0    0x4c  tim.o [1]
  .bss                   zero     0x2000'6c2c    0x30  comp.o [1]
  .bss                   zero     0x2000'6c5c    0x30  comp.o [1]
  .bss                   zero     0x2000'6c8c    0x30  comp.o [1]
  .bss                   zero     0x2000'6cbc    0x30  main.o [1]
  .bss                   zero     0x2000'6cec    0x30  main.o [1]
  .bss                   zero     0x2000'6d1c    0x30  main.o [1]
  .bss                   zero     0x2000'6d4c    0x20  mbfuncother.o [1]
  .bss                   zero     0x2000'6d6c    0x18  main.o [1]
  .bss                   zero     0x2000'6d84    0x14  dac.o [1]
  .bss                   zero     0x2000'6d98    0x14  tasks.o [1]
  .bss                   zero     0x2000'6dac    0x14  tasks.o [1]
  .bss                   zero     0x2000'6dc0    0x14  tasks.o [1]
  .bss                   zero     0x2000'6dd4    0x14  tasks.o [1]
  .bss                   zero     0x2000'6de8    0x14  tasks.o [1]
  .bss                   zero     0x2000'6dfc     0x8  heap_4.o [1]
  .bss                   zero     0x2000'6e04     0x4  adc.o [1]
  .bss                   zero     0x2000'6e08     0x4  freertos.o [1]
  .bss                   zero     0x2000'6e0c     0x4  freertos.o [1]
  .bss                   zero     0x2000'6e10     0x4  freertos.o [1]
  .bss                   zero     0x2000'6e14     0x4  freertos.o [1]
  .bss                   zero     0x2000'6e18     0x4  heap_4.o [1]
  .bss                   zero     0x2000'6e1c     0x4  heap_4.o [1]
  .bss                   zero     0x2000'6e20     0x4  heap_4.o [1]
  .bss                   zero     0x2000'6e24     0x4  heap_4.o [1]
  .bss                   zero     0x2000'6e28     0x4  main.o [1]
  .bss                   zero     0x2000'6e2c     0x4  main.o [1]
  .bss                   zero     0x2000'6e30     0x4  mb.o [1]
  .bss                   zero     0x2000'6e34     0x4  mb.o [1]
  .bss                   zero     0x2000'6e38     0x4  mb.o [1]
  .bss                   zero     0x2000'6e3c     0x4  mb.o [1]
  .bss                   zero     0x2000'6e40     0x4  mb.o [1]
  .bss                   zero     0x2000'6e44     0x4  mb.o [1]
  .bss                   zero     0x2000'6e48     0x4  mb.o [1]
  .bss                   zero     0x2000'6e4c     0x4  mb.o [1]
  .bss                   zero     0x2000'6e50     0x4  mb.o [1]
  .bss                   zero     0x2000'6e54     0x4  mbrtu.o [1]
  .bss                   zero     0x2000'6e58     0x4  port.o [1]
  .bss                   zero     0x2000'6e5c     0x4  stm32f3xx_hal.o [1]
  .bss                   zero     0x2000'6e60     0x4  tasks.o [1]
  .bss                   zero     0x2000'6e64     0x4  tasks.o [1]
  .bss                   zero     0x2000'6e68     0x4  tasks.o [1]
  .bss                   zero     0x2000'6e6c     0x4  tasks.o [1]
  .bss                   zero     0x2000'6e70     0x4  tasks.o [1]
  .bss                   zero     0x2000'6e74     0x4  tasks.o [1]
  .bss                   zero     0x2000'6e78     0x4  tasks.o [1]
  .bss                   zero     0x2000'6e7c     0x4  tasks.o [1]
  .bss                   zero     0x2000'6e80     0x4  tasks.o [1]
  .bss                   zero     0x2000'6e84     0x4  tasks.o [1]
  .bss                   zero     0x2000'6e88     0x4  tasks.o [1]
  .bss                   zero     0x2000'6e8c     0x4  tasks.o [1]
  .bss                   zero     0x2000'6e90     0x4  tasks.o [1]
  .bss                   zero     0x2000'6e94     0x4  tasks.o [1]
  .bss                   zero     0x2000'6e98     0x4  tasks.o [1]
  .bss                   zero     0x2000'6e9c     0x2  mb.o [1]
  .bss                   zero     0x2000'6e9e     0x2  mbfuncother.o [1]
  .bss                   zero     0x2000'6ea0     0x2  mbrtu.o [1]
  .bss                   zero     0x2000'6ea2     0x2  mbrtu.o [1]
  .bss                   zero     0x2000'6ea4     0x2  porttimer.o [1]
  .bss                   zero     0x2000'6ea6     0x2  porttimer.o [1]
  .bss                   zero     0x2000'6ea8     0x1  mb.o [1]
  .bss                   zero     0x2000'6ea9     0x1  mb.o [1]
  .bss                   zero     0x2000'6eaa     0x1  mb.o [1]
  .bss                   zero     0x2000'6eab     0x1  mb.o [1]
  .bss                   zero     0x2000'6eac     0x1  mb.o [1]
  .bss                   zero     0x2000'6ead     0x1  mbrtu.o [1]
  .bss                   zero     0x2000'6eae     0x1  mbrtu.o [1]
  .bss                   zero     0x2000'6eaf     0x1  port.o [1]
  .bss                   zero     0x2000'6eb0     0x1  portevent.o [1]
  .bss                   zero     0x2000'6eb1     0x1  portevent.o [1]
  .bss                   zero     0x2000'6eb2     0x1  usbd_ctlreq.o [1]
                                - 0x2000'6eb3  0x6c9f

"P2", part 3 of 3:                              0x400
  CSTACK                          0x2000'6eb8   0x400  <Block>
    CSTACK               uninit   0x2000'6eb8   0x400  <Block tail>
                                - 0x2000'72b8   0x400

Unused ranges:

         From           To      Size
         ----           --      ----
   0x800'b9de   0x803'ffff  0x3'4622
  0x2000'0212  0x2000'0213       0x2
  0x2000'6eb4  0x2000'6eb7       0x4
  0x2000'72b8  0x2000'9fff    0x2d48


*******************************************************************************
*** INIT TABLE
***

          Address      Size
          -------      ----
Zero (__iar_zero_init3)
    1 destination range, total size 0x6c9f:
          0x2000'0214  0x6c9f

Copy/lz77 (__iar_lz77_init_single3)
    1 source range, total size 0x12e (56% of destination):
           0x800'b8b0   0x12e
    1 destination range, total size 0x212:
          0x2000'0000   0x212

Extra (__iar_cstart_call_ctors)



*******************************************************************************
*** MODULE SUMMARY
***

    Module                        ro code  ro data  rw data
    ------                        -------  -------  -------
command line/config:
    -------------------------------------------------------
    Total:

D:\Kicads Schem\Universal_Driver\Universal_Driver_soft\UniversalDriver_v2.1\EWARM\UniversalDriver_v2.1\Obj: [1]
    BLDC.o                          2'884       76
    LED.o                             330
    adc.o                             512               164
    cmsis_os.o                        210
    comp.o                            480               144
    dac.o                             200                20
    flash.o                           260
    freertos.o                        908       78      616
    gpio.o                            476
    heap_4.o                          608        4   20'504
    list.o                            152
    main.o                            546       11      288
    mb.o                              512       74      172
    mbcrc.o                            64      512
    mbfunccoils.o                     408
    mbfuncdisc.o                      156
    mbfuncholding.o                   540
    mbfuncinput.o                     134
    mbfuncother.o                      36                34
    mbrtu.o                           708      300      266
    mbutils.o                          34
    motor.o                           194
    port.o                            600        6        9
    portasm.o                         176
    portevent.o                        60                 2
    portserial.o                      244        2        4
    porttimer.o                       128                 4
    spi.o                             200               100
    startup_stm32f303xc.o             648
    stm32f3xx_hal.o                   112        3        9
    stm32f3xx_hal_adc_ex.o          2'368
    stm32f3xx_hal_comp.o              204
    stm32f3xx_hal_cortex.o            232
    stm32f3xx_hal_dac.o                46
    stm32f3xx_hal_dac_ex.o            198
    stm32f3xx_hal_dma.o               154
    stm32f3xx_hal_gpio.o              480
    stm32f3xx_hal_msp.o                64
    stm32f3xx_hal_pcd.o             3'444
    stm32f3xx_hal_pcd_ex.o             68
    stm32f3xx_hal_rcc.o             2'400       32
    stm32f3xx_hal_rcc_ex.o            592
    stm32f3xx_hal_spi.o               260
    stm32f3xx_hal_tim.o             3'932
    stm32f3xx_hal_tim_ex.o            582
    stm32f3xx_hal_timebase_tim.o      128                76
    stm32f3xx_hal_uart.o            2'238
    stm32f3xx_hal_uart_ex.o           146
    stm32f3xx_it.o                    248
    stm32f3xx_ll_usb.o              3'586
    system_stm32f3xx.o                 28       27        4
    tasks.o                         2'096        8      300
    tim.o                           2'016               608
    usart.o                           196               132
    usb_device.o                       88               708
    usbd_cdc.o                        892      155      272
    usbd_cdc_if.o                     152        9    2'016
    usbd_conf.o                       774             1'292
    usbd_core.o                       830
    usbd_ctlreq.o                   1'976                 1
    usbd_desc.o                       310      113      592
    usbd_ioreq.o                      156
    -------------------------------------------------------
    Total:                         43'404    1'410   28'337

dl7M_tlf.a: [2]
    abort.o                             6
    cppinit.o                          24
    exit.o                              4
    low_level_init.o                    4
    -------------------------------------------------------
    Total:                             38

dlpp7M_tl_fc.a: [3]
    -------------------------------------------------------
    Total:

m7M_tls.a: [4]
    DblAdd.o                          378
    DblDiv.o                          582
    DblMul.o                          418
    DblSub.o                          226
    DblToFlt.o                        104
    DblToS32.o                         58
    FltToDbl.o                         72
    U32ToDbl.o                         26
    fpinit_M.o                         34
    -------------------------------------------------------
    Total:                          1'898

rt7M_tl.a: [5]
    ABImemcpy.o                       166
    ABImemset.o                       102
    cexit.o                            10
    cmain.o                            30
    cmain_call_ctors.o                 32
    cstartup_M.o                       12
    data_init.o                        40
    lz77_init_single.o                120
    memset.o                           20
    strncpy.o                         112
    zero_init3.o                       58
    -------------------------------------------------------
    Total:                            702

shb_l.a: [6]
    ABIassert.o                        36
    exit.o                             20
    unwind_debug.o                               1
    -------------------------------------------------------
    Total:                             56        1

    Gaps                               29        8
    Linker created                              36    1'024
-----------------------------------------------------------
    Grand Total:                   46'127    1'455   29'361


*******************************************************************************
*** ENTRY LIST
***

Entry                       Address    Size  Type      Object
-----                       -------    ----  ----      ------
.iar.init_table$$Base    0x800'b5cc           --   Gb  - Linker created -
.iar.init_table$$Limit   0x800'b5f0           --   Gb  - Linker created -
?main                    0x800'b629          Code  Gb  cmain.o [5]
ADC_Disable              0x800'55dd    0x84  Code  Lc  stm32f3xx_hal_adc_ex.o [1]
AHBPrescTable            0x800'b748    0x10  Data  Gb  system_stm32f3xx.o [1]
APBPrescTable            0x800'b7a4     0x8  Data  Gb  system_stm32f3xx.o [1]
BLDC                    0x2000'67c4    0x64  Data  Gb  main.o [1]
BLDC_motor::AccelHandler()
                         0x800'2365     0x2  Code  Gb  BLDC.o [1]
BLDC_motor::BLDC_Delay(unsigned int)
                         0x800'2b0d     0xe  Code  Gb  BLDC.o [1]
BLDC_motor::BLDC_motor(TIM_HandleTypeDef *, TIM_HandleTypeDef *, TIM_HandleTypeDef *, TIM_HandleTypeDef *)
                         0x800'2b1b    0x48  Code  Gb  BLDC.o [1]
BLDC_motor::Init()       0x800'2157   0x11a  Code  Gb  BLDC.o [1]
BLDC_motor::PWM_Mode_0()
                         0x800'2367   0x262  Code  Gb  BLDC.o [1]
BLDC_motor::PWM_Mode_1()
                         0x800'25c9   0x2ca  Code  Gb  BLDC.o [1]
BLDC_motor::PWM_Mode_2()
                         0x800'2893   0x27a  Code  Gb  BLDC.o [1]
BLDC_motor::SensHandler()
                         0x800'2271    0xe4  Code  Gb  BLDC.o [1]
BLDC_motor::deceleration()
                         0x800'2127     0xa  Code  Gb  BLDC.o [1]
BLDC_motor::getStatusDirect()
                         0x800'20ef     0x4  Code  Gb  BLDC.o [1]
BLDC_motor::getStatusRotation()
                         0x800'20f3     0x4  Code  Gb  BLDC.o [1]
BLDC_motor::goTo(int, dir)
                         0x800'2155     0x2  Code  Gb  BLDC.o [1]
BLDC_motor::removeBreak(bool)
                         0x800'2131    0x24  Code  Gb  BLDC.o [1]
BLDC_motor::setSpeed(unsigned short)
                         0x800'2045    0xaa  Code  Gb  BLDC.o [1]
BLDC_motor::start()      0x800'20f7     0xe  Code  Gb  BLDC.o [1]
BLDC_motor::stop()       0x800'2105    0x22  Code  Gb  BLDC.o [1]
BusFault_Handler         0x800'b09f     0x2  Code  Gb  stm32f3xx_it.o [1]
CDC_Control_FS           0x800'b24b    0x3e  Code  Lc  usbd_cdc_if.o [1]
CDC_DeInit_FS            0x800'b247     0x4  Code  Lc  usbd_cdc_if.o [1]
CDC_Init_FS              0x800'b22d    0x1a  Code  Lc  usbd_cdc_if.o [1]
CDC_Receive_FS           0x800'b289    0x2c  Code  Lc  usbd_cdc_if.o [1]
CSTACK$$Base            0x2000'6eb8           --   Gb  - Linker created -
CSTACK$$Limit           0x2000'72b8           --   Gb  - Linker created -
DebugMon_Handler         0x800'b0a3     0x2  Code  Gb  stm32f3xx_it.o [1]
Error_Handler            0x800'1b19     0x2  Code  Gb  main.o [1]
FLASH_WriteSettings      0x800'3509    0x3a  Code  Gb  flash.o [1]
FS_Desc                 0x2000'01c0    0x1c  Data  Gb  usbd_desc.o [1]
Flash_ReadParams         0x800'3543    0x26  Code  Gb  flash.o [1]
Get_SerialNum            0x800'adf1    0x2c  Code  Lc  usbd_desc.o [1]
HAL_ADCEx_MultiModeConfigChannel
                         0x800'5469   0x166  Code  Gb  stm32f3xx_hal_adc_ex.o [1]
HAL_ADC_ConfigChannel    0x800'502d   0x42e  Code  Gb  stm32f3xx_hal_adc_ex.o [1]
HAL_ADC_Init             0x800'4d39   0x2d0  Code  Gb  stm32f3xx_hal_adc_ex.o [1]
HAL_ADC_MspInit          0x800'3001    0xba  Code  Gb  adc.o [1]
HAL_COMP_Init            0x800'5901    0xc8  Code  Gb  stm32f3xx_hal_comp.o [1]
HAL_COMP_MspInit         0x800'33d7   0x112  Code  Gb  comp.o [1]
HAL_DAC_ConfigChannel    0x800'5717    0x52  Code  Gb  stm32f3xx_hal_dac_ex.o [1]
HAL_DAC_DMAUnderrunCallbackCh1
                         0x800'6767     0x2  Code  Wk  stm32f3xx_hal_dac.o [1]
HAL_DAC_IRQHandler       0x800'56a5    0x72  Code  Gb  stm32f3xx_hal_dac_ex.o [1]
HAL_DAC_Init             0x800'5679    0x2c  Code  Gb  stm32f3xx_hal_dac.o [1]
HAL_DAC_MspInit          0x800'3123    0x6a  Code  Gb  dac.o [1]
HAL_DMA_Abort            0x800'7f31    0x48  Code  Gb  stm32f3xx_hal_dma.o [1]
HAL_DMA_Abort_IT         0x800'7f79    0x52  Code  Gb  stm32f3xx_hal_dma.o [1]
HAL_Delay                0x800'360d    0x28  Code  Wk  stm32f3xx_hal.o [1]
HAL_GPIO_Init            0x800'1d7d   0x1a6  Code  Gb  stm32f3xx_hal_gpio.o [1]
HAL_GPIO_WritePin        0x800'1f23    0x12  Code  Gb  stm32f3xx_hal_gpio.o [1]
HAL_GetTick              0x800'59cd     0xc  Code  Wk  stm32f3xx_hal.o [1]
HAL_IncTick              0x800'46ad    0x18  Code  Wk  stm32f3xx_hal.o [1]
HAL_Init                 0x800'2cd5    0x20  Code  Gb  stm32f3xx_hal.o [1]
HAL_InitTick             0x800'4c79    0x70  Code  Gb  stm32f3xx_hal_timebase_tim.o [1]
HAL_MspInit              0x800'4cf9    0x40  Code  Gb  stm32f3xx_hal_msp.o [1]
HAL_NVIC_EnableIRQ       0x800'2027     0xa  Code  Gb  stm32f3xx_hal_cortex.o [1]
HAL_NVIC_SetPriority     0x800'2005    0x22  Code  Gb  stm32f3xx_hal_cortex.o [1]
HAL_NVIC_SetPriorityGrouping
                         0x800'1ffd     0x8  Code  Gb  stm32f3xx_hal_cortex.o [1]
HAL_PCDEx_PMAConfig      0x800'9b29    0x44  Code  Gb  stm32f3xx_hal_pcd_ex.o [1]
HAL_PCDEx_SetConnectionState
                         0x800'82ab     0x2  Code  Gb  usbd_conf.o [1]
HAL_PCD_DataInStageCallback
                         0x800'8075    0x1c  Code  Gb  usbd_conf.o [1]
HAL_PCD_DataOutStageCallback
                         0x800'8057    0x1e  Code  Gb  usbd_conf.o [1]
HAL_PCD_EP_Close         0x800'9101    0x66  Code  Gb  stm32f3xx_hal_pcd.o [1]
HAL_PCD_EP_ClrStall      0x800'927f    0x7c  Code  Gb  stm32f3xx_hal_pcd.o [1]
HAL_PCD_EP_DB_Receive    0x800'96e7   0x142  Code  Lc  stm32f3xx_hal_pcd.o [1]
HAL_PCD_EP_DB_Transmit   0x800'9829   0x300  Code  Lc  stm32f3xx_hal_pcd.o [1]
HAL_PCD_EP_GetRxCount    0x800'91a9    0x12  Code  Gb  stm32f3xx_hal_pcd.o [1]
HAL_PCD_EP_Open          0x800'907b    0x86  Code  Gb  stm32f3xx_hal_pcd.o [1]
HAL_PCD_EP_Receive       0x800'9167    0x42  Code  Gb  stm32f3xx_hal_pcd.o [1]
HAL_PCD_EP_SetStall      0x800'9207    0x78  Code  Gb  stm32f3xx_hal_pcd.o [1]
HAL_PCD_EP_Transmit      0x800'91bb    0x4c  Code  Gb  stm32f3xx_hal_pcd.o [1]
HAL_PCD_IRQHandler       0x800'8f11   0x13e  Code  Gb  stm32f3xx_hal_pcd.o [1]
HAL_PCD_Init             0x800'8db5   0x128  Code  Gb  stm32f3xx_hal_pcd.o [1]
HAL_PCD_MspInit          0x800'7fd1    0x76  Code  Gb  usbd_conf.o [1]
HAL_PCD_ResetCallback    0x800'809d    0x26  Code  Gb  usbd_conf.o [1]
HAL_PCD_ResumeCallback   0x800'80e1     0xc  Code  Gb  usbd_conf.o [1]
HAL_PCD_SOFCallback      0x800'8091     0xc  Code  Gb  usbd_conf.o [1]
HAL_PCD_SetAddress       0x800'904f    0x2c  Code  Gb  stm32f3xx_hal_pcd.o [1]
HAL_PCD_SetupStageCallback
                         0x800'8047    0x10  Code  Gb  usbd_conf.o [1]
HAL_PCD_Start            0x800'8edd    0x34  Code  Gb  stm32f3xx_hal_pcd.o [1]
HAL_PCD_SuspendCallback
                         0x800'80c3    0x1e  Code  Gb  usbd_conf.o [1]
HAL_RCCEx_PeriphCLKConfig
                         0x800'445d   0x230  Code  Gb  stm32f3xx_hal_rcc_ex.o [1]
HAL_RCC_ADC12_CLK_ENABLED
                        0x2000'6e04     0x4  Data  Lc  adc.o [1]
HAL_RCC_ClockConfig      0x800'4171   0x1bc  Code  Gb  stm32f3xx_hal_rcc.o [1]
HAL_RCC_GetClockConfig   0x800'43db    0x34  Code  Gb  stm32f3xx_hal_rcc.o [1]
HAL_RCC_GetHCLKFreq      0x800'4395     0x6  Code  Gb  stm32f3xx_hal_rcc.o [1]
HAL_RCC_GetPCLK1Freq     0x800'439b    0x20  Code  Gb  stm32f3xx_hal_rcc.o [1]
HAL_RCC_GetPCLK2Freq     0x800'43bb    0x20  Code  Gb  stm32f3xx_hal_rcc.o [1]
HAL_RCC_GetSysClockFreq
                         0x800'432d    0x68  Code  Gb  stm32f3xx_hal_rcc.o [1]
HAL_RCC_OscConfig        0x800'3afd   0x674  Code  Gb  stm32f3xx_hal_rcc.o [1]
HAL_RS485Ex_Init         0x800'586d    0x90  Code  Gb  stm32f3xx_hal_uart_ex.o [1]
HAL_SPI_Init             0x800'5769   0x104  Code  Gb  stm32f3xx_hal_spi.o [1]
HAL_SPI_MspInit          0x800'31ed    0x62  Code  Gb  spi.o [1]
HAL_TIMEx_Break2Callback
                         0x800'1b21     0x2  Code  Wk  stm32f3xx_hal_tim_ex.o [1]
HAL_TIMEx_BreakCallback
                         0x800'1b1f     0x2  Code  Wk  stm32f3xx_hal_tim_ex.o [1]
HAL_TIMEx_CommutCallback
                         0x800'1b25     0x2  Code  Wk  stm32f3xx_hal_tim_ex.o [1]
HAL_TIMEx_ConfigBreakDeadTime
                         0x800'1cd7    0x92  Code  Gb  stm32f3xx_hal_tim_ex.o [1]
HAL_TIMEx_HallSensor_Init
                         0x800'1b3d   0x102  Code  Gb  stm32f3xx_hal_tim_ex.o [1]
HAL_TIMEx_HallSensor_MspInit
                         0x800'1667    0x72  Code  Gb  tim.o [1]
HAL_TIMEx_MasterConfigSynchronization
                         0x800'1c45    0x92  Code  Gb  stm32f3xx_hal_tim_ex.o [1]
HAL_TIM_Base_Init        0x800'0189    0x7a  Code  Gb  stm32f3xx_hal_tim.o [1]
HAL_TIM_Base_MspInit     0x800'1739    0xdc  Code  Gb  tim.o [1]
HAL_TIM_Base_Start_IT    0x800'0203    0x8a  Code  Gb  stm32f3xx_hal_tim.o [1]
HAL_TIM_Base_Stop_IT     0x800'028d    0x3a  Code  Gb  stm32f3xx_hal_tim.o [1]
HAL_TIM_Encoder_Init     0x800'0681    0xce  Code  Gb  stm32f3xx_hal_tim.o [1]
HAL_TIM_Encoder_MspInit
                         0x800'16d9    0x60  Code  Gb  tim.o [1]
HAL_TIM_Encoder_Start_IT
                         0x800'0755   0x112  Code  Gb  stm32f3xx_hal_tim.o [1]
HAL_TIM_IC_CaptureCallback
                         0x800'1a97    0x18  Code  Gb  main.o [1]
HAL_TIM_IC_Start_IT      0x800'04c5   0x1a6  Code  Gb  stm32f3xx_hal_tim.o [1]
HAL_TIM_IRQHandler       0x800'0879   0x194  Code  Gb  stm32f3xx_hal_tim.o [1]
HAL_TIM_MspPostInit      0x800'1815    0x8a  Code  Gb  tim.o [1]
HAL_TIM_PWM_ConfigChannel
                         0x800'0a0d   0x156  Code  Gb  stm32f3xx_hal_tim.o [1]
HAL_TIM_PWM_Init         0x800'02e1    0x7a  Code  Gb  stm32f3xx_hal_tim.o [1]
HAL_TIM_PWM_MspInit      0x800'157b    0xec  Code  Gb  tim.o [1]
HAL_TIM_PWM_Start        0x800'035b   0x148  Code  Gb  stm32f3xx_hal_tim.o [1]
HAL_TIM_PeriodElapsedCallback
                         0x800'1aaf    0x26  Code  Gb  main.o [1]
HAL_TIM_SlaveConfigSynchro
                         0x800'0b63    0x5e  Code  Gb  stm32f3xx_hal_tim.o [1]
HAL_UARTEx_WakeupCallback
                         0x800'58fd     0x2  Code  Wk  stm32f3xx_hal_uart_ex.o [1]
HAL_UART_IRQHandler      0x800'68b7   0x294  Code  Gb  stm32f3xx_hal_uart.o [1]
HAL_UART_Init            0x800'676d    0x7a  Code  Gb  stm32f3xx_hal_uart.o [1]
HAL_UART_MspInit         0x800'32a7    0x72  Code  Gb  usart.o [1]
HAL_UART_Transmit        0x800'67e7    0xd0  Code  Gb  stm32f3xx_hal_uart.o [1]
HardFault_Handler        0x800'b09b     0x2  Code  Gb  stm32f3xx_it.o [1]
IntToUnicode             0x800'ae49    0x4e  Code  Lc  usbd_desc.o [1]
LED_OSstart             0x2000'6d1c    0x30  Data  Gb  main.o [1]
LED_error               0x2000'6cec    0x30  Data  Gb  main.o [1]
LED_rs485               0x2000'6cbc    0x30  Data  Gb  main.o [1]
MX_ADC1_Init             0x800'2ed5    0xa6  Code  Gb  adc.o [1]
MX_ADC2_Init             0x800'2f7b    0x86  Code  Gb  adc.o [1]
MX_COMP3_Init            0x800'3329    0x3a  Code  Gb  comp.o [1]
MX_COMP6_Init            0x800'3363    0x3a  Code  Gb  comp.o [1]
MX_COMP7_Init            0x800'339d    0x3a  Code  Gb  comp.o [1]
MX_DAC_Init              0x800'30d5    0x4e  Code  Gb  dac.o [1]
MX_FREERTOS_Init()       0x800'3647    0x3c  Code  Gb  freertos.o [1]
MX_GPIO_Init             0x800'2cf9   0x1dc  Code  Gb  gpio.o [1]
MX_SPI2_Init             0x800'319d    0x50  Code  Gb  spi.o [1]
MX_TIM16_Init            0x800'1517    0x32  Code  Gb  tim.o [1]
MX_TIM17_Init            0x800'1549    0x32  Code  Gb  tim.o [1]
MX_TIM1_Init             0x800'1119   0x11e  Code  Gb  tim.o [1]
MX_TIM2_Init             0x800'1237    0x76  Code  Gb  tim.o [1]
MX_TIM3_Init             0x800'12ad    0x86  Code  Gb  tim.o [1]
MX_TIM4_Init             0x800'1333    0x78  Code  Gb  tim.o [1]
MX_TIM6_Init             0x800'13ab    0x4e  Code  Gb  tim.o [1]
MX_TIM8_Init             0x800'13f9   0x11e  Code  Gb  tim.o [1]
MX_USART2_UART_Init      0x800'3265    0x42  Code  Gb  usart.o [1]
MX_USB_DEVICE_Init       0x800'5a81    0x58  Code  Gb  usb_device.o [1]
MainTask(void const *)   0x800'3683   0x12e  Code  Gb  freertos.o [1]
MemManage_Handler        0x800'b09d     0x2  Code  Gb  stm32f3xx_it.o [1]
ModBus(void const *)     0x800'37b1    0x2e  Code  Gb  freertos.o [1]
NMI_Handler              0x800'b099     0x2  Code  Gb  stm32f3xx_it.o [1]
NVIC_EncodePriority      0x800'1fc1    0x3c  Code  Lc  stm32f3xx_hal_cortex.o [1]
PCD_EP_ISR_Handler       0x800'92fb   0x3ec  Code  Lc  stm32f3xx_hal_pcd.o [1]
PendSV_Handler           0x800'8d05          Code  Gb  portasm.o [1]
Region$$Table$$Base      0x800'b5cc           --   Gb  - Linker created -
Region$$Table$$Limit     0x800'b5f0           --   Gb  - Linker created -
SHT$$INIT_ARRAY$$Base    0x800'b8ac           --   Gb  - Linker created -
SHT$$INIT_ARRAY$$Limit   0x800'b8b0           --   Gb  - Linker created -
SHT$$PREINIT_ARRAY$$Base
                         0x800'b8ac           --   Gb  - Linker created -
SHT$$PREINIT_ARRAY$$Limit
                         0x800'b8ac           --   Gb  - Linker created -
SVC_Handler              0x800'8d5d          Code  Gb  portasm.o [1]
Start                   0x2000'6e08     0x4  Data  Gb  freertos.o [1]
SysTick_Handler          0x800'7e59    0x28  Code  Gb  port.o [1]
SystemClock_Config()     0x800'19f1    0xa6  Code  Gb  main.o [1]
SystemCoreClock         0x2000'009c     0x4  Data  Gb  system_stm32f3xx.o [1]
SystemInit               0x800'b6cd    0x14  Code  Gb  system_stm32f3xx.o [1]
TIM1_TRG_COM_TIM17_IRQHandler
                         0x800'b0af    0x3e  Code  Gb  stm32f3xx_it.o [1]
TIM2_IRQHandler          0x800'b0ed     0xa  Code  Gb  stm32f3xx_it.o [1]
TIM6_DAC_IRQHandler      0x800'b147    0x10  Code  Gb  stm32f3xx_it.o [1]
TIM7_IRQHandler          0x800'b157     0xa  Code  Gb  stm32f3xx_it.o [1]
TIM_Base_SetConfig       0x800'0bc1    0xb6  Code  Gb  stm32f3xx_hal_tim.o [1]
TIM_CCxChannelCmd        0x800'10b9    0x26  Code  Gb  stm32f3xx_hal_tim.o [1]
TIM_ETR_SetConfig        0x800'10a3    0x16  Code  Gb  stm32f3xx_hal_tim.o [1]
TIM_OC1_SetConfig        0x800'0c77    0x9c  Code  Lc  stm32f3xx_hal_tim.o [1]
TIM_OC2_SetConfig        0x800'0d13    0x88  Code  Gb  stm32f3xx_hal_tim.o [1]
TIM_OC3_SetConfig        0x800'0d9b    0x7e  Code  Lc  stm32f3xx_hal_tim.o [1]
TIM_OC4_SetConfig        0x800'0e1b    0x5e  Code  Lc  stm32f3xx_hal_tim.o [1]
TIM_OC5_SetConfig        0x800'0e79    0x58  Code  Lc  stm32f3xx_hal_tim.o [1]
TIM_OC6_SetConfig        0x800'0ed1    0x5a  Code  Lc  stm32f3xx_hal_tim.o [1]
TIM_SlaveTimer_SetConfig
                         0x800'0f2b    0x9a  Code  Lc  stm32f3xx_hal_tim.o [1]
TIM_TI1_ConfigInputStage
                         0x800'1059    0x24  Code  Lc  stm32f3xx_hal_tim.o [1]
TIM_TI1_SetConfig        0x800'0fc5    0x6a  Code  Gb  stm32f3xx_hal_tim.o [1]
TIM_TI2_ConfigInputStage
                         0x800'107d    0x26  Code  Lc  stm32f3xx_hal_tim.o [1]
UART_AdvFeatureConfig    0x800'6dbd    0xda  Code  Gb  stm32f3xx_hal_uart.o [1]
UART_CheckIdleState      0x800'6e97    0x6e  Code  Gb  stm32f3xx_hal_uart.o [1]
UART_DMAAbortOnError     0x800'6ff1    0x16  Code  Lc  stm32f3xx_hal_uart.o [1]
UART_EndRxTransfer       0x800'6fb7    0x38  Code  Lc  stm32f3xx_hal_uart.o [1]
UART_EndTransmit_IT      0x800'7007    0x1c  Code  Lc  stm32f3xx_hal_uart.o [1]
UART_SetConfig           0x800'6b4b   0x24c  Code  Gb  stm32f3xx_hal_uart.o [1]
UART_WaitOnFlagUntilTimeout
                         0x800'6f05    0xb2  Code  Gb  stm32f3xx_hal_uart.o [1]
USART2_IRQHandler        0x800'b0f7    0x50  Code  Gb  stm32f3xx_it.o [1]
USBD_CDC                0x2000'00ac    0x38  Data  Gb  usbd_cdc.o [1]
USBD_CDC_CfgFSDesc      0x2000'0128    0x44  Data  Gb  usbd_cdc.o [1]
USBD_CDC_CfgHSDesc      0x2000'00e4    0x44  Data  Gb  usbd_cdc.o [1]
USBD_CDC_DataIn          0x800'756d    0x70  Code  Lc  usbd_cdc.o [1]
USBD_CDC_DataOut         0x800'75dd    0x34  Code  Lc  usbd_cdc.o [1]
USBD_CDC_DeInit          0x800'7427    0x50  Code  Lc  usbd_cdc.o [1]
USBD_CDC_DeviceQualifierDesc
                        0x2000'00a0     0xc  Data  Lc  usbd_cdc.o [1]
USBD_CDC_EP0_RxReady     0x800'7611    0x36  Code  Lc  usbd_cdc.o [1]
USBD_CDC_GetDeviceQualifierDescriptor
                         0x800'765f     0x8  Code  Gb  usbd_cdc.o [1]
USBD_CDC_GetFSCfgDesc    0x800'7647     0x8  Code  Lc  usbd_cdc.o [1]
USBD_CDC_GetHSCfgDesc    0x800'764f     0x8  Code  Lc  usbd_cdc.o [1]
USBD_CDC_GetOtherSpeedCfgDesc
                         0x800'7657     0x8  Code  Lc  usbd_cdc.o [1]
USBD_CDC_Init            0x800'7365    0xc2  Code  Lc  usbd_cdc.o [1]
USBD_CDC_OtherSpeedCfgDesc
                        0x2000'016c    0x44  Data  Gb  usbd_cdc.o [1]
USBD_CDC_ReceivePacket   0x800'76a9    0x38  Code  Gb  usbd_cdc.o [1]
USBD_CDC_RegisterInterface
                         0x800'7679    0x12  Code  Gb  usbd_cdc.o [1]
USBD_CDC_SetRxBuffer     0x800'769d     0xc  Code  Gb  usbd_cdc.o [1]
USBD_CDC_SetTxBuffer     0x800'768b    0x12  Code  Gb  usbd_cdc.o [1]
USBD_CDC_Setup           0x800'7477    0xf6  Code  Lc  usbd_cdc.o [1]
USBD_ClrClassConfig      0x800'7099    0x10  Code  Gb  usbd_core.o [1]
USBD_ClrFeature          0x800'89cd    0x24  Code  Lc  usbd_ctlreq.o [1]
USBD_CtlContinueRx       0x800'8aef    0x12  Code  Gb  usbd_ioreq.o [1]
USBD_CtlContinueSendData
                         0x800'8ab5    0x12  Code  Gb  usbd_ioreq.o [1]
USBD_CtlError            0x800'8a19    0x16  Code  Gb  usbd_ctlreq.o [1]
USBD_CtlPrepareRx        0x800'8ac7    0x28  Code  Gb  usbd_ioreq.o [1]
USBD_CtlReceiveStatus    0x800'8b17    0x16  Code  Gb  usbd_ioreq.o [1]
USBD_CtlSendData         0x800'8a91    0x24  Code  Gb  usbd_ioreq.o [1]
USBD_CtlSendStatus       0x800'8b01    0x16  Code  Gb  usbd_ioreq.o [1]
USBD_FS_ConfigStrDescriptor
                         0x800'adb1    0x20  Code  Gb  usbd_desc.o [1]
USBD_FS_DeviceDesc      0x2000'01dc    0x14  Data  Gb  usbd_desc.o [1]
USBD_FS_DeviceDescriptor
                         0x800'ad61     0x8  Code  Gb  usbd_desc.o [1]
USBD_FS_InterfaceStrDescriptor
                         0x800'add1    0x20  Code  Gb  usbd_desc.o [1]
USBD_FS_LangIDStrDescriptor
                         0x800'ad69     0x8  Code  Gb  usbd_desc.o [1]
USBD_FS_ManufacturerStrDescriptor
                         0x800'ad91    0x12  Code  Gb  usbd_desc.o [1]
USBD_FS_ProductStrDescriptor
                         0x800'ad71    0x20  Code  Gb  usbd_desc.o [1]
USBD_FS_SerialStrDescriptor
                         0x800'ada3     0xe  Code  Gb  usbd_desc.o [1]
USBD_GetConfig           0x800'893d    0x3e  Code  Lc  usbd_ctlreq.o [1]
USBD_GetDescriptor       0x800'860b   0x200  Code  Lc  usbd_ctlreq.o [1]
USBD_GetLen              0x800'8a7d    0x14  Code  Lc  usbd_ctlreq.o [1]
USBD_GetStatus           0x800'897b    0x3e  Code  Lc  usbd_ctlreq.o [1]
USBD_GetString           0x800'8a2f    0x4e  Code  Gb  usbd_ctlreq.o [1]
USBD_Get_USB_Status      0x800'82ad    0x2a  Code  Lc  usbd_conf.o [1]
USBD_Init                0x800'7025    0x30  Code  Gb  usbd_core.o [1]
USBD_Interface_fops_FS  0x2000'01b0    0x10  Data  Gb  usbd_cdc_if.o [1]
USBD_LL_ClearStallEP     0x800'81dd    0x1a  Code  Gb  usbd_conf.o [1]
USBD_LL_CloseEP          0x800'81a9    0x1a  Code  Gb  usbd_conf.o [1]
USBD_LL_DataInStage      0x800'71b3   0x104  Code  Gb  usbd_core.o [1]
USBD_LL_DataOutStage     0x800'710d    0xa6  Code  Gb  usbd_core.o [1]
USBD_LL_GetRxDataSize    0x800'827d     0xe  Code  Gb  usbd_conf.o [1]
USBD_LL_Init             0x800'80ed    0x80  Code  Gb  usbd_conf.o [1]
USBD_LL_IsStallEP        0x800'81f7    0x34  Code  Gb  usbd_conf.o [1]
USBD_LL_OpenEP           0x800'8185    0x24  Code  Gb  usbd_conf.o [1]
USBD_LL_PrepareReceive   0x800'8261    0x1c  Code  Gb  usbd_conf.o [1]
USBD_LL_Reset            0x800'72b7    0x60  Code  Gb  usbd_core.o [1]
USBD_LL_Resume           0x800'732f    0x14  Code  Gb  usbd_core.o [1]
USBD_LL_SOF              0x800'7343    0x20  Code  Gb  usbd_core.o [1]
USBD_LL_SetSpeed         0x800'7317     0x6  Code  Gb  usbd_core.o [1]
USBD_LL_SetUSBAddress    0x800'822b    0x1a  Code  Gb  usbd_conf.o [1]
USBD_LL_SetupStage       0x800'70a9    0x64  Code  Gb  usbd_core.o [1]
USBD_LL_StallEP          0x800'81c3    0x1a  Code  Gb  usbd_conf.o [1]
USBD_LL_Start            0x800'816d    0x18  Code  Gb  usbd_conf.o [1]
USBD_LL_Suspend          0x800'731d    0x12  Code  Gb  usbd_core.o [1]
USBD_LL_Transmit         0x800'8245    0x1c  Code  Gb  usbd_conf.o [1]
USBD_LangIDDesc         0x2000'01f0     0x4  Data  Gb  usbd_desc.o [1]
USBD_ParseSetupRequest   0x800'89f1    0x28  Code  Gb  usbd_ctlreq.o [1]
USBD_RegisterClass       0x800'7055    0x14  Code  Gb  usbd_core.o [1]
USBD_RunTestMode         0x800'7073     0x4  Code  Gb  usbd_core.o [1]
USBD_SetAddress          0x800'880b    0x5e  Code  Lc  usbd_ctlreq.o [1]
USBD_SetClassConfig      0x800'7077    0x22  Code  Gb  usbd_core.o [1]
USBD_SetConfig           0x800'8869    0xce  Code  Lc  usbd_ctlreq.o [1]
USBD_SetConfig::cfgidx  0x2000'6eb2     0x1  Data  Lc  usbd_ctlreq.o [1]
USBD_SetFeature          0x800'89b9    0x14  Code  Lc  usbd_ctlreq.o [1]
USBD_Start               0x800'7069     0xa  Code  Gb  usbd_core.o [1]
USBD_StdDevReq           0x800'82d9    0x7a  Code  Gb  usbd_ctlreq.o [1]
USBD_StdEPReq            0x800'83bf   0x24c  Code  Gb  usbd_ctlreq.o [1]
USBD_StdItfReq           0x800'8353    0x6c  Code  Gb  usbd_ctlreq.o [1]
USBD_StrDesc            0x2000'63b4   0x200  Data  Gb  usbd_desc.o [1]
USBD_StringSerial       0x2000'01f4    0x1c  Data  Gb  usbd_desc.o [1]
USBD_static_free         0x800'82a9     0x2  Code  Gb  usbd_conf.o [1]
USBD_static_malloc       0x800'828b     0x4  Code  Gb  usbd_conf.o [1]
USBD_static_malloc::mem
                        0x2000'5f94   0x220  Data  Lc  usbd_conf.o [1]
USB_ActivateEndpoint     0x800'9bb9   0x2f8  Code  Gb  stm32f3xx_ll_usb.o [1]
USB_DeactivateEndpoint   0x800'9eb1   0x1c4  Code  Gb  stm32f3xx_ll_usb.o [1]
USB_DevConnect           0x800'a903     0x4  Code  Gb  stm32f3xx_ll_usb.o [1]
USB_DevInit              0x800'9b99    0x20  Code  Gb  stm32f3xx_ll_usb.o [1]
USB_DisableGlobalInt     0x800'9b85    0x14  Code  Gb  stm32f3xx_ll_usb.o [1]
USB_EPClearStall         0x800'a84f    0xa4  Code  Gb  stm32f3xx_ll_usb.o [1]
USB_EPSetStall           0x800'a807    0x48  Code  Gb  stm32f3xx_ll_usb.o [1]
USB_EPStartXfer          0x800'a075   0x792  Code  Gb  stm32f3xx_ll_usb.o [1]
USB_EnableGlobalInt      0x800'9b73    0x12  Code  Gb  stm32f3xx_ll_usb.o [1]
USB_LP_CAN_RX0_IRQHandler
                         0x800'b0a5     0xa  Code  Gb  stm32f3xx_it.o [1]
USB_ReadInterrupts       0x800'a907     0x6  Code  Gb  stm32f3xx_ll_usb.o [1]
USB_ReadPMA              0x800'a93f    0x36  Code  Gb  stm32f3xx_ll_usb.o [1]
USB_SetDevAddress        0x800'a8f3    0x10  Code  Gb  stm32f3xx_ll_usb.o [1]
USB_WritePMA             0x800'a90d    0x32  Code  Gb  stm32f3xx_ll_usb.o [1]
UsageFault_Handler       0x800'b0a1     0x2  Code  Gb  stm32f3xx_it.o [1]
UserRxBufferFS          0x2000'5214   0x3e8  Data  Gb  usbd_cdc_if.o [1]
UserTxBufferFS          0x2000'55fc   0x3e8  Data  Gb  usbd_cdc_if.o [1]
Virtual function table for BLDC_motor
                         0x800'b510    0x4c  Data  Gb  BLDC.o [1]
[local to main_c]::DWT_Init()
                         0x800'191f    0x16  Code  Lc  main.o [1]
__NVIC_EnableIRQ         0x800'1f81    0x1c  Code  Lc  stm32f3xx_hal_cortex.o [1]
__NVIC_GetPriorityGrouping
                         0x800'1f77     0xa  Code  Lc  stm32f3xx_hal_cortex.o [1]
__NVIC_SetPriority       0x800'1f9d    0x24  Code  Lc  stm32f3xx_hal_cortex.o [1]
__NVIC_SetPriorityGrouping
                         0x800'1f5d    0x1a  Code  Lc  stm32f3xx_hal_cortex.o [1]
__aeabi_assert           0x800'8ca1    0x24  Code  Gb  ABIassert.o [6]
__aeabi_d2f              0x800'4bc9          Code  Gb  DblToFlt.o [4]
__aeabi_d2iz             0x800'47a1          Code  Gb  DblToS32.o [4]
__aeabi_dadd             0x800'65ed          Code  Gb  DblAdd.o [4]
__aeabi_ddiv             0x800'47dd          Code  Gb  DblDiv.o [4]
__aeabi_dmul             0x800'4a25          Code  Gb  DblMul.o [4]
__aeabi_dsub             0x800'6509          Code  Gb  DblSub.o [4]
__aeabi_f2d              0x800'4c31          Code  Gb  FltToDbl.o [4]
__aeabi_memcpy           0x800'59d9          Code  Gb  ABImemcpy.o [5]
__aeabi_memcpy4          0x800'59f9          Code  Gb  ABImemcpy.o [5]
__aeabi_memcpy8          0x800'59f9          Code  Gb  ABImemcpy.o [5]
__aeabi_memset           0x800'3a95          Code  Gb  ABImemset.o [5]
__aeabi_ui2d             0x800'46c5          Code  Gb  U32ToDbl.o [4]
__call_ctors             0x800'b611    0x18  Code  Gb  cppinit.o [2]
__cmain                  0x800'b629          Code  Gb  cmain.o [5]
__exit                   0x800'a975    0x14  Code  Gb  exit.o [6]
__iar_Memset             0x800'3a95          Code  Gb  ABImemset.o [5]
__iar_Memset_word        0x800'3a9d          Code  Gb  ABImemset.o [5]
__iar_cstart_call_ctors
                         0x800'b5f1    0x20  Code  Gb  cmain_call_ctors.o [5]
__iar_dadd               0x800'6519          Code  Gb  DblSub.o [4]
__iar_data_init3         0x800'b55d    0x28  Code  Gb  data_init.o [5]
__iar_debug_exceptions   0x800'1b3a     0x1  Data  Gb  unwind_debug.o [6]
__iar_dsub               0x800'65fd          Code  Gb  DblAdd.o [4]
__iar_dsubStart          0x800'660f          Code  Gb  DblAdd.o [4]
__iar_init_vfp           0x800'b5a9          Code  Gb  fpinit_M.o [4]
__iar_lz77_init_single3
                         0x800'b435    0x78  Code  Gb  lz77_init_single.o [5]
__iar_program_start      0x800'b791          Code  Gb  cstartup_M.o [5]
__iar_tls$$INIT_ARRAY$$Base
                         0x800'b8b0           --   Gb  - Linker created -
__iar_tls$$INIT_ARRAY$$Limit
                         0x800'b8b0           --   Gb  - Linker created -
__iar_zero_init3         0x800'10df    0x3a  Code  Gb  zero_init3.o [5]
__low_level_init         0x800'b647     0x4  Code  Gb  low_level_init.o [2]
__sti__routine           0x800'18f9    0x26  Code  Lc  main.o [1]
__vector_table           0x800'0000          Data  Gb  startup_stm32f303xc.o [1]
_call_main               0x800'b635          Code  Gb  cmain.o [5]
_exit                    0x800'b651          Code  Gb  cexit.o [5]
_main                    0x800'b643          Code  Gb  cmain.o [5]
aPLLMULFactorTable       0x800'b728    0x10  Data  Gb  stm32f3xx_hal_rcc.o [1]
aPredivFactorTable       0x800'b738    0x10  Data  Gb  stm32f3xx_hal_rcc.o [1]
abort                    0x800'9b6d     0x6  Code  Gb  abort.o [2]
aucCRCHi                 0x800'ae98   0x100  Data  Lc  mbcrc.o [1]
aucCRCLo                 0x800'af98   0x100  Data  Lc  mbcrc.o [1]
base_motor::SetDirection(dir)
                         0x800'4725     0x4  Code  Gb  motor.o [1]
base_motor::base_motor()
                         0x800'46e7    0x3e  Code  Gb  motor.o [1]
base_motor::base_motor() [subobject]
                         0x800'46df     0x8  Code  Gb  motor.o [1]
base_motor::map(double, double, double, double, double)
                         0x800'4729    0x78  Code  Gb  motor.o [1]
count_tic               0x2000'6e28     0x4  Data  Gb  main.o [1]
dir1                    0x2000'6e0c     0x4  Data  Gb  freertos.o [1]
downcounter             0x2000'6ea6     0x2  Data  Gb  porttimer.o [1]
eMBCurrentMode          0x2000'6ea9     0x1  Data  Lc  mb.o [1]
eMBEnable                0x800'5b73    0x20  Code  Gb  mb.o [1]
eMBFuncReadCoils         0x800'abc7    0x9e  Code  Gb  mbfunccoils.o [1]
eMBFuncReadDiscreteInputs
                         0x800'b191    0x9c  Code  Gb  mbfuncdisc.o [1]
eMBFuncReadHoldingRegister
                         0x800'aa33    0x86  Code  Gb  mbfuncholding.o [1]
eMBFuncReadInputRegister
                         0x800'b335    0x86  Code  Gb  mbfuncinput.o [1]
eMBFuncReadWriteMultipleHoldingRegister
                         0x800'aab9    0xec  Code  Gb  mbfuncholding.o [1]
eMBFuncReportSlaveID     0x800'b585    0x1c  Code  Gb  mbfuncother.o [1]
eMBFuncWriteCoil         0x800'ac65    0x6c  Code  Gb  mbfunccoils.o [1]
eMBFuncWriteHoldingRegister
                         0x800'a989    0x3a  Code  Gb  mbfuncholding.o [1]
eMBFuncWriteMultipleCoils
                         0x800'acd1    0x8e  Code  Gb  mbfunccoils.o [1]
eMBFuncWriteMultipleHoldingRegister
                         0x800'a9c3    0x70  Code  Gb  mbfuncholding.o [1]
eMBInit                  0x800'5ad9    0x9a  Code  Gb  mb.o [1]
eMBPoll                  0x800'5b93    0xe4  Code  Gb  mb.o [1]
eMBPoll::eException     0x2000'6eac     0x1  Data  Lc  mb.o [1]
eMBPoll::ucFunctionCode
                        0x2000'6eab     0x1  Data  Lc  mb.o [1]
eMBPoll::ucMBFrame      0x2000'6e50     0x4  Data  Lc  mb.o [1]
eMBPoll::ucRcvAddress   0x2000'6eaa     0x1  Data  Lc  mb.o [1]
eMBPoll::usLength       0x2000'6e9c     0x2  Data  Lc  mb.o [1]
eMBRTUInit               0x800'76e1    0x46  Code  Gb  mbrtu.o [1]
eMBRTUReceive            0x800'7755    0x6a  Code  Gb  mbrtu.o [1]
eMBRTUSend               0x800'77bf    0x60  Code  Gb  mbrtu.o [1]
eMBRTUStart              0x800'7727    0x1a  Code  Gb  mbrtu.o [1]
eMBRTUStop               0x800'7741    0x14  Code  Gb  mbrtu.o [1]
eMBRegCoilsCB            0x800'39b9     0x4  Code  Gb  freertos.o [1]
eMBRegDiscreteCB         0x800'39bd     0x4  Code  Gb  freertos.o [1]
eMBRegHoldingCB          0x800'37e5   0x186  Code  Gb  freertos.o [1]
eMBRegInputCB            0x800'37df     0x6  Code  Gb  freertos.o [1]
eMBState                0x2000'0210     0x1  Data  Lc  mb.o [1]
eQueuedEvent            0x2000'6eb0     0x1  Data  Lc  portevent.o [1]
eRcvState               0x2000'6eae     0x1  Data  Lc  mbrtu.o [1]
eSndState               0x2000'6ead     0x1  Data  Lc  mbrtu.o [1]
exit                     0x800'b64b     0x4  Code  Gb  exit.o [2]
flash_erase_page         0x800'3579    0x2a  Code  Gb  flash.o [1]
flash_lock               0x800'35af     0xc  Code  Gb  flash.o [1]
flash_ready              0x800'3569    0x10  Code  Gb  flash.o [1]
flash_unlock             0x800'35a3     0xc  Code  Gb  flash.o [1]
flash_write              0x800'35bb    0x3a  Code  Gb  flash.o [1]
hUsbDeviceFS            0x2000'5cd0   0x2c4  Data  Gb  usb_device.o [1]
hadc1                   0x2000'68e0    0x50  Data  Gb  adc.o [1]
hadc2                   0x2000'6930    0x50  Data  Gb  adc.o [1]
hcomp3                  0x2000'6c2c    0x30  Data  Gb  comp.o [1]
hcomp6                  0x2000'6c5c    0x30  Data  Gb  comp.o [1]
hcomp7                  0x2000'6c8c    0x30  Data  Gb  comp.o [1]
hdac                    0x2000'6d84    0x14  Data  Gb  dac.o [1]
hpcd_USB_FS             0x2000'59e4   0x2ec  Data  Gb  usbd_conf.o [1]
hspi2                   0x2000'6828    0x64  Data  Gb  spi.o [1]
htim1                   0x2000'69cc    0x4c  Data  Gb  tim.o [1]
htim16                  0x2000'6b94    0x4c  Data  Gb  tim.o [1]
htim17                  0x2000'6be0    0x4c  Data  Gb  tim.o [1]
htim2                   0x2000'6a18    0x4c  Data  Gb  tim.o [1]
htim3                   0x2000'6a64    0x4c  Data  Gb  tim.o [1]
htim4                   0x2000'6ab0    0x4c  Data  Gb  tim.o [1]
htim6                   0x2000'6afc    0x4c  Data  Gb  tim.o [1]
htim7                   0x2000'6980    0x4c  Data  Gb  stm32f3xx_hal_timebase_tim.o [1]
htim8                   0x2000'6b48    0x4c  Data  Gb  tim.o [1]
huart2                  0x2000'6740    0x84  Data  Gb  usart.o [1]
inHandlerMode            0x800'39d7    0x12  Code  Lc  cmsis_os.o [1]
led::Init(GPIO_TypeDef *, unsigned short)
                         0x800'2c7f    0x1a  Code  Gb  LED.o [1]
led::LEDon()             0x800'2c99     0x6  Code  Gb  LED.o [1]
led::led()               0x800'2ca7    0x2c  Code  Gb  LED.o [1]
led::poll()              0x800'2b89    0xf6  Code  Gb  LED.o [1]
led::setParameters(mode, unsigned int, unsigned int)
                         0x800'2c9f     0x8  Code  Gb  LED.o [1]
main                     0x800'1935    0xbc  Code  Gb  main.o [1]
mainTaskHandle          0x2000'6e10     0x4  Data  Gb  freertos.o [1]
makeFreeRtosPriority     0x800'39c1    0x16  Code  Lc  cmsis_os.o [1]
memset                   0x800'1b27    0x14  Code  Gb  memset.o [5]
modBusHandle            0x2000'6e14     0x4  Data  Gb  freertos.o [1]
osDelay                  0x800'3a67    0x16  Code  Gb  cmsis_os.o [1]
osDelayUntil             0x800'3a7d    0x16  Code  Gb  cmsis_os.o [1]
osKernelStart            0x800'39e9     0xa  Code  Gb  cmsis_os.o [1]
osKernelSysTick          0x800'39f3    0x16  Code  Gb  cmsis_os.o [1]
osThreadCreate           0x800'3a09    0x5e  Code  Gb  cmsis_os.o [1]
pMotor                  0x2000'6e2c     0x4  Data  Gb  main.o [1]
pcInterruptPriorityRegisters
                         0x800'b7b8     0x4  Data  Lc  port.o [1]
peMBFrameReceiveCur     0x2000'6e3c     0x4  Data  Lc  mb.o [1]
peMBFrameSendCur        0x2000'6e30     0x4  Data  Lc  mb.o [1]
prvAddCurrentTaskToDelayedList
                         0x800'6465    0x6e  Code  Lc  tasks.o [1]
prvAddNewTaskToReadyList
                         0x800'5e77    0x9a  Code  Lc  tasks.o [1]
prvCheckTasksWaitingTermination
                         0x800'6389    0x3c  Code  Lc  tasks.o [1]
prvDeleteTCB             0x800'63c9    0x42  Code  Lc  tasks.o [1]
prvHeapInit              0x800'7b67    0x5e  Code  Lc  heap_4.o [1]
prvIdleTask              0x800'630d    0x24  Code  Lc  tasks.o [1]
prvInitialiseNewTask     0x800'5dcd    0xaa  Code  Lc  tasks.o [1]
prvInitialiseTaskLists   0x800'6331    0x54  Code  Lc  tasks.o [1]
prvInsertBlockIntoFreeList
                         0x800'7bc5    0x5e  Code  Lc  heap_4.o [1]
prvResetNextTaskUnblockTime
                         0x800'640b    0x28  Code  Lc  tasks.o [1]
prvTaskExitError         0x800'7d01    0x2a  Code  Lc  port.o [1]
prveMBError2Exception    0x800'aba5    0x22  Code  Gb  mbutils.o [1]
pucSndBufferCur         0x2000'6e54     0x4  Data  Lc  mbrtu.o [1]
pvMBFrameCloseCur       0x2000'6e40     0x4  Data  Lc  mb.o [1]
pvMBFrameStartCur       0x2000'6e34     0x4  Data  Lc  mb.o [1]
pvMBFrameStopCur        0x2000'6e38     0x4  Data  Lc  mb.o [1]
pvPortMalloc             0x800'79e1   0x114  Code  Gb  heap_4.o [1]
pxCurrentTCB            0x2000'6e60     0x4  Data  Gb  tasks.o [1]
pxDelayedTaskList       0x2000'6e64     0x4  Data  Lc  tasks.o [1]
pxEnd                   0x2000'6e18     0x4  Data  Lc  heap_4.o [1]
pxMBFrameCBByteReceived
                        0x2000'6e44     0x4  Data  Gb  mb.o [1]
pxMBFrameCBTransmitterEmpty
                        0x2000'6e48     0x4  Data  Gb  mb.o [1]
pxMBPortCBTimerExpired  0x2000'6e4c     0x4  Data  Gb  mb.o [1]
pxOverflowDelayedTaskList
                        0x2000'6e68     0x4  Data  Lc  tasks.o [1]
pxPortInitialiseStack    0x800'7cd9    0x28  Code  Gb  port.o [1]
pxReadyTasksLists       0x2000'66b4    0x8c  Data  Lc  tasks.o [1]
serial                  0x2000'0094     0x4  Data  Gb  portserial.o [1]
settings                0x2000'0004     0xc  Data  Gb  main.o [1]
steps                   0x2000'0000     0x4  Data  Gb  freertos.o [1]
str_rx                  0x2000'6d6c    0x18  Data  Gb  main.o [1]
strncpy                  0x800'b2c5          Code  Gb  strncpy.o [5]
timeout                 0x2000'6ea4     0x2  Data  Gb  porttimer.o [1]
ucHeap                  0x2000'0214  0x5000  Data  Lc  heap_4.o [1]
ucMBAddress             0x2000'6ea8     0x1  Data  Lc  mb.o [1]
ucMBSlaveID             0x2000'6d4c    0x20  Data  Lc  mbfuncother.o [1]
ucMaxSysCallPriority    0x2000'6eaf     0x1  Data  Lc  port.o [1]
ucRTUBuf                0x2000'65b4   0x100  Data  Gb  mbrtu.o [1]
ulMaxPRIGROUPValue      0x2000'6e58     0x4  Data  Lc  port.o [1]
usMBCRC16                0x800'8cc5    0x40  Code  Gb  mbcrc.o [1]
usMBSlaveIDLen          0x2000'6e9e     0x2  Data  Lc  mbfuncother.o [1]
usRcvBufferPos          0x2000'6ea2     0x2  Data  Lc  mbrtu.o [1]
usSndBufferCount        0x2000'6ea0     0x2  Data  Lc  mbrtu.o [1]
uwTick                  0x2000'6e5c     0x4  Data  Gb  stm32f3xx_hal.o [1]
uwTickFreq              0x2000'0211     0x1  Data  Gb  stm32f3xx_hal.o [1]
uwTickPrio              0x2000'0098     0x4  Data  Gb  stm32f3xx_hal.o [1]
uxCriticalNesting       0x2000'0090     0x4  Data  Lc  port.o [1]
uxCurrentNumberOfTasks  0x2000'6e70     0x4  Data  Lc  tasks.o [1]
uxDeletedTasksWaitingCleanUp
                        0x2000'6e6c     0x4  Data  Lc  tasks.o [1]
uxListRemove             0x800'7cb3    0x26  Code  Gb  list.o [1]
uxPendedTicks           0x2000'6e80     0x4  Data  Lc  tasks.o [1]
uxSchedulerSuspended    0x2000'6e98     0x4  Data  Lc  tasks.o [1]
uxTaskNumber            0x2000'6e8c     0x4  Data  Lc  tasks.o [1]
uxTopReadyPriority      0x2000'6e78     0x4  Data  Lc  tasks.o [1]
vApplicationGetIdleTaskMemory
                         0x800'3635    0x12  Code  Gb  freertos.o [1]
vListInitialise          0x800'7c41    0x1e  Code  Gb  list.o [1]
vListInitialiseItem      0x800'7c5f     0x6  Code  Gb  list.o [1]
vListInsert              0x800'7c7d    0x36  Code  Gb  list.o [1]
vListInsertEnd           0x800'7c65    0x18  Code  Gb  list.o [1]
vMBPortSerialEnable      0x800'8b2d    0x5a  Code  Gb  portserial.o [1]
vMBPortTimersDisable     0x800'8c81     0xa  Code  Gb  porttimer.o [1]
vMBPortTimersEnable      0x800'8c6f    0x12  Code  Gb  porttimer.o [1]
vPortEnableVFP           0x800'8d99          Code  Gb  portasm.o [1]
vPortEnterCritical       0x800'7df9    0x34  Code  Gb  port.o [1]
vPortExitCritical        0x800'7e2d    0x2c  Code  Gb  port.o [1]
vPortFree                0x800'7af5    0x72  Code  Gb  heap_4.o [1]
vPortStartFirstTask      0x800'8d79          Code  Gb  portasm.o [1]
vPortValidateInterruptPriority
                         0x800'7e81    0x4a  Code  Gb  port.o [1]
vTaskDelay               0x800'5fb5    0x4c  Code  Gb  tasks.o [1]
vTaskDelayUntil          0x800'5f11    0xa4  Code  Gb  tasks.o [1]
vTaskStartScheduler      0x800'6001    0x8e  Code  Gb  tasks.o [1]
vTaskSuspendAll          0x800'608f     0xc  Code  Gb  tasks.o [1]
vTaskSwitchContext       0x800'6289    0x6a  Code  Gb  tasks.o [1]
xBlockAllocatedBit      0x2000'6e24     0x4  Data  Lc  heap_4.o [1]
xDelayedTaskList1       0x2000'6d98    0x14  Data  Lc  tasks.o [1]
xDelayedTaskList2       0x2000'6dac    0x14  Data  Lc  tasks.o [1]
xEventInQueue           0x2000'6eb1     0x1  Data  Lc  portevent.o [1]
xFreeBytesRemaining     0x2000'6e1c     0x4  Data  Lc  heap_4.o [1]
xFuncHandlers           0x2000'0010    0x80  Data  Lc  mb.o [1]
xHeapStructSize          0x800'b7b4     0x4  Data  Lc  heap_4.o [1]
xIdleStack              0x2000'61b4   0x200  Data  Lc  freertos.o [1]
xIdleTaskHandle         0x2000'6e94     0x4  Data  Lc  tasks.o [1]
xIdleTaskTCBBuffer      0x2000'688c    0x54  Data  Lc  freertos.o [1]
xMBPortEventGet          0x800'79bd    0x1c  Code  Gb  portevent.o [1]
xMBPortEventInit         0x800'79a5     0xa  Code  Gb  portevent.o [1]
xMBPortEventPost         0x800'79af     0xe  Code  Gb  portevent.o [1]
xMBPortSerialGetByte     0x800'8c09     0xe  Code  Gb  portserial.o [1]
xMBPortSerialInit        0x800'8b87    0x64  Code  Gb  portserial.o [1]
xMBPortSerialPutByte     0x800'8beb    0x1e  Code  Gb  portserial.o [1]
xMBPortTimersInit        0x800'8c21    0x4e  Code  Gb  porttimer.o [1]
xMBRTUReceiveFSM         0x800'781f    0x8a  Code  Gb  mbrtu.o [1]
xMBRTUTimerT35Expired    0x800'7917    0x5c  Code  Gb  mbrtu.o [1]
xMBRTUTransmitFSM        0x800'78a9    0x6e  Code  Gb  mbrtu.o [1]
xMinimumEverFreeBytesRemaining
                        0x2000'6e20     0x4  Data  Lc  heap_4.o [1]
xNextTaskUnblockTime    0x2000'6e90     0x4  Data  Lc  tasks.o [1]
xNumOfOverflows         0x2000'6e88     0x4  Data  Lc  tasks.o [1]
xPendingReadyList       0x2000'6dc0    0x14  Data  Lc  tasks.o [1]
xPortStartScheduler      0x800'7d2b    0xce  Code  Gb  port.o [1]
xSchedulerRunning       0x2000'6e7c     0x4  Data  Lc  tasks.o [1]
xStart                  0x2000'6dfc     0x8  Data  Lc  heap_4.o [1]
xSuspendedTaskList      0x2000'6de8    0x14  Data  Lc  tasks.o [1]
xTaskCreate              0x800'5d5b    0x72  Code  Gb  tasks.o [1]
xTaskCreateStatic        0x800'5cd9    0x82  Code  Gb  tasks.o [1]
xTaskGetTickCount        0x800'617f     0x8  Code  Gb  tasks.o [1]
xTaskGetTickCountFromISR
                         0x800'6187    0x10  Code  Gb  tasks.o [1]
xTaskIncrementTick       0x800'6197    0xf2  Code  Gb  tasks.o [1]
xTaskResumeAll           0x800'609b    0xe4  Code  Gb  tasks.o [1]
xTasksWaitingTermination
                        0x2000'6dd4    0x14  Data  Lc  tasks.o [1]
xTickCount              0x2000'6e74     0x4  Data  Lc  tasks.o [1]
xYieldPending           0x2000'6e84     0x4  Data  Lc  tasks.o [1]


[1] = D:\Kicads Schem\Universal_Driver\Universal_Driver_soft\UniversalDriver_v2.1\EWARM\UniversalDriver_v2.1\Obj
[2] = dl7M_tlf.a
[3] = dlpp7M_tl_fc.a
[4] = m7M_tls.a
[5] = rt7M_tl.a
[6] = shb_l.a

  46'127 bytes of readonly  code memory
   1'455 bytes of readonly  data memory
  29'361 bytes of readwrite data memory

Errors: none
Warnings: none
