###############################################################################
#
# IAR ELF Linker V8.40.2.214/W32 for ARM                  02/Jan/2021  16:00:32
# Copyright 2007-2019 IAR Systems AB.
#
#    Output file  =
#        D:\Radio\Jobe\Universal_Driver\Universal_Driver_soft\UniversalDriver_v2.1forStepper\EWARM\UniversalDriver_v2.1\Exe\UniversalDriver_v2.1.out
#    Map file     =
#        D:\Radio\Jobe\Universal_Driver\Universal_Driver_soft\UniversalDriver_v2.1forStepper\EWARM\UniversalDriver_v2.1\List\UniversalDriver_v2.1.map
#    Command line =
#        -f C:\Users\IERIXO~1\AppData\Local\Temp\EW778C.tmp
#        (D:\Radio\Jobe\Universal_Driver\Universal_Driver_soft\UniversalDriver_v2.1forStepper\EWARM\UniversalDriver_v2.1\Obj\adc.o
#        D:\Radio\Jobe\Universal_Driver\Universal_Driver_soft\UniversalDriver_v2.1forStepper\EWARM\UniversalDriver_v2.1\Obj\BLDC.o
#        D:\Radio\Jobe\Universal_Driver\Universal_Driver_soft\UniversalDriver_v2.1forStepper\EWARM\UniversalDriver_v2.1\Obj\cmsis_os.o
#        D:\Radio\Jobe\Universal_Driver\Universal_Driver_soft\UniversalDriver_v2.1forStepper\EWARM\UniversalDriver_v2.1\Obj\comp.o
#        D:\Radio\Jobe\Universal_Driver\Universal_Driver_soft\UniversalDriver_v2.1forStepper\EWARM\UniversalDriver_v2.1\Obj\croutine.o
#        D:\Radio\Jobe\Universal_Driver\Universal_Driver_soft\UniversalDriver_v2.1forStepper\EWARM\UniversalDriver_v2.1\Obj\dac.o
#        D:\Radio\Jobe\Universal_Driver\Universal_Driver_soft\UniversalDriver_v2.1forStepper\EWARM\UniversalDriver_v2.1\Obj\dma.o
#        D:\Radio\Jobe\Universal_Driver\Universal_Driver_soft\UniversalDriver_v2.1forStepper\EWARM\UniversalDriver_v2.1\Obj\event_groups.o
#        D:\Radio\Jobe\Universal_Driver\Universal_Driver_soft\UniversalDriver_v2.1forStepper\EWARM\UniversalDriver_v2.1\Obj\flash.o
#        D:\Radio\Jobe\Universal_Driver\Universal_Driver_soft\UniversalDriver_v2.1forStepper\EWARM\UniversalDriver_v2.1\Obj\flash_spi.o
#        D:\Radio\Jobe\Universal_Driver\Universal_Driver_soft\UniversalDriver_v2.1forStepper\EWARM\UniversalDriver_v2.1\Obj\freertos.o
#        D:\Radio\Jobe\Universal_Driver\Universal_Driver_soft\UniversalDriver_v2.1forStepper\EWARM\UniversalDriver_v2.1\Obj\gpio.o
#        D:\Radio\Jobe\Universal_Driver\Universal_Driver_soft\UniversalDriver_v2.1forStepper\EWARM\UniversalDriver_v2.1\Obj\heap_4.o
#        D:\Radio\Jobe\Universal_Driver\Universal_Driver_soft\UniversalDriver_v2.1forStepper\EWARM\UniversalDriver_v2.1\Obj\LED.o
#        D:\Radio\Jobe\Universal_Driver\Universal_Driver_soft\UniversalDriver_v2.1forStepper\EWARM\UniversalDriver_v2.1\Obj\list.o
#        D:\Radio\Jobe\Universal_Driver\Universal_Driver_soft\UniversalDriver_v2.1forStepper\EWARM\UniversalDriver_v2.1\Obj\main.o
#        D:\Radio\Jobe\Universal_Driver\Universal_Driver_soft\UniversalDriver_v2.1forStepper\EWARM\UniversalDriver_v2.1\Obj\mb.o
#        D:\Radio\Jobe\Universal_Driver\Universal_Driver_soft\UniversalDriver_v2.1forStepper\EWARM\UniversalDriver_v2.1\Obj\mbcrc.o
#        D:\Radio\Jobe\Universal_Driver\Universal_Driver_soft\UniversalDriver_v2.1forStepper\EWARM\UniversalDriver_v2.1\Obj\mbfunccoils.o
#        D:\Radio\Jobe\Universal_Driver\Universal_Driver_soft\UniversalDriver_v2.1forStepper\EWARM\UniversalDriver_v2.1\Obj\mbfuncdiag.o
#        D:\Radio\Jobe\Universal_Driver\Universal_Driver_soft\UniversalDriver_v2.1forStepper\EWARM\UniversalDriver_v2.1\Obj\mbfuncdisc.o
#        D:\Radio\Jobe\Universal_Driver\Universal_Driver_soft\UniversalDriver_v2.1forStepper\EWARM\UniversalDriver_v2.1\Obj\mbfuncholding.o
#        D:\Radio\Jobe\Universal_Driver\Universal_Driver_soft\UniversalDriver_v2.1forStepper\EWARM\UniversalDriver_v2.1\Obj\mbfuncinput.o
#        D:\Radio\Jobe\Universal_Driver\Universal_Driver_soft\UniversalDriver_v2.1forStepper\EWARM\UniversalDriver_v2.1\Obj\mbfuncother.o
#        D:\Radio\Jobe\Universal_Driver\Universal_Driver_soft\UniversalDriver_v2.1forStepper\EWARM\UniversalDriver_v2.1\Obj\mbrtu.o
#        D:\Radio\Jobe\Universal_Driver\Universal_Driver_soft\UniversalDriver_v2.1forStepper\EWARM\UniversalDriver_v2.1\Obj\mbutils.o
#        D:\Radio\Jobe\Universal_Driver\Universal_Driver_soft\UniversalDriver_v2.1forStepper\EWARM\UniversalDriver_v2.1\Obj\motor.o
#        D:\Radio\Jobe\Universal_Driver\Universal_Driver_soft\UniversalDriver_v2.1forStepper\EWARM\UniversalDriver_v2.1\Obj\port.o
#        D:\Radio\Jobe\Universal_Driver\Universal_Driver_soft\UniversalDriver_v2.1forStepper\EWARM\UniversalDriver_v2.1\Obj\portasm.o
#        D:\Radio\Jobe\Universal_Driver\Universal_Driver_soft\UniversalDriver_v2.1forStepper\EWARM\UniversalDriver_v2.1\Obj\portevent.o
#        D:\Radio\Jobe\Universal_Driver\Universal_Driver_soft\UniversalDriver_v2.1forStepper\EWARM\UniversalDriver_v2.1\Obj\portserial.o
#        D:\Radio\Jobe\Universal_Driver\Universal_Driver_soft\UniversalDriver_v2.1forStepper\EWARM\UniversalDriver_v2.1\Obj\porttimer.o
#        D:\Radio\Jobe\Universal_Driver\Universal_Driver_soft\UniversalDriver_v2.1forStepper\EWARM\UniversalDriver_v2.1\Obj\queue.o
#        D:\Radio\Jobe\Universal_Driver\Universal_Driver_soft\UniversalDriver_v2.1forStepper\EWARM\UniversalDriver_v2.1\Obj\spi.o
#        D:\Radio\Jobe\Universal_Driver\Universal_Driver_soft\UniversalDriver_v2.1forStepper\EWARM\UniversalDriver_v2.1\Obj\startup_stm32f303xc.o
#        D:\Radio\Jobe\Universal_Driver\Universal_Driver_soft\UniversalDriver_v2.1forStepper\EWARM\UniversalDriver_v2.1\Obj\step3ph.o
#        D:\Radio\Jobe\Universal_Driver\Universal_Driver_soft\UniversalDriver_v2.1forStepper\EWARM\UniversalDriver_v2.1\Obj\stepper.o
#        D:\Radio\Jobe\Universal_Driver\Universal_Driver_soft\UniversalDriver_v2.1forStepper\EWARM\UniversalDriver_v2.1\Obj\stm32f3xx_hal.o
#        D:\Radio\Jobe\Universal_Driver\Universal_Driver_soft\UniversalDriver_v2.1forStepper\EWARM\UniversalDriver_v2.1\Obj\stm32f3xx_hal_adc.o
#        D:\Radio\Jobe\Universal_Driver\Universal_Driver_soft\UniversalDriver_v2.1forStepper\EWARM\UniversalDriver_v2.1\Obj\stm32f3xx_hal_adc_ex.o
#        D:\Radio\Jobe\Universal_Driver\Universal_Driver_soft\UniversalDriver_v2.1forStepper\EWARM\UniversalDriver_v2.1\Obj\stm32f3xx_hal_comp.o
#        D:\Radio\Jobe\Universal_Driver\Universal_Driver_soft\UniversalDriver_v2.1forStepper\EWARM\UniversalDriver_v2.1\Obj\stm32f3xx_hal_cortex.o
#        D:\Radio\Jobe\Universal_Driver\Universal_Driver_soft\UniversalDriver_v2.1forStepper\EWARM\UniversalDriver_v2.1\Obj\stm32f3xx_hal_dac.o
#        D:\Radio\Jobe\Universal_Driver\Universal_Driver_soft\UniversalDriver_v2.1forStepper\EWARM\UniversalDriver_v2.1\Obj\stm32f3xx_hal_dac_ex.o
#        D:\Radio\Jobe\Universal_Driver\Universal_Driver_soft\UniversalDriver_v2.1forStepper\EWARM\UniversalDriver_v2.1\Obj\stm32f3xx_hal_dma.o
#        D:\Radio\Jobe\Universal_Driver\Universal_Driver_soft\UniversalDriver_v2.1forStepper\EWARM\UniversalDriver_v2.1\Obj\stm32f3xx_hal_exti.o
#        D:\Radio\Jobe\Universal_Driver\Universal_Driver_soft\UniversalDriver_v2.1forStepper\EWARM\UniversalDriver_v2.1\Obj\stm32f3xx_hal_flash.o
#        D:\Radio\Jobe\Universal_Driver\Universal_Driver_soft\UniversalDriver_v2.1forStepper\EWARM\UniversalDriver_v2.1\Obj\stm32f3xx_hal_flash_ex.o
#        D:\Radio\Jobe\Universal_Driver\Universal_Driver_soft\UniversalDriver_v2.1forStepper\EWARM\UniversalDriver_v2.1\Obj\stm32f3xx_hal_gpio.o
#        D:\Radio\Jobe\Universal_Driver\Universal_Driver_soft\UniversalDriver_v2.1forStepper\EWARM\UniversalDriver_v2.1\Obj\stm32f3xx_hal_i2c.o
#        D:\Radio\Jobe\Universal_Driver\Universal_Driver_soft\UniversalDriver_v2.1forStepper\EWARM\UniversalDriver_v2.1\Obj\stm32f3xx_hal_i2c_ex.o
#        D:\Radio\Jobe\Universal_Driver\Universal_Driver_soft\UniversalDriver_v2.1forStepper\EWARM\UniversalDriver_v2.1\Obj\stm32f3xx_hal_msp.o
#        D:\Radio\Jobe\Universal_Driver\Universal_Driver_soft\UniversalDriver_v2.1forStepper\EWARM\UniversalDriver_v2.1\Obj\stm32f3xx_hal_pcd.o
#        D:\Radio\Jobe\Universal_Driver\Universal_Driver_soft\UniversalDriver_v2.1forStepper\EWARM\UniversalDriver_v2.1\Obj\stm32f3xx_hal_pcd_ex.o
#        D:\Radio\Jobe\Universal_Driver\Universal_Driver_soft\UniversalDriver_v2.1forStepper\EWARM\UniversalDriver_v2.1\Obj\stm32f3xx_hal_pwr.o
#        D:\Radio\Jobe\Universal_Driver\Universal_Driver_soft\UniversalDriver_v2.1forStepper\EWARM\UniversalDriver_v2.1\Obj\stm32f3xx_hal_pwr_ex.o
#        D:\Radio\Jobe\Universal_Driver\Universal_Driver_soft\UniversalDriver_v2.1forStepper\EWARM\UniversalDriver_v2.1\Obj\stm32f3xx_hal_rcc.o
#        D:\Radio\Jobe\Universal_Driver\Universal_Driver_soft\UniversalDriver_v2.1forStepper\EWARM\UniversalDriver_v2.1\Obj\stm32f3xx_hal_rcc_ex.o
#        D:\Radio\Jobe\Universal_Driver\Universal_Driver_soft\UniversalDriver_v2.1forStepper\EWARM\UniversalDriver_v2.1\Obj\stm32f3xx_hal_spi.o
#        D:\Radio\Jobe\Universal_Driver\Universal_Driver_soft\UniversalDriver_v2.1forStepper\EWARM\UniversalDriver_v2.1\Obj\stm32f3xx_hal_spi_ex.o
#        D:\Radio\Jobe\Universal_Driver\Universal_Driver_soft\UniversalDriver_v2.1forStepper\EWARM\UniversalDriver_v2.1\Obj\stm32f3xx_hal_tim.o
#        D:\Radio\Jobe\Universal_Driver\Universal_Driver_soft\UniversalDriver_v2.1forStepper\EWARM\UniversalDriver_v2.1\Obj\stm32f3xx_hal_tim_ex.o
#        D:\Radio\Jobe\Universal_Driver\Universal_Driver_soft\UniversalDriver_v2.1forStepper\EWARM\UniversalDriver_v2.1\Obj\stm32f3xx_hal_timebase_tim.o
#        D:\Radio\Jobe\Universal_Driver\Universal_Driver_soft\UniversalDriver_v2.1forStepper\EWARM\UniversalDriver_v2.1\Obj\stm32f3xx_hal_uart.o
#        D:\Radio\Jobe\Universal_Driver\Universal_Driver_soft\UniversalDriver_v2.1forStepper\EWARM\UniversalDriver_v2.1\Obj\stm32f3xx_hal_uart_ex.o
#        D:\Radio\Jobe\Universal_Driver\Universal_Driver_soft\UniversalDriver_v2.1forStepper\EWARM\UniversalDriver_v2.1\Obj\stm32f3xx_it.o
#        D:\Radio\Jobe\Universal_Driver\Universal_Driver_soft\UniversalDriver_v2.1forStepper\EWARM\UniversalDriver_v2.1\Obj\stm32f3xx_ll_usb.o
#        D:\Radio\Jobe\Universal_Driver\Universal_Driver_soft\UniversalDriver_v2.1forStepper\EWARM\UniversalDriver_v2.1\Obj\stream_buffer.o
#        D:\Radio\Jobe\Universal_Driver\Universal_Driver_soft\UniversalDriver_v2.1forStepper\EWARM\UniversalDriver_v2.1\Obj\system_stm32f3xx.o
#        D:\Radio\Jobe\Universal_Driver\Universal_Driver_soft\UniversalDriver_v2.1forStepper\EWARM\UniversalDriver_v2.1\Obj\tasks.o
#        D:\Radio\Jobe\Universal_Driver\Universal_Driver_soft\UniversalDriver_v2.1forStepper\EWARM\UniversalDriver_v2.1\Obj\tim.o
#        D:\Radio\Jobe\Universal_Driver\Universal_Driver_soft\UniversalDriver_v2.1forStepper\EWARM\UniversalDriver_v2.1\Obj\timers.o
#        D:\Radio\Jobe\Universal_Driver\Universal_Driver_soft\UniversalDriver_v2.1forStepper\EWARM\UniversalDriver_v2.1\Obj\usart.o
#        D:\Radio\Jobe\Universal_Driver\Universal_Driver_soft\UniversalDriver_v2.1forStepper\EWARM\UniversalDriver_v2.1\Obj\usb_device.o
#        D:\Radio\Jobe\Universal_Driver\Universal_Driver_soft\UniversalDriver_v2.1forStepper\EWARM\UniversalDriver_v2.1\Obj\usbd_cdc.o
#        D:\Radio\Jobe\Universal_Driver\Universal_Driver_soft\UniversalDriver_v2.1forStepper\EWARM\UniversalDriver_v2.1\Obj\usbd_cdc_if.o
#        D:\Radio\Jobe\Universal_Driver\Universal_Driver_soft\UniversalDriver_v2.1forStepper\EWARM\UniversalDriver_v2.1\Obj\usbd_conf.o
#        D:\Radio\Jobe\Universal_Driver\Universal_Driver_soft\UniversalDriver_v2.1forStepper\EWARM\UniversalDriver_v2.1\Obj\usbd_core.o
#        D:\Radio\Jobe\Universal_Driver\Universal_Driver_soft\UniversalDriver_v2.1forStepper\EWARM\UniversalDriver_v2.1\Obj\usbd_ctlreq.o
#        D:\Radio\Jobe\Universal_Driver\Universal_Driver_soft\UniversalDriver_v2.1forStepper\EWARM\UniversalDriver_v2.1\Obj\usbd_desc.o
#        D:\Radio\Jobe\Universal_Driver\Universal_Driver_soft\UniversalDriver_v2.1forStepper\EWARM\UniversalDriver_v2.1\Obj\usbd_ioreq.o
#        --redirect _Printf=_PrintfFull --redirect _Scanf=_ScanfFull
#        --no_out_extension -o
#        D:\Radio\Jobe\Universal_Driver\Universal_Driver_soft\UniversalDriver_v2.1forStepper\EWARM\UniversalDriver_v2.1\Exe\UniversalDriver_v2.1.out
#        --map
#        D:\Radio\Jobe\Universal_Driver\Universal_Driver_soft\UniversalDriver_v2.1forStepper\EWARM\UniversalDriver_v2.1\List\UniversalDriver_v2.1.map
#        --config
#        D:\Radio\Jobe\Universal_Driver\Universal_Driver_soft\UniversalDriver_v2.1forStepper\EWARM/stm32f303xc_flash.icf
#        --semihosting --entry __iar_program_start --vfe --text_out locale)
#
###############################################################################

*******************************************************************************
*** RUNTIME MODEL ATTRIBUTES
***

CppFlavor                     = *
__CPP_Exceptions              = Disabled
__CPP_Language                = C++14
__Heap_Handler                = Basic
__SystemLibrary               = DLib
__dlib_dynamic_initialization = normal
__dlib_version                = 6


*******************************************************************************
*** HEAP SELECTION
***

The basic heap was selected because no calls to memory allocation
functions were found in the application outside of system library
functions, and there are calls to deallocation functions in the
application.


*******************************************************************************
*** PLACEMENT SUMMARY
***

"A0":  place at address 0x800'0000 { ro section .intvec };
"P1":  place in [from 0x800'0000 to 0x803'ffff] { ro };
define block CSTACK with size = 1K, alignment = 8 { };
define block HEAP with size = 4K, alignment = 8 { };
"P2":  place in [from 0x2000'0000 to 0x2000'9fff] {
          rw, block CSTACK, block HEAP };
initialize by copy { rw };

  Section                Kind         Address    Size  Object
  -------                ----         -------    ----  ------
"A0":                                           0x188
  .intvec                ro code   0x800'0000   0x188  startup_stm32f303xc.o [1]
                                 - 0x800'0188   0x188

"P1":                                          0xb446
  .text                  ro code   0x800'0188   0xe36  stm32f3xx_hal_tim.o [1]
  .text                  ro code   0x800'0fbe    0x3a  zero_init3.o [5]
  .text                  ro code   0x800'0ff8   0x7cc  tim.o [1]
  .text                  ro code   0x800'17c4   0x262  main.o [1]
  .text                  ro code   0x800'1a26     0x2  stm32f3xx_hal_tim.o [1]
  .text                  ro code   0x800'1a28     0x2  stm32f3xx_hal_tim.o [1]
  .text                  ro code   0x800'1a2a     0x2  stm32f3xx_hal_tim_ex.o [1]
  .text                  ro code   0x800'1a2c     0x2  stm32f3xx_hal_tim_ex.o [1]
  .text                  ro code   0x800'1a2e     0x2  stm32f3xx_hal_tim.o [1]
  .text                  ro code   0x800'1a30     0x2  stm32f3xx_hal_tim_ex.o [1]
  .text                  ro code   0x800'1a32    0x14  memset.o [5]
  .rodata                const     0x800'1a46     0x1  unwind_debug.o [6]
  .text                  ro code   0x800'1a48   0x240  stm32f3xx_hal_tim_ex.o [1]
  .text                  ro code   0x800'1c88   0x1e0  stm32f3xx_hal_gpio.o [1]
  .text                  ro code   0x800'1e68    0xe8  stm32f3xx_hal_cortex.o [1]
  .text                  ro code   0x800'1f50   0x4f8  stepper.o [1]
  .text                  ro code   0x800'2448   0x14a  LED.o [1]
  .text                  ro code   0x800'2594    0x24  stm32f3xx_hal.o [1]
  .text                  ro code   0x800'25b8   0x1dc  gpio.o [1]
  .text                  ro code   0x800'2794    0x2c  dma.o [1]
  .text                  ro code   0x800'27c0   0x288  adc.o [1]
  .text                  ro code   0x800'2a48    0xc8  dac.o [1]
  .text                  ro code   0x800'2b10    0xc8  spi.o [1]
  .text                  ro code   0x800'2bd8    0xc4  usart.o [1]
  .text                  ro code   0x800'2c9c   0x1e0  comp.o [1]
  .text                  ro code   0x800'2e7c   0x10c  flash.o [1]
  .text                  ro code   0x800'2f88    0xa6  ABImemcpy.o [5]
  .text                  ro code   0x800'3030    0x28  stm32f3xx_hal.o [1]
  .text                  ro code   0x800'3058   0x480  freertos.o [1]
  .text                  ro code   0x800'34d8    0xd2  cmsis_os.o [1]
  .text                  ro code   0x800'35ac    0x66  ABImemset.o [5]
  .text                  ro code   0x800'3614   0x960  stm32f3xx_hal_rcc.o [1]
  .text                  ro code   0x800'3f74   0x250  stm32f3xx_hal_rcc_ex.o [1]
  .text                  ro code   0x800'41c4    0x18  stm32f3xx_hal.o [1]
  .text                  ro code   0x800'41dc    0x1a  U32ToDbl.o [4]
  .text                  ro code   0x800'41f6    0xd2  motor.o [1]
  .text                  ro code   0x800'42c8    0x3a  DblToS32.o [4]
  .text                  ro code   0x800'4304   0x152  stm32f3xx_hal_dac_ex.o [1]
  .text                  ro code   0x800'4458    0x80  stm32f3xx_hal_timebase_tim.o [1]
  .text                  ro code   0x800'44d8    0x40  stm32f3xx_hal_msp.o [1]
  .text                  ro code   0x800'4518   0x940  stm32f3xx_hal_adc_ex.o [1]
  .text                  ro code   0x800'4e58   0x200  stm32f3xx_hal_dma.o [1]
  .text                  ro code   0x800'5058    0x2c  stm32f3xx_hal_dac.o [1]
  .text                  ro code   0x800'5084   0x104  stm32f3xx_hal_spi.o [1]
  .text                  ro code   0x800'5188    0x92  stm32f3xx_hal_uart_ex.o [1]
  .text                  ro code   0x800'521c    0xcc  stm32f3xx_hal_comp.o [1]
  .text                  ro code   0x800'52e8     0xc  stm32f3xx_hal.o [1]
  .text                  ro code   0x800'52f4    0x58  usb_device.o [1]
  .text                  ro code   0x800'534c   0x200  mb.o [1]
  .text                  ro code   0x800'554c   0x830  tasks.o [1]
  .text                  ro code   0x800'5d7c    0xe2  DblSub.o [4]
  .text                  ro code   0x800'5e60   0x1a2  DblMul.o [4]
  .text                  ro code   0x800'6004   0x246  DblDiv.o [4]
  .text                  ro code   0x800'624c   0x17a  DblAdd.o [4]
  .text                  ro code   0x800'63c6     0x2  stm32f3xx_hal_dac.o [1]
  .text                  ro code   0x800'63c8     0x2  stm32f3xx_hal_dac_ex.o [1]
  .text                  ro code   0x800'63cc   0x8b8  stm32f3xx_hal_uart.o [1]
  .text                  ro code   0x800'6c84   0x33e  usbd_core.o [1]
  .text                  ro code   0x800'6fc4   0x37c  usbd_cdc.o [1]
  .text                  ro code   0x800'7340   0x2c4  mbrtu.o [1]
  .text                  ro code   0x800'7604    0x3c  portevent.o [1]
  .text                  ro code   0x800'7640   0x260  heap_4.o [1]
  .text                  ro code   0x800'78a0    0x98  list.o [1]
  .text                  ro code   0x800'7938   0x258  port.o [1]
  .text                  ro code   0x800'7b90     0x2  stm32f3xx_hal_uart.o [1]
  .text                  ro code   0x800'7b92     0x2  stm32f3xx_hal_uart.o [1]
  .text                  ro code   0x800'7b94     0x2  stm32f3xx_hal_uart.o [1]
  .text                  ro code   0x800'7b98   0x306  usbd_conf.o [1]
  .text                  ro code   0x800'7ea0   0x7b8  usbd_ctlreq.o [1]
  .text                  ro code   0x800'8658    0x9c  usbd_ioreq.o [1]
  .text                  ro code   0x800'86f4    0xf4  portserial.o [1]
  .text                  ro code   0x800'87e8    0x80  porttimer.o [1]
  .text                  ro code   0x800'8868    0x24  ABIassert.o [6]
  .text                  ro code   0x800'888c    0x40  mbcrc.o [1]
  CODE                   ro code   0x800'88cc    0xb0  portasm.o [1]
  .text                  ro code   0x800'897c   0xd74  stm32f3xx_hal_pcd.o [1]
  .text                  ro code   0x800'96f0    0x44  stm32f3xx_hal_pcd_ex.o [1]
  .text                  ro code   0x800'9734     0x6  abort.o [2]
  .text                  ro code   0x800'973a   0xe02  stm32f3xx_ll_usb.o [1]
  .text                  ro code   0x800'a53c    0x14  exit.o [6]
  .text                  ro code   0x800'a550   0x21c  mbfuncholding.o [1]
  .text                  ro code   0x800'a76c    0x22  mbutils.o [1]
  .text                  ro code   0x800'a78e   0x198  mbfunccoils.o [1]
  .text                  ro code   0x800'a928   0x136  usbd_desc.o [1]
  .text                  ro code   0x800'aa60   0x114  stm32f3xx_it.o [1]
  .rodata                const     0x800'ab74   0x100  mbcrc.o [1]
  .rodata                const     0x800'ac74   0x100  mbcrc.o [1]
  .text                  ro code   0x800'ad74    0x9c  mbfuncdisc.o [1]
  .text                  ro code   0x800'ae10    0x98  usbd_cdc_if.o [1]
  .text                  ro code   0x800'aea8    0x70  strncpy.o [5]
  .text                  ro code   0x800'af18    0x86  mbfuncinput.o [1]
  .rodata                const     0x800'afa0    0x80  mbrtu.o [1]
  .text                  ro code   0x800'b020    0x78  lz77_init_single.o [5]
  .rodata                const     0x800'b098    0x64  mbrtu.o [1]
  .rodata                const     0x800'b0fc    0x54  stepper.o [1]
  .text                  ro code   0x800'b150    0x28  data_init.o [5]
  .text                  ro code   0x800'b178    0x24  mbfuncother.o [1]
  .text                  ro code   0x800'b19c    0x22  fpinit_M.o [4]
  .iar.init_table        const     0x800'b1c0    0x24  - Linker created -
  .text                  ro code   0x800'b1e4    0x20  cmain_call_ctors.o [5]
  .text                  ro code   0x800'b204    0x18  cppinit.o [2]
  .text                  ro code   0x800'b21c    0x1e  cmain.o [5]
  .text                  ro code   0x800'b23a     0x4  low_level_init.o [2]
  .text                  ro code   0x800'b23e     0x4  exit.o [2]
  .text                  ro code   0x800'b244     0xa  cexit.o [5]
  .rodata                const     0x800'b250    0x1c  freertos.o [1]
  .rodata                const     0x800'b26c    0x1c  freertos.o [1]
  .rodata                const     0x800'b288    0x1c  mbrtu.o [1]
  .rodata                const     0x800'b2a4    0x1c  mbrtu.o [1]
  .text                  ro code   0x800'b2c0    0x1c  system_stm32f3xx.o [1]
  .rodata                const     0x800'b2dc    0x18  mbrtu.o [1]
  .rodata                const     0x800'b2f4    0x14  usbd_desc.o [1]
  .rodata                const     0x800'b308    0x14  usbd_desc.o [1]
  .rodata                const     0x800'b31c    0x10  stm32f3xx_hal_rcc.o [1]
  .rodata                const     0x800'b32c    0x10  stm32f3xx_hal_rcc.o [1]
  .rodata                const     0x800'b33c    0x10  system_stm32f3xx.o [1]
  .rodata                const     0x800'b34c    0x10  usbd_desc.o [1]
  .text                  ro code   0x800'b35c    0x10  startup_stm32f303xc.o [1]
  .rodata                const     0x800'b36c     0xc  freertos.o [1]
  .rodata                const     0x800'b378     0xc  usbd_desc.o [1]
  .text                  ro code   0x800'b384     0xc  cstartup_M.o [5]
  .rodata                const     0x800'b390     0x8  freertos.o [1]
  .rodata                const     0x800'b398     0x8  system_stm32f3xx.o [1]
  .rodata                const     0x800'b3a0     0x8  tasks.o [1]
  .rodata                const     0x800'b3a8     0x4  heap_4.o [1]
  .rodata                const     0x800'b3ac     0x4  port.o [1]
  .text                  ro code   0x800'b3b0     0x4  startup_stm32f303xc.o [1]
  .text                  ro code   0x800'b3b4     0x4  startup_stm32f303xc.o [1]
  .text                  ro code   0x800'b3b8     0x4  startup_stm32f303xc.o [1]
  .text                  ro code   0x800'b3bc     0x4  startup_stm32f303xc.o [1]
  .text                  ro code   0x800'b3c0     0x4  startup_stm32f303xc.o [1]
  .text                  ro code   0x800'b3c4     0x4  startup_stm32f303xc.o [1]
  .text                  ro code   0x800'b3c8     0x4  startup_stm32f303xc.o [1]
  .text                  ro code   0x800'b3cc     0x4  startup_stm32f303xc.o [1]
  .text                  ro code   0x800'b3d0     0x4  startup_stm32f303xc.o [1]
  .text                  ro code   0x800'b3d4     0x4  startup_stm32f303xc.o [1]
  .text                  ro code   0x800'b3d8     0x4  startup_stm32f303xc.o [1]
  .text                  ro code   0x800'b3dc     0x4  startup_stm32f303xc.o [1]
  .text                  ro code   0x800'b3e0     0x4  startup_stm32f303xc.o [1]
  .text                  ro code   0x800'b3e4     0x4  startup_stm32f303xc.o [1]
  .text                  ro code   0x800'b3e8     0x4  startup_stm32f303xc.o [1]
  .text                  ro code   0x800'b3ec     0x4  startup_stm32f303xc.o [1]
  .text                  ro code   0x800'b3f0     0x4  startup_stm32f303xc.o [1]
  .text                  ro code   0x800'b3f4     0x4  startup_stm32f303xc.o [1]
  .text                  ro code   0x800'b3f8     0x4  startup_stm32f303xc.o [1]
  .text                  ro code   0x800'b3fc     0x4  startup_stm32f303xc.o [1]
  .text                  ro code   0x800'b400     0x4  startup_stm32f303xc.o [1]
  .text                  ro code   0x800'b404     0x4  startup_stm32f303xc.o [1]
  .text                  ro code   0x800'b408     0x4  startup_stm32f303xc.o [1]
  .text                  ro code   0x800'b40c     0x4  startup_stm32f303xc.o [1]
  .text                  ro code   0x800'b410     0x4  startup_stm32f303xc.o [1]
  .text                  ro code   0x800'b414     0x4  startup_stm32f303xc.o [1]
  .text                  ro code   0x800'b418     0x4  startup_stm32f303xc.o [1]
  .text                  ro code   0x800'b41c     0x4  startup_stm32f303xc.o [1]
  .text                  ro code   0x800'b420     0x4  startup_stm32f303xc.o [1]
  .text                  ro code   0x800'b424     0x4  startup_stm32f303xc.o [1]
  .text                  ro code   0x800'b428     0x4  startup_stm32f303xc.o [1]
  .text                  ro code   0x800'b42c     0x4  startup_stm32f303xc.o [1]
  .text                  ro code   0x800'b430     0x4  startup_stm32f303xc.o [1]
  .text                  ro code   0x800'b434     0x4  startup_stm32f303xc.o [1]
  .text                  ro code   0x800'b438     0x4  startup_stm32f303xc.o [1]
  .text                  ro code   0x800'b43c     0x4  startup_stm32f303xc.o [1]
  .text                  ro code   0x800'b440     0x4  startup_stm32f303xc.o [1]
  .text                  ro code   0x800'b444     0x4  startup_stm32f303xc.o [1]
  .text                  ro code   0x800'b448     0x4  startup_stm32f303xc.o [1]
  .text                  ro code   0x800'b44c     0x4  startup_stm32f303xc.o [1]
  .text                  ro code   0x800'b450     0x4  startup_stm32f303xc.o [1]
  .text                  ro code   0x800'b454     0x4  startup_stm32f303xc.o [1]
  .text                  ro code   0x800'b458     0x4  startup_stm32f303xc.o [1]
  .text                  ro code   0x800'b45c     0x4  startup_stm32f303xc.o [1]
  .text                  ro code   0x800'b460     0x4  startup_stm32f303xc.o [1]
  .text                  ro code   0x800'b464     0x4  startup_stm32f303xc.o [1]
  .text                  ro code   0x800'b468     0x4  startup_stm32f303xc.o [1]
  .text                  ro code   0x800'b46c     0x4  startup_stm32f303xc.o [1]
  .text                  ro code   0x800'b470     0x4  startup_stm32f303xc.o [1]
  .text                  ro code   0x800'b474     0x4  startup_stm32f303xc.o [1]
  .text                  ro code   0x800'b478     0x4  startup_stm32f303xc.o [1]
  .text                  ro code   0x800'b47c     0x4  startup_stm32f303xc.o [1]
  .text                  ro code   0x800'b480     0x4  startup_stm32f303xc.o [1]
  .text                  ro code   0x800'b484     0x4  startup_stm32f303xc.o [1]
  .text                  ro code   0x800'b488     0x4  startup_stm32f303xc.o [1]
  .text                  ro code   0x800'b48c     0x4  startup_stm32f303xc.o [1]
  .text                  ro code   0x800'b490     0x4  startup_stm32f303xc.o [1]
  .text                  ro code   0x800'b494     0x4  startup_stm32f303xc.o [1]
  SHT$$PREINIT_ARRAY               0x800'b498     0x0  <Block>
  SHT$$INIT_ARRAY                  0x800'b498     0x4  <Block>
    .init_array          const     0x800'b498     0x4  main.o [1]
  __iar_tls$$INIT_ARRAY            0x800'b49c     0x0  <Block>
  .rodata                const     0x800'b49c     0x0  zero_init3.o [5]
  .rodata                const     0x800'b49c     0x0  lz77_init_single.o [5]
  Initializer bytes      const     0x800'b49c   0x132  <for P2-1>
                                 - 0x800'b5ce  0xb446

"P2", part 1 of 3:                              0x21e
  P2-1                            0x2000'0000   0x21e  <Init block>
    .data                inited   0x2000'0000     0x4  freertos.o [1]
    .data                inited   0x2000'0004    0x18  main.o [1]
    .data                inited   0x2000'001c    0x80  mb.o [1]
    .data                inited   0x2000'009c     0x4  port.o [1]
    .data                inited   0x2000'00a0     0x4  portserial.o [1]
    .data                inited   0x2000'00a4     0x4  stm32f3xx_hal.o [1]
    .data                inited   0x2000'00a8     0x4  system_stm32f3xx.o [1]
    .data                inited   0x2000'00ac     0xc  usbd_cdc.o [1]
    .data                inited   0x2000'00b8    0x38  usbd_cdc.o [1]
    .data                inited   0x2000'00f0    0x44  usbd_cdc.o [1]
    .data                inited   0x2000'0134    0x44  usbd_cdc.o [1]
    .data                inited   0x2000'0178    0x44  usbd_cdc.o [1]
    .data                inited   0x2000'01bc    0x10  usbd_cdc_if.o [1]
    .data                inited   0x2000'01cc    0x1c  usbd_desc.o [1]
    .data                inited   0x2000'01e8    0x14  usbd_desc.o [1]
    .data                inited   0x2000'01fc     0x4  usbd_desc.o [1]
    .data                inited   0x2000'0200    0x1c  usbd_desc.o [1]
    .data                inited   0x2000'021c     0x1  mb.o [1]
    .data                inited   0x2000'021d     0x1  stm32f3xx_hal.o [1]
                                - 0x2000'021e   0x21e

"P2", part 2 of 3:                             0x6cf8
  .bss                   zero     0x2000'0220  0x5000  heap_4.o [1]
  .bss                   zero     0x2000'5220   0x3e8  usbd_cdc_if.o [1]
  .bss                   zero     0x2000'5608   0x3e8  usbd_cdc_if.o [1]
  .bss                   zero     0x2000'59f0   0x2ec  usbd_conf.o [1]
  .bss                   zero     0x2000'5cdc   0x2c4  usb_device.o [1]
  .bss                   zero     0x2000'5fa0   0x220  usbd_conf.o [1]
  .bss                   zero     0x2000'61c0   0x200  freertos.o [1]
  .bss                   zero     0x2000'63c0   0x200  usbd_desc.o [1]
  .bss                   zero     0x2000'65c0   0x100  mbrtu.o [1]
  .bss                   zero     0x2000'66c0    0x8c  tasks.o [1]
  .bss                   zero     0x2000'674c    0x84  usart.o [1]
  .bss                   zero     0x2000'67d0    0x7c  main.o [1]
  .bss                   zero     0x2000'684c    0x64  spi.o [1]
  .bss                   zero     0x2000'68b0    0x54  freertos.o [1]
  .bss                   zero     0x2000'6904    0x50  adc.o [1]
  .bss                   zero     0x2000'6954    0x50  adc.o [1]
  .bss                   zero     0x2000'69a4    0x4c  stm32f3xx_hal_timebase_tim.o [1]
  .bss                   zero     0x2000'69f0    0x4c  tim.o [1]
  .bss                   zero     0x2000'6a3c    0x4c  tim.o [1]
  .bss                   zero     0x2000'6a88    0x4c  tim.o [1]
  .bss                   zero     0x2000'6ad4    0x4c  tim.o [1]
  .bss                   zero     0x2000'6b20    0x4c  tim.o [1]
  .bss                   zero     0x2000'6b6c    0x4c  tim.o [1]
  .bss                   zero     0x2000'6bb8    0x4c  tim.o [1]
  .bss                   zero     0x2000'6c04    0x4c  tim.o [1]
  .bss                   zero     0x2000'6c50    0x44  adc.o [1]
  .bss                   zero     0x2000'6c94    0x30  comp.o [1]
  .bss                   zero     0x2000'6cc4    0x30  comp.o [1]
  .bss                   zero     0x2000'6cf4    0x30  comp.o [1]
  .bss                   zero     0x2000'6d24    0x30  main.o [1]
  .bss                   zero     0x2000'6d54    0x30  main.o [1]
  .bss                   zero     0x2000'6d84    0x30  main.o [1]
  .bss                   zero     0x2000'6db4    0x20  mbfuncother.o [1]
  .bss                   zero     0x2000'6dd4    0x18  main.o [1]
  .bss                   zero     0x2000'6dec    0x14  dac.o [1]
  .bss                   zero     0x2000'6e00    0x14  tasks.o [1]
  .bss                   zero     0x2000'6e14    0x14  tasks.o [1]
  .bss                   zero     0x2000'6e28    0x14  tasks.o [1]
  .bss                   zero     0x2000'6e3c    0x14  tasks.o [1]
  .bss                   zero     0x2000'6e50    0x14  tasks.o [1]
  .bss                   zero     0x2000'6e64     0x8  heap_4.o [1]
  .bss                   zero     0x2000'6e6c     0x4  adc.o [1]
  .bss                   zero     0x2000'6e70     0x4  freertos.o [1]
  .bss                   zero     0x2000'6e74     0x4  freertos.o [1]
  .bss                   zero     0x2000'6e78     0x4  freertos.o [1]
  .bss                   zero     0x2000'6e7c     0x4  freertos.o [1]
  .bss                   zero     0x2000'6e80     0x4  heap_4.o [1]
  .bss                   zero     0x2000'6e84     0x4  heap_4.o [1]
  .bss                   zero     0x2000'6e88     0x4  heap_4.o [1]
  .bss                   zero     0x2000'6e8c     0x4  heap_4.o [1]
  .bss                   zero     0x2000'6e90     0x4  main.o [1]
  .bss                   zero     0x2000'6e94     0x4  mb.o [1]
  .bss                   zero     0x2000'6e98     0x4  mb.o [1]
  .bss                   zero     0x2000'6e9c     0x4  mb.o [1]
  .bss                   zero     0x2000'6ea0     0x4  mb.o [1]
  .bss                   zero     0x2000'6ea4     0x4  mb.o [1]
  .bss                   zero     0x2000'6ea8     0x4  mb.o [1]
  .bss                   zero     0x2000'6eac     0x4  mb.o [1]
  .bss                   zero     0x2000'6eb0     0x4  mb.o [1]
  .bss                   zero     0x2000'6eb4     0x4  mb.o [1]
  .bss                   zero     0x2000'6eb8     0x4  mbrtu.o [1]
  .bss                   zero     0x2000'6ebc     0x4  port.o [1]
  .bss                   zero     0x2000'6ec0     0x4  stm32f3xx_hal.o [1]
  .bss                   zero     0x2000'6ec4     0x4  tasks.o [1]
  .bss                   zero     0x2000'6ec8     0x4  tasks.o [1]
  .bss                   zero     0x2000'6ecc     0x4  tasks.o [1]
  .bss                   zero     0x2000'6ed0     0x4  tasks.o [1]
  .bss                   zero     0x2000'6ed4     0x4  tasks.o [1]
  .bss                   zero     0x2000'6ed8     0x4  tasks.o [1]
  .bss                   zero     0x2000'6edc     0x4  tasks.o [1]
  .bss                   zero     0x2000'6ee0     0x4  tasks.o [1]
  .bss                   zero     0x2000'6ee4     0x4  tasks.o [1]
  .bss                   zero     0x2000'6ee8     0x4  tasks.o [1]
  .bss                   zero     0x2000'6eec     0x4  tasks.o [1]
  .bss                   zero     0x2000'6ef0     0x4  tasks.o [1]
  .bss                   zero     0x2000'6ef4     0x4  tasks.o [1]
  .bss                   zero     0x2000'6ef8     0x4  tasks.o [1]
  .bss                   zero     0x2000'6efc     0x4  tasks.o [1]
  .bss                   zero     0x2000'6f00     0x2  mb.o [1]
  .bss                   zero     0x2000'6f02     0x2  mbfuncother.o [1]
  .bss                   zero     0x2000'6f04     0x2  mbrtu.o [1]
  .bss                   zero     0x2000'6f06     0x2  mbrtu.o [1]
  .bss                   zero     0x2000'6f08     0x2  porttimer.o [1]
  .bss                   zero     0x2000'6f0a     0x2  porttimer.o [1]
  .bss                   zero     0x2000'6f0c     0x1  main.o [1]
  .bss                   zero     0x2000'6f0d     0x1  mb.o [1]
  .bss                   zero     0x2000'6f0e     0x1  mb.o [1]
  .bss                   zero     0x2000'6f0f     0x1  mb.o [1]
  .bss                   zero     0x2000'6f10     0x1  mb.o [1]
  .bss                   zero     0x2000'6f11     0x1  mb.o [1]
  .bss                   zero     0x2000'6f12     0x1  mbrtu.o [1]
  .bss                   zero     0x2000'6f13     0x1  mbrtu.o [1]
  .bss                   zero     0x2000'6f14     0x1  port.o [1]
  .bss                   zero     0x2000'6f15     0x1  portevent.o [1]
  .bss                   zero     0x2000'6f16     0x1  portevent.o [1]
  .bss                   zero     0x2000'6f17     0x1  usbd_ctlreq.o [1]
                                - 0x2000'6f18  0x6cf8

"P2", part 3 of 3:                              0x400
  CSTACK                          0x2000'6f18   0x400  <Block>
    CSTACK               uninit   0x2000'6f18   0x400  <Block tail>
                                - 0x2000'7318   0x400

Unused ranges:

         From           To      Size
         ----           --      ----
   0x800'b5ce   0x803'ffff  0x3'4a32
  0x2000'021e  0x2000'021f       0x2
  0x2000'7318  0x2000'9fff    0x2ce8


*******************************************************************************
*** INIT TABLE
***

          Address      Size
          -------      ----
Zero (__iar_zero_init3)
    1 destination range, total size 0x6cf8:
          0x2000'0220  0x6cf8

Copy/lz77 (__iar_lz77_init_single3)
    1 source range, total size 0x132 (56% of destination):
           0x800'b49c   0x132
    1 destination range, total size 0x21e:
          0x2000'0000   0x21e

Extra (__iar_cstart_call_ctors)



*******************************************************************************
*** MODULE SUMMARY
***

    Module                        ro code  ro data  rw data
    ------                        -------  -------  -------
command line/config:
    -------------------------------------------------------
    Total:

D:\Radio\Jobe\Universal_Driver\Universal_Driver_soft\UniversalDriver_v2.1forStepper\EWARM\UniversalDriver_v2.1\Obj: [1]
    LED.o                             330
    adc.o                             648               232
    cmsis_os.o                        210
    comp.o                            480               144
    dac.o                             200                20
    dma.o                              44
    flash.o                           268
    freertos.o                      1'152       78      616
    gpio.o                            476
    heap_4.o                          608        4   20'504
    list.o                            152
    main.o                            610       17      321
    mb.o                              512       74      172
    mbcrc.o                            64      512
    mbfunccoils.o                     408
    mbfuncdisc.o                      156
    mbfuncholding.o                   540
    mbfuncinput.o                     134
    mbfuncother.o                      36                34
    mbrtu.o                           708      308      266
    mbutils.o                          34
    motor.o                           210
    port.o                            600        6        9
    portasm.o                         176
    portevent.o                        60                 2
    portserial.o                      244        2        4
    porttimer.o                       128                 4
    spi.o                             200               100
    startup_stm32f303xc.o             640
    stepper.o                       1'272       84
    stm32f3xx_hal.o                   112        3        9
    stm32f3xx_hal_adc_ex.o          2'368
    stm32f3xx_hal_comp.o              204
    stm32f3xx_hal_cortex.o            232
    stm32f3xx_hal_dac.o                46
    stm32f3xx_hal_dac_ex.o            340
    stm32f3xx_hal_dma.o               512
    stm32f3xx_hal_gpio.o              480
    stm32f3xx_hal_msp.o                64
    stm32f3xx_hal_pcd.o             3'444
    stm32f3xx_hal_pcd_ex.o             68
    stm32f3xx_hal_rcc.o             2'400       32
    stm32f3xx_hal_rcc_ex.o            592
    stm32f3xx_hal_spi.o               260
    stm32f3xx_hal_tim.o             3'644
    stm32f3xx_hal_tim_ex.o            582
    stm32f3xx_hal_timebase_tim.o      128                76
    stm32f3xx_hal_uart.o            2'238
    stm32f3xx_hal_uart_ex.o           146
    stm32f3xx_it.o                    276
    stm32f3xx_ll_usb.o              3'586
    system_stm32f3xx.o                 28       27        4
    tasks.o                         2'096        8      300
    tim.o                           1'996               608
    usart.o                           196               132
    usb_device.o                       88               708
    usbd_cdc.o                        892      153      272
    usbd_cdc_if.o                     152        9    2'016
    usbd_conf.o                       774             1'292
    usbd_core.o                       830
    usbd_ctlreq.o                   1'976                 1
    usbd_desc.o                       310      113      592
    usbd_ioreq.o                      156
    -------------------------------------------------------
    Total:                         42'516    1'430   28'438

dl7M_tlf.a: [2]
    abort.o                             6
    cppinit.o                          24
    exit.o                              4
    low_level_init.o                    4
    -------------------------------------------------------
    Total:                             38

dlpp7M_tl_fc.a: [3]
    -------------------------------------------------------
    Total:

m7M_tls.a: [4]
    DblAdd.o                          378
    DblDiv.o                          582
    DblMul.o                          418
    DblSub.o                          226
    DblToS32.o                         58
    U32ToDbl.o                         26
    fpinit_M.o                         34
    -------------------------------------------------------
    Total:                          1'722

rt7M_tl.a: [5]
    ABImemcpy.o                       166
    ABImemset.o                       102
    cexit.o                            10
    cmain.o                            30
    cmain_call_ctors.o                 32
    cstartup_M.o                       12
    data_init.o                        40
    lz77_init_single.o                120
    memset.o                           20
    strncpy.o                         112
    zero_init3.o                       58
    -------------------------------------------------------
    Total:                            702

shb_l.a: [6]
    ABIassert.o                        36
    exit.o                             20
    unwind_debug.o                               1
    -------------------------------------------------------
    Total:                             56        1

    Gaps                               35        6
    Linker created                              36    1'024
-----------------------------------------------------------
    Grand Total:                   45'069    1'473   29'462


*******************************************************************************
*** ENTRY LIST
***

Entry                       Address    Size  Type      Object
-----                       -------    ----  ----      ------
.iar.init_table$$Base    0x800'b1c0           --   Gb  - Linker created -
.iar.init_table$$Limit   0x800'b1e4           --   Gb  - Linker created -
?main                    0x800'b21d          Code  Gb  cmain.o [5]
ADC_Disable              0x800'4dbd    0x84  Code  Lc  stm32f3xx_hal_adc_ex.o [1]
AHBPrescTable            0x800'b33c    0x10  Data  Gb  system_stm32f3xx.o [1]
APBPrescTable            0x800'b398     0x8  Data  Gb  system_stm32f3xx.o [1]
BusFault_Handler         0x800'aa67     0x2  Code  Gb  stm32f3xx_it.o [1]
CDC_Control_FS           0x800'ae2f    0x3e  Code  Lc  usbd_cdc_if.o [1]
CDC_DeInit_FS            0x800'ae2b     0x4  Code  Lc  usbd_cdc_if.o [1]
CDC_Init_FS              0x800'ae11    0x1a  Code  Lc  usbd_cdc_if.o [1]
CDC_Receive_FS           0x800'ae6d    0x2c  Code  Lc  usbd_cdc_if.o [1]
CSTACK$$Base            0x2000'6f18           --   Gb  - Linker created -
CSTACK$$Limit           0x2000'7318           --   Gb  - Linker created -
DMA1_Channel1_IRQHandler
                         0x800'aa6d     0xa  Code  Gb  stm32f3xx_it.o [1]
DMA_CalcBaseAndBitshift
                         0x800'500f    0x34  Code  Lc  stm32f3xx_hal_dma.o [1]
DebugMon_Handler         0x800'aa6b     0x2  Code  Gb  stm32f3xx_it.o [1]
Error_Handler            0x800'1a25     0x2  Code  Gb  main.o [1]
FLASH_WriteSettings      0x800'2e7d    0x40  Code  Gb  flash.o [1]
FS_Desc                 0x2000'01cc    0x1c  Data  Gb  usbd_desc.o [1]
Flash_ReadParams         0x800'2ebd    0x26  Code  Gb  flash.o [1]
Get_SerialNum            0x800'a9b9    0x2c  Code  Lc  usbd_desc.o [1]
HAL_ADCEx_MultiModeConfigChannel
                         0x800'4c49   0x166  Code  Gb  stm32f3xx_hal_adc_ex.o [1]
HAL_ADC_ConfigChannel    0x800'480d   0x42e  Code  Gb  stm32f3xx_hal_adc_ex.o [1]
HAL_ADC_Init             0x800'4519   0x2d0  Code  Gb  stm32f3xx_hal_adc_ex.o [1]
HAL_ADC_MspInit          0x800'2935    0xf2  Code  Gb  adc.o [1]
HAL_COMP_Init            0x800'521d    0xc8  Code  Gb  stm32f3xx_hal_comp.o [1]
HAL_COMP_MspInit         0x800'2d4b   0x112  Code  Gb  comp.o [1]
HAL_DAC_ConfigChannel    0x800'4405    0x52  Code  Gb  stm32f3xx_hal_dac_ex.o [1]
HAL_DAC_DMAUnderrunCallbackCh1
                         0x800'63c7     0x2  Code  Wk  stm32f3xx_hal_dac.o [1]
HAL_DAC_IRQHandler       0x800'4393    0x72  Code  Gb  stm32f3xx_hal_dac_ex.o [1]
HAL_DAC_Init             0x800'5059    0x2c  Code  Gb  stm32f3xx_hal_dac.o [1]
HAL_DAC_MspInit          0x800'2a97    0x6a  Code  Gb  dac.o [1]
HAL_DAC_SetValue         0x800'4305    0x2a  Code  Gb  stm32f3xx_hal_dac_ex.o [1]
HAL_DAC_Start            0x800'432f    0x64  Code  Gb  stm32f3xx_hal_dac_ex.o [1]
HAL_DMA_Abort            0x800'4eaf    0x48  Code  Gb  stm32f3xx_hal_dma.o [1]
HAL_DMA_Abort_IT         0x800'4ef7    0x52  Code  Gb  stm32f3xx_hal_dma.o [1]
HAL_DMA_IRQHandler       0x800'4f49    0xc6  Code  Gb  stm32f3xx_hal_dma.o [1]
HAL_DMA_Init             0x800'4e59    0x56  Code  Gb  stm32f3xx_hal_dma.o [1]
HAL_Delay                0x800'3031    0x28  Code  Wk  stm32f3xx_hal.o [1]
HAL_GPIO_Init            0x800'1c89   0x1a6  Code  Gb  stm32f3xx_hal_gpio.o [1]
HAL_GPIO_WritePin        0x800'1e2f    0x12  Code  Gb  stm32f3xx_hal_gpio.o [1]
HAL_GetTick              0x800'52e9     0xc  Code  Wk  stm32f3xx_hal.o [1]
HAL_IncTick              0x800'41c5    0x18  Code  Wk  stm32f3xx_hal.o [1]
HAL_Init                 0x800'2595    0x20  Code  Gb  stm32f3xx_hal.o [1]
HAL_InitTick             0x800'4459    0x70  Code  Gb  stm32f3xx_hal_timebase_tim.o [1]
HAL_MspInit              0x800'44d9    0x40  Code  Gb  stm32f3xx_hal_msp.o [1]
HAL_NVIC_EnableIRQ       0x800'1f33     0xa  Code  Gb  stm32f3xx_hal_cortex.o [1]
HAL_NVIC_SetPriority     0x800'1f11    0x22  Code  Gb  stm32f3xx_hal_cortex.o [1]
HAL_NVIC_SetPriorityGrouping
                         0x800'1f09     0x8  Code  Gb  stm32f3xx_hal_cortex.o [1]
HAL_PCDEx_PMAConfig      0x800'96f1    0x44  Code  Gb  stm32f3xx_hal_pcd_ex.o [1]
HAL_PCDEx_SetConnectionState
                         0x800'7e73     0x2  Code  Gb  usbd_conf.o [1]
HAL_PCD_DataInStageCallback
                         0x800'7c3d    0x1c  Code  Gb  usbd_conf.o [1]
HAL_PCD_DataOutStageCallback
                         0x800'7c1f    0x1e  Code  Gb  usbd_conf.o [1]
HAL_PCD_EP_Close         0x800'8cc9    0x66  Code  Gb  stm32f3xx_hal_pcd.o [1]
HAL_PCD_EP_ClrStall      0x800'8e47    0x7c  Code  Gb  stm32f3xx_hal_pcd.o [1]
HAL_PCD_EP_DB_Receive    0x800'92af   0x142  Code  Lc  stm32f3xx_hal_pcd.o [1]
HAL_PCD_EP_DB_Transmit   0x800'93f1   0x300  Code  Lc  stm32f3xx_hal_pcd.o [1]
HAL_PCD_EP_GetRxCount    0x800'8d71    0x12  Code  Gb  stm32f3xx_hal_pcd.o [1]
HAL_PCD_EP_Open          0x800'8c43    0x86  Code  Gb  stm32f3xx_hal_pcd.o [1]
HAL_PCD_EP_Receive       0x800'8d2f    0x42  Code  Gb  stm32f3xx_hal_pcd.o [1]
HAL_PCD_EP_SetStall      0x800'8dcf    0x78  Code  Gb  stm32f3xx_hal_pcd.o [1]
HAL_PCD_EP_Transmit      0x800'8d83    0x4c  Code  Gb  stm32f3xx_hal_pcd.o [1]
HAL_PCD_IRQHandler       0x800'8ad9   0x13e  Code  Gb  stm32f3xx_hal_pcd.o [1]
HAL_PCD_Init             0x800'897d   0x128  Code  Gb  stm32f3xx_hal_pcd.o [1]
HAL_PCD_MspInit          0x800'7b99    0x76  Code  Gb  usbd_conf.o [1]
HAL_PCD_ResetCallback    0x800'7c65    0x26  Code  Gb  usbd_conf.o [1]
HAL_PCD_ResumeCallback   0x800'7ca9     0xc  Code  Gb  usbd_conf.o [1]
HAL_PCD_SOFCallback      0x800'7c59     0xc  Code  Gb  usbd_conf.o [1]
HAL_PCD_SetAddress       0x800'8c17    0x2c  Code  Gb  stm32f3xx_hal_pcd.o [1]
HAL_PCD_SetupStageCallback
                         0x800'7c0f    0x10  Code  Gb  usbd_conf.o [1]
HAL_PCD_Start            0x800'8aa5    0x34  Code  Gb  stm32f3xx_hal_pcd.o [1]
HAL_PCD_SuspendCallback
                         0x800'7c8b    0x1e  Code  Gb  usbd_conf.o [1]
HAL_RCCEx_PeriphCLKConfig
                         0x800'3f75   0x230  Code  Gb  stm32f3xx_hal_rcc_ex.o [1]
HAL_RCC_ADC12_CLK_ENABLED
                        0x2000'6e6c     0x4  Data  Lc  adc.o [1]
HAL_RCC_ClockConfig      0x800'3c89   0x1bc  Code  Gb  stm32f3xx_hal_rcc.o [1]
HAL_RCC_GetClockConfig   0x800'3ef3    0x34  Code  Gb  stm32f3xx_hal_rcc.o [1]
HAL_RCC_GetHCLKFreq      0x800'3ead     0x6  Code  Gb  stm32f3xx_hal_rcc.o [1]
HAL_RCC_GetPCLK1Freq     0x800'3eb3    0x20  Code  Gb  stm32f3xx_hal_rcc.o [1]
HAL_RCC_GetPCLK2Freq     0x800'3ed3    0x20  Code  Gb  stm32f3xx_hal_rcc.o [1]
HAL_RCC_GetSysClockFreq
                         0x800'3e45    0x68  Code  Gb  stm32f3xx_hal_rcc.o [1]
HAL_RCC_OscConfig        0x800'3615   0x674  Code  Gb  stm32f3xx_hal_rcc.o [1]
HAL_RS485Ex_Init         0x800'5189    0x90  Code  Gb  stm32f3xx_hal_uart_ex.o [1]
HAL_SPI_Init             0x800'5085   0x104  Code  Gb  stm32f3xx_hal_spi.o [1]
HAL_SPI_MspInit          0x800'2b61    0x62  Code  Gb  spi.o [1]
HAL_TIMEx_Break2Callback
                         0x800'1a2d     0x2  Code  Wk  stm32f3xx_hal_tim_ex.o [1]
HAL_TIMEx_BreakCallback
                         0x800'1a2b     0x2  Code  Wk  stm32f3xx_hal_tim_ex.o [1]
HAL_TIMEx_CommutCallback
                         0x800'1a31     0x2  Code  Wk  stm32f3xx_hal_tim_ex.o [1]
HAL_TIMEx_ConfigBreakDeadTime
                         0x800'1be3    0x92  Code  Gb  stm32f3xx_hal_tim_ex.o [1]
HAL_TIMEx_HallSensor_Init
                         0x800'1a49   0x102  Code  Gb  stm32f3xx_hal_tim_ex.o [1]
HAL_TIMEx_HallSensor_MspInit
                         0x800'149d    0x76  Code  Gb  tim.o [1]
HAL_TIMEx_MasterConfigSynchronization
                         0x800'1b51    0x92  Code  Gb  stm32f3xx_hal_tim_ex.o [1]
HAL_TIM_Base_Init        0x800'0189    0x7a  Code  Gb  stm32f3xx_hal_tim.o [1]
HAL_TIM_Base_MspInit     0x800'1579    0xec  Code  Gb  tim.o [1]
HAL_TIM_Base_Start_IT    0x800'0203    0x8a  Code  Gb  stm32f3xx_hal_tim.o [1]
HAL_TIM_Base_Stop_IT     0x800'028d    0x3a  Code  Gb  stm32f3xx_hal_tim.o [1]
HAL_TIM_Encoder_Init     0x800'0611    0xce  Code  Gb  stm32f3xx_hal_tim.o [1]
HAL_TIM_Encoder_MspInit
                         0x800'1513    0x66  Code  Gb  tim.o [1]
HAL_TIM_IC_CaptureCallback
                         0x800'1983    0x18  Code  Gb  main.o [1]
HAL_TIM_IRQHandler       0x800'06f1   0x194  Code  Gb  stm32f3xx_hal_tim.o [1]
HAL_TIM_MspPostInit      0x800'16e3    0x8a  Code  Gb  tim.o [1]
HAL_TIM_OC_ConfigChannel
                         0x800'0885    0x6a  Code  Gb  stm32f3xx_hal_tim.o [1]
HAL_TIM_OC_Init          0x800'02c7    0x7a  Code  Gb  stm32f3xx_hal_tim.o [1]
HAL_TIM_OC_MspInit       0x800'1425    0x78  Code  Gb  tim.o [1]
HAL_TIM_OC_Start         0x800'0341   0x14a  Code  Gb  stm32f3xx_hal_tim.o [1]
HAL_TIM_OC_Stop          0x800'048b    0xe8  Code  Gb  stm32f3xx_hal_tim.o [1]
HAL_TIM_PWM_ConfigChannel
                         0x800'08ef   0x156  Code  Gb  stm32f3xx_hal_tim.o [1]
HAL_TIM_PWM_Init         0x800'0591    0x7a  Code  Gb  stm32f3xx_hal_tim.o [1]
HAL_TIM_PWM_MspInit      0x800'1665    0x7e  Code  Gb  tim.o [1]
HAL_TIM_PeriodElapsedCallback
                         0x800'199b    0x3e  Code  Gb  main.o [1]
HAL_TIM_SlaveConfigSynchro
                         0x800'0a45    0x5e  Code  Gb  stm32f3xx_hal_tim.o [1]
HAL_UARTEx_WakeupCallback
                         0x800'5219     0x2  Code  Wk  stm32f3xx_hal_uart_ex.o [1]
HAL_UART_IRQHandler      0x800'6517   0x294  Code  Gb  stm32f3xx_hal_uart.o [1]
HAL_UART_Init            0x800'63cd    0x7a  Code  Gb  stm32f3xx_hal_uart.o [1]
HAL_UART_MspInit         0x800'2c1b    0x72  Code  Gb  usart.o [1]
HAL_UART_Transmit        0x800'6447    0xd0  Code  Gb  stm32f3xx_hal_uart.o [1]
HardFault_Handler        0x800'aa63     0x2  Code  Gb  stm32f3xx_it.o [1]
IntToUnicode             0x800'aa11    0x4e  Code  Lc  usbd_desc.o [1]
LED_OSstart             0x2000'6d84    0x30  Data  Gb  main.o [1]
LED_error               0x2000'6d54    0x30  Data  Gb  main.o [1]
LED_rs485               0x2000'6d24    0x30  Data  Gb  main.o [1]
MX_ADC1_Init             0x800'27c1    0xee  Code  Gb  adc.o [1]
MX_ADC2_Init             0x800'28af    0x86  Code  Gb  adc.o [1]
MX_COMP3_Init            0x800'2c9d    0x3a  Code  Gb  comp.o [1]
MX_COMP6_Init            0x800'2cd7    0x3a  Code  Gb  comp.o [1]
MX_COMP7_Init            0x800'2d11    0x3a  Code  Gb  comp.o [1]
MX_DAC_Init              0x800'2a49    0x4e  Code  Gb  dac.o [1]
MX_DMA_Init              0x800'2795    0x2c  Code  Gb  dma.o [1]
MX_FREERTOS_Init()       0x800'306b    0x3c  Code  Gb  freertos.o [1]
MX_GPIO_Init             0x800'25b9   0x1dc  Code  Gb  gpio.o [1]
MX_SPI2_Init             0x800'2b11    0x50  Code  Gb  spi.o [1]
MX_TIM16_Init            0x800'13c1    0x32  Code  Gb  tim.o [1]
MX_TIM17_Init            0x800'13f3    0x32  Code  Gb  tim.o [1]
MX_TIM1_Init             0x800'0ff9    0xe8  Code  Gb  tim.o [1]
MX_TIM2_Init             0x800'10e1    0x76  Code  Gb  tim.o [1]
MX_TIM3_Init             0x800'1157    0x86  Code  Gb  tim.o [1]
MX_TIM4_Init             0x800'11dd    0x78  Code  Gb  tim.o [1]
MX_TIM6_Init             0x800'1255    0x4e  Code  Gb  tim.o [1]
MX_TIM8_Init             0x800'12a3   0x11e  Code  Gb  tim.o [1]
MX_USART2_UART_Init      0x800'2bd9    0x42  Code  Gb  usart.o [1]
MX_USB_DEVICE_Init       0x800'52f5    0x58  Code  Gb  usb_device.o [1]
MainTask(void const *)   0x800'30a7   0x170  Code  Gb  freertos.o [1]
MemManage_Handler        0x800'aa65     0x2  Code  Gb  stm32f3xx_it.o [1]
ModBus(void const *)     0x800'3217    0x2e  Code  Gb  freertos.o [1]
NMI_Handler              0x800'aa61     0x2  Code  Gb  stm32f3xx_it.o [1]
NVIC_EncodePriority      0x800'1ecd    0x3c  Code  Lc  stm32f3xx_hal_cortex.o [1]
PCD_EP_ISR_Handler       0x800'8ec3   0x3ec  Code  Lc  stm32f3xx_hal_pcd.o [1]
PendSV_Handler           0x800'88cd          Code  Gb  portasm.o [1]
Region$$Table$$Base      0x800'b1c0           --   Gb  - Linker created -
Region$$Table$$Limit     0x800'b1e4           --   Gb  - Linker created -
SHT$$INIT_ARRAY$$Base    0x800'b498           --   Gb  - Linker created -
SHT$$INIT_ARRAY$$Limit   0x800'b49c           --   Gb  - Linker created -
SHT$$PREINIT_ARRAY$$Base
                         0x800'b498           --   Gb  - Linker created -
SHT$$PREINIT_ARRAY$$Limit
                         0x800'b498           --   Gb  - Linker created -
SVC_Handler              0x800'8925          Code  Gb  portasm.o [1]
Start                   0x2000'6e70     0x4  Data  Gb  freertos.o [1]
SysTick_Handler          0x800'7ab9    0x28  Code  Gb  port.o [1]
SystemClock_Config()     0x800'18dd    0xa6  Code  Gb  main.o [1]
SystemCoreClock         0x2000'00a8     0x4  Data  Gb  system_stm32f3xx.o [1]
SystemInit               0x800'b2c1    0x14  Code  Gb  system_stm32f3xx.o [1]
TIM1_TRG_COM_TIM17_IRQHandler
                         0x800'aa81    0x3e  Code  Gb  stm32f3xx_it.o [1]
TIM2_IRQHandler          0x800'aabf     0xa  Code  Gb  stm32f3xx_it.o [1]
TIM4_IRQHandler          0x800'aac9     0xa  Code  Gb  stm32f3xx_it.o [1]
TIM6_DAC_IRQHandler      0x800'ab23    0x10  Code  Gb  stm32f3xx_it.o [1]
TIM7_IRQHandler          0x800'ab33     0xa  Code  Gb  stm32f3xx_it.o [1]
TIM_Base_SetConfig       0x800'0aa3    0xb6  Code  Gb  stm32f3xx_hal_tim.o [1]
TIM_CCxChannelCmd        0x800'0f99    0x26  Code  Gb  stm32f3xx_hal_tim.o [1]
TIM_ETR_SetConfig        0x800'0f83    0x16  Code  Gb  stm32f3xx_hal_tim.o [1]
TIM_OC1_SetConfig        0x800'0b59    0x9c  Code  Lc  stm32f3xx_hal_tim.o [1]
TIM_OC2_SetConfig        0x800'0bf5    0x88  Code  Gb  stm32f3xx_hal_tim.o [1]
TIM_OC3_SetConfig        0x800'0c7d    0x7e  Code  Lc  stm32f3xx_hal_tim.o [1]
TIM_OC4_SetConfig        0x800'0cfd    0x5e  Code  Lc  stm32f3xx_hal_tim.o [1]
TIM_OC5_SetConfig        0x800'0d5b    0x58  Code  Lc  stm32f3xx_hal_tim.o [1]
TIM_OC6_SetConfig        0x800'0db3    0x5a  Code  Lc  stm32f3xx_hal_tim.o [1]
TIM_SlaveTimer_SetConfig
                         0x800'0e0d    0x9a  Code  Lc  stm32f3xx_hal_tim.o [1]
TIM_TI1_ConfigInputStage
                         0x800'0f39    0x24  Code  Lc  stm32f3xx_hal_tim.o [1]
TIM_TI1_SetConfig        0x800'0ea7    0x6a  Code  Gb  stm32f3xx_hal_tim.o [1]
TIM_TI2_ConfigInputStage
                         0x800'0f5d    0x26  Code  Lc  stm32f3xx_hal_tim.o [1]
UART_AdvFeatureConfig    0x800'6a1d    0xda  Code  Gb  stm32f3xx_hal_uart.o [1]
UART_CheckIdleState      0x800'6af7    0x6e  Code  Gb  stm32f3xx_hal_uart.o [1]
UART_DMAAbortOnError     0x800'6c51    0x16  Code  Lc  stm32f3xx_hal_uart.o [1]
UART_EndRxTransfer       0x800'6c17    0x38  Code  Lc  stm32f3xx_hal_uart.o [1]
UART_EndTransmit_IT      0x800'6c67    0x1c  Code  Lc  stm32f3xx_hal_uart.o [1]
UART_SetConfig           0x800'67ab   0x24c  Code  Gb  stm32f3xx_hal_uart.o [1]
UART_WaitOnFlagUntilTimeout
                         0x800'6b65    0xb2  Code  Gb  stm32f3xx_hal_uart.o [1]
USART2_IRQHandler        0x800'aad3    0x50  Code  Gb  stm32f3xx_it.o [1]
USBD_CDC                0x2000'00b8    0x38  Data  Gb  usbd_cdc.o [1]
USBD_CDC_CfgFSDesc      0x2000'0134    0x44  Data  Gb  usbd_cdc.o [1]
USBD_CDC_CfgHSDesc      0x2000'00f0    0x44  Data  Gb  usbd_cdc.o [1]
USBD_CDC_DataIn          0x800'71cd    0x70  Code  Lc  usbd_cdc.o [1]
USBD_CDC_DataOut         0x800'723d    0x34  Code  Lc  usbd_cdc.o [1]
USBD_CDC_DeInit          0x800'7087    0x50  Code  Lc  usbd_cdc.o [1]
USBD_CDC_DeviceQualifierDesc
                        0x2000'00ac     0xc  Data  Lc  usbd_cdc.o [1]
USBD_CDC_EP0_RxReady     0x800'7271    0x36  Code  Lc  usbd_cdc.o [1]
USBD_CDC_GetDeviceQualifierDescriptor
                         0x800'72bf     0x8  Code  Gb  usbd_cdc.o [1]
USBD_CDC_GetFSCfgDesc    0x800'72a7     0x8  Code  Lc  usbd_cdc.o [1]
USBD_CDC_GetHSCfgDesc    0x800'72af     0x8  Code  Lc  usbd_cdc.o [1]
USBD_CDC_GetOtherSpeedCfgDesc
                         0x800'72b7     0x8  Code  Lc  usbd_cdc.o [1]
USBD_CDC_Init            0x800'6fc5    0xc2  Code  Lc  usbd_cdc.o [1]
USBD_CDC_OtherSpeedCfgDesc
                        0x2000'0178    0x44  Data  Gb  usbd_cdc.o [1]
USBD_CDC_ReceivePacket   0x800'7309    0x38  Code  Gb  usbd_cdc.o [1]
USBD_CDC_RegisterInterface
                         0x800'72d9    0x12  Code  Gb  usbd_cdc.o [1]
USBD_CDC_SetRxBuffer     0x800'72fd     0xc  Code  Gb  usbd_cdc.o [1]
USBD_CDC_SetTxBuffer     0x800'72eb    0x12  Code  Gb  usbd_cdc.o [1]
USBD_CDC_Setup           0x800'70d7    0xf6  Code  Lc  usbd_cdc.o [1]
USBD_ClrClassConfig      0x800'6cf9    0x10  Code  Gb  usbd_core.o [1]
USBD_ClrFeature          0x800'8595    0x24  Code  Lc  usbd_ctlreq.o [1]
USBD_CtlContinueRx       0x800'86b7    0x12  Code  Gb  usbd_ioreq.o [1]
USBD_CtlContinueSendData
                         0x800'867d    0x12  Code  Gb  usbd_ioreq.o [1]
USBD_CtlError            0x800'85e1    0x16  Code  Gb  usbd_ctlreq.o [1]
USBD_CtlPrepareRx        0x800'868f    0x28  Code  Gb  usbd_ioreq.o [1]
USBD_CtlReceiveStatus    0x800'86df    0x16  Code  Gb  usbd_ioreq.o [1]
USBD_CtlSendData         0x800'8659    0x24  Code  Gb  usbd_ioreq.o [1]
USBD_CtlSendStatus       0x800'86c9    0x16  Code  Gb  usbd_ioreq.o [1]
USBD_FS_ConfigStrDescriptor
                         0x800'a979    0x20  Code  Gb  usbd_desc.o [1]
USBD_FS_DeviceDesc      0x2000'01e8    0x14  Data  Gb  usbd_desc.o [1]
USBD_FS_DeviceDescriptor
                         0x800'a929     0x8  Code  Gb  usbd_desc.o [1]
USBD_FS_InterfaceStrDescriptor
                         0x800'a999    0x20  Code  Gb  usbd_desc.o [1]
USBD_FS_LangIDStrDescriptor
                         0x800'a931     0x8  Code  Gb  usbd_desc.o [1]
USBD_FS_ManufacturerStrDescriptor
                         0x800'a959    0x12  Code  Gb  usbd_desc.o [1]
USBD_FS_ProductStrDescriptor
                         0x800'a939    0x20  Code  Gb  usbd_desc.o [1]
USBD_FS_SerialStrDescriptor
                         0x800'a96b     0xe  Code  Gb  usbd_desc.o [1]
USBD_GetConfig           0x800'8505    0x3e  Code  Lc  usbd_ctlreq.o [1]
USBD_GetDescriptor       0x800'81d3   0x200  Code  Lc  usbd_ctlreq.o [1]
USBD_GetLen              0x800'8645    0x14  Code  Lc  usbd_ctlreq.o [1]
USBD_GetStatus           0x800'8543    0x3e  Code  Lc  usbd_ctlreq.o [1]
USBD_GetString           0x800'85f7    0x4e  Code  Gb  usbd_ctlreq.o [1]
USBD_Get_USB_Status      0x800'7e75    0x2a  Code  Lc  usbd_conf.o [1]
USBD_Init                0x800'6c85    0x30  Code  Gb  usbd_core.o [1]
USBD_Interface_fops_FS  0x2000'01bc    0x10  Data  Gb  usbd_cdc_if.o [1]
USBD_LL_ClearStallEP     0x800'7da5    0x1a  Code  Gb  usbd_conf.o [1]
USBD_LL_CloseEP          0x800'7d71    0x1a  Code  Gb  usbd_conf.o [1]
USBD_LL_DataInStage      0x800'6e13   0x104  Code  Gb  usbd_core.o [1]
USBD_LL_DataOutStage     0x800'6d6d    0xa6  Code  Gb  usbd_core.o [1]
USBD_LL_GetRxDataSize    0x800'7e45     0xe  Code  Gb  usbd_conf.o [1]
USBD_LL_Init             0x800'7cb5    0x80  Code  Gb  usbd_conf.o [1]
USBD_LL_IsStallEP        0x800'7dbf    0x34  Code  Gb  usbd_conf.o [1]
USBD_LL_OpenEP           0x800'7d4d    0x24  Code  Gb  usbd_conf.o [1]
USBD_LL_PrepareReceive   0x800'7e29    0x1c  Code  Gb  usbd_conf.o [1]
USBD_LL_Reset            0x800'6f17    0x60  Code  Gb  usbd_core.o [1]
USBD_LL_Resume           0x800'6f8f    0x14  Code  Gb  usbd_core.o [1]
USBD_LL_SOF              0x800'6fa3    0x20  Code  Gb  usbd_core.o [1]
USBD_LL_SetSpeed         0x800'6f77     0x6  Code  Gb  usbd_core.o [1]
USBD_LL_SetUSBAddress    0x800'7df3    0x1a  Code  Gb  usbd_conf.o [1]
USBD_LL_SetupStage       0x800'6d09    0x64  Code  Gb  usbd_core.o [1]
USBD_LL_StallEP          0x800'7d8b    0x1a  Code  Gb  usbd_conf.o [1]
USBD_LL_Start            0x800'7d35    0x18  Code  Gb  usbd_conf.o [1]
USBD_LL_Suspend          0x800'6f7d    0x12  Code  Gb  usbd_core.o [1]
USBD_LL_Transmit         0x800'7e0d    0x1c  Code  Gb  usbd_conf.o [1]
USBD_LangIDDesc         0x2000'01fc     0x4  Data  Gb  usbd_desc.o [1]
USBD_ParseSetupRequest   0x800'85b9    0x28  Code  Gb  usbd_ctlreq.o [1]
USBD_RegisterClass       0x800'6cb5    0x14  Code  Gb  usbd_core.o [1]
USBD_RunTestMode         0x800'6cd3     0x4  Code  Gb  usbd_core.o [1]
USBD_SetAddress          0x800'83d3    0x5e  Code  Lc  usbd_ctlreq.o [1]
USBD_SetClassConfig      0x800'6cd7    0x22  Code  Gb  usbd_core.o [1]
USBD_SetConfig           0x800'8431    0xce  Code  Lc  usbd_ctlreq.o [1]
USBD_SetConfig::cfgidx  0x2000'6f17     0x1  Data  Lc  usbd_ctlreq.o [1]
USBD_SetFeature          0x800'8581    0x14  Code  Lc  usbd_ctlreq.o [1]
USBD_Start               0x800'6cc9     0xa  Code  Gb  usbd_core.o [1]
USBD_StdDevReq           0x800'7ea1    0x7a  Code  Gb  usbd_ctlreq.o [1]
USBD_StdEPReq            0x800'7f87   0x24c  Code  Gb  usbd_ctlreq.o [1]
USBD_StdItfReq           0x800'7f1b    0x6c  Code  Gb  usbd_ctlreq.o [1]
USBD_StrDesc            0x2000'63c0   0x200  Data  Gb  usbd_desc.o [1]
USBD_StringSerial       0x2000'0200    0x1c  Data  Gb  usbd_desc.o [1]
USBD_static_free         0x800'7e71     0x2  Code  Gb  usbd_conf.o [1]
USBD_static_malloc       0x800'7e53     0x4  Code  Gb  usbd_conf.o [1]
USBD_static_malloc::mem
                        0x2000'5fa0   0x220  Data  Lc  usbd_conf.o [1]
USB_ActivateEndpoint     0x800'9781   0x2f8  Code  Gb  stm32f3xx_ll_usb.o [1]
USB_DeactivateEndpoint   0x800'9a79   0x1c4  Code  Gb  stm32f3xx_ll_usb.o [1]
USB_DevConnect           0x800'a4cb     0x4  Code  Gb  stm32f3xx_ll_usb.o [1]
USB_DevInit              0x800'9761    0x20  Code  Gb  stm32f3xx_ll_usb.o [1]
USB_DisableGlobalInt     0x800'974d    0x14  Code  Gb  stm32f3xx_ll_usb.o [1]
USB_EPClearStall         0x800'a417    0xa4  Code  Gb  stm32f3xx_ll_usb.o [1]
USB_EPSetStall           0x800'a3cf    0x48  Code  Gb  stm32f3xx_ll_usb.o [1]
USB_EPStartXfer          0x800'9c3d   0x792  Code  Gb  stm32f3xx_ll_usb.o [1]
USB_EnableGlobalInt      0x800'973b    0x12  Code  Gb  stm32f3xx_ll_usb.o [1]
USB_LP_CAN_RX0_IRQHandler
                         0x800'aa77     0xa  Code  Gb  stm32f3xx_it.o [1]
USB_ReadInterrupts       0x800'a4cf     0x6  Code  Gb  stm32f3xx_ll_usb.o [1]
USB_ReadPMA              0x800'a507    0x36  Code  Gb  stm32f3xx_ll_usb.o [1]
USB_SetDevAddress        0x800'a4bb    0x10  Code  Gb  stm32f3xx_ll_usb.o [1]
USB_WritePMA             0x800'a4d5    0x32  Code  Gb  stm32f3xx_ll_usb.o [1]
UsageFault_Handler       0x800'aa69     0x2  Code  Gb  stm32f3xx_it.o [1]
UserRxBufferFS          0x2000'5220   0x3e8  Data  Gb  usbd_cdc_if.o [1]
UserTxBufferFS          0x2000'5608   0x3e8  Data  Gb  usbd_cdc_if.o [1]
Virtual function table for step_motor
                         0x800'b0fc    0x54  Data  Gb  stepper.o [1]
[local to main_c]::DWT_Init()
                         0x800'17f3    0x16  Code  Lc  main.o [1]
__NVIC_EnableIRQ         0x800'1e8d    0x1c  Code  Lc  stm32f3xx_hal_cortex.o [1]
__NVIC_GetPriorityGrouping
                         0x800'1e83     0xa  Code  Lc  stm32f3xx_hal_cortex.o [1]
__NVIC_SetPriority       0x800'1ea9    0x24  Code  Lc  stm32f3xx_hal_cortex.o [1]
__NVIC_SetPriorityGrouping
                         0x800'1e69    0x1a  Code  Lc  stm32f3xx_hal_cortex.o [1]
__aeabi_assert           0x800'8869    0x24  Code  Gb  ABIassert.o [6]
__aeabi_d2iz             0x800'42c9          Code  Gb  DblToS32.o [4]
__aeabi_dadd             0x800'624d          Code  Gb  DblAdd.o [4]
__aeabi_ddiv             0x800'6005          Code  Gb  DblDiv.o [4]
__aeabi_dmul             0x800'5e61          Code  Gb  DblMul.o [4]
__aeabi_dsub             0x800'5d7d          Code  Gb  DblSub.o [4]
__aeabi_memcpy           0x800'2f89          Code  Gb  ABImemcpy.o [5]
__aeabi_memcpy4          0x800'2fa9          Code  Gb  ABImemcpy.o [5]
__aeabi_memcpy8          0x800'2fa9          Code  Gb  ABImemcpy.o [5]
__aeabi_memset           0x800'35ad          Code  Gb  ABImemset.o [5]
__aeabi_ui2d             0x800'41dd          Code  Gb  U32ToDbl.o [4]
__call_ctors             0x800'b205    0x18  Code  Gb  cppinit.o [2]
__cmain                  0x800'b21d          Code  Gb  cmain.o [5]
__exit                   0x800'a53d    0x14  Code  Gb  exit.o [6]
__iar_Memset             0x800'35ad          Code  Gb  ABImemset.o [5]
__iar_Memset_word        0x800'35b5          Code  Gb  ABImemset.o [5]
__iar_cstart_call_ctors
                         0x800'b1e5    0x20  Code  Gb  cmain_call_ctors.o [5]
__iar_dadd               0x800'5d8d          Code  Gb  DblSub.o [4]
__iar_data_init3         0x800'b151    0x28  Code  Gb  data_init.o [5]
__iar_debug_exceptions   0x800'1a46     0x1  Data  Gb  unwind_debug.o [6]
__iar_dsub               0x800'625d          Code  Gb  DblAdd.o [4]
__iar_dsubStart          0x800'626f          Code  Gb  DblAdd.o [4]
__iar_init_vfp           0x800'b19d          Code  Gb  fpinit_M.o [4]
__iar_lz77_init_single3
                         0x800'b021    0x78  Code  Gb  lz77_init_single.o [5]
__iar_program_start      0x800'b385          Code  Gb  cstartup_M.o [5]
__iar_tls$$INIT_ARRAY$$Base
                         0x800'b49c           --   Gb  - Linker created -
__iar_tls$$INIT_ARRAY$$Limit
                         0x800'b49c           --   Gb  - Linker created -
__iar_zero_init3         0x800'0fbf    0x3a  Code  Gb  zero_init3.o [5]
__low_level_init         0x800'b23b     0x4  Code  Gb  low_level_init.o [2]
__sti__routine           0x800'17c5    0x2e  Code  Lc  main.o [1]
__vector_table           0x800'0000          Data  Gb  startup_stm32f303xc.o [1]
_call_main               0x800'b229          Code  Gb  cmain.o [5]
_exit                    0x800'b245          Code  Gb  cexit.o [5]
_main                    0x800'b237          Code  Gb  cmain.o [5]
aPLLMULFactorTable       0x800'b31c    0x10  Data  Gb  stm32f3xx_hal_rcc.o [1]
aPredivFactorTable       0x800'b32c    0x10  Data  Gb  stm32f3xx_hal_rcc.o [1]
abort                    0x800'9735     0x6  Code  Gb  abort.o [2]
aucCRCHi                 0x800'ab74   0x100  Data  Lc  mbcrc.o [1]
aucCRCLo                 0x800'ac74   0x100  Data  Lc  mbcrc.o [1]
base_motor::SetDirection(dir)
                         0x800'424d     0x4  Code  Gb  motor.o [1]
base_motor::base_motor()
                         0x800'41ff    0x4e  Code  Gb  motor.o [1]
base_motor::base_motor() [subobject]
                         0x800'41f7     0x8  Code  Gb  motor.o [1]
base_motor::map(double, double, double, double, double)
                         0x800'4251    0x78  Code  Gb  motor.o [1]
dir1                    0x2000'6e74     0x4  Data  Gb  freertos.o [1]
downcounter             0x2000'6f0a     0x2  Data  Gb  porttimer.o [1]
eMBCurrentMode          0x2000'6f0e     0x1  Data  Lc  mb.o [1]
eMBEnable                0x800'53e7    0x20  Code  Gb  mb.o [1]
eMBFuncReadCoils         0x800'a78f    0x9e  Code  Gb  mbfunccoils.o [1]
eMBFuncReadDiscreteInputs
                         0x800'ad75    0x9c  Code  Gb  mbfuncdisc.o [1]
eMBFuncReadHoldingRegister
                         0x800'a5fb    0x86  Code  Gb  mbfuncholding.o [1]
eMBFuncReadInputRegister
                         0x800'af19    0x86  Code  Gb  mbfuncinput.o [1]
eMBFuncReadWriteMultipleHoldingRegister
                         0x800'a681    0xec  Code  Gb  mbfuncholding.o [1]
eMBFuncReportSlaveID     0x800'b179    0x1c  Code  Gb  mbfuncother.o [1]
eMBFuncWriteCoil         0x800'a82d    0x6c  Code  Gb  mbfunccoils.o [1]
eMBFuncWriteHoldingRegister
                         0x800'a551    0x3a  Code  Gb  mbfuncholding.o [1]
eMBFuncWriteMultipleCoils
                         0x800'a899    0x8e  Code  Gb  mbfunccoils.o [1]
eMBFuncWriteMultipleHoldingRegister
                         0x800'a58b    0x70  Code  Gb  mbfuncholding.o [1]
eMBInit                  0x800'534d    0x9a  Code  Gb  mb.o [1]
eMBPoll                  0x800'5407    0xe4  Code  Gb  mb.o [1]
eMBPoll::eException     0x2000'6f11     0x1  Data  Lc  mb.o [1]
eMBPoll::ucFunctionCode
                        0x2000'6f10     0x1  Data  Lc  mb.o [1]
eMBPoll::ucMBFrame      0x2000'6eb4     0x4  Data  Lc  mb.o [1]
eMBPoll::ucRcvAddress   0x2000'6f0f     0x1  Data  Lc  mb.o [1]
eMBPoll::usLength       0x2000'6f00     0x2  Data  Lc  mb.o [1]
eMBRTUInit               0x800'7341    0x46  Code  Gb  mbrtu.o [1]
eMBRTUReceive            0x800'73b5    0x6a  Code  Gb  mbrtu.o [1]
eMBRTUSend               0x800'741f    0x60  Code  Gb  mbrtu.o [1]
eMBRTUStart              0x800'7387    0x1a  Code  Gb  mbrtu.o [1]
eMBRTUStop               0x800'73a1    0x14  Code  Gb  mbrtu.o [1]
eMBRegCoilsCB            0x800'34d1     0x4  Code  Gb  freertos.o [1]
eMBRegDiscreteCB         0x800'34d5     0x4  Code  Gb  freertos.o [1]
eMBRegHoldingCB          0x800'324b   0x23c  Code  Gb  freertos.o [1]
eMBRegInputCB            0x800'3245     0x6  Code  Gb  freertos.o [1]
eMBState                0x2000'021c     0x1  Data  Lc  mb.o [1]
eQueuedEvent            0x2000'6f15     0x1  Data  Lc  portevent.o [1]
eRcvState               0x2000'6f13     0x1  Data  Lc  mbrtu.o [1]
eSndState               0x2000'6f12     0x1  Data  Lc  mbrtu.o [1]
exit                     0x800'b23f     0x4  Code  Gb  exit.o [2]
flash_erase_page         0x800'2ef3    0x2a  Code  Gb  flash.o [1]
flash_lock               0x800'2f29     0xc  Code  Gb  flash.o [1]
flash_ready              0x800'2ee3    0x10  Code  Gb  flash.o [1]
flash_unlock             0x800'2f1d     0xc  Code  Gb  flash.o [1]
flash_write              0x800'2f35    0x3a  Code  Gb  flash.o [1]
hUsbDeviceFS            0x2000'5cdc   0x2c4  Data  Gb  usb_device.o [1]
hadc1                   0x2000'6904    0x50  Data  Gb  adc.o [1]
hadc2                   0x2000'6954    0x50  Data  Gb  adc.o [1]
hcomp3                  0x2000'6c94    0x30  Data  Gb  comp.o [1]
hcomp6                  0x2000'6cc4    0x30  Data  Gb  comp.o [1]
hcomp7                  0x2000'6cf4    0x30  Data  Gb  comp.o [1]
hdac                    0x2000'6dec    0x14  Data  Gb  dac.o [1]
hdma_adc1               0x2000'6c50    0x44  Data  Gb  adc.o [1]
hpcd_USB_FS             0x2000'59f0   0x2ec  Data  Gb  usbd_conf.o [1]
hspi2                   0x2000'684c    0x64  Data  Gb  spi.o [1]
htim1                   0x2000'69f0    0x4c  Data  Gb  tim.o [1]
htim16                  0x2000'6bb8    0x4c  Data  Gb  tim.o [1]
htim17                  0x2000'6c04    0x4c  Data  Gb  tim.o [1]
htim2                   0x2000'6a3c    0x4c  Data  Gb  tim.o [1]
htim3                   0x2000'6a88    0x4c  Data  Gb  tim.o [1]
htim4                   0x2000'6ad4    0x4c  Data  Gb  tim.o [1]
htim6                   0x2000'6b20    0x4c  Data  Gb  tim.o [1]
htim7                   0x2000'69a4    0x4c  Data  Gb  stm32f3xx_hal_timebase_tim.o [1]
htim8                   0x2000'6b6c    0x4c  Data  Gb  tim.o [1]
huart2                  0x2000'674c    0x84  Data  Gb  usart.o [1]
inHandlerMode            0x800'34ef    0x12  Code  Lc  cmsis_os.o [1]
led::Init(GPIO_TypeDef *, unsigned short)
                         0x800'253f    0x1a  Code  Gb  LED.o [1]
led::LEDon()             0x800'2559     0x6  Code  Gb  LED.o [1]
led::led()               0x800'2567    0x2c  Code  Gb  LED.o [1]
led::poll()              0x800'2449    0xf6  Code  Gb  LED.o [1]
led::setParameters(mode, unsigned int, unsigned int)
                         0x800'255f     0x8  Code  Gb  LED.o [1]
main                     0x800'1809    0xd4  Code  Gb  main.o [1]
mainTaskHandle          0x2000'6e78     0x4  Data  Gb  freertos.o [1]
makeFreeRtosPriority     0x800'34d9    0x16  Code  Lc  cmsis_os.o [1]
memset                   0x800'1a33    0x14  Code  Gb  memset.o [5]
modBusHandle            0x2000'6e7c     0x4  Data  Gb  freertos.o [1]
osDelay                  0x800'357f    0x16  Code  Gb  cmsis_os.o [1]
osDelayUntil             0x800'3595    0x16  Code  Gb  cmsis_os.o [1]
osKernelStart            0x800'3501     0xa  Code  Gb  cmsis_os.o [1]
osKernelSysTick          0x800'350b    0x16  Code  Gb  cmsis_os.o [1]
osThreadCreate           0x800'3521    0x5e  Code  Gb  cmsis_os.o [1]
pMotor                  0x2000'6e90     0x4  Data  Gb  main.o [1]
pcInterruptPriorityRegisters
                         0x800'b3ac     0x4  Data  Lc  port.o [1]
peMBFrameReceiveCur     0x2000'6ea0     0x4  Data  Lc  mb.o [1]
peMBFrameSendCur        0x2000'6e94     0x4  Data  Lc  mb.o [1]
prvAddCurrentTaskToDelayedList
                         0x800'5cd9    0x6e  Code  Lc  tasks.o [1]
prvAddNewTaskToReadyList
                         0x800'56eb    0x9a  Code  Lc  tasks.o [1]
prvCheckTasksWaitingTermination
                         0x800'5bfd    0x3c  Code  Lc  tasks.o [1]
prvDeleteTCB             0x800'5c3d    0x42  Code  Lc  tasks.o [1]
prvHeapInit              0x800'77c7    0x5e  Code  Lc  heap_4.o [1]
prvIdleTask              0x800'5b81    0x24  Code  Lc  tasks.o [1]
prvInitialiseNewTask     0x800'5641    0xaa  Code  Lc  tasks.o [1]
prvInitialiseTaskLists   0x800'5ba5    0x54  Code  Lc  tasks.o [1]
prvInsertBlockIntoFreeList
                         0x800'7825    0x5e  Code  Lc  heap_4.o [1]
prvResetNextTaskUnblockTime
                         0x800'5c7f    0x28  Code  Lc  tasks.o [1]
prvTaskExitError         0x800'7961    0x2a  Code  Lc  port.o [1]
prveMBError2Exception    0x800'a76d    0x22  Code  Gb  mbutils.o [1]
pucSndBufferCur         0x2000'6eb8     0x4  Data  Lc  mbrtu.o [1]
pvMBFrameCloseCur       0x2000'6ea4     0x4  Data  Lc  mb.o [1]
pvMBFrameStartCur       0x2000'6e98     0x4  Data  Lc  mb.o [1]
pvMBFrameStopCur        0x2000'6e9c     0x4  Data  Lc  mb.o [1]
pvPortMalloc             0x800'7641   0x114  Code  Gb  heap_4.o [1]
pxCurrentTCB            0x2000'6ec4     0x4  Data  Gb  tasks.o [1]
pxDelayedTaskList       0x2000'6ec8     0x4  Data  Lc  tasks.o [1]
pxEnd                   0x2000'6e80     0x4  Data  Lc  heap_4.o [1]
pxMBFrameCBByteReceived
                        0x2000'6ea8     0x4  Data  Gb  mb.o [1]
pxMBFrameCBTransmitterEmpty
                        0x2000'6eac     0x4  Data  Gb  mb.o [1]
pxMBPortCBTimerExpired  0x2000'6eb0     0x4  Data  Gb  mb.o [1]
pxOverflowDelayedTaskList
                        0x2000'6ecc     0x4  Data  Lc  tasks.o [1]
pxPortInitialiseStack    0x800'7939    0x28  Code  Gb  port.o [1]
pxReadyTasksLists       0x2000'66c0    0x8c  Data  Lc  tasks.o [1]
resetSettings           0x2000'6f0c     0x1  Data  Gb  main.o [1]
serial                  0x2000'00a0     0x4  Data  Gb  portserial.o [1]
settings                0x2000'0004    0x18  Data  Gb  main.o [1]
step_motor::AccelHandler()
                         0x800'22f1    0xda  Code  Gb  stepper.o [1]
step_motor::Init()       0x800'2193    0xea  Code  Gb  stepper.o [1]
step_motor::SensHandler()
                         0x800'22ef     0x2  Code  Gb  stepper.o [1]
step_motor::SetCurrentMax(unsigned int)
                         0x800'209d    0x10  Code  Gb  stepper.o [1]
step_motor::SetCurrentStop(unsigned int)
                         0x800'20ad     0x4  Code  Gb  stepper.o [1]
step_motor::SetPWM_Mode(unsigned int)
                         0x800'2089    0x14  Code  Gb  stepper.o [1]
step_motor::SetPWRstatus(bool)
                         0x800'20b1     0x6  Code  Gb  stepper.o [1]
step_motor::SetSpeed(unsigned char)
                         0x800'1f51   0x138  Code  Gb  stepper.o [1]
step_motor::StepsAllHandler(int)
                         0x800'228d    0x62  Code  Gb  stepper.o [1]
step_motor::deceleration()
                         0x800'210f     0xe  Code  Gb  stepper.o [1]
step_motor::getStatusDirect()
                         0x800'20b7     0x4  Code  Gb  stepper.o [1]
step_motor::getStatusRotation()
                         0x800'20bb     0x4  Code  Gb  stepper.o [1]
step_motor::goTo(int, dir)
                         0x800'2141    0x52  Code  Gb  stepper.o [1]
step_motor::removeBreak(bool)
                         0x800'211d    0x24  Code  Gb  stepper.o [1]
step_motor::start()      0x800'20bf    0x44  Code  Gb  stepper.o [1]
step_motor::step_motor(__DAC_HandleTypeDef *, unsigned int, TIM_HandleTypeDef *, TIM_HandleTypeDef *, unsigned int, TIM_HandleTypeDef *)
                         0x800'23cb    0x68  Code  Gb  stepper.o [1]
step_motor::stop()       0x800'2103     0xc  Code  Gb  stepper.o [1]
stepper                 0x2000'67d0    0x7c  Data  Gb  main.o [1]
steps                   0x2000'0000     0x4  Data  Gb  freertos.o [1]
str_rx                  0x2000'6dd4    0x18  Data  Gb  main.o [1]
strncpy                  0x800'aea9          Code  Gb  strncpy.o [5]
timeout                 0x2000'6f08     0x2  Data  Gb  porttimer.o [1]
ucHeap                  0x2000'0220  0x5000  Data  Lc  heap_4.o [1]
ucMBAddress             0x2000'6f0d     0x1  Data  Lc  mb.o [1]
ucMBSlaveID             0x2000'6db4    0x20  Data  Lc  mbfuncother.o [1]
ucMaxSysCallPriority    0x2000'6f14     0x1  Data  Lc  port.o [1]
ucRTUBuf                0x2000'65c0   0x100  Data  Gb  mbrtu.o [1]
ulMaxPRIGROUPValue      0x2000'6ebc     0x4  Data  Lc  port.o [1]
usMBCRC16                0x800'888d    0x40  Code  Gb  mbcrc.o [1]
usMBSlaveIDLen          0x2000'6f02     0x2  Data  Lc  mbfuncother.o [1]
usRcvBufferPos          0x2000'6f06     0x2  Data  Lc  mbrtu.o [1]
usSndBufferCount        0x2000'6f04     0x2  Data  Lc  mbrtu.o [1]
uwTick                  0x2000'6ec0     0x4  Data  Gb  stm32f3xx_hal.o [1]
uwTickFreq              0x2000'021d     0x1  Data  Gb  stm32f3xx_hal.o [1]
uwTickPrio              0x2000'00a4     0x4  Data  Gb  stm32f3xx_hal.o [1]
uxCriticalNesting       0x2000'009c     0x4  Data  Lc  port.o [1]
uxCurrentNumberOfTasks  0x2000'6ed4     0x4  Data  Lc  tasks.o [1]
uxDeletedTasksWaitingCleanUp
                        0x2000'6ed0     0x4  Data  Lc  tasks.o [1]
uxListRemove             0x800'7913    0x26  Code  Gb  list.o [1]
uxPendedTicks           0x2000'6ee4     0x4  Data  Lc  tasks.o [1]
uxSchedulerSuspended    0x2000'6efc     0x4  Data  Lc  tasks.o [1]
uxTaskNumber            0x2000'6ef0     0x4  Data  Lc  tasks.o [1]
uxTopReadyPriority      0x2000'6edc     0x4  Data  Lc  tasks.o [1]
vApplicationGetIdleTaskMemory
                         0x800'3059    0x12  Code  Gb  freertos.o [1]
vListInitialise          0x800'78a1    0x1e  Code  Gb  list.o [1]
vListInitialiseItem      0x800'78bf     0x6  Code  Gb  list.o [1]
vListInsert              0x800'78dd    0x36  Code  Gb  list.o [1]
vListInsertEnd           0x800'78c5    0x18  Code  Gb  list.o [1]
vMBPortSerialEnable      0x800'86f5    0x5a  Code  Gb  portserial.o [1]
vMBPortTimersDisable     0x800'8849     0xa  Code  Gb  porttimer.o [1]
vMBPortTimersEnable      0x800'8837    0x12  Code  Gb  porttimer.o [1]
vPortEnableVFP           0x800'8961          Code  Gb  portasm.o [1]
vPortEnterCritical       0x800'7a59    0x34  Code  Gb  port.o [1]
vPortExitCritical        0x800'7a8d    0x2c  Code  Gb  port.o [1]
vPortFree                0x800'7755    0x72  Code  Gb  heap_4.o [1]
vPortStartFirstTask      0x800'8941          Code  Gb  portasm.o [1]
vPortValidateInterruptPriority
                         0x800'7ae1    0x4a  Code  Gb  port.o [1]
vTaskDelay               0x800'5829    0x4c  Code  Gb  tasks.o [1]
vTaskDelayUntil          0x800'5785    0xa4  Code  Gb  tasks.o [1]
vTaskStartScheduler      0x800'5875    0x8e  Code  Gb  tasks.o [1]
vTaskSuspendAll          0x800'5903     0xc  Code  Gb  tasks.o [1]
vTaskSwitchContext       0x800'5afd    0x6a  Code  Gb  tasks.o [1]
xBlockAllocatedBit      0x2000'6e8c     0x4  Data  Lc  heap_4.o [1]
xDelayedTaskList1       0x2000'6e00    0x14  Data  Lc  tasks.o [1]
xDelayedTaskList2       0x2000'6e14    0x14  Data  Lc  tasks.o [1]
xEventInQueue           0x2000'6f16     0x1  Data  Lc  portevent.o [1]
xFreeBytesRemaining     0x2000'6e84     0x4  Data  Lc  heap_4.o [1]
xFuncHandlers           0x2000'001c    0x80  Data  Lc  mb.o [1]
xHeapStructSize          0x800'b3a8     0x4  Data  Lc  heap_4.o [1]
xIdleStack              0x2000'61c0   0x200  Data  Lc  freertos.o [1]
xIdleTaskHandle         0x2000'6ef8     0x4  Data  Lc  tasks.o [1]
xIdleTaskTCBBuffer      0x2000'68b0    0x54  Data  Lc  freertos.o [1]
xMBPortEventGet          0x800'761d    0x1c  Code  Gb  portevent.o [1]
xMBPortEventInit         0x800'7605     0xa  Code  Gb  portevent.o [1]
xMBPortEventPost         0x800'760f     0xe  Code  Gb  portevent.o [1]
xMBPortSerialGetByte     0x800'87d1     0xe  Code  Gb  portserial.o [1]
xMBPortSerialInit        0x800'874f    0x64  Code  Gb  portserial.o [1]
xMBPortSerialPutByte     0x800'87b3    0x1e  Code  Gb  portserial.o [1]
xMBPortTimersInit        0x800'87e9    0x4e  Code  Gb  porttimer.o [1]
xMBRTUReceiveFSM         0x800'747f    0x8a  Code  Gb  mbrtu.o [1]
xMBRTUTimerT35Expired    0x800'7577    0x5c  Code  Gb  mbrtu.o [1]
xMBRTUTransmitFSM        0x800'7509    0x6e  Code  Gb  mbrtu.o [1]
xMinimumEverFreeBytesRemaining
                        0x2000'6e88     0x4  Data  Lc  heap_4.o [1]
xNextTaskUnblockTime    0x2000'6ef4     0x4  Data  Lc  tasks.o [1]
xNumOfOverflows         0x2000'6eec     0x4  Data  Lc  tasks.o [1]
xPendingReadyList       0x2000'6e28    0x14  Data  Lc  tasks.o [1]
xPortStartScheduler      0x800'798b    0xce  Code  Gb  port.o [1]
xSchedulerRunning       0x2000'6ee0     0x4  Data  Lc  tasks.o [1]
xStart                  0x2000'6e64     0x8  Data  Lc  heap_4.o [1]
xSuspendedTaskList      0x2000'6e50    0x14  Data  Lc  tasks.o [1]
xTaskCreate              0x800'55cf    0x72  Code  Gb  tasks.o [1]
xTaskCreateStatic        0x800'554d    0x82  Code  Gb  tasks.o [1]
xTaskGetTickCount        0x800'59f3     0x8  Code  Gb  tasks.o [1]
xTaskGetTickCountFromISR
                         0x800'59fb    0x10  Code  Gb  tasks.o [1]
xTaskIncrementTick       0x800'5a0b    0xf2  Code  Gb  tasks.o [1]
xTaskResumeAll           0x800'590f    0xe4  Code  Gb  tasks.o [1]
xTasksWaitingTermination
                        0x2000'6e3c    0x14  Data  Lc  tasks.o [1]
xTickCount              0x2000'6ed8     0x4  Data  Lc  tasks.o [1]
xYieldPending           0x2000'6ee8     0x4  Data  Lc  tasks.o [1]


[1] = D:\Radio\Jobe\Universal_Driver\Universal_Driver_soft\UniversalDriver_v2.1forStepper\EWARM\UniversalDriver_v2.1\Obj
[2] = dl7M_tlf.a
[3] = dlpp7M_tl_fc.a
[4] = m7M_tls.a
[5] = rt7M_tl.a
[6] = shb_l.a

  45'069 bytes of readonly  code memory
   1'473 bytes of readonly  data memory
  29'462 bytes of readwrite data memory

Errors: none
Warnings: none
