###############################################################################
#
# IAR ELF Linker V8.40.2.214/W32 for ARM                  24/Mar/2021  19:13:50
# Copyright 2007-2019 IAR Systems AB.
#
#    Output file  =
#        D:\Radio\Jobe\Universal_Driver\Universal_Driver_soft\UniversalDriverForStepper\EWARM\UniversalDriver\Exe\UniversalDriver.out
#    Map file     =
#        D:\Radio\Jobe\Universal_Driver\Universal_Driver_soft\UniversalDriverForStepper\EWARM\UniversalDriver\List\UniversalDriver.map
#    Command line =
#        -f C:\Users\IERIXO~1\AppData\Local\Temp\EWF62B.tmp
#        (D:\Radio\Jobe\Universal_Driver\Universal_Driver_soft\UniversalDriverForStepper\EWARM\UniversalDriver\Obj\adc.o
#        D:\Radio\Jobe\Universal_Driver\Universal_Driver_soft\UniversalDriverForStepper\EWARM\UniversalDriver\Obj\BLDC.o
#        D:\Radio\Jobe\Universal_Driver\Universal_Driver_soft\UniversalDriverForStepper\EWARM\UniversalDriver\Obj\cmsis_os.o
#        D:\Radio\Jobe\Universal_Driver\Universal_Driver_soft\UniversalDriverForStepper\EWARM\UniversalDriver\Obj\croutine.o
#        D:\Radio\Jobe\Universal_Driver\Universal_Driver_soft\UniversalDriverForStepper\EWARM\UniversalDriver\Obj\dac.o
#        D:\Radio\Jobe\Universal_Driver\Universal_Driver_soft\UniversalDriverForStepper\EWARM\UniversalDriver\Obj\event_groups.o
#        D:\Radio\Jobe\Universal_Driver\Universal_Driver_soft\UniversalDriverForStepper\EWARM\UniversalDriver\Obj\flash.o
#        D:\Radio\Jobe\Universal_Driver\Universal_Driver_soft\UniversalDriverForStepper\EWARM\UniversalDriver\Obj\flash_spi.o
#        D:\Radio\Jobe\Universal_Driver\Universal_Driver_soft\UniversalDriverForStepper\EWARM\UniversalDriver\Obj\freertos.o
#        D:\Radio\Jobe\Universal_Driver\Universal_Driver_soft\UniversalDriverForStepper\EWARM\UniversalDriver\Obj\gpio.o
#        D:\Radio\Jobe\Universal_Driver\Universal_Driver_soft\UniversalDriverForStepper\EWARM\UniversalDriver\Obj\heap_4.o
#        D:\Radio\Jobe\Universal_Driver\Universal_Driver_soft\UniversalDriverForStepper\EWARM\UniversalDriver\Obj\LED.o
#        D:\Radio\Jobe\Universal_Driver\Universal_Driver_soft\UniversalDriverForStepper\EWARM\UniversalDriver\Obj\list.o
#        D:\Radio\Jobe\Universal_Driver\Universal_Driver_soft\UniversalDriverForStepper\EWARM\UniversalDriver\Obj\main.o
#        D:\Radio\Jobe\Universal_Driver\Universal_Driver_soft\UniversalDriverForStepper\EWARM\UniversalDriver\Obj\mb.o
#        D:\Radio\Jobe\Universal_Driver\Universal_Driver_soft\UniversalDriverForStepper\EWARM\UniversalDriver\Obj\mbcrc.o
#        D:\Radio\Jobe\Universal_Driver\Universal_Driver_soft\UniversalDriverForStepper\EWARM\UniversalDriver\Obj\mbfunccoils.o
#        D:\Radio\Jobe\Universal_Driver\Universal_Driver_soft\UniversalDriverForStepper\EWARM\UniversalDriver\Obj\mbfuncdiag.o
#        D:\Radio\Jobe\Universal_Driver\Universal_Driver_soft\UniversalDriverForStepper\EWARM\UniversalDriver\Obj\mbfuncdisc.o
#        D:\Radio\Jobe\Universal_Driver\Universal_Driver_soft\UniversalDriverForStepper\EWARM\UniversalDriver\Obj\mbfuncholding.o
#        D:\Radio\Jobe\Universal_Driver\Universal_Driver_soft\UniversalDriverForStepper\EWARM\UniversalDriver\Obj\mbfuncinput.o
#        D:\Radio\Jobe\Universal_Driver\Universal_Driver_soft\UniversalDriverForStepper\EWARM\UniversalDriver\Obj\mbfuncother.o
#        D:\Radio\Jobe\Universal_Driver\Universal_Driver_soft\UniversalDriverForStepper\EWARM\UniversalDriver\Obj\mbrtu.o
#        D:\Radio\Jobe\Universal_Driver\Universal_Driver_soft\UniversalDriverForStepper\EWARM\UniversalDriver\Obj\mbutils.o
#        D:\Radio\Jobe\Universal_Driver\Universal_Driver_soft\UniversalDriverForStepper\EWARM\UniversalDriver\Obj\motor.o
#        D:\Radio\Jobe\Universal_Driver\Universal_Driver_soft\UniversalDriverForStepper\EWARM\UniversalDriver\Obj\port.o
#        D:\Radio\Jobe\Universal_Driver\Universal_Driver_soft\UniversalDriverForStepper\EWARM\UniversalDriver\Obj\portasm.o
#        D:\Radio\Jobe\Universal_Driver\Universal_Driver_soft\UniversalDriverForStepper\EWARM\UniversalDriver\Obj\portevent.o
#        D:\Radio\Jobe\Universal_Driver\Universal_Driver_soft\UniversalDriverForStepper\EWARM\UniversalDriver\Obj\portserial.o
#        D:\Radio\Jobe\Universal_Driver\Universal_Driver_soft\UniversalDriverForStepper\EWARM\UniversalDriver\Obj\porttimer.o
#        D:\Radio\Jobe\Universal_Driver\Universal_Driver_soft\UniversalDriverForStepper\EWARM\UniversalDriver\Obj\queue.o
#        D:\Radio\Jobe\Universal_Driver\Universal_Driver_soft\UniversalDriverForStepper\EWARM\UniversalDriver\Obj\rtc.o
#        D:\Radio\Jobe\Universal_Driver\Universal_Driver_soft\UniversalDriverForStepper\EWARM\UniversalDriver\Obj\RV_BUTTON.o
#        D:\Radio\Jobe\Universal_Driver\Universal_Driver_soft\UniversalDriverForStepper\EWARM\UniversalDriver\Obj\spi.o
#        D:\Radio\Jobe\Universal_Driver\Universal_Driver_soft\UniversalDriverForStepper\EWARM\UniversalDriver\Obj\startup_stm32f303xc.o
#        D:\Radio\Jobe\Universal_Driver\Universal_Driver_soft\UniversalDriverForStepper\EWARM\UniversalDriver\Obj\step3ph.o
#        D:\Radio\Jobe\Universal_Driver\Universal_Driver_soft\UniversalDriverForStepper\EWARM\UniversalDriver\Obj\stepper.o
#        D:\Radio\Jobe\Universal_Driver\Universal_Driver_soft\UniversalDriverForStepper\EWARM\UniversalDriver\Obj\stm32f3xx_hal.o
#        D:\Radio\Jobe\Universal_Driver\Universal_Driver_soft\UniversalDriverForStepper\EWARM\UniversalDriver\Obj\stm32f3xx_hal_adc.o
#        D:\Radio\Jobe\Universal_Driver\Universal_Driver_soft\UniversalDriverForStepper\EWARM\UniversalDriver\Obj\stm32f3xx_hal_adc_ex.o
#        D:\Radio\Jobe\Universal_Driver\Universal_Driver_soft\UniversalDriverForStepper\EWARM\UniversalDriver\Obj\stm32f3xx_hal_cortex.o
#        D:\Radio\Jobe\Universal_Driver\Universal_Driver_soft\UniversalDriverForStepper\EWARM\UniversalDriver\Obj\stm32f3xx_hal_dac.o
#        D:\Radio\Jobe\Universal_Driver\Universal_Driver_soft\UniversalDriverForStepper\EWARM\UniversalDriver\Obj\stm32f3xx_hal_dac_ex.o
#        D:\Radio\Jobe\Universal_Driver\Universal_Driver_soft\UniversalDriverForStepper\EWARM\UniversalDriver\Obj\stm32f3xx_hal_dma.o
#        D:\Radio\Jobe\Universal_Driver\Universal_Driver_soft\UniversalDriverForStepper\EWARM\UniversalDriver\Obj\stm32f3xx_hal_exti.o
#        D:\Radio\Jobe\Universal_Driver\Universal_Driver_soft\UniversalDriverForStepper\EWARM\UniversalDriver\Obj\stm32f3xx_hal_flash.o
#        D:\Radio\Jobe\Universal_Driver\Universal_Driver_soft\UniversalDriverForStepper\EWARM\UniversalDriver\Obj\stm32f3xx_hal_flash_ex.o
#        D:\Radio\Jobe\Universal_Driver\Universal_Driver_soft\UniversalDriverForStepper\EWARM\UniversalDriver\Obj\stm32f3xx_hal_gpio.o
#        D:\Radio\Jobe\Universal_Driver\Universal_Driver_soft\UniversalDriverForStepper\EWARM\UniversalDriver\Obj\stm32f3xx_hal_i2c.o
#        D:\Radio\Jobe\Universal_Driver\Universal_Driver_soft\UniversalDriverForStepper\EWARM\UniversalDriver\Obj\stm32f3xx_hal_i2c_ex.o
#        D:\Radio\Jobe\Universal_Driver\Universal_Driver_soft\UniversalDriverForStepper\EWARM\UniversalDriver\Obj\stm32f3xx_hal_msp.o
#        D:\Radio\Jobe\Universal_Driver\Universal_Driver_soft\UniversalDriverForStepper\EWARM\UniversalDriver\Obj\stm32f3xx_hal_pwr.o
#        D:\Radio\Jobe\Universal_Driver\Universal_Driver_soft\UniversalDriverForStepper\EWARM\UniversalDriver\Obj\stm32f3xx_hal_pwr_ex.o
#        D:\Radio\Jobe\Universal_Driver\Universal_Driver_soft\UniversalDriverForStepper\EWARM\UniversalDriver\Obj\stm32f3xx_hal_rcc.o
#        D:\Radio\Jobe\Universal_Driver\Universal_Driver_soft\UniversalDriverForStepper\EWARM\UniversalDriver\Obj\stm32f3xx_hal_rcc_ex.o
#        D:\Radio\Jobe\Universal_Driver\Universal_Driver_soft\UniversalDriverForStepper\EWARM\UniversalDriver\Obj\stm32f3xx_hal_rtc.o
#        D:\Radio\Jobe\Universal_Driver\Universal_Driver_soft\UniversalDriverForStepper\EWARM\UniversalDriver\Obj\stm32f3xx_hal_rtc_ex.o
#        D:\Radio\Jobe\Universal_Driver\Universal_Driver_soft\UniversalDriverForStepper\EWARM\UniversalDriver\Obj\stm32f3xx_hal_spi.o
#        D:\Radio\Jobe\Universal_Driver\Universal_Driver_soft\UniversalDriverForStepper\EWARM\UniversalDriver\Obj\stm32f3xx_hal_spi_ex.o
#        D:\Radio\Jobe\Universal_Driver\Universal_Driver_soft\UniversalDriverForStepper\EWARM\UniversalDriver\Obj\stm32f3xx_hal_tim.o
#        D:\Radio\Jobe\Universal_Driver\Universal_Driver_soft\UniversalDriverForStepper\EWARM\UniversalDriver\Obj\stm32f3xx_hal_tim_ex.o
#        D:\Radio\Jobe\Universal_Driver\Universal_Driver_soft\UniversalDriverForStepper\EWARM\UniversalDriver\Obj\stm32f3xx_hal_timebase_tim.o
#        D:\Radio\Jobe\Universal_Driver\Universal_Driver_soft\UniversalDriverForStepper\EWARM\UniversalDriver\Obj\stm32f3xx_hal_uart.o
#        D:\Radio\Jobe\Universal_Driver\Universal_Driver_soft\UniversalDriverForStepper\EWARM\UniversalDriver\Obj\stm32f3xx_hal_uart_ex.o
#        D:\Radio\Jobe\Universal_Driver\Universal_Driver_soft\UniversalDriverForStepper\EWARM\UniversalDriver\Obj\stm32f3xx_it.o
#        D:\Radio\Jobe\Universal_Driver\Universal_Driver_soft\UniversalDriverForStepper\EWARM\UniversalDriver\Obj\stream_buffer.o
#        D:\Radio\Jobe\Universal_Driver\Universal_Driver_soft\UniversalDriverForStepper\EWARM\UniversalDriver\Obj\system_stm32f3xx.o
#        D:\Radio\Jobe\Universal_Driver\Universal_Driver_soft\UniversalDriverForStepper\EWARM\UniversalDriver\Obj\tasks.o
#        D:\Radio\Jobe\Universal_Driver\Universal_Driver_soft\UniversalDriverForStepper\EWARM\UniversalDriver\Obj\tim.o
#        D:\Radio\Jobe\Universal_Driver\Universal_Driver_soft\UniversalDriverForStepper\EWARM\UniversalDriver\Obj\timers.o
#        D:\Radio\Jobe\Universal_Driver\Universal_Driver_soft\UniversalDriverForStepper\EWARM\UniversalDriver\Obj\usart.o
#        --redirect _Printf=_PrintfFull --redirect _Scanf=_ScanfFull
#        --no_out_extension -o
#        D:\Radio\Jobe\Universal_Driver\Universal_Driver_soft\UniversalDriverForStepper\EWARM\UniversalDriver\Exe\UniversalDriver.out
#        --map
#        D:\Radio\Jobe\Universal_Driver\Universal_Driver_soft\UniversalDriverForStepper\EWARM\UniversalDriver\List\UniversalDriver.map
#        --config
#        D:\Radio\Jobe\Universal_Driver\Universal_Driver_soft\UniversalDriverForStepper\EWARM/stm32f303xc_flash.icf
#        --semihosting --entry __iar_program_start --vfe --text_out locale)
#
###############################################################################

*******************************************************************************
*** RUNTIME MODEL ATTRIBUTES
***

CppFlavor                     = *
__CPP_Exceptions              = Disabled
__CPP_Language                = C++14
__Heap_Handler                = Basic
__SystemLibrary               = DLib
__dlib_dynamic_initialization = normal
__dlib_version                = 6


*******************************************************************************
*** HEAP SELECTION
***

The basic heap was selected because no calls to memory allocation
functions were found in the application outside of system library
functions, and there are calls to deallocation functions in the
application.


*******************************************************************************
*** PLACEMENT SUMMARY
***

"A0":  place at address 0x800'0000 { ro section .intvec };
"P1":  place in [from 0x800'0000 to 0x803'ffff] { ro };
define block CSTACK with size = 1K, alignment = 8 { };
define block HEAP with size = 4K, alignment = 8 { };
"P2":  place in [from 0x2000'0000 to 0x2000'9fff] {
          rw, block CSTACK, block HEAP };
initialize by copy { rw };

  Section                Kind         Address    Size  Object
  -------                ----         -------    ----  ------
"A0":                                           0x188
  .intvec                ro code   0x800'0000   0x188  startup_stm32f303xc.o [1]
                                 - 0x800'0188   0x188

"P1":                                          0x881a
  .text                  ro code   0x800'0188   0xab2  stm32f3xx_hal_tim.o [1]
  .text                  ro code   0x800'0c3a    0x3a  zero_init3.o [5]
  .text                  ro code   0x800'0c74   0x5d4  tim.o [1]
  .text                  ro code   0x800'1248     0x2  stm32f3xx_hal_tim.o [1]
  .text                  ro code   0x800'124a     0x2  stm32f3xx_hal_tim.o [1]
  .text                  ro code   0x800'124c     0x2  stm32f3xx_hal_tim.o [1]
  .rodata                const     0x800'124e     0x1  unwind_debug.o [6]
  .text                  ro code   0x800'1250   0x232  main.o [1]
  .text                  ro code   0x800'1482     0x2  stm32f3xx_hal_tim_ex.o [1]
  .text                  ro code   0x800'1484     0x2  stm32f3xx_hal_tim_ex.o [1]
  .text                  ro code   0x800'1486     0x2  stm32f3xx_hal_tim.o [1]
  .text                  ro code   0x800'1488     0x2  stm32f3xx_hal_tim_ex.o [1]
  .text                  ro code   0x800'148a    0x14  memset.o [5]
  .text                  ro code   0x800'14a0   0x13c  stm32f3xx_hal_tim_ex.o [1]
  .text                  ro code   0x800'15dc    0xe8  stm32f3xx_hal_cortex.o [1]
  .text                  ro code   0x800'16c4   0x214  stm32f3xx_hal_gpio.o [1]
  .text                  ro code   0x800'18d8   0x434  stepper.o [1]
  .text                  ro code   0x800'1d0c   0x3f8  BLDC.o [1]
  .text                  ro code   0x800'2104   0x14c  LED.o [1]
  .text                  ro code   0x800'2250    0x24  stm32f3xx_hal.o [1]
  .text                  ro code   0x800'2274   0x140  gpio.o [1]
  .text                  ro code   0x800'23b4    0xb8  dac.o [1]
  .text                  ro code   0x800'246c    0xc4  usart.o [1]
  .text                  ro code   0x800'2530   0x130  adc.o [1]
  .text                  ro code   0x800'2660    0xc4  spi.o [1]
  .text                  ro code   0x800'2724    0xc8  rtc.o [1]
  .text                  ro code   0x800'27ec   0x10c  flash.o [1]
  .text                  ro code   0x800'28f8    0xa6  ABImemcpy.o [5]
  .text                  ro code   0x800'29a0   0x8b4  freertos.o [1]
  .text                  ro code   0x800'3254    0xf4  cmsis_os.o [1]
  .text                  ro code   0x800'3348   0x960  stm32f3xx_hal_rcc.o [1]
  .text                  ro code   0x800'3ca8   0x250  stm32f3xx_hal_rcc_ex.o [1]
  .text                  ro code   0x800'3ef8    0x18  stm32f3xx_hal.o [1]
  .text                  ro code   0x800'3f10    0x66  ABImemset.o [5]
  .text                  ro code   0x800'3f78    0x1a  U32ToDbl.o [4]
  .text                  ro code   0x800'3f92    0xd2  motor.o [1]
  .text                  ro code   0x800'4064    0x3a  DblToS32.o [4]
  .text                  ro code   0x800'40a0   0x152  stm32f3xx_hal_dac_ex.o [1]
  .text                  ro code   0x800'41f4     0xc  stm32f3xx_hal.o [1]
  .text                  ro code   0x800'4200   0x1a2  DblMul.o [4]
  .text                  ro code   0x800'43a4   0x246  DblDiv.o [4]
  .text                  ro code   0x800'45ec    0x68  DblToFlt.o [4]
  .text                  ro code   0x800'4654    0x80  stm32f3xx_hal_timebase_tim.o [1]
  .text                  ro code   0x800'46d4    0x40  stm32f3xx_hal_msp.o [1]
  .text                  ro code   0x800'4714    0x2c  stm32f3xx_hal_dac.o [1]
  .text                  ro code   0x800'4740    0x92  stm32f3xx_hal_uart_ex.o [1]
  .text                  ro code   0x800'47d4   0x940  stm32f3xx_hal_adc_ex.o [1]
  .text                  ro code   0x800'5114    0xd0  stm32f3xx_hal_spi.o [1]
  .text                  ro code   0x800'51e4   0x34c  stm32f3xx_hal_rtc.o [1]
  .text                  ro code   0x800'5530   0x1b2  RV_BUTTON.o [1]
  .text                  ro code   0x800'56e4    0x1c  stm32f3xx_hal_rtc_ex.o [1]
  .text                  ro code   0x800'5700   0x200  mb.o [1]
  .text                  ro code   0x800'5900   0x964  tasks.o [1]
  .text                  ro code   0x800'6264   0x452  queue.o [1]
  .text                  ro code   0x800'66b8    0xe2  DblSub.o [4]
  .text                  ro code   0x800'679c   0x17a  DblAdd.o [4]
  .text                  ro code   0x800'6916     0x2  stm32f3xx_hal_dac.o [1]
  .text                  ro code   0x800'6918     0x2  stm32f3xx_hal_dac_ex.o [1]
  .text                  ro code   0x800'691c   0x7f8  stm32f3xx_hal_uart.o [1]
  .text                  ro code   0x800'7114   0x2c4  mbrtu.o [1]
  .text                  ro code   0x800'73d8    0x3c  portevent.o [1]
  .text                  ro code   0x800'7414   0x260  heap_4.o [1]
  .text                  ro code   0x800'7674    0x98  list.o [1]
  .text                  ro code   0x800'770c   0x258  port.o [1]
  .text                  ro code   0x800'7964    0x52  stm32f3xx_hal_dma.o [1]
  .text                  ro code   0x800'79b6     0x2  stm32f3xx_hal_uart.o [1]
  .text                  ro code   0x800'79b8     0x2  stm32f3xx_hal_uart.o [1]
  .text                  ro code   0x800'79bc    0xf4  portserial.o [1]
  .text                  ro code   0x800'7ab0    0x80  porttimer.o [1]
  .text                  ro code   0x800'7b30    0x24  ABIassert.o [6]
  .text                  ro code   0x800'7b54    0x40  mbcrc.o [1]
  CODE                   ro code   0x800'7b94    0xb0  portasm.o [1]
  .text                  ro code   0x800'7c44     0x6  abort.o [2]
  .text                  ro code   0x800'7c4c    0x14  exit.o [6]
  .text                  ro code   0x800'7c60   0x21c  mbfuncholding.o [1]
  .text                  ro code   0x800'7e7c    0x22  mbutils.o [1]
  .text                  ro code   0x800'7e9e   0x198  mbfunccoils.o [1]
  .text                  ro code   0x800'8038   0x104  stm32f3xx_it.o [1]
  .rodata                const     0x800'813c   0x100  mbcrc.o [1]
  .rodata                const     0x800'823c   0x100  mbcrc.o [1]
  .text                  ro code   0x800'833c    0x9c  mbfuncdisc.o [1]
  .text                  ro code   0x800'83d8    0x86  mbfuncinput.o [1]
  .rodata                const     0x800'8460    0x7c  mbrtu.o [1]
  .rodata                const     0x800'84dc    0x64  mbrtu.o [1]
  .rodata                const     0x800'8540    0x48  BLDC.o [1]
  .rodata                const     0x800'8588    0x48  stepper.o [1]
  .text                  ro code   0x800'85d0    0x38  packbits_init_single.o [5]
  .text                  ro code   0x800'8608    0x28  data_init.o [5]
  .text                  ro code   0x800'8630    0x24  mbfuncother.o [1]
  .text                  ro code   0x800'8654    0x22  fpinit_M.o [4]
  .iar.init_table        const     0x800'8678    0x24  - Linker created -
  .text                  ro code   0x800'869c    0x20  cmain_call_ctors.o [5]
  .text                  ro code   0x800'86bc    0x18  cppinit.o [2]
  .text                  ro code   0x800'86d4    0x1e  cmain.o [5]
  .text                  ro code   0x800'86f2     0x4  low_level_init.o [2]
  .text                  ro code   0x800'86f6     0x4  exit.o [2]
  .text                  ro code   0x800'86fc     0xa  cexit.o [5]
  .rodata                const     0x800'8708    0x1c  freertos.o [1]
  .rodata                const     0x800'8724    0x1c  freertos.o [1]
  .rodata                const     0x800'8740    0x1c  mbrtu.o [1]
  .rodata                const     0x800'875c    0x1c  mbrtu.o [1]
  .text                  ro code   0x800'8778    0x1c  system_stm32f3xx.o [1]
  .rodata                const     0x800'8794    0x18  mbrtu.o [1]
  .rodata                const     0x800'87ac    0x10  stm32f3xx_hal_rcc.o [1]
  .rodata                const     0x800'87bc    0x10  stm32f3xx_hal_rcc.o [1]
  .rodata                const     0x800'87cc    0x10  system_stm32f3xx.o [1]
  .text                  ro code   0x800'87dc    0x10  startup_stm32f303xc.o [1]
  .rodata                const     0x800'87ec     0xc  freertos.o [1]
  .text                  ro code   0x800'87f8     0xc  cstartup_M.o [5]
  .rodata                const     0x800'8804     0x8  freertos.o [1]
  .rodata                const     0x800'880c     0x8  freertos.o [1]
  .rodata                const     0x800'8814     0x8  freertos.o [1]
  .rodata                const     0x800'881c     0x8  freertos.o [1]
  .rodata                const     0x800'8824     0x8  system_stm32f3xx.o [1]
  .rodata                const     0x800'882c     0x8  tasks.o [1]
  SHT$$PREINIT_ARRAY               0x800'8834     0x0  <Block>
  SHT$$INIT_ARRAY                  0x800'8834     0x8  <Block>
    .init_array          const     0x800'8834     0x4  freertos.o [1]
    .init_array          const     0x800'8838     0x4  main.o [1]
  __iar_tls$$INIT_ARRAY            0x800'883c     0x0  <Block>
  .rodata                const     0x800'883c     0x4  heap_4.o [1]
  .rodata                const     0x800'8840     0x4  port.o [1]
  .text                  ro code   0x800'8844     0x4  startup_stm32f303xc.o [1]
  .text                  ro code   0x800'8848     0x4  startup_stm32f303xc.o [1]
  .text                  ro code   0x800'884c     0x4  startup_stm32f303xc.o [1]
  .text                  ro code   0x800'8850     0x4  startup_stm32f303xc.o [1]
  .text                  ro code   0x800'8854     0x4  startup_stm32f303xc.o [1]
  .text                  ro code   0x800'8858     0x4  startup_stm32f303xc.o [1]
  .text                  ro code   0x800'885c     0x4  startup_stm32f303xc.o [1]
  .text                  ro code   0x800'8860     0x4  startup_stm32f303xc.o [1]
  .text                  ro code   0x800'8864     0x4  startup_stm32f303xc.o [1]
  .text                  ro code   0x800'8868     0x4  startup_stm32f303xc.o [1]
  .text                  ro code   0x800'886c     0x4  startup_stm32f303xc.o [1]
  .text                  ro code   0x800'8870     0x4  startup_stm32f303xc.o [1]
  .text                  ro code   0x800'8874     0x4  startup_stm32f303xc.o [1]
  .text                  ro code   0x800'8878     0x4  startup_stm32f303xc.o [1]
  .text                  ro code   0x800'887c     0x4  startup_stm32f303xc.o [1]
  .text                  ro code   0x800'8880     0x4  startup_stm32f303xc.o [1]
  .text                  ro code   0x800'8884     0x4  startup_stm32f303xc.o [1]
  .text                  ro code   0x800'8888     0x4  startup_stm32f303xc.o [1]
  .text                  ro code   0x800'888c     0x4  startup_stm32f303xc.o [1]
  .text                  ro code   0x800'8890     0x4  startup_stm32f303xc.o [1]
  .text                  ro code   0x800'8894     0x4  startup_stm32f303xc.o [1]
  .text                  ro code   0x800'8898     0x4  startup_stm32f303xc.o [1]
  .text                  ro code   0x800'889c     0x4  startup_stm32f303xc.o [1]
  .text                  ro code   0x800'88a0     0x4  startup_stm32f303xc.o [1]
  .text                  ro code   0x800'88a4     0x4  startup_stm32f303xc.o [1]
  .text                  ro code   0x800'88a8     0x4  startup_stm32f303xc.o [1]
  .text                  ro code   0x800'88ac     0x4  startup_stm32f303xc.o [1]
  .text                  ro code   0x800'88b0     0x4  startup_stm32f303xc.o [1]
  .text                  ro code   0x800'88b4     0x4  startup_stm32f303xc.o [1]
  .text                  ro code   0x800'88b8     0x4  startup_stm32f303xc.o [1]
  .text                  ro code   0x800'88bc     0x4  startup_stm32f303xc.o [1]
  .text                  ro code   0x800'88c0     0x4  startup_stm32f303xc.o [1]
  .text                  ro code   0x800'88c4     0x4  startup_stm32f303xc.o [1]
  .text                  ro code   0x800'88c8     0x4  startup_stm32f303xc.o [1]
  .text                  ro code   0x800'88cc     0x4  startup_stm32f303xc.o [1]
  .text                  ro code   0x800'88d0     0x4  startup_stm32f303xc.o [1]
  .text                  ro code   0x800'88d4     0x4  startup_stm32f303xc.o [1]
  .text                  ro code   0x800'88d8     0x4  startup_stm32f303xc.o [1]
  .text                  ro code   0x800'88dc     0x4  startup_stm32f303xc.o [1]
  .text                  ro code   0x800'88e0     0x4  startup_stm32f303xc.o [1]
  .text                  ro code   0x800'88e4     0x4  startup_stm32f303xc.o [1]
  .text                  ro code   0x800'88e8     0x4  startup_stm32f303xc.o [1]
  .text                  ro code   0x800'88ec     0x4  startup_stm32f303xc.o [1]
  .text                  ro code   0x800'88f0     0x4  startup_stm32f303xc.o [1]
  .text                  ro code   0x800'88f4     0x4  startup_stm32f303xc.o [1]
  .text                  ro code   0x800'88f8     0x4  startup_stm32f303xc.o [1]
  .text                  ro code   0x800'88fc     0x4  startup_stm32f303xc.o [1]
  .text                  ro code   0x800'8900     0x4  startup_stm32f303xc.o [1]
  .text                  ro code   0x800'8904     0x4  startup_stm32f303xc.o [1]
  .text                  ro code   0x800'8908     0x4  startup_stm32f303xc.o [1]
  .text                  ro code   0x800'890c     0x4  startup_stm32f303xc.o [1]
  .text                  ro code   0x800'8910     0x4  startup_stm32f303xc.o [1]
  .text                  ro code   0x800'8914     0x4  startup_stm32f303xc.o [1]
  .text                  ro code   0x800'8918     0x4  startup_stm32f303xc.o [1]
  .text                  ro code   0x800'891c     0x4  startup_stm32f303xc.o [1]
  .text                  ro code   0x800'8920     0x4  startup_stm32f303xc.o [1]
  .text                  ro code   0x800'8924     0x4  startup_stm32f303xc.o [1]
  .text                  ro code   0x800'8928     0x4  startup_stm32f303xc.o [1]
  .text                  ro code   0x800'892c     0x4  startup_stm32f303xc.o [1]
  .rodata                const     0x800'8930     0x0  zero_init3.o [5]
  .rodata                const     0x800'8930     0x0  packbits_init_single.o [5]
  Initializer bytes      const     0x800'8930    0x72  <for P2-1>
                                 - 0x800'89a2  0x881a

"P2", part 1 of 3:                               0xba
  P2-1                            0x2000'0000    0xba  <Init block>
    .data                inited   0x2000'0000     0x4  freertos.o [1]
    .data                inited   0x2000'0004    0x24  main.o [1]
    .data                inited   0x2000'0028    0x80  mb.o [1]
    .data                inited   0x2000'00a8     0x4  port.o [1]
    .data                inited   0x2000'00ac     0x4  portserial.o [1]
    .data                inited   0x2000'00b0     0x4  stm32f3xx_hal.o [1]
    .data                inited   0x2000'00b4     0x4  system_stm32f3xx.o [1]
    .data                inited   0x2000'00b8     0x1  mb.o [1]
    .data                inited   0x2000'00b9     0x1  stm32f3xx_hal.o [1]
                                - 0x2000'00ba    0xba

"P2", part 2 of 3:                             0x5a3c
  .bss                   zero     0x2000'00bc  0x5000  heap_4.o [1]
  .bss                   zero     0x2000'50bc   0x200  freertos.o [1]
  .bss                   zero     0x2000'52bc   0x100  mbrtu.o [1]
  .bss                   zero     0x2000'53bc    0x8c  tasks.o [1]
  .bss                   zero     0x2000'5448    0x80  usart.o [1]
  .bss                   zero     0x2000'54c8    0x74  main.o [1]
  .bss                   zero     0x2000'553c    0x64  spi.o [1]
  .bss                   zero     0x2000'55a0    0x54  freertos.o [1]
  .bss                   zero     0x2000'55f4    0x50  adc.o [1]
  .bss                   zero     0x2000'5644    0x48  main.o [1]
  .bss                   zero     0x2000'568c    0x40  stm32f3xx_hal_timebase_tim.o [1]
  .bss                   zero     0x2000'56cc    0x40  tim.o [1]
  .bss                   zero     0x2000'570c    0x40  tim.o [1]
  .bss                   zero     0x2000'574c    0x40  tim.o [1]
  .bss                   zero     0x2000'578c    0x40  tim.o [1]
  .bss                   zero     0x2000'57cc    0x40  tim.o [1]
  .bss                   zero     0x2000'580c    0x40  tim.o [1]
  .bss                   zero     0x2000'584c    0x40  tim.o [1]
  .bss                   zero     0x2000'588c    0x30  main.o [1]
  .bss                   zero     0x2000'58bc    0x30  main.o [1]
  .bss                   zero     0x2000'58ec    0x30  main.o [1]
  .bss                   zero     0x2000'591c    0x20  mbfuncother.o [1]
  .bss                   zero     0x2000'593c    0x20  rtc.o [1]
  .bss                   zero     0x2000'595c    0x1c  freertos.o [1]
  .bss                   zero     0x2000'5978    0x1c  freertos.o [1]
  .bss                   zero     0x2000'5994    0x1c  freertos.o [1]
  .bss                   zero     0x2000'59b0    0x14  dac.o [1]
  .bss                   zero     0x2000'59c4    0x14  tasks.o [1]
  .bss                   zero     0x2000'59d8    0x14  tasks.o [1]
  .bss                   zero     0x2000'59ec    0x14  tasks.o [1]
  .bss                   zero     0x2000'5a00    0x14  tasks.o [1]
  .bss                   zero     0x2000'5a14    0x14  tasks.o [1]
  .bss                   zero     0x2000'5a28     0x8  heap_4.o [1]
  .bss                   zero     0x2000'5a30     0x4  freertos.o [1]
  .bss                   zero     0x2000'5a34     0x4  freertos.o [1]
  .bss                   zero     0x2000'5a38     0x4  freertos.o [1]
  .bss                   zero     0x2000'5a3c     0x4  freertos.o [1]
  .bss                   zero     0x2000'5a40     0x4  freertos.o [1]
  .bss                   zero     0x2000'5a44     0x4  freertos.o [1]
  .bss                   zero     0x2000'5a48     0x4  freertos.o [1]
  .bss                   zero     0x2000'5a4c     0x4  freertos.o [1]
  .bss                   zero     0x2000'5a50     0x4  freertos.o [1]
  .bss                   zero     0x2000'5a54     0x4  freertos.o [1]
  .bss                   zero     0x2000'5a58     0x4  freertos.o [1]
  .bss                   zero     0x2000'5a5c     0x4  heap_4.o [1]
  .bss                   zero     0x2000'5a60     0x4  heap_4.o [1]
  .bss                   zero     0x2000'5a64     0x4  heap_4.o [1]
  .bss                   zero     0x2000'5a68     0x4  heap_4.o [1]
  .bss                   zero     0x2000'5a6c     0x4  main.o [1]
  .bss                   zero     0x2000'5a70     0x4  main.o [1]
  .bss                   zero     0x2000'5a74     0x4  mb.o [1]
  .bss                   zero     0x2000'5a78     0x4  mb.o [1]
  .bss                   zero     0x2000'5a7c     0x4  mb.o [1]
  .bss                   zero     0x2000'5a80     0x4  mb.o [1]
  .bss                   zero     0x2000'5a84     0x4  mb.o [1]
  .bss                   zero     0x2000'5a88     0x4  mb.o [1]
  .bss                   zero     0x2000'5a8c     0x4  mb.o [1]
  .bss                   zero     0x2000'5a90     0x4  mb.o [1]
  .bss                   zero     0x2000'5a94     0x4  mb.o [1]
  .bss                   zero     0x2000'5a98     0x4  mbrtu.o [1]
  .bss                   zero     0x2000'5a9c     0x4  port.o [1]
  .bss                   zero     0x2000'5aa0     0x4  stm32f3xx_hal.o [1]
  .bss                   zero     0x2000'5aa4     0x4  tasks.o [1]
  .bss                   zero     0x2000'5aa8     0x4  tasks.o [1]
  .bss                   zero     0x2000'5aac     0x4  tasks.o [1]
  .bss                   zero     0x2000'5ab0     0x4  tasks.o [1]
  .bss                   zero     0x2000'5ab4     0x4  tasks.o [1]
  .bss                   zero     0x2000'5ab8     0x4  tasks.o [1]
  .bss                   zero     0x2000'5abc     0x4  tasks.o [1]
  .bss                   zero     0x2000'5ac0     0x4  tasks.o [1]
  .bss                   zero     0x2000'5ac4     0x4  tasks.o [1]
  .bss                   zero     0x2000'5ac8     0x4  tasks.o [1]
  .bss                   zero     0x2000'5acc     0x4  tasks.o [1]
  .bss                   zero     0x2000'5ad0     0x4  tasks.o [1]
  .bss                   zero     0x2000'5ad4     0x4  tasks.o [1]
  .bss                   zero     0x2000'5ad8     0x4  tasks.o [1]
  .bss                   zero     0x2000'5adc     0x4  tasks.o [1]
  .bss                   zero     0x2000'5ae0     0x2  mb.o [1]
  .bss                   zero     0x2000'5ae2     0x2  mbfuncother.o [1]
  .bss                   zero     0x2000'5ae4     0x2  mbrtu.o [1]
  .bss                   zero     0x2000'5ae6     0x2  mbrtu.o [1]
  .bss                   zero     0x2000'5ae8     0x2  porttimer.o [1]
  .bss                   zero     0x2000'5aea     0x2  porttimer.o [1]
  .bss                   zero     0x2000'5aec     0x1  mb.o [1]
  .bss                   zero     0x2000'5aed     0x1  mb.o [1]
  .bss                   zero     0x2000'5aee     0x1  mb.o [1]
  .bss                   zero     0x2000'5aef     0x1  mb.o [1]
  .bss                   zero     0x2000'5af0     0x1  mb.o [1]
  .bss                   zero     0x2000'5af1     0x1  mbrtu.o [1]
  .bss                   zero     0x2000'5af2     0x1  mbrtu.o [1]
  .bss                   zero     0x2000'5af3     0x1  port.o [1]
  .bss                   zero     0x2000'5af4     0x1  portevent.o [1]
  .bss                   zero     0x2000'5af5     0x1  portevent.o [1]
                                - 0x2000'5af6  0x5a3a

"P2", part 3 of 3:                              0x400
  CSTACK                          0x2000'5af8   0x400  <Block>
    CSTACK               uninit   0x2000'5af8   0x400  <Block tail>
                                - 0x2000'5ef8   0x400

Unused ranges:

         From           To      Size
         ----           --      ----
   0x800'89a2   0x803'ffff  0x3'765e
  0x2000'00ba  0x2000'00bb       0x2
  0x2000'5ef8  0x2000'9fff    0x4108


*******************************************************************************
*** INIT TABLE
***

          Address      Size
          -------      ----
Zero (__iar_zero_init3)
    1 destination range, total size 0x5a3a:
          0x2000'00bc  0x5a3a

Copy/packbits (__iar_packbits_init_single3)
    1 source range, total size 0x72 (61% of destination):
           0x800'8930    0x72
    1 destination range, total size 0xba:
          0x2000'0000    0xba

Extra (__iar_cstart_call_ctors)



*******************************************************************************
*** MODULE SUMMARY
***

    Module                        ro code  ro data  rw data
    ------                        -------  -------  -------
command line/config:
    -------------------------------------------------------
    Total:

D:\Radio\Jobe\Universal_Driver\Universal_Driver_soft\UniversalDriverForStepper\EWARM\UniversalDriver\Obj: [1]
    BLDC.o                          1'016       72
    LED.o                             332
    RV_BUTTON.o                       434
    adc.o                             304                80
    cmsis_os.o                        244
    dac.o                             184                20
    flash.o                           268
    freertos.o                      2'228      106      728
    gpio.o                            320
    heap_4.o                          608        4   20'504
    list.o                            152
    main.o                            562       26      376
    mb.o                              512       79      172
    mbcrc.o                            64      512
    mbfunccoils.o                     408
    mbfuncdisc.o                      156
    mbfuncholding.o                   540
    mbfuncinput.o                     134
    mbfuncother.o                      36                34
    mbrtu.o                           708      304      266
    mbutils.o                          34
    motor.o                           210
    port.o                            600        7        9
    portasm.o                         176
    portevent.o                        60                 2
    portserial.o                      244        2        4
    porttimer.o                       128                 4
    queue.o                         1'106
    rtc.o                             200                32
    spi.o                             196               100
    startup_stm32f303xc.o             644
    stepper.o                       1'076       72
    stm32f3xx_hal.o                    72        4        9
    stm32f3xx_hal_adc_ex.o          2'368
    stm32f3xx_hal_cortex.o            232
    stm32f3xx_hal_dac.o                46
    stm32f3xx_hal_dac_ex.o            340
    stm32f3xx_hal_dma.o                82
    stm32f3xx_hal_gpio.o              532
    stm32f3xx_hal_msp.o                64
    stm32f3xx_hal_rcc.o             2'400       32
    stm32f3xx_hal_rcc_ex.o            592
    stm32f3xx_hal_rtc.o               844
    stm32f3xx_hal_rtc_ex.o             28
    stm32f3xx_hal_spi.o               208
    stm32f3xx_hal_tim.o             2'746
    stm32f3xx_hal_tim_ex.o            322
    stm32f3xx_hal_timebase_tim.o      128                64
    stm32f3xx_hal_uart.o            2'044
    stm32f3xx_hal_uart_ex.o           146
    stm32f3xx_it.o                    260
    system_stm32f3xx.o                 28       26        4
    tasks.o                         2'404        8      300
    tim.o                           1'492               448
    usart.o                           196               128
    -------------------------------------------------------
    Total:                         31'458    1'254   23'284

dl7M_tlf.a: [2]
    abort.o                             6
    cppinit.o                          24
    exit.o                              4
    low_level_init.o                    4
    -------------------------------------------------------
    Total:                             38

dlpp7M_tl_fc.a: [3]
    -------------------------------------------------------
    Total:

m7M_tls.a: [4]
    DblAdd.o                          378
    DblDiv.o                          582
    DblMul.o                          418
    DblSub.o                          226
    DblToFlt.o                        104
    DblToS32.o                         58
    U32ToDbl.o                         26
    fpinit_M.o                         34
    -------------------------------------------------------
    Total:                          1'826

rt7M_tl.a: [5]
    ABImemcpy.o                       166
    ABImemset.o                       102
    cexit.o                            10
    cmain.o                            30
    cmain_call_ctors.o                 32
    cstartup_M.o                       12
    data_init.o                        40
    memset.o                           20
    packbits_init_single.o             56
    zero_init3.o                       58
    -------------------------------------------------------
    Total:                            526

shb_l.a: [6]
    ABIassert.o                        36
    exit.o                             20
    unwind_debug.o                               1
    -------------------------------------------------------
    Total:                             56        1

    Gaps                               33        6
    Linker created                              36    1'024
-----------------------------------------------------------
    Grand Total:                   33'937    1'297   24'308


*******************************************************************************
*** ENTRY LIST
***

Entry                       Address    Size  Type      Object
-----                       -------    ----  ----      ------
.iar.init_table$$Base    0x800'8678           --   Gb  - Linker created -
.iar.init_table$$Limit   0x800'869c           --   Gb  - Linker created -
?main                    0x800'86d5          Code  Gb  cmain.o [5]
ADC_Disable              0x800'5079    0x84  Code  Lc  stm32f3xx_hal_adc_ex.o [1]
AHBPrescTable            0x800'87cc    0x10  Data  Gb  system_stm32f3xx.o [1]
APBPrescTable            0x800'8824     0x8  Data  Gb  system_stm32f3xx.o [1]
BLDC                    0x2000'5644    0x48  Data  Gb  main.o [1]
BLDC_motor::BLDC_motor(TIM_HandleTypeDef *)
                         0x800'20b9    0x1e  Code  Gb  BLDC.o [1]
BLDC_motor::SensHandler()
                         0x800'1e0f   0x2aa  Code  Gb  BLDC.o [1]
BLDC_motor::goTo(int, dir)
                         0x800'1e0d     0x2  Code  Gb  BLDC.o [1]
BLDC_motor::removeBreak(bool)
                         0x800'1dc1    0x28  Code  Gb  BLDC.o [1]
BLDC_motor::setSpeed(unsigned char)
                         0x800'1d0d    0x84  Code  Gb  BLDC.o [1]
BLDC_motor::start()      0x800'1d91     0xe  Code  Gb  BLDC.o [1]
BLDC_motor::stop()       0x800'1d9f    0x22  Code  Gb  BLDC.o [1]
BusFault_Handler         0x800'803f     0x2  Code  Gb  stm32f3xx_it.o [1]
CSTACK$$Base            0x2000'5af8           --   Gb  - Linker created -
CSTACK$$Limit           0x2000'5ef8           --   Gb  - Linker created -
DebugMon_Handler         0x800'8043     0x2  Code  Gb  stm32f3xx_it.o [1]
EXTI9_5_IRQHandler       0x800'8045    0x14  Code  Gb  stm32f3xx_it.o [1]
Error_Handler            0x800'1481     0x2  Code  Gb  main.o [1]
FLASH_WriteSettings      0x800'27ed    0x40  Code  Gb  flash.o [1]
Flash_ReadParams         0x800'282d    0x26  Code  Gb  flash.o [1]
HAL_ADCEx_MultiModeConfigChannel
                         0x800'4f05   0x166  Code  Gb  stm32f3xx_hal_adc_ex.o [1]
HAL_ADC_ConfigChannel    0x800'4ac9   0x42e  Code  Gb  stm32f3xx_hal_adc_ex.o [1]
HAL_ADC_Init             0x800'47d5   0x2d0  Code  Gb  stm32f3xx_hal_adc_ex.o [1]
HAL_ADC_MspInit          0x800'25d7    0x7e  Code  Gb  adc.o [1]
HAL_DAC_ConfigChannel    0x800'41a1    0x52  Code  Gb  stm32f3xx_hal_dac_ex.o [1]
HAL_DAC_DMAUnderrunCallbackCh1
                         0x800'6917     0x2  Code  Wk  stm32f3xx_hal_dac.o [1]
HAL_DAC_IRQHandler       0x800'412f    0x72  Code  Gb  stm32f3xx_hal_dac_ex.o [1]
HAL_DAC_Init             0x800'4715    0x2c  Code  Gb  stm32f3xx_hal_dac.o [1]
HAL_DAC_MspInit          0x800'23f1    0x6a  Code  Gb  dac.o [1]
HAL_DAC_SetValue         0x800'40a1    0x2a  Code  Gb  stm32f3xx_hal_dac_ex.o [1]
HAL_DAC_Start            0x800'40cb    0x64  Code  Gb  stm32f3xx_hal_dac_ex.o [1]
HAL_DMA_Abort_IT         0x800'7965    0x52  Code  Gb  stm32f3xx_hal_dma.o [1]
HAL_GPIO_EXTI_Callback   0x800'3037   0x192  Code  Gb  freertos.o [1]
HAL_GPIO_EXTI_IRQHandler
                         0x800'188f    0x1c  Code  Gb  stm32f3xx_hal_gpio.o [1]
HAL_GPIO_Init            0x800'16c5   0x1a6  Code  Gb  stm32f3xx_hal_gpio.o [1]
HAL_GPIO_ReadPin         0x800'186b    0x12  Code  Gb  stm32f3xx_hal_gpio.o [1]
HAL_GPIO_WritePin        0x800'187d    0x12  Code  Gb  stm32f3xx_hal_gpio.o [1]
HAL_GetTick              0x800'41f5     0xc  Code  Wk  stm32f3xx_hal.o [1]
HAL_IncTick              0x800'3ef9    0x18  Code  Wk  stm32f3xx_hal.o [1]
HAL_Init                 0x800'2251    0x20  Code  Gb  stm32f3xx_hal.o [1]
HAL_InitTick             0x800'4655    0x70  Code  Gb  stm32f3xx_hal_timebase_tim.o [1]
HAL_MspInit              0x800'46d5    0x40  Code  Gb  stm32f3xx_hal_msp.o [1]
HAL_NVIC_EnableIRQ       0x800'16a7     0xa  Code  Gb  stm32f3xx_hal_cortex.o [1]
HAL_NVIC_SetPriority     0x800'1685    0x22  Code  Gb  stm32f3xx_hal_cortex.o [1]
HAL_NVIC_SetPriorityGrouping
                         0x800'167d     0x8  Code  Gb  stm32f3xx_hal_cortex.o [1]
HAL_RCCEx_PeriphCLKConfig
                         0x800'3ca9   0x230  Code  Gb  stm32f3xx_hal_rcc_ex.o [1]
HAL_RCC_ClockConfig      0x800'39bd   0x1bc  Code  Gb  stm32f3xx_hal_rcc.o [1]
HAL_RCC_GetClockConfig   0x800'3c27    0x34  Code  Gb  stm32f3xx_hal_rcc.o [1]
HAL_RCC_GetHCLKFreq      0x800'3be1     0x6  Code  Gb  stm32f3xx_hal_rcc.o [1]
HAL_RCC_GetPCLK1Freq     0x800'3be7    0x20  Code  Gb  stm32f3xx_hal_rcc.o [1]
HAL_RCC_GetPCLK2Freq     0x800'3c07    0x20  Code  Gb  stm32f3xx_hal_rcc.o [1]
HAL_RCC_GetSysClockFreq
                         0x800'3b79    0x68  Code  Gb  stm32f3xx_hal_rcc.o [1]
HAL_RCC_OscConfig        0x800'3349   0x674  Code  Gb  stm32f3xx_hal_rcc.o [1]
HAL_RS485Ex_Init         0x800'4741    0x90  Code  Gb  stm32f3xx_hal_uart_ex.o [1]
HAL_RTCEx_BKUPRead       0x800'56f3     0xe  Code  Gb  stm32f3xx_hal_rtc_ex.o [1]
HAL_RTCEx_BKUPWrite      0x800'56e5     0xe  Code  Gb  stm32f3xx_hal_rtc_ex.o [1]
HAL_RTC_Init             0x800'51e5    0xcc  Code  Gb  stm32f3xx_hal_rtc.o [1]
HAL_RTC_MspInit          0x800'27c5    0x1c  Code  Gb  rtc.o [1]
HAL_RTC_SetDate          0x800'53b7    0xe6  Code  Gb  stm32f3xx_hal_rtc.o [1]
HAL_RTC_SetTime          0x800'52b1   0x106  Code  Gb  stm32f3xx_hal_rtc.o [1]
HAL_RTC_WaitForSynchro   0x800'54a9    0x36  Code  Gb  stm32f3xx_hal_rtc.o [1]
HAL_SPI_Init             0x800'5115    0xd0  Code  Gb  stm32f3xx_hal_spi.o [1]
HAL_SPI_MspInit          0x800'26b1    0x60  Code  Gb  spi.o [1]
HAL_TIMEx_Break2Callback
                         0x800'1485     0x2  Code  Wk  stm32f3xx_hal_tim_ex.o [1]
HAL_TIMEx_BreakCallback
                         0x800'1483     0x2  Code  Wk  stm32f3xx_hal_tim_ex.o [1]
HAL_TIMEx_CommutCallback
                         0x800'1489     0x2  Code  Wk  stm32f3xx_hal_tim_ex.o [1]
HAL_TIMEx_ConfigBreakDeadTime
                         0x800'1535    0x92  Code  Gb  stm32f3xx_hal_tim_ex.o [1]
HAL_TIMEx_MasterConfigSynchronization
                         0x800'14a1    0x92  Code  Gb  stm32f3xx_hal_tim_ex.o [1]
HAL_TIM_Base_Init        0x800'0189    0x38  Code  Gb  stm32f3xx_hal_tim.o [1]
HAL_TIM_Base_MspInit     0x800'102d    0xd8  Code  Gb  tim.o [1]
HAL_TIM_Base_Start_IT    0x800'01c1    0x30  Code  Gb  stm32f3xx_hal_tim.o [1]
HAL_TIM_Base_Stop_IT     0x800'01f1    0x34  Code  Gb  stm32f3xx_hal_tim.o [1]
HAL_TIM_IRQHandler       0x800'03bd   0x194  Code  Gb  stm32f3xx_hal_tim.o [1]
HAL_TIM_MspPostInit      0x800'1149    0xb8  Code  Gb  tim.o [1]
HAL_TIM_OC_ConfigChannel
                         0x800'0551    0x76  Code  Gb  stm32f3xx_hal_tim.o [1]
HAL_TIM_OC_Init          0x800'0225    0x38  Code  Gb  stm32f3xx_hal_tim.o [1]
HAL_TIM_OC_MspInit       0x800'1127    0x22  Code  Gb  tim.o [1]
HAL_TIM_OC_Start         0x800'025d    0x7a  Code  Gb  stm32f3xx_hal_tim.o [1]
HAL_TIM_OC_Stop          0x800'02d7    0x96  Code  Gb  stm32f3xx_hal_tim.o [1]
HAL_TIM_PWM_ConfigChannel
                         0x800'05c7   0x162  Code  Gb  stm32f3xx_hal_tim.o [1]
HAL_TIM_PWM_Init         0x800'036d    0x38  Code  Gb  stm32f3xx_hal_tim.o [1]
HAL_TIM_PWM_MspInit      0x800'1105    0x22  Code  Gb  tim.o [1]
HAL_TIM_PeriodElapsedCallback
                         0x800'13e9    0x44  Code  Gb  main.o [1]
HAL_TIM_SlaveConfigSynchro
                         0x800'0729    0x5e  Code  Gb  stm32f3xx_hal_tim.o [1]
HAL_UARTEx_WakeupCallback
                         0x800'47d1     0x2  Code  Wk  stm32f3xx_hal_uart_ex.o [1]
HAL_UART_IRQHandler      0x800'6a65   0x190  Code  Gb  stm32f3xx_hal_uart.o [1]
HAL_UART_Init            0x800'691d    0x7a  Code  Gb  stm32f3xx_hal_uart.o [1]
HAL_UART_MspInit         0x800'24af    0x72  Code  Gb  usart.o [1]
HAL_UART_Transmit        0x800'6997    0xce  Code  Gb  stm32f3xx_hal_uart.o [1]
HardFault_Handler        0x800'803b     0x2  Code  Gb  stm32f3xx_it.o [1]
LED_S1                  0x2000'588c    0x30  Data  Gb  main.o [1]
LED_S2                  0x2000'58bc    0x30  Data  Gb  main.o [1]
LED_S3                  0x2000'58ec    0x30  Data  Gb  main.o [1]
MX_ADC1_Init             0x800'2531    0xa6  Code  Gb  adc.o [1]
MX_DAC_Init              0x800'23b5    0x3c  Code  Gb  dac.o [1]
MX_FREERTOS_Init()       0x800'29f9    0x8a  Code  Gb  freertos.o [1]
MX_GPIO_Init             0x800'2275   0x140  Code  Gb  gpio.o [1]
MX_RTC_Init              0x800'2725    0xa0  Code  Gb  rtc.o [1]
MX_SPI1_Init             0x800'2661    0x50  Code  Gb  spi.o [1]
MX_TIM16_Init            0x800'0f45    0xba  Code  Gb  tim.o [1]
MX_TIM17_Init            0x800'0fff    0x2e  Code  Gb  tim.o [1]
MX_TIM2_Init             0x800'0c75    0x78  Code  Gb  tim.o [1]
MX_TIM3_Init             0x800'0ced    0xae  Code  Gb  tim.o [1]
MX_TIM4_Init             0x800'0d9b    0x78  Code  Gb  tim.o [1]
MX_TIM6_Init             0x800'0e13    0x4e  Code  Gb  tim.o [1]
MX_TIM8_Init             0x800'0e61    0xe4  Code  Gb  tim.o [1]
MX_USART2_UART_Init      0x800'246d    0x42  Code  Gb  usart.o [1]
MainTask(void const *)   0x800'2a83   0x394  Code  Gb  freertos.o [1]
MemManage_Handler        0x800'803d     0x2  Code  Gb  stm32f3xx_it.o [1]
ModBus(void const *)     0x800'2e17    0x32  Code  Gb  freertos.o [1]
Motion                  0x2000'5a44     0x4  Data  Gb  freertos.o [1]
MotionRotor             0x2000'5a34     0x4  Data  Gb  freertos.o [1]
NMI_Handler              0x800'8039     0x2  Code  Gb  stm32f3xx_it.o [1]
NVIC_EncodePriority      0x800'1641    0x3c  Code  Lc  stm32f3xx_hal_cortex.o [1]
PendSV_Handler           0x800'7b95          Code  Gb  portasm.o [1]
RTC_ByteToBcd2           0x800'5519    0x18  Code  Gb  stm32f3xx_hal_rtc.o [1]
RTC_EnterInitMode        0x800'54df    0x3a  Code  Gb  stm32f3xx_hal_rtc.o [1]
RV_BUTTON::RV_BUTTON(GPIO_TypeDef *, unsigned short, bool, bool)
                         0x800'5531    0x22  Code  Gb  RV_BUTTON.o [1]
RV_BUTTON::init()        0x800'5553    0x2e  Code  Gb  RV_BUTTON.o [1]
RV_BUTTON::isRelease()   0x800'5585    0x1e  Code  Gb  RV_BUTTON.o [1]
RV_BUTTON::setType(bool)
                         0x800'5581     0x4  Code  Gb  RV_BUTTON.o [1]
RV_BUTTON::tick()        0x800'55a3   0x140  Code  Gb  RV_BUTTON.o [1]
Region$$Table$$Base      0x800'8678           --   Gb  - Linker created -
Region$$Table$$Limit     0x800'869c           --   Gb  - Linker created -
SHT$$INIT_ARRAY$$Base    0x800'8834           --   Gb  - Linker created -
SHT$$INIT_ARRAY$$Limit   0x800'883c           --   Gb  - Linker created -
SHT$$PREINIT_ARRAY$$Base
                         0x800'8834           --   Gb  - Linker created -
SHT$$PREINIT_ARRAY$$Limit
                         0x800'8834           --   Gb  - Linker created -
SVC_Handler              0x800'7bed          Code  Gb  portasm.o [1]
SysTick_Handler          0x800'788d    0x28  Code  Gb  port.o [1]
SystemClock_Config()     0x800'1349    0xa0  Code  Gb  main.o [1]
SystemCoreClock         0x2000'00b4     0x4  Data  Gb  system_stm32f3xx.o [1]
SystemInit               0x800'8779    0x14  Code  Gb  system_stm32f3xx.o [1]
TIM1_TRG_COM_TIM17_IRQHandler
                         0x800'8059    0x38  Code  Gb  stm32f3xx_it.o [1]
TIM2_IRQHandler          0x800'8091     0xa  Code  Gb  stm32f3xx_it.o [1]
TIM4_IRQHandler          0x800'809b     0xa  Code  Gb  stm32f3xx_it.o [1]
TIM6_DAC_IRQHandler      0x800'80f5    0x10  Code  Gb  stm32f3xx_it.o [1]
TIM7_IRQHandler          0x800'8105     0xa  Code  Gb  stm32f3xx_it.o [1]
TIM_Base_SetConfig       0x800'0787    0xb6  Code  Gb  stm32f3xx_hal_tim.o [1]
TIM_CCxChannelCmd        0x800'0c15    0x26  Code  Gb  stm32f3xx_hal_tim.o [1]
TIM_ETR_SetConfig        0x800'0bff    0x16  Code  Gb  stm32f3xx_hal_tim.o [1]
TIM_OC1_SetConfig        0x800'083d    0x9c  Code  Lc  stm32f3xx_hal_tim.o [1]
TIM_OC2_SetConfig        0x800'08d9    0x88  Code  Gb  stm32f3xx_hal_tim.o [1]
TIM_OC3_SetConfig        0x800'0963    0x7e  Code  Lc  stm32f3xx_hal_tim.o [1]
TIM_OC4_SetConfig        0x800'09e1    0x5e  Code  Lc  stm32f3xx_hal_tim.o [1]
TIM_OC5_SetConfig        0x800'0a3f    0x58  Code  Lc  stm32f3xx_hal_tim.o [1]
TIM_OC6_SetConfig        0x800'0a97    0x5a  Code  Lc  stm32f3xx_hal_tim.o [1]
TIM_SlaveTimer_SetConfig
                         0x800'0af3    0x9a  Code  Lc  stm32f3xx_hal_tim.o [1]
TIM_TI1_ConfigInputStage
                         0x800'0bb5    0x24  Code  Lc  stm32f3xx_hal_tim.o [1]
TIM_TI2_ConfigInputStage
                         0x800'0bd9    0x26  Code  Lc  stm32f3xx_hal_tim.o [1]
UART_AdvFeatureConfig    0x800'6ecd    0xda  Code  Gb  stm32f3xx_hal_uart.o [1]
UART_CheckIdleState      0x800'6fa7    0x68  Code  Gb  stm32f3xx_hal_uart.o [1]
UART_DMAAbortOnError     0x800'70e1    0x16  Code  Lc  stm32f3xx_hal_uart.o [1]
UART_EndRxTransfer       0x800'70bf    0x22  Code  Lc  stm32f3xx_hal_uart.o [1]
UART_EndTransmit_IT      0x800'70f9    0x1c  Code  Lc  stm32f3xx_hal_uart.o [1]
UART_SetConfig           0x800'6bf5   0x2b2  Code  Gb  stm32f3xx_hal_uart.o [1]
UART_WaitOnFlagUntilTimeout
                         0x800'700f    0xb0  Code  Gb  stm32f3xx_hal_uart.o [1]
USART2_IRQHandler        0x800'80a5    0x50  Code  Gb  stm32f3xx_it.o [1]
UsageFault_Handler       0x800'8041     0x2  Code  Gb  stm32f3xx_it.o [1]
Virtual function table for BLDC_motor
                         0x800'8540    0x48  Data  Gb  BLDC.o [1]
Virtual function table for step_motor
                         0x800'8588    0x48  Data  Gb  stepper.o [1]
__NVIC_EnableIRQ         0x800'1601    0x1c  Code  Lc  stm32f3xx_hal_cortex.o [1]
__NVIC_GetPriorityGrouping
                         0x800'15f7     0xa  Code  Lc  stm32f3xx_hal_cortex.o [1]
__NVIC_SetPriority       0x800'161d    0x24  Code  Lc  stm32f3xx_hal_cortex.o [1]
__NVIC_SetPriorityGrouping
                         0x800'15dd    0x1a  Code  Lc  stm32f3xx_hal_cortex.o [1]
__aeabi_assert           0x800'7b31    0x24  Code  Gb  ABIassert.o [6]
__aeabi_d2f              0x800'45ed          Code  Gb  DblToFlt.o [4]
__aeabi_d2iz             0x800'4065          Code  Gb  DblToS32.o [4]
__aeabi_dadd             0x800'679d          Code  Gb  DblAdd.o [4]
__aeabi_ddiv             0x800'43a5          Code  Gb  DblDiv.o [4]
__aeabi_dmul             0x800'4201          Code  Gb  DblMul.o [4]
__aeabi_dsub             0x800'66b9          Code  Gb  DblSub.o [4]
__aeabi_memcpy           0x800'28f9          Code  Gb  ABImemcpy.o [5]
__aeabi_memcpy4          0x800'2919          Code  Gb  ABImemcpy.o [5]
__aeabi_memcpy8          0x800'2919          Code  Gb  ABImemcpy.o [5]
__aeabi_memset           0x800'3f11          Code  Gb  ABImemset.o [5]
__aeabi_ui2d             0x800'3f79          Code  Gb  U32ToDbl.o [4]
__call_ctors             0x800'86bd    0x18  Code  Gb  cppinit.o [2]
__cmain                  0x800'86d5          Code  Gb  cmain.o [5]
__exit                   0x800'7c4d    0x14  Code  Gb  exit.o [6]
__iar_Memset             0x800'3f11          Code  Gb  ABImemset.o [5]
__iar_Memset_word        0x800'3f19          Code  Gb  ABImemset.o [5]
__iar_cstart_call_ctors
                         0x800'869d    0x20  Code  Gb  cmain_call_ctors.o [5]
__iar_dadd               0x800'66c9          Code  Gb  DblSub.o [4]
__iar_data_init3         0x800'8609    0x28  Code  Gb  data_init.o [5]
__iar_debug_exceptions   0x800'124e     0x1  Data  Gb  unwind_debug.o [6]
__iar_dsub               0x800'67ad          Code  Gb  DblAdd.o [4]
__iar_dsubStart          0x800'67bf          Code  Gb  DblAdd.o [4]
__iar_init_vfp           0x800'8655          Code  Gb  fpinit_M.o [4]
__iar_packbits_init_single3
                         0x800'85d1    0x38  Code  Gb  packbits_init_single.o [5]
__iar_program_start      0x800'87f9          Code  Gb  cstartup_M.o [5]
__iar_tls$$INIT_ARRAY$$Base
                         0x800'883c           --   Gb  - Linker created -
__iar_tls$$INIT_ARRAY$$Limit
                         0x800'883c           --   Gb  - Linker created -
__iar_zero_init3         0x800'0c3b    0x3a  Code  Gb  zero_init3.o [5]
__low_level_init         0x800'86f3     0x4  Code  Gb  low_level_init.o [2]
__sti__routine           0x800'29a1    0x46  Code  Lc  freertos.o [1]
__sti__routine           0x800'1251    0x3c  Code  Lc  main.o [1]
__vector_table           0x800'0000          Data  Gb  startup_stm32f303xc.o [1]
_call_main               0x800'86e1          Code  Gb  cmain.o [5]
_exit                    0x800'86fd          Code  Gb  cexit.o [5]
_main                    0x800'86ef          Code  Gb  cmain.o [5]
aPLLMULFactorTable       0x800'87ac    0x10  Data  Gb  stm32f3xx_hal_rcc.o [1]
aPredivFactorTable       0x800'87bc    0x10  Data  Gb  stm32f3xx_hal_rcc.o [1]
abort                    0x800'7c45     0x6  Code  Gb  abort.o [2]
aucCRCHi                 0x800'813c   0x100  Data  Lc  mbcrc.o [1]
aucCRCLo                 0x800'823c   0x100  Data  Lc  mbcrc.o [1]
base_motor::SetAcceleration(unsigned int)
                         0x800'3fe3     0x8  Code  Gb  motor.o [1]
base_motor::SetDirection(dir)
                         0x800'3fdf     0x4  Code  Gb  motor.o [1]
base_motor::base_motor()
                         0x800'3f9b    0x44  Code  Gb  motor.o [1]
base_motor::base_motor() [subobject]
                         0x800'3f93     0x8  Code  Gb  motor.o [1]
base_motor::goTo_twoSteps(int, dir, unsigned int, unsigned int)
                         0x800'3feb     0x2  Code  Gb  motor.o [1]
base_motor::map(double, double, double, double, double)
                         0x800'3fed    0x78  Code  Gb  motor.o [1]
button1                 0x2000'595c    0x1c  Data  Gb  freertos.o [1]
button2                 0x2000'5978    0x1c  Data  Gb  freertos.o [1]
button3                 0x2000'5994    0x1c  Data  Gb  freertos.o [1]
calibration             0x2000'0000     0x4  Data  Gb  freertos.o [1]
call                    0x2000'5a30     0x4  Data  Gb  freertos.o [1]
downcounter             0x2000'5aea     0x2  Data  Gb  porttimer.o [1]
eMBCurrentMode          0x2000'5aed     0x1  Data  Lc  mb.o [1]
eMBEnable                0x800'579b    0x20  Code  Gb  mb.o [1]
eMBFuncReadCoils         0x800'7e9f    0x9e  Code  Gb  mbfunccoils.o [1]
eMBFuncReadDiscreteInputs
                         0x800'833d    0x9c  Code  Gb  mbfuncdisc.o [1]
eMBFuncReadHoldingRegister
                         0x800'7d0b    0x86  Code  Gb  mbfuncholding.o [1]
eMBFuncReadInputRegister
                         0x800'83d9    0x86  Code  Gb  mbfuncinput.o [1]
eMBFuncReadWriteMultipleHoldingRegister
                         0x800'7d91    0xec  Code  Gb  mbfuncholding.o [1]
eMBFuncReportSlaveID     0x800'8631    0x1c  Code  Gb  mbfuncother.o [1]
eMBFuncWriteCoil         0x800'7f3d    0x6c  Code  Gb  mbfunccoils.o [1]
eMBFuncWriteHoldingRegister
                         0x800'7c61    0x3a  Code  Gb  mbfuncholding.o [1]
eMBFuncWriteMultipleCoils
                         0x800'7fa9    0x8e  Code  Gb  mbfunccoils.o [1]
eMBFuncWriteMultipleHoldingRegister
                         0x800'7c9b    0x70  Code  Gb  mbfuncholding.o [1]
eMBInit                  0x800'5701    0x9a  Code  Gb  mb.o [1]
eMBPoll                  0x800'57bb    0xe4  Code  Gb  mb.o [1]
eMBPoll::eException     0x2000'5af0     0x1  Data  Lc  mb.o [1]
eMBPoll::ucFunctionCode
                        0x2000'5aef     0x1  Data  Lc  mb.o [1]
eMBPoll::ucMBFrame      0x2000'5a94     0x4  Data  Lc  mb.o [1]
eMBPoll::ucRcvAddress   0x2000'5aee     0x1  Data  Lc  mb.o [1]
eMBPoll::usLength       0x2000'5ae0     0x2  Data  Lc  mb.o [1]
eMBRTUInit               0x800'7115    0x46  Code  Gb  mbrtu.o [1]
eMBRTUReceive            0x800'7189    0x6a  Code  Gb  mbrtu.o [1]
eMBRTUSend               0x800'71f3    0x60  Code  Gb  mbrtu.o [1]
eMBRTUStart              0x800'715b    0x1a  Code  Gb  mbrtu.o [1]
eMBRTUStop               0x800'7175    0x14  Code  Gb  mbrtu.o [1]
eMBRegCoilsCB            0x800'302f     0x4  Code  Gb  freertos.o [1]
eMBRegDiscreteCB         0x800'3033     0x4  Code  Gb  freertos.o [1]
eMBRegHoldingCB          0x800'2e4f   0x1e0  Code  Gb  freertos.o [1]
eMBRegInputCB            0x800'2e49     0x6  Code  Gb  freertos.o [1]
eMBState                0x2000'00b8     0x1  Data  Lc  mb.o [1]
eQueuedEvent            0x2000'5af4     0x1  Data  Lc  portevent.o [1]
eRcvState               0x2000'5af2     0x1  Data  Lc  mbrtu.o [1]
eSndState               0x2000'5af1     0x1  Data  Lc  mbrtu.o [1]
exit                     0x800'86f7     0x4  Code  Gb  exit.o [2]
flash_erase_page         0x800'2863    0x2a  Code  Gb  flash.o [1]
flash_lock               0x800'2899     0xc  Code  Gb  flash.o [1]
flash_ready              0x800'2853    0x10  Code  Gb  flash.o [1]
flash_unlock             0x800'288d     0xc  Code  Gb  flash.o [1]
flash_write              0x800'28a5    0x3a  Code  Gb  flash.o [1]
hadc1                   0x2000'55f4    0x50  Data  Gb  adc.o [1]
hdac                    0x2000'59b0    0x14  Data  Gb  dac.o [1]
hrtc                    0x2000'593c    0x20  Data  Gb  rtc.o [1]
hspi1                   0x2000'553c    0x64  Data  Gb  spi.o [1]
htim16                  0x2000'580c    0x40  Data  Gb  tim.o [1]
htim17                  0x2000'584c    0x40  Data  Gb  tim.o [1]
htim2                   0x2000'56cc    0x40  Data  Gb  tim.o [1]
htim3                   0x2000'570c    0x40  Data  Gb  tim.o [1]
htim4                   0x2000'574c    0x40  Data  Gb  tim.o [1]
htim6                   0x2000'578c    0x40  Data  Gb  tim.o [1]
htim7                   0x2000'568c    0x40  Data  Gb  stm32f3xx_hal_timebase_tim.o [1]
htim8                   0x2000'57cc    0x40  Data  Gb  tim.o [1]
huart2                  0x2000'5448    0x80  Data  Gb  usart.o [1]
inHandlerMode            0x800'326b    0x12  Code  Lc  cmsis_os.o [1]
led::Init(GPIO_TypeDef *, unsigned short)
                         0x800'21fb    0x1a  Code  Gb  LED.o [1]
led::LEDoff()            0x800'221b     0x6  Code  Gb  LED.o [1]
led::LEDon()             0x800'2215     0x6  Code  Gb  LED.o [1]
led::led()               0x800'2225    0x2c  Code  Gb  LED.o [1]
led::poll()              0x800'2105    0xf6  Code  Gb  LED.o [1]
led::setParameters(mode)
                         0x800'2221     0x4  Code  Gb  LED.o [1]
main                     0x800'128d    0xbc  Code  Gb  main.o [1]
mainTaskHandle          0x2000'5a48     0x4  Data  Gb  freertos.o [1]
makeFreeRtosPriority     0x800'3255    0x16  Code  Lc  cmsis_os.o [1]
memset                   0x800'148b    0x14  Code  Gb  memset.o [5]
modBusHandle            0x2000'5a4c     0x4  Data  Gb  freertos.o [1]
myBinarySem01Handle     0x2000'5a50     0x4  Data  Gb  freertos.o [1]
myBinarySem02Handle     0x2000'5a54     0x4  Data  Gb  freertos.o [1]
myBinarySem03Handle     0x2000'5a58     0x4  Data  Gb  freertos.o [1]
osDelayUntil             0x800'3345     0x4  Code  Gb  cmsis_os.o [1]
osKernelStart            0x800'327d     0xa  Code  Gb  cmsis_os.o [1]
osKernelSysTick          0x800'3287    0x16  Code  Gb  cmsis_os.o [1]
osSemaphoreCreate        0x800'32fb    0x4a  Code  Gb  cmsis_os.o [1]
osThreadCreate           0x800'329d    0x5e  Code  Gb  cmsis_os.o [1]
pMotor                  0x2000'5a70     0x4  Data  Gb  main.o [1]
pcInterruptPriorityRegisters
                         0x800'8840     0x4  Data  Lc  port.o [1]
peMBFrameReceiveCur     0x2000'5a80     0x4  Data  Lc  mb.o [1]
peMBFrameSendCur        0x2000'5a74     0x4  Data  Lc  mb.o [1]
pointCCW                0x2000'5a40     0x4  Data  Gb  freertos.o [1]
position                0x2000'5a38     0x4  Data  Gb  freertos.o [1]
prvAddCurrentTaskToDelayedList
                         0x800'61bd    0x6e  Code  Lc  tasks.o [1]
prvAddNewTaskToReadyList
                         0x800'5a9f    0x9a  Code  Lc  tasks.o [1]
prvCheckTasksWaitingTermination
                         0x800'6009    0x38  Code  Lc  tasks.o [1]
prvCopyDataToQueue       0x800'65a5    0x86  Code  Lc  queue.o [1]
prvDeleteTCB             0x800'6049    0x42  Code  Lc  tasks.o [1]
prvHeapInit              0x800'759b    0x5e  Code  Lc  heap_4.o [1]
prvIdleTask              0x800'5f85    0x22  Code  Lc  tasks.o [1]
prvInitialiseNewQueue    0x800'63ed    0x1c  Code  Lc  queue.o [1]
prvInitialiseNewTask     0x800'59f5    0xaa  Code  Lc  tasks.o [1]
prvInitialiseTaskLists   0x800'5fb5    0x50  Code  Lc  tasks.o [1]
prvInsertBlockIntoFreeList
                         0x800'75f9    0x5e  Code  Lc  heap_4.o [1]
prvIsQueueFull           0x800'6699    0x1e  Code  Lc  queue.o [1]
prvResetNextTaskUnblockTime
                         0x800'608b    0x28  Code  Lc  tasks.o [1]
prvTaskExitError         0x800'7735    0x2a  Code  Lc  port.o [1]
prvUnlockQueue           0x800'662b    0x6e  Code  Lc  queue.o [1]
prveMBError2Exception    0x800'7e7d    0x22  Code  Gb  mbutils.o [1]
pucSndBufferCur         0x2000'5a98     0x4  Data  Lc  mbrtu.o [1]
pvMBFrameCloseCur       0x2000'5a84     0x4  Data  Lc  mb.o [1]
pvMBFrameStartCur       0x2000'5a78     0x4  Data  Lc  mb.o [1]
pvMBFrameStopCur        0x2000'5a7c     0x4  Data  Lc  mb.o [1]
pvPortMalloc             0x800'7415   0x114  Code  Gb  heap_4.o [1]
pxCurrentTCB            0x2000'5aa4     0x4  Data  Gb  tasks.o [1]
pxDelayedTaskList       0x2000'5aa8     0x4  Data  Lc  tasks.o [1]
pxEnd                   0x2000'5a5c     0x4  Data  Lc  heap_4.o [1]
pxMBFrameCBByteReceived
                        0x2000'5a88     0x4  Data  Gb  mb.o [1]
pxMBFrameCBTransmitterEmpty
                        0x2000'5a8c     0x4  Data  Gb  mb.o [1]
pxMBPortCBTimerExpired  0x2000'5a90     0x4  Data  Gb  mb.o [1]
pxOverflowDelayedTaskList
                        0x2000'5aac     0x4  Data  Lc  tasks.o [1]
pxPortInitialiseStack    0x800'770d    0x28  Code  Gb  port.o [1]
pxReadyTasksLists       0x2000'53bc    0x8c  Data  Lc  tasks.o [1]
r                       0x2000'5a6c     0x4  Data  Gb  main.o [1]
serial                  0x2000'00ac     0x4  Data  Gb  portserial.o [1]
settings                0x2000'0004    0x24  Data  Gb  main.o [1]
step_motor::AccelHandler()
                         0x800'1bef    0xb2  Code  Gb  stepper.o [1]
step_motor::Init()       0x800'1a99    0xaa  Code  Gb  stepper.o [1]
step_motor::StepsAllHandler(int)
                         0x800'1b75    0x7a  Code  Gb  stepper.o [1]
step_motor::StepsHandler(int)
                         0x800'1b65    0x10  Code  Gb  stepper.o [1]
step_motor::deceleration()
                         0x800'19bf     0xe  Code  Gb  stepper.o [1]
step_motor::goTo(int, dir)
                         0x800'19f1    0x4e  Code  Gb  stepper.o [1]
step_motor::goTo_twoSteps(int, dir, unsigned int, unsigned int)
                         0x800'1a3f    0x5a  Code  Gb  stepper.o [1]
step_motor::removeBreak(bool)
                         0x800'19cd    0x24  Code  Gb  stepper.o [1]
step_motor::setSpeed(unsigned char)
                         0x800'18d9    0x84  Code  Gb  stepper.o [1]
step_motor::start()      0x800'195d    0x44  Code  Gb  stepper.o [1]
step_motor::step_motor(__DAC_HandleTypeDef *, unsigned int, TIM_HandleTypeDef *, TIM_HandleTypeDef *, TIM_HandleTypeDef *, unsigned int, TIM_HandleTypeDef *)
                         0x800'1ca1    0x5c  Code  Gb  stepper.o [1]
step_motor::stop()       0x800'19a1    0x1e  Code  Gb  stepper.o [1]
stepper                 0x2000'54c8    0x74  Data  Gb  main.o [1]
tempCounter             0x2000'5a3c     0x4  Data  Gb  freertos.o [1]
timeout                 0x2000'5ae8     0x2  Data  Gb  porttimer.o [1]
ucHeap                  0x2000'00bc  0x5000  Data  Lc  heap_4.o [1]
ucMBAddress             0x2000'5aec     0x1  Data  Lc  mb.o [1]
ucMBSlaveID             0x2000'591c    0x20  Data  Lc  mbfuncother.o [1]
ucMaxSysCallPriority    0x2000'5af3     0x1  Data  Lc  port.o [1]
ucRTUBuf                0x2000'52bc   0x100  Data  Gb  mbrtu.o [1]
ulMaxPRIGROUPValue      0x2000'5a9c     0x4  Data  Lc  port.o [1]
usMBCRC16                0x800'7b55    0x40  Code  Gb  mbcrc.o [1]
usMBSlaveIDLen          0x2000'5ae2     0x2  Data  Lc  mbfuncother.o [1]
usRcvBufferPos          0x2000'5ae6     0x2  Data  Lc  mbrtu.o [1]
usSndBufferCount        0x2000'5ae4     0x2  Data  Lc  mbrtu.o [1]
uwTick                  0x2000'5aa0     0x4  Data  Gb  stm32f3xx_hal.o [1]
uwTickFreq              0x2000'00b9     0x1  Data  Gb  stm32f3xx_hal.o [1]
uwTickPrio              0x2000'00b0     0x4  Data  Gb  stm32f3xx_hal.o [1]
uxCriticalNesting       0x2000'00a8     0x4  Data  Lc  port.o [1]
uxCurrentNumberOfTasks  0x2000'5ab4     0x4  Data  Lc  tasks.o [1]
uxDeletedTasksWaitingCleanUp
                        0x2000'5ab0     0x4  Data  Lc  tasks.o [1]
uxListRemove             0x800'76e7    0x26  Code  Gb  list.o [1]
uxPendedTicks           0x2000'5ac4     0x4  Data  Lc  tasks.o [1]
uxSchedulerSuspended    0x2000'5adc     0x4  Data  Lc  tasks.o [1]
uxTaskNumber            0x2000'5ad0     0x4  Data  Lc  tasks.o [1]
uxTopReadyPriority      0x2000'5abc     0x4  Data  Lc  tasks.o [1]
vApplicationGetIdleTaskMemory
                         0x800'29e7    0x12  Code  Gb  freertos.o [1]
vListInitialise          0x800'7675    0x1e  Code  Gb  list.o [1]
vListInitialiseItem      0x800'7693     0x6  Code  Gb  list.o [1]
vListInsert              0x800'76b1    0x36  Code  Gb  list.o [1]
vListInsertEnd           0x800'7699    0x18  Code  Gb  list.o [1]
vMBPortSerialEnable      0x800'79bd    0x5a  Code  Gb  portserial.o [1]
vMBPortTimersDisable     0x800'7b11     0xa  Code  Gb  porttimer.o [1]
vMBPortTimersEnable      0x800'7aff    0x12  Code  Gb  porttimer.o [1]
vPortEnableVFP           0x800'7c29          Code  Gb  portasm.o [1]
vPortEnterCritical       0x800'782d    0x34  Code  Gb  port.o [1]
vPortExitCritical        0x800'7861    0x2c  Code  Gb  port.o [1]
vPortFree                0x800'7529    0x72  Code  Gb  heap_4.o [1]
vPortStartFirstTask      0x800'7c09          Code  Gb  portasm.o [1]
vPortValidateInterruptPriority
                         0x800'78b5    0x4a  Code  Gb  port.o [1]
vTaskInternalSetTimeOutState
                         0x800'5edb    0x12  Code  Gb  tasks.o [1]
vTaskMissedYield         0x800'5f6f     0xa  Code  Gb  tasks.o [1]
vTaskPlaceOnEventList    0x800'5e33    0x2e  Code  Gb  tasks.o [1]
vTaskStartScheduler      0x800'5b39    0x8e  Code  Gb  tasks.o [1]
vTaskSuspendAll          0x800'5bc7     0xc  Code  Gb  tasks.o [1]
vTaskSwitchContext       0x800'5dc7    0x6c  Code  Gb  tasks.o [1]
xBlockAllocatedBit      0x2000'5a68     0x4  Data  Lc  heap_4.o [1]
xDelayedTaskList1       0x2000'59c4    0x14  Data  Lc  tasks.o [1]
xDelayedTaskList2       0x2000'59d8    0x14  Data  Lc  tasks.o [1]
xEventInQueue           0x2000'5af5     0x1  Data  Lc  portevent.o [1]
xFreeBytesRemaining     0x2000'5a60     0x4  Data  Lc  heap_4.o [1]
xFuncHandlers           0x2000'0028    0x80  Data  Lc  mb.o [1]
xHeapStructSize          0x800'883c     0x4  Data  Lc  heap_4.o [1]
xIdleStack              0x2000'50bc   0x200  Data  Lc  freertos.o [1]
xIdleTaskHandle         0x2000'5ad8     0x4  Data  Lc  tasks.o [1]
xIdleTaskTCBBuffer      0x2000'55a0    0x54  Data  Lc  freertos.o [1]
xMBPortEventGet          0x800'73f1    0x1c  Code  Gb  portevent.o [1]
xMBPortEventInit         0x800'73d9     0xa  Code  Gb  portevent.o [1]
xMBPortEventPost         0x800'73e3     0xe  Code  Gb  portevent.o [1]
xMBPortSerialGetByte     0x800'7a99     0xe  Code  Gb  portserial.o [1]
xMBPortSerialInit        0x800'7a17    0x64  Code  Gb  portserial.o [1]
xMBPortSerialPutByte     0x800'7a7b    0x1e  Code  Gb  portserial.o [1]
xMBPortTimersInit        0x800'7ab1    0x4e  Code  Gb  porttimer.o [1]
xMBRTUReceiveFSM         0x800'7253    0x8a  Code  Gb  mbrtu.o [1]
xMBRTUTimerT35Expired    0x800'734b    0x5c  Code  Gb  mbrtu.o [1]
xMBRTUTransmitFSM        0x800'72dd    0x6e  Code  Gb  mbrtu.o [1]
xMinimumEverFreeBytesRemaining
                        0x2000'5a64     0x4  Data  Lc  heap_4.o [1]
xNextTaskUnblockTime    0x2000'5ad4     0x4  Data  Lc  tasks.o [1]
xNumOfOverflows         0x2000'5acc     0x4  Data  Lc  tasks.o [1]
xPendingReadyList       0x2000'59ec    0x14  Data  Lc  tasks.o [1]
xPortStartScheduler      0x800'775f    0xce  Code  Gb  port.o [1]
xQueueGenericCreate      0x800'639d    0x50  Code  Gb  queue.o [1]
xQueueGenericCreateStatic
                         0x800'62f7    0xa6  Code  Gb  queue.o [1]
xQueueGenericReset       0x800'6265    0x92  Code  Gb  queue.o [1]
xQueueGenericSend        0x800'6409   0x196  Code  Gb  queue.o [1]
xSchedulerRunning       0x2000'5ac0     0x4  Data  Lc  tasks.o [1]
xStart                  0x2000'5a28     0x8  Data  Lc  heap_4.o [1]
xSuspendedTaskList      0x2000'5a14    0x14  Data  Lc  tasks.o [1]
xTaskCheckForTimeOut     0x800'5eed    0x82  Code  Gb  tasks.o [1]
xTaskCreate              0x800'5983    0x72  Code  Gb  tasks.o [1]
xTaskCreateStatic        0x800'5901    0x82  Code  Gb  tasks.o [1]
xTaskGetSchedulerState   0x800'60b9    0x20  Code  Gb  tasks.o [1]
xTaskGetTickCount        0x800'5cb7     0x8  Code  Gb  tasks.o [1]
xTaskGetTickCountFromISR
                         0x800'5cbf    0x10  Code  Gb  tasks.o [1]
xTaskIncrementTick       0x800'5ccf    0xf8  Code  Gb  tasks.o [1]
xTaskPriorityDisinherit
                         0x800'60dd    0xae  Code  Gb  tasks.o [1]
xTaskRemoveFromEventList
                         0x800'5e61    0x7a  Code  Gb  tasks.o [1]
xTaskResumeAll           0x800'5bd3    0xe4  Code  Gb  tasks.o [1]
xTasksWaitingTermination
                        0x2000'5a00    0x14  Data  Lc  tasks.o [1]
xTickCount              0x2000'5ab8     0x4  Data  Lc  tasks.o [1]
xYieldPending           0x2000'5ac8     0x4  Data  Lc  tasks.o [1]


[1] = D:\Radio\Jobe\Universal_Driver\Universal_Driver_soft\UniversalDriverForStepper\EWARM\UniversalDriver\Obj
[2] = dl7M_tlf.a
[3] = dlpp7M_tl_fc.a
[4] = m7M_tls.a
[5] = rt7M_tl.a
[6] = shb_l.a

  33'937 bytes of readonly  code memory
   1'297 bytes of readonly  data memory
  24'308 bytes of readwrite data memory

Errors: none
Warnings: none
